╨Т╨╡╤А╤Б╨╕╤П MSBuild 18.4.0+6e61e96ac ╨┤╨╗╤П .NET Framework

  Jolt.vcxproj -> C:\CLOUDPROJECT\CLOUDENGINE\build_test\libs\jolt\Build\Debug\Jolt.lib
  glfw.vcxproj -> C:\CLOUDPROJECT\CLOUDENGINE\build_test\libs\glfw\src\Debug\glfw3.lib
  engine.cpp
C:\Program Files (x86)\Windows Kits\10\Include\10.0.26100.0\shared\minwindef.h(130,9): warning C4005: APIENTRY: ╨╕╨╖╨╝╨╡╨╜╨╡╨╜╨╕╨╡ ╨╝╨░╨║╤А╨╛╨╛╨┐╤А╨╡╨┤╨╡╨╗╨╡╨╜╨╕╤П [C:\CLOUDPROJECT\CLOUDENGINE\build_test\CloudEngine.vcxproj]
  (╨║╨╛╨╝╨┐╨╕╨╗╤П╤Ж╨╕╤П ╨╕╤Б╤Е╨╛╨┤╨╜╨╛╨│╨╛ ╤Д╨░╨╣╨╗╨░ "../src/core/engine.cpp")
      C:\CLOUDPROJECT\CLOUDENGINE\libs\glad\include\glad\glad.h(655,9):
      ╤Б╨╝. ╨┐╤А╨╡╨┤╤Л╨┤╤Г╤Й╨╡╨╡ ╨╛╨┐╤А╨╡╨┤╨╡╨╗╨╡╨╜╨╕╨╡ "APIENTRY"
  
C:\Program Files\Microsoft Visual Studio\18\Community\VC\Tools\MSVC\14.50.35717\include\xutility(1407,31): warning C4996: 'stdext::checked_array_iterator<T *>': warning STL4043: stdext::checked_array_iterator, stdext::unchecked_array_iterator, and related factory functions are non-Standard extensions and will be removed in the future. std::span (since C++20) and gsl::span can be used instead. You can define _SILENCE_STDEXT_ARR_ITERS_DEPRECATION_WARNING or _SILENCE_ALL_MS_EXT_DEPRECATION_WARNINGS to suppress this warning. [C:\CLOUDPROJECT\CLOUDENGINE\build_test\CloudEngine.vcxproj]
C:\Program Files\Microsoft Visual Studio\18\Community\VC\Tools\MSVC\14.50.35717\include\xutility(1407,31): warning C4996:         with [C:\CLOUDPROJECT\CLOUDENGINE\build_test\CloudEngine.vcxproj]
C:\Program Files\Microsoft Visual Studio\18\Community\VC\Tools\MSVC\14.50.35717\include\xutility(1407,31): warning C4996:         [ [C:\CLOUDPROJECT\CLOUDENGINE\build_test\CloudEngine.vcxproj]
C:\Program Files\Microsoft Visual Studio\18\Community\VC\Tools\MSVC\14.50.35717\include\xutility(1407,31): warning C4996:             T=fmt::v9::detail::bigint::bigit [C:\CLOUDPROJECT\CLOUDENGINE\build_test\CloudEngine.vcxproj]
C:\Program Files\Microsoft Visual Studio\18\Community\VC\Tools\MSVC\14.50.35717\include\xutility(1407,31): warning C4996:         ] [C:\CLOUDPROJECT\CLOUDENGINE\build_test\CloudEngine.vcxproj]
  (╨║╨╛╨╝╨┐╨╕╨╗╤П╤Ж╨╕╤П ╨╕╤Б╤Е╨╛╨┤╨╜╨╛╨│╨╛ ╤Д╨░╨╣╨╗╨░ "../src/core/engine.cpp")
      C:\Program Files\Microsoft Visual Studio\18\Community\VC\Tools\MSVC\14.50.35717\include\iterator(1501,35):
       ╤Б╨╝. ╨╛╨▒╤К╤П╨▓╨╗╨╡╨╜╨╕╨╡ "stdext::checked_array_iterator"
      C:\Program Files\Microsoft Visual Studio\18\Community\VC\Tools\MSVC\14.50.35717\include\xutility(1407,31):
      ╨║╨╛╨╜╤В╨╡╨║╤Б╤В ╤Б╨╛╨╖╨┤╨░╨╜╨╕╤П ╤Н╨║╨╖╨╡╨╝╨┐╨╗╤П╤А╨░ ╤И╨░╨▒╨╗╨╛╨╜╨░ (╤Б╨╜╨░╤З╨░╨╗╨░ ╤Б╨░╨╝╤Л╨╣ ╤Б╤В╨░╤А╤Л╨╣)
          C:\CLOUDPROJECT\CLOUDENGINE\libs\spdlog\include\spdlog\fmt\bundled\format.h(2807,10):
          ╨▓╤Л╨┐╨╛╨╗╨╜╤П╨╡╤В╤Б╤П ╨║╨╛╨╝╨┐╨╕╨╗╤П╤Ж╨╕╤П ╤Б╤Б╤Л╨╗╨║╨╕ ╨╜╨░ ╤Н╨║╨╖╨╡╨╝╨┐╨╗╤П╤А ╤И╨░╨▒╨╗╨╛╨╜ ╤Д╤Г╨╜╨║╤Ж╨╕╨╕ "_OutIt std::copy<const T*,stdext::checked_array_iterator<T *>>(_InIt,_InIt,_OutIt)"
          with
          [
              _OutIt=stdext::checked_array_iterator<fmt::v9::detail::bigint::bigit *>,
              T=fmt::v9::detail::bigint::bigit,
              _InIt=const fmt::v9::detail::bigint::bigit *
          ]
          C:\Program Files\Microsoft Visual Studio\18\Community\VC\Tools\MSVC\14.50.35717\include\xutility(4975,31):
          ╨▓╤Л╨┐╨╛╨╗╨╜╤П╨╡╤В╤Б╤П ╨║╨╛╨╝╨┐╨╕╨╗╤П╤Ж╨╕╤П ╤Б╤Б╤Л╨╗╨║╨╕ ╨╜╨░ ╤Н╨║╨╖╨╡╨╝╨┐╨╗╤П╤А ╤И╨░╨▒╨╗╨╛╨╜ ╤Д╤Г╨╜╨║╤Ж╨╕╨╕ "decltype(auto) std::_Get_unwrapped_n<stdext::checked_array_iterator<T *>,__int64>(_Iter &&,const _Diff)"
          with
          [
              T=fmt::v9::detail::bigint::bigit,
              _Iter=stdext::checked_array_iterator<fmt::v9::detail::bigint::bigit *>,
              _Diff=__int64
          ]
          C:\Program Files\Microsoft Visual Studio\18\Community\VC\Tools\MSVC\14.50.35717\include\xutility(1512,26):
          ╨▓╤Л╨┐╨╛╨╗╨╜╤П╨╡╤В╤Б╤П ╨║╨╛╨╝╨┐╨╕╨╗╤П╤Ж╨╕╤П ╤Б╤Б╤Л╨╗╨║╨╕ ╨╜╨░ ╤И╨░╨▒╨╗╨╛╨╜ ╨┐╨╡╤А╨╡╨╝╨╡╨╜╨╜╨╛╨╣ "const bool _Unwrappable_for_offset_v<stdext::checked_array_iterator<unsigned int *> >"
          C:\Program Files\Microsoft Visual Studio\18\Community\VC\Tools\MSVC\14.50.35717\include\xutility(1506,44):
          ╨▓╤Л╨┐╨╛╨╗╨╜╤П╨╡╤В╤Б╤П ╨║╨╛╨╝╨┐╨╕╨╗╤П╤Ж╨╕╤П ╤Б╤Б╤Л╨╗╨║╨╕ ╨╜╨░ ╤И╨░╨▒╨╗╨╛╨╜ ╨┐╨╡╤А╨╡╨╝╨╡╨╜╨╜╨╛╨╣ "const bool _Unwrappable_v<stdext::checked_array_iterator<unsigned int *>,void>"
          C:\Program Files\Microsoft Visual Studio\18\Community\VC\Tools\MSVC\14.50.35717\include\xutility(1435,5):
          ╨▓╤Л╨┐╨╛╨╗╨╜╤П╨╡╤В╤Б╤П ╨║╨╛╨╝╨┐╨╕╨╗╤П╤Ж╨╕╤П ╤Б╤Б╤Л╨╗╨║╨╕ ╨╜╨░ ╤И╨░╨▒╨╗╨╛╨╜ ╨┐╨╡╤А╨╡╨╝╨╡╨╜╨╜╨╛╨╣ "const bool _Allow_inheriting_unwrap_v<stdext::checked_array_iterator<unsigned int *>,void>"
  
C:\Program Files\Microsoft Visual Studio\18\Community\VC\Tools\MSVC\14.50.35717\include\xutility(1407,22): warning C4996: 'stdext::checked_array_iterator<T *>::_Prevent_inheriting_unwrap': warning STL4043: stdext::checked_array_iterator, stdext::unchecked_array_iterator, and related factory functions are non-Standard extensions and will be removed in the future. std::span (since C++20) and gsl::span can be used instead. You can define _SILENCE_STDEXT_ARR_ITERS_DEPRECATION_WARNING or _SILENCE_ALL_MS_EXT_DEPRECATION_WARNINGS to suppress this warning. [C:\CLOUDPROJECT\CLOUDENGINE\build_test\CloudEngine.vcxproj]
C:\Program Files\Microsoft Visual Studio\18\Community\VC\Tools\MSVC\14.50.35717\include\xutility(1407,22): warning C4996:         with [C:\CLOUDPROJECT\CLOUDENGINE\build_test\CloudEngine.vcxproj]
C:\Program Files\Microsoft Visual Studio\18\Community\VC\Tools\MSVC\14.50.35717\include\xutility(1407,22): warning C4996:         [ [C:\CLOUDPROJECT\CLOUDENGINE\build_test\CloudEngine.vcxproj]
C:\Program Files\Microsoft Visual Studio\18\Community\VC\Tools\MSVC\14.50.35717\include\xutility(1407,22): warning C4996:             T=fmt::v9::detail::bigint::bigit [C:\CLOUDPROJECT\CLOUDENGINE\build_test\CloudEngine.vcxproj]
C:\Program Files\Microsoft Visual Studio\18\Community\VC\Tools\MSVC\14.50.35717\include\xutility(1407,22): warning C4996:         ] [C:\CLOUDPROJECT\CLOUDENGINE\build_test\CloudEngine.vcxproj]
  (╨║╨╛╨╝╨┐╨╕╨╗╤П╤Ж╨╕╤П ╨╕╤Б╤Е╨╛╨┤╨╜╨╛╨│╨╛ ╤Д╨░╨╣╨╗╨░ "../src/core/engine.cpp")
  
C:\Program Files\Microsoft Visual Studio\18\Community\VC\Tools\MSVC\14.50.35717\include\__msvc_iter_core.hpp(476,40): warning C4996: 'stdext::checked_array_iterator<T *>': warning STL4043: stdext::checked_array_iterator, stdext::unchecked_array_iterator, and related factory functions are non-Standard extensions and will be removed in the future. std::span (since C++20) and gsl::span can be used instead. You can define _SILENCE_STDEXT_ARR_ITERS_DEPRECATION_WARNING or _SILENCE_ALL_MS_EXT_DEPRECATION_WARNINGS to suppress this warning. [C:\CLOUDPROJECT\CLOUDENGINE\build_test\CloudEngine.vcxproj]
C:\Program Files\Microsoft Visual Studio\18\Community\VC\Tools\MSVC\14.50.35717\include\__msvc_iter_core.hpp(476,40): warning C4996:         with [C:\CLOUDPROJECT\CLOUDENGINE\build_test\CloudEngine.vcxproj]
C:\Program Files\Microsoft Visual Studio\18\Community\VC\Tools\MSVC\14.50.35717\include\__msvc_iter_core.hpp(476,40): warning C4996:         [ [C:\CLOUDPROJECT\CLOUDENGINE\build_test\CloudEngine.vcxproj]
C:\Program Files\Microsoft Visual Studio\18\Community\VC\Tools\MSVC\14.50.35717\include\__msvc_iter_core.hpp(476,40): warning C4996:             T=fmt::v9::detail::bigint::bigit [C:\CLOUDPROJECT\CLOUDENGINE\build_test\CloudEngine.vcxproj]
C:\Program Files\Microsoft Visual Studio\18\Community\VC\Tools\MSVC\14.50.35717\include\__msvc_iter_core.hpp(476,40): warning C4996:         ] [C:\CLOUDPROJECT\CLOUDENGINE\build_test\CloudEngine.vcxproj]
  (╨║╨╛╨╝╨┐╨╕╨╗╤П╤Ж╨╕╤П ╨╕╤Б╤Е╨╛╨┤╨╜╨╛╨│╨╛ ╤Д╨░╨╣╨╗╨░ "../src/core/engine.cpp")
      C:\Program Files\Microsoft Visual Studio\18\Community\VC\Tools\MSVC\14.50.35717\include\iterator(1501,35):
       ╤Б╨╝. ╨╛╨▒╤К╤П╨▓╨╗╨╡╨╜╨╕╨╡ "stdext::checked_array_iterator"
      C:\Program Files\Microsoft Visual Studio\18\Community\VC\Tools\MSVC\14.50.35717\include\__msvc_iter_core.hpp(476,40):
      ╨║╨╛╨╜╤В╨╡╨║╤Б╤В ╤Б╨╛╨╖╨┤╨░╨╜╨╕╤П ╤Н╨║╨╖╨╡╨╝╨┐╨╗╤П╤А╨░ ╤И╨░╨▒╨╗╨╛╨╜╨░ (╤Б╨╜╨░╤З╨░╨╗╨░ ╤Б╨░╨╝╤Л╨╣ ╤Б╤В╨░╤А╤Л╨╣)
          C:\Program Files\Microsoft Visual Studio\18\Community\VC\Tools\MSVC\14.50.35717\include\xutility(1502,93):
          ╨▓╤Л╨┐╨╛╨╗╨╜╤П╨╡╤В╤Б╤П ╨║╨╛╨╝╨┐╨╕╨╗╤П╤Ж╨╕╤П ╤Б╤Б╤Л╨╗╨║╨╕ ╨╜╨░ ╤Н╨║╨╖╨╡╨╝╨┐╨╗╤П╤А ╨┐╤Б╨╡╨▓╨┤╨╛╨╜╨╕╨╝ ╤И╨░╨▒╨╗╨╛╨╜ ╤Д╤Г╨╜╨║╤Ж╨╕╨╕ "std::_Iter_diff_t<_Iter>"
          with
          [
              _Iter=stdext::checked_array_iterator<fmt::v9::detail::bigint::bigit *>
          ]
          C:\Program Files\Microsoft Visual Studio\18\Community\VC\Tools\MSVC\14.50.35717\include\xutility(1311,55):
          ╨▓╤Л╨┐╨╛╨╗╨╜╤П╨╡╤В╤Б╤П ╨║╨╛╨╝╨┐╨╕╨╗╤П╤Ж╨╕╤П ╤Б╤Б╤Л╨╗╨║╨╕ ╨╜╨░ ╤Н╨║╨╖╨╡╨╝╨┐╨╗╤П╤А ╨║╨╗╨░╤Б╤Б ╤И╨░╨▒╨╗╨╛╨╜ ╤Д╤Г╨╜╨║╤Ж╨╕╨╕ "std::iterator_traits<_Iter>"
          with
          [
              _Iter=stdext::checked_array_iterator<fmt::v9::detail::bigint::bigit *>
          ]
          C:\Program Files\Microsoft Visual Studio\18\Community\VC\Tools\MSVC\14.50.35717\include\__msvc_iter_core.hpp(496,26):
          ╨▓╤Л╨┐╨╛╨╗╨╜╤П╨╡╤В╤Б╤П ╨║╨╛╨╝╨┐╨╕╨╗╤П╤Ж╨╕╤П ╤Б╤Б╤Л╨╗╨║╨╕ ╨╜╨░ ╤Н╨║╨╖╨╡╨╝╨┐╨╗╤П╤А ╨║╨╗╨░╤Б╤Б ╤И╨░╨▒╨╗╨╛╨╜ ╤Д╤Г╨╜╨║╤Ж╨╕╨╕ "std::_Iterator_traits_base<_Iter,void>"
          with
          [
              _Iter=stdext::checked_array_iterator<fmt::v9::detail::bigint::bigit *>
          ]
  
C:\Program Files\Microsoft Visual Studio\18\Community\VC\Tools\MSVC\14.50.35717\include\__msvc_iter_core.hpp(476,31): warning C4996: 'stdext::checked_array_iterator<T *>::iterator_category': warning STL4043: stdext::checked_array_iterator, stdext::unchecked_array_iterator, and related factory functions are non-Standard extensions and will be removed in the future. std::span (since C++20) and gsl::span can be used instead. You can define _SILENCE_STDEXT_ARR_ITERS_DEPRECATION_WARNING or _SILENCE_ALL_MS_EXT_DEPRECATION_WARNINGS to suppress this warning. [C:\CLOUDPROJECT\CLOUDENGINE\build_test\CloudEngine.vcxproj]
C:\Program Files\Microsoft Visual Studio\18\Community\VC\Tools\MSVC\14.50.35717\include\__msvc_iter_core.hpp(476,31): warning C4996:         with [C:\CLOUDPROJECT\CLOUDENGINE\build_test\CloudEngine.vcxproj]
C:\Program Files\Microsoft Visual Studio\18\Community\VC\Tools\MSVC\14.50.35717\include\__msvc_iter_core.hpp(476,31): warning C4996:         [ [C:\CLOUDPROJECT\CLOUDENGINE\build_test\CloudEngine.vcxproj]
C:\Program Files\Microsoft Visual Studio\18\Community\VC\Tools\MSVC\14.50.35717\include\__msvc_iter_core.hpp(476,31): warning C4996:             T=fmt::v9::detail::bigint::bigit [C:\CLOUDPROJECT\CLOUDENGINE\build_test\CloudEngine.vcxproj]
C:\Program Files\Microsoft Visual Studio\18\Community\VC\Tools\MSVC\14.50.35717\include\__msvc_iter_core.hpp(476,31): warning C4996:         ] [C:\CLOUDPROJECT\CLOUDENGINE\build_test\CloudEngine.vcxproj]
  (╨║╨╛╨╝╨┐╨╕╨╗╤П╤Ж╨╕╤П ╨╕╤Б╤Е╨╛╨┤╨╜╨╛╨│╨╛ ╤Д╨░╨╣╨╗╨░ "../src/core/engine.cpp")
  
C:\Program Files\Microsoft Visual Studio\18\Community\VC\Tools\MSVC\14.50.35717\include\__msvc_iter_core.hpp(477,40): warning C4996: 'stdext::checked_array_iterator<T *>': warning STL4043: stdext::checked_array_iterator, stdext::unchecked_array_iterator, and related factory functions are non-Standard extensions and will be removed in the future. std::span (since C++20) and gsl::span can be used instead. You can define _SILENCE_STDEXT_ARR_ITERS_DEPRECATION_WARNING or _SILENCE_ALL_MS_EXT_DEPRECATION_WARNINGS to suppress this warning. [C:\CLOUDPROJECT\CLOUDENGINE\build_test\CloudEngine.vcxproj]
C:\Program Files\Microsoft Visual Studio\18\Community\VC\Tools\MSVC\14.50.35717\include\__msvc_iter_core.hpp(477,40): warning C4996:         with [C:\CLOUDPROJECT\CLOUDENGINE\build_test\CloudEngine.vcxproj]
C:\Program Files\Microsoft Visual Studio\18\Community\VC\Tools\MSVC\14.50.35717\include\__msvc_iter_core.hpp(477,40): warning C4996:         [ [C:\CLOUDPROJECT\CLOUDENGINE\build_test\CloudEngine.vcxproj]
C:\Program Files\Microsoft Visual Studio\18\Community\VC\Tools\MSVC\14.50.35717\include\__msvc_iter_core.hpp(477,40): warning C4996:             T=fmt::v9::detail::bigint::bigit [C:\CLOUDPROJECT\CLOUDENGINE\build_test\CloudEngine.vcxproj]
C:\Program Files\Microsoft Visual Studio\18\Community\VC\Tools\MSVC\14.50.35717\include\__msvc_iter_core.hpp(477,40): warning C4996:         ] [C:\CLOUDPROJECT\CLOUDENGINE\build_test\CloudEngine.vcxproj]
  (╨║╨╛╨╝╨┐╨╕╨╗╤П╤Ж╨╕╤П ╨╕╤Б╤Е╨╛╨┤╨╜╨╛╨│╨╛ ╤Д╨░╨╣╨╗╨░ "../src/core/engine.cpp")
      C:\Program Files\Microsoft Visual Studio\18\Community\VC\Tools\MSVC\14.50.35717\include\iterator(1501,35):
       ╤Б╨╝. ╨╛╨▒╤К╤П╨▓╨╗╨╡╨╜╨╕╨╡ "stdext::checked_array_iterator"
  
C:\Program Files\Microsoft Visual Studio\18\Community\VC\Tools\MSVC\14.50.35717\include\__msvc_iter_core.hpp(477,31): warning C4996: 'stdext::checked_array_iterator<T *>::value_type': warning STL4043: stdext::checked_array_iterator, stdext::unchecked_array_iterator, and related factory functions are non-Standard extensions and will be removed in the future. std::span (since C++20) and gsl::span can be used instead. You can define _SILENCE_STDEXT_ARR_ITERS_DEPRECATION_WARNING or _SILENCE_ALL_MS_EXT_DEPRECATION_WARNINGS to suppress this warning. [C:\CLOUDPROJECT\CLOUDENGINE\build_test\CloudEngine.vcxproj]
C:\Program Files\Microsoft Visual Studio\18\Community\VC\Tools\MSVC\14.50.35717\include\__msvc_iter_core.hpp(477,31): warning C4996:         with [C:\CLOUDPROJECT\CLOUDENGINE\build_test\CloudEngine.vcxproj]
C:\Program Files\Microsoft Visual Studio\18\Community\VC\Tools\MSVC\14.50.35717\include\__msvc_iter_core.hpp(477,31): warning C4996:         [ [C:\CLOUDPROJECT\CLOUDENGINE\build_test\CloudEngine.vcxproj]
C:\Program Files\Microsoft Visual Studio\18\Community\VC\Tools\MSVC\14.50.35717\include\__msvc_iter_core.hpp(477,31): warning C4996:             T=fmt::v9::detail::bigint::bigit [C:\CLOUDPROJECT\CLOUDENGINE\build_test\CloudEngine.vcxproj]
C:\Program Files\Microsoft Visual Studio\18\Community\VC\Tools\MSVC\14.50.35717\include\__msvc_iter_core.hpp(477,31): warning C4996:         ] [C:\CLOUDPROJECT\CLOUDENGINE\build_test\CloudEngine.vcxproj]
  (╨║╨╛╨╝╨┐╨╕╨╗╤П╤Ж╨╕╤П ╨╕╤Б╤Е╨╛╨┤╨╜╨╛╨│╨╛ ╤Д╨░╨╣╨╗╨░ "../src/core/engine.cpp")
  
C:\Program Files\Microsoft Visual Studio\18\Community\VC\Tools\MSVC\14.50.35717\include\__msvc_iter_core.hpp(478,40): warning C4996: 'stdext::checked_array_iterator<T *>': warning STL4043: stdext::checked_array_iterator, stdext::unchecked_array_iterator, and related factory functions are non-Standard extensions and will be removed in the future. std::span (since C++20) and gsl::span can be used instead. You can define _SILENCE_STDEXT_ARR_ITERS_DEPRECATION_WARNING or _SILENCE_ALL_MS_EXT_DEPRECATION_WARNINGS to suppress this warning. [C:\CLOUDPROJECT\CLOUDENGINE\build_test\CloudEngine.vcxproj]
C:\Program Files\Microsoft Visual Studio\18\Community\VC\Tools\MSVC\14.50.35717\include\__msvc_iter_core.hpp(478,40): warning C4996:         with [C:\CLOUDPROJECT\CLOUDENGINE\build_test\CloudEngine.vcxproj]
C:\Program Files\Microsoft Visual Studio\18\Community\VC\Tools\MSVC\14.50.35717\include\__msvc_iter_core.hpp(478,40): warning C4996:         [ [C:\CLOUDPROJECT\CLOUDENGINE\build_test\CloudEngine.vcxproj]
C:\Program Files\Microsoft Visual Studio\18\Community\VC\Tools\MSVC\14.50.35717\include\__msvc_iter_core.hpp(478,40): warning C4996:             T=fmt::v9::detail::bigint::bigit [C:\CLOUDPROJECT\CLOUDENGINE\build_test\CloudEngine.vcxproj]
C:\Program Files\Microsoft Visual Studio\18\Community\VC\Tools\MSVC\14.50.35717\include\__msvc_iter_core.hpp(478,40): warning C4996:         ] [C:\CLOUDPROJECT\CLOUDENGINE\build_test\CloudEngine.vcxproj]
  (╨║╨╛╨╝╨┐╨╕╨╗╤П╤Ж╨╕╤П ╨╕╤Б╤Е╨╛╨┤╨╜╨╛╨│╨╛ ╤Д╨░╨╣╨╗╨░ "../src/core/engine.cpp")
      C:\Program Files\Microsoft Visual Studio\18\Community\VC\Tools\MSVC\14.50.35717\include\iterator(1501,35):
       ╤Б╨╝. ╨╛╨▒╤К╤П╨▓╨╗╨╡╨╜╨╕╨╡ "stdext::checked_array_iterator"
  
C:\Program Files\Microsoft Visual Studio\18\Community\VC\Tools\MSVC\14.50.35717\include\__msvc_iter_core.hpp(478,31): warning C4996: 'stdext::checked_array_iterator<T *>::difference_type': warning STL4043: stdext::checked_array_iterator, stdext::unchecked_array_iterator, and related factory functions are non-Standard extensions and will be removed in the future. std::span (since C++20) and gsl::span can be used instead. You can define _SILENCE_STDEXT_ARR_ITERS_DEPRECATION_WARNING or _SILENCE_ALL_MS_EXT_DEPRECATION_WARNINGS to suppress this warning. [C:\CLOUDPROJECT\CLOUDENGINE\build_test\CloudEngine.vcxproj]
C:\Program Files\Microsoft Visual Studio\18\Community\VC\Tools\MSVC\14.50.35717\include\__msvc_iter_core.hpp(478,31): warning C4996:         with [C:\CLOUDPROJECT\CLOUDENGINE\build_test\CloudEngine.vcxproj]
C:\Program Files\Microsoft Visual Studio\18\Community\VC\Tools\MSVC\14.50.35717\include\__msvc_iter_core.hpp(478,31): warning C4996:         [ [C:\CLOUDPROJECT\CLOUDENGINE\build_test\CloudEngine.vcxproj]
C:\Program Files\Microsoft Visual Studio\18\Community\VC\Tools\MSVC\14.50.35717\include\__msvc_iter_core.hpp(478,31): warning C4996:             T=fmt::v9::detail::bigint::bigit [C:\CLOUDPROJECT\CLOUDENGINE\build_test\CloudEngine.vcxproj]
C:\Program Files\Microsoft Visual Studio\18\Community\VC\Tools\MSVC\14.50.35717\include\__msvc_iter_core.hpp(478,31): warning C4996:         ] [C:\CLOUDPROJECT\CLOUDENGINE\build_test\CloudEngine.vcxproj]
  (╨║╨╛╨╝╨┐╨╕╨╗╤П╤Ж╨╕╤П ╨╕╤Б╤Е╨╛╨┤╨╜╨╛╨│╨╛ ╤Д╨░╨╣╨╗╨░ "../src/core/engine.cpp")
  
C:\Program Files\Microsoft Visual Studio\18\Community\VC\Tools\MSVC\14.50.35717\include\__msvc_iter_core.hpp(479,40): warning C4996: 'stdext::checked_array_iterator<T *>': warning STL4043: stdext::checked_array_iterator, stdext::unchecked_array_iterator, and related factory functions are non-Standard extensions and will be removed in the future. std::span (since C++20) and gsl::span can be used instead. You can define _SILENCE_STDEXT_ARR_ITERS_DEPRECATION_WARNING or _SILENCE_ALL_MS_EXT_DEPRECATION_WARNINGS to suppress this warning. [C:\CLOUDPROJECT\CLOUDENGINE\build_test\CloudEngine.vcxproj]
C:\Program Files\Microsoft Visual Studio\18\Community\VC\Tools\MSVC\14.50.35717\include\__msvc_iter_core.hpp(479,40): warning C4996:         with [C:\CLOUDPROJECT\CLOUDENGINE\build_test\CloudEngine.vcxproj]
C:\Program Files\Microsoft Visual Studio\18\Community\VC\Tools\MSVC\14.50.35717\include\__msvc_iter_core.hpp(479,40): warning C4996:         [ [C:\CLOUDPROJECT\CLOUDENGINE\build_test\CloudEngine.vcxproj]
C:\Program Files\Microsoft Visual Studio\18\Community\VC\Tools\MSVC\14.50.35717\include\__msvc_iter_core.hpp(479,40): warning C4996:             T=fmt::v9::detail::bigint::bigit [C:\CLOUDPROJECT\CLOUDENGINE\build_test\CloudEngine.vcxproj]
C:\Program Files\Microsoft Visual Studio\18\Community\VC\Tools\MSVC\14.50.35717\include\__msvc_iter_core.hpp(479,40): warning C4996:         ] [C:\CLOUDPROJECT\CLOUDENGINE\build_test\CloudEngine.vcxproj]
  (╨║╨╛╨╝╨┐╨╕╨╗╤П╤Ж╨╕╤П ╨╕╤Б╤Е╨╛╨┤╨╜╨╛╨│╨╛ ╤Д╨░╨╣╨╗╨░ "../src/core/engine.cpp")
      C:\Program Files\Microsoft Visual Studio\18\Community\VC\Tools\MSVC\14.50.35717\include\iterator(1501,35):
       ╤Б╨╝. ╨╛╨▒╤К╤П╨▓╨╗╨╡╨╜╨╕╨╡ "stdext::checked_array_iterator"
  
C:\Program Files\Microsoft Visual Studio\18\Community\VC\Tools\MSVC\14.50.35717\include\__msvc_iter_core.hpp(479,31): warning C4996: 'stdext::checked_array_iterator<T *>::pointer': warning STL4043: stdext::checked_array_iterator, stdext::unchecked_array_iterator, and related factory functions are non-Standard extensions and will be removed in the future. std::span (since C++20) and gsl::span can be used instead. You can define _SILENCE_STDEXT_ARR_ITERS_DEPRECATION_WARNING or _SILENCE_ALL_MS_EXT_DEPRECATION_WARNINGS to suppress this warning. [C:\CLOUDPROJECT\CLOUDENGINE\build_test\CloudEngine.vcxproj]
C:\Program Files\Microsoft Visual Studio\18\Community\VC\Tools\MSVC\14.50.35717\include\__msvc_iter_core.hpp(479,31): warning C4996:         with [C:\CLOUDPROJECT\CLOUDENGINE\build_test\CloudEngine.vcxproj]
C:\Program Files\Microsoft Visual Studio\18\Community\VC\Tools\MSVC\14.50.35717\include\__msvc_iter_core.hpp(479,31): warning C4996:         [ [C:\CLOUDPROJECT\CLOUDENGINE\build_test\CloudEngine.vcxproj]
C:\Program Files\Microsoft Visual Studio\18\Community\VC\Tools\MSVC\14.50.35717\include\__msvc_iter_core.hpp(479,31): warning C4996:             T=fmt::v9::detail::bigint::bigit [C:\CLOUDPROJECT\CLOUDENGINE\build_test\CloudEngine.vcxproj]
C:\Program Files\Microsoft Visual Studio\18\Community\VC\Tools\MSVC\14.50.35717\include\__msvc_iter_core.hpp(479,31): warning C4996:         ] [C:\CLOUDPROJECT\CLOUDENGINE\build_test\CloudEngine.vcxproj]
  (╨║╨╛╨╝╨┐╨╕╨╗╤П╤Ж╨╕╤П ╨╕╤Б╤Е╨╛╨┤╨╜╨╛╨│╨╛ ╤Д╨░╨╣╨╗╨░ "../src/core/engine.cpp")
  
C:\Program Files\Microsoft Visual Studio\18\Community\VC\Tools\MSVC\14.50.35717\include\__msvc_iter_core.hpp(480,40): warning C4996: 'stdext::checked_array_iterator<T *>': warning STL4043: stdext::checked_array_iterator, stdext::unchecked_array_iterator, and related factory functions are non-Standard extensions and will be removed in the future. std::span (since C++20) and gsl::span can be used instead. You can define _SILENCE_STDEXT_ARR_ITERS_DEPRECATION_WARNING or _SILENCE_ALL_MS_EXT_DEPRECATION_WARNINGS to suppress this warning. [C:\CLOUDPROJECT\CLOUDENGINE\build_test\CloudEngine.vcxproj]
C:\Program Files\Microsoft Visual Studio\18\Community\VC\Tools\MSVC\14.50.35717\include\__msvc_iter_core.hpp(480,40): warning C4996:         with [C:\CLOUDPROJECT\CLOUDENGINE\build_test\CloudEngine.vcxproj]
C:\Program Files\Microsoft Visual Studio\18\Community\VC\Tools\MSVC\14.50.35717\include\__msvc_iter_core.hpp(480,40): warning C4996:         [ [C:\CLOUDPROJECT\CLOUDENGINE\build_test\CloudEngine.vcxproj]
C:\Program Files\Microsoft Visual Studio\18\Community\VC\Tools\MSVC\14.50.35717\include\__msvc_iter_core.hpp(480,40): warning C4996:             T=fmt::v9::detail::bigint::bigit [C:\CLOUDPROJECT\CLOUDENGINE\build_test\CloudEngine.vcxproj]
C:\Program Files\Microsoft Visual Studio\18\Community\VC\Tools\MSVC\14.50.35717\include\__msvc_iter_core.hpp(480,40): warning C4996:         ] [C:\CLOUDPROJECT\CLOUDENGINE\build_test\CloudEngine.vcxproj]
  (╨║╨╛╨╝╨┐╨╕╨╗╤П╤Ж╨╕╤П ╨╕╤Б╤Е╨╛╨┤╨╜╨╛╨│╨╛ ╤Д╨░╨╣╨╗╨░ "../src/core/engine.cpp")
      C:\Program Files\Microsoft Visual Studio\18\Community\VC\Tools\MSVC\14.50.35717\include\iterator(1501,35):
       ╤Б╨╝. ╨╛╨▒╤К╤П╨▓╨╗╨╡╨╜╨╕╨╡ "stdext::checked_array_iterator"
  
C:\Program Files\Microsoft Visual Studio\18\Community\VC\Tools\MSVC\14.50.35717\include\__msvc_iter_core.hpp(480,31): warning C4996: 'stdext::checked_array_iterator<T *>::reference': warning STL4043: stdext::checked_array_iterator, stdext::unchecked_array_iterator, and related factory functions are non-Standard extensions and will be removed in the future. std::span (since C++20) and gsl::span can be used instead. You can define _SILENCE_STDEXT_ARR_ITERS_DEPRECATION_WARNING or _SILENCE_ALL_MS_EXT_DEPRECATION_WARNINGS to suppress this warning. [C:\CLOUDPROJECT\CLOUDENGINE\build_test\CloudEngine.vcxproj]
C:\Program Files\Microsoft Visual Studio\18\Community\VC\Tools\MSVC\14.50.35717\include\__msvc_iter_core.hpp(480,31): warning C4996:         with [C:\CLOUDPROJECT\CLOUDENGINE\build_test\CloudEngine.vcxproj]
C:\Program Files\Microsoft Visual Studio\18\Community\VC\Tools\MSVC\14.50.35717\include\__msvc_iter_core.hpp(480,31): warning C4996:         [ [C:\CLOUDPROJECT\CLOUDENGINE\build_test\CloudEngine.vcxproj]
C:\Program Files\Microsoft Visual Studio\18\Community\VC\Tools\MSVC\14.50.35717\include\__msvc_iter_core.hpp(480,31): warning C4996:             T=fmt::v9::detail::bigint::bigit [C:\CLOUDPROJECT\CLOUDENGINE\build_test\CloudEngine.vcxproj]
C:\Program Files\Microsoft Visual Studio\18\Community\VC\Tools\MSVC\14.50.35717\include\__msvc_iter_core.hpp(480,31): warning C4996:         ] [C:\CLOUDPROJECT\CLOUDENGINE\build_test\CloudEngine.vcxproj]
  (╨║╨╛╨╝╨┐╨╕╨╗╤П╤Ж╨╕╤П ╨╕╤Б╤Е╨╛╨┤╨╜╨╛╨│╨╛ ╤Д╨░╨╣╨╗╨░ "../src/core/engine.cpp")
  
C:\Program Files\Microsoft Visual Studio\18\Community\VC\Tools\MSVC\14.50.35717\include\xutility(1523,13): warning C4996: 'stdext::checked_array_iterator<T *>::_Verify_offset': warning STL4043: stdext::checked_array_iterator, stdext::unchecked_array_iterator, and related factory functions are non-Standard extensions and will be removed in the future. std::span (since C++20) and gsl::span can be used instead. You can define _SILENCE_STDEXT_ARR_ITERS_DEPRECATION_WARNING or _SILENCE_ALL_MS_EXT_DEPRECATION_WARNINGS to suppress this warning. [C:\CLOUDPROJECT\CLOUDENGINE\build_test\CloudEngine.vcxproj]
C:\Program Files\Microsoft Visual Studio\18\Community\VC\Tools\MSVC\14.50.35717\include\xutility(1523,13): warning C4996:         with [C:\CLOUDPROJECT\CLOUDENGINE\build_test\CloudEngine.vcxproj]
C:\Program Files\Microsoft Visual Studio\18\Community\VC\Tools\MSVC\14.50.35717\include\xutility(1523,13): warning C4996:         [ [C:\CLOUDPROJECT\CLOUDENGINE\build_test\CloudEngine.vcxproj]
C:\Program Files\Microsoft Visual Studio\18\Community\VC\Tools\MSVC\14.50.35717\include\xutility(1523,13): warning C4996:             T=fmt::v9::detail::bigint::bigit [C:\CLOUDPROJECT\CLOUDENGINE\build_test\CloudEngine.vcxproj]
C:\Program Files\Microsoft Visual Studio\18\Community\VC\Tools\MSVC\14.50.35717\include\xutility(1523,13): warning C4996:         ] [C:\CLOUDPROJECT\CLOUDENGINE\build_test\CloudEngine.vcxproj]
  (╨║╨╛╨╝╨┐╨╕╨╗╤П╤Ж╨╕╤П ╨╕╤Б╤Е╨╛╨┤╨╜╨╛╨│╨╛ ╤Д╨░╨╣╨╗╨░ "../src/core/engine.cpp")
  
C:\Program Files\Microsoft Visual Studio\18\Community\VC\Tools\MSVC\14.50.35717\include\xutility(1524,42): warning C4996: 'stdext::checked_array_iterator<T *>::_Unwrapped': warning STL4043: stdext::checked_array_iterator, stdext::unchecked_array_iterator, and related factory functions are non-Standard extensions and will be removed in the future. std::span (since C++20) and gsl::span can be used instead. You can define _SILENCE_STDEXT_ARR_ITERS_DEPRECATION_WARNING or _SILENCE_ALL_MS_EXT_DEPRECATION_WARNINGS to suppress this warning. [C:\CLOUDPROJECT\CLOUDENGINE\build_test\CloudEngine.vcxproj]
C:\Program Files\Microsoft Visual Studio\18\Community\VC\Tools\MSVC\14.50.35717\include\xutility(1524,42): warning C4996:         with [C:\CLOUDPROJECT\CLOUDENGINE\build_test\CloudEngine.vcxproj]
C:\Program Files\Microsoft Visual Studio\18\Community\VC\Tools\MSVC\14.50.35717\include\xutility(1524,42): warning C4996:         [ [C:\CLOUDPROJECT\CLOUDENGINE\build_test\CloudEngine.vcxproj]
C:\Program Files\Microsoft Visual Studio\18\Community\VC\Tools\MSVC\14.50.35717\include\xutility(1524,42): warning C4996:             T=fmt::v9::detail::bigint::bigit [C:\CLOUDPROJECT\CLOUDENGINE\build_test\CloudEngine.vcxproj]
C:\Program Files\Microsoft Visual Studio\18\Community\VC\Tools\MSVC\14.50.35717\include\xutility(1524,42): warning C4996:         ] [C:\CLOUDPROJECT\CLOUDENGINE\build_test\CloudEngine.vcxproj]
  (╨║╨╛╨╝╨┐╨╕╨╗╤П╤Ж╨╕╤П ╨╕╤Б╤Е╨╛╨┤╨╜╨╛╨│╨╛ ╤Д╨░╨╣╨╗╨░ "../src/core/engine.cpp")
  
C:\Program Files\Microsoft Visual Studio\18\Community\VC\Tools\MSVC\14.50.35717\include\xutility(1545,13): warning C4996: 'stdext::checked_array_iterator<T *>::_Seek_to': warning STL4043: stdext::checked_array_iterator, stdext::unchecked_array_iterator, and related factory functions are non-Standard extensions and will be removed in the future. std::span (since C++20) and gsl::span can be used instead. You can define _SILENCE_STDEXT_ARR_ITERS_DEPRECATION_WARNING or _SILENCE_ALL_MS_EXT_DEPRECATION_WARNINGS to suppress this warning. [C:\CLOUDPROJECT\CLOUDENGINE\build_test\CloudEngine.vcxproj]
C:\Program Files\Microsoft Visual Studio\18\Community\VC\Tools\MSVC\14.50.35717\include\xutility(1545,13): warning C4996:         with [C:\CLOUDPROJECT\CLOUDENGINE\build_test\CloudEngine.vcxproj]
C:\Program Files\Microsoft Visual Studio\18\Community\VC\Tools\MSVC\14.50.35717\include\xutility(1545,13): warning C4996:         [ [C:\CLOUDPROJECT\CLOUDENGINE\build_test\CloudEngine.vcxproj]
C:\Program Files\Microsoft Visual Studio\18\Community\VC\Tools\MSVC\14.50.35717\include\xutility(1545,13): warning C4996:             T=fmt::v9::detail::bigint::bigit [C:\CLOUDPROJECT\CLOUDENGINE\build_test\CloudEngine.vcxproj]
C:\Program Files\Microsoft Visual Studio\18\Community\VC\Tools\MSVC\14.50.35717\include\xutility(1545,13): warning C4996:         ] [C:\CLOUDPROJECT\CLOUDENGINE\build_test\CloudEngine.vcxproj]
  (╨║╨╛╨╝╨┐╨╕╨╗╤П╤Ж╨╕╤П ╨╕╤Б╤Е╨╛╨┤╨╜╨╛╨│╨╛ ╤Д╨░╨╣╨╗╨░ "../src/core/engine.cpp")
      C:\Program Files\Microsoft Visual Studio\18\Community\VC\Tools\MSVC\14.50.35717\include\xutility(1545,13):
      ╨║╨╛╨╜╤В╨╡╨║╤Б╤В ╤Б╨╛╨╖╨┤╨░╨╜╨╕╤П ╤Н╨║╨╖╨╡╨╝╨┐╨╗╤П╤А╨░ ╤И╨░╨▒╨╗╨╛╨╜╨░ (╤Б╨╜╨░╤З╨░╨╗╨░ ╤Б╨░╨╝╤Л╨╣ ╤Б╤В╨░╤А╤Л╨╣)
          C:\CLOUDPROJECT\CLOUDENGINE\libs\spdlog\include\spdlog\fmt\bundled\format.h(2807,10):
          ╨▓╤Л╨┐╨╛╨╗╨╜╤П╨╡╤В╤Б╤П ╨║╨╛╨╝╨┐╨╕╨╗╤П╤Ж╨╕╤П ╤Б╤Б╤Л╨╗╨║╨╕ ╨╜╨░ ╤Н╨║╨╖╨╡╨╝╨┐╨╗╤П╤А ╤И╨░╨▒╨╗╨╛╨╜ ╤Д╤Г╨╜╨║╤Ж╨╕╨╕ "_OutIt std::copy<const T*,stdext::checked_array_iterator<T *>>(_InIt,_InIt,_OutIt)"
          with
          [
              _OutIt=stdext::checked_array_iterator<fmt::v9::detail::bigint::bigit *>,
              T=fmt::v9::detail::bigint::bigit,
              _InIt=const fmt::v9::detail::bigint::bigit *
          ]
          C:\Program Files\Microsoft Visual Studio\18\Community\VC\Tools\MSVC\14.50.35717\include\xutility(4976,10):
          ╨▓╤Л╨┐╨╛╨╗╨╜╤П╨╡╤В╤Б╤П ╨║╨╛╨╝╨┐╨╕╨╗╤П╤Ж╨╕╤П ╤Б╤Б╤Л╨╗╨║╨╕ ╨╜╨░ ╤Н╨║╨╖╨╡╨╝╨┐╨╗╤П╤А ╤И╨░╨▒╨╗╨╛╨╜ ╤Д╤Г╨╜╨║╤Ж╨╕╨╕ "void std::_Seek_wrapped<_OutIt,unsigned int*>(_Iter &,_UIter &&)"
          with
          [
              _OutIt=stdext::checked_array_iterator<fmt::v9::detail::bigint::bigit *>,
              _Iter=stdext::checked_array_iterator<fmt::v9::detail::bigint::bigit *>,
              _UIter=fmt::v9::detail::bigint::bigit *
          ]
  
C:\Program Files\Microsoft Visual Studio\18\Community\VC\Tools\MSVC\14.50.35717\include\xutility(1407,31): warning C4996: 'stdext::checked_array_iterator<T *>': warning STL4043: stdext::checked_array_iterator, stdext::unchecked_array_iterator, and related factory functions are non-Standard extensions and will be removed in the future. std::span (since C++20) and gsl::span can be used instead. You can define _SILENCE_STDEXT_ARR_ITERS_DEPRECATION_WARNING or _SILENCE_ALL_MS_EXT_DEPRECATION_WARNINGS to suppress this warning. [C:\CLOUDPROJECT\CLOUDENGINE\build_test\CloudEngine.vcxproj]
C:\Program Files\Microsoft Visual Studio\18\Community\VC\Tools\MSVC\14.50.35717\include\xutility(1407,31): warning C4996:         with [C:\CLOUDPROJECT\CLOUDENGINE\build_test\CloudEngine.vcxproj]
C:\Program Files\Microsoft Visual Studio\18\Community\VC\Tools\MSVC\14.50.35717\include\xutility(1407,31): warning C4996:         [ [C:\CLOUDPROJECT\CLOUDENGINE\build_test\CloudEngine.vcxproj]
C:\Program Files\Microsoft Visual Studio\18\Community\VC\Tools\MSVC\14.50.35717\include\xutility(1407,31): warning C4996:             T=char [C:\CLOUDPROJECT\CLOUDENGINE\build_test\CloudEngine.vcxproj]
C:\Program Files\Microsoft Visual Studio\18\Community\VC\Tools\MSVC\14.50.35717\include\xutility(1407,31): warning C4996:         ] [C:\CLOUDPROJECT\CLOUDENGINE\build_test\CloudEngine.vcxproj]
  (╨║╨╛╨╝╨┐╨╕╨╗╤П╤Ж╨╕╤П ╨╕╤Б╤Е╨╛╨┤╨╜╨╛╨│╨╛ ╤Д╨░╨╣╨╗╨░ "../src/core/engine.cpp")
      C:\Program Files\Microsoft Visual Studio\18\Community\VC\Tools\MSVC\14.50.35717\include\iterator(1501,35):
       ╤Б╨╝. ╨╛╨▒╤К╤П╨▓╨╗╨╡╨╜╨╕╨╡ "stdext::checked_array_iterator"
      C:\Program Files\Microsoft Visual Studio\18\Community\VC\Tools\MSVC\14.50.35717\include\xutility(1407,31):
      ╨║╨╛╨╜╤В╨╡╨║╤Б╤В ╤Б╨╛╨╖╨┤╨░╨╜╨╕╤П ╤Н╨║╨╖╨╡╨╝╨┐╨╗╤П╤А╨░ ╤И╨░╨▒╨╗╨╛╨╜╨░ (╤Б╨╜╨░╤З╨░╨╗╨░ ╤Б╨░╨╝╤Л╨╣ ╤Б╤В╨░╤А╤Л╨╣)
          C:\CLOUDPROJECT\CLOUDENGINE\libs\spdlog\include\spdlog\details\log_msg_buffer-inl.h(16,12):
          ╨▓╤Л╨┐╨╛╨╗╨╜╤П╨╡╤В╤Б╤П ╨║╨╛╨╝╨┐╨╕╨╗╤П╤Ж╨╕╤П ╤Б╤Б╤Л╨╗╨║╨╕ ╨╜╨░ ╤Н╨║╨╖╨╡╨╝╨┐╨╗╤П╤А ╤И╨░╨▒╨╗╨╛╨╜ ╤Д╤Г╨╜╨║╤Ж╨╕╨╕ "void fmt::v9::detail::buffer<char>::append<Char>(const U *,const U *)"
          with
          [
              Char=char,
              U=char
          ]
              C:\CLOUDPROJECT\CLOUDENGINE\libs\spdlog\include\spdlog\details\log_msg_buffer-inl.h(16,18):
              ╤Б╨╝. ╨┐╨╡╤А╨▓╤Г╤О ╤Б╤Б╤Л╨╗╨║╤Г ╨╜╨░ "fmt::v9::detail::buffer<char>::append" ╨▓ "spdlog::details::log_msg_buffer::log_msg_buffer"
          C:\CLOUDPROJECT\CLOUDENGINE\libs\spdlog\include\spdlog\fmt\bundled\format.h(778,10):
          ╨▓╤Л╨┐╨╛╨╗╨╜╤П╨╡╤В╤Б╤П ╨║╨╛╨╝╨┐╨╕╨╗╤П╤Ж╨╕╤П ╤Б╤Б╤Л╨╗╨║╨╕ ╨╜╨░ ╤Н╨║╨╖╨╡╨╝╨┐╨╗╤П╤А ╤И╨░╨▒╨╗╨╛╨╜ ╤Д╤Г╨╜╨║╤Ж╨╕╨╕ "_NoThrowFwdIt std::uninitialized_copy_n<const U*,unsigned __int64,stdext::checked_array_iterator<T *>>(const _InIt,const _Diff,_NoThrowFwdIt)"
          with
          [
              _NoThrowFwdIt=stdext::checked_array_iterator<char *>,
              U=char,
              T=char,
              _InIt=const char *,
              _Diff=unsigned __int64
          ]
          C:\Program Files\Microsoft Visual Studio\18\Community\VC\Tools\MSVC\14.50.35717\include\memory(144,25):
          ╨▓╤Л╨┐╨╛╨╗╨╜╤П╨╡╤В╤Б╤П ╨║╨╛╨╝╨┐╨╕╨╗╤П╤Ж╨╕╤П ╤Б╤Б╤Л╨╗╨║╨╕ ╨╜╨░ ╤Н╨║╨╖╨╡╨╝╨┐╨╗╤П╤А ╤И╨░╨▒╨╗╨╛╨╜ ╤Д╤Г╨╜╨║╤Ж╨╕╨╕ "decltype(auto) std::_Get_unwrapped_n<_NoThrowFwdIt&,unsigned __int64>(_Iter,const _Diff)"
          with
          [
              _NoThrowFwdIt=stdext::checked_array_iterator<char *>,
              _Iter=stdext::checked_array_iterator<char *> &,
              _Diff=unsigned __int64
          ]
          C:\Program Files\Microsoft Visual Studio\18\Community\VC\Tools\MSVC\14.50.35717\include\xutility(1512,26):
          ╨▓╤Л╨┐╨╛╨╗╨╜╤П╨╡╤В╤Б╤П ╨║╨╛╨╝╨┐╨╕╨╗╤П╤Ж╨╕╤П ╤Б╤Б╤Л╨╗╨║╨╕ ╨╜╨░ ╤И╨░╨▒╨╗╨╛╨╜ ╨┐╨╡╤А╨╡╨╝╨╡╨╜╨╜╨╛╨╣ "const bool _Unwrappable_for_offset_v<stdext::checked_array_iterator<char *> &>"
          C:\Program Files\Microsoft Visual Studio\18\Community\VC\Tools\MSVC\14.50.35717\include\xutility(1506,44):
          ╨▓╤Л╨┐╨╛╨╗╨╜╤П╨╡╤В╤Б╤П ╨║╨╛╨╝╨┐╨╕╨╗╤П╤Ж╨╕╤П ╤Б╤Б╤Л╨╗╨║╨╕ ╨╜╨░ ╤И╨░╨▒╨╗╨╛╨╜ ╨┐╨╡╤А╨╡╨╝╨╡╨╜╨╜╨╛╨╣ "const bool _Unwrappable_v<stdext::checked_array_iterator<char *> &,void>"
          C:\Program Files\Microsoft Visual Studio\18\Community\VC\Tools\MSVC\14.50.35717\include\xutility(1435,5):
          ╨▓╤Л╨┐╨╛╨╗╨╜╤П╨╡╤В╤Б╤П ╨║╨╛╨╝╨┐╨╕╨╗╤П╤Ж╨╕╤П ╤Б╤Б╤Л╨╗╨║╨╕ ╨╜╨░ ╤И╨░╨▒╨╗╨╛╨╜ ╨┐╨╡╤А╨╡╨╝╨╡╨╜╨╜╨╛╨╣ "const bool _Allow_inheriting_unwrap_v<stdext::checked_array_iterator<char *>,void>"
  
C:\Program Files\Microsoft Visual Studio\18\Community\VC\Tools\MSVC\14.50.35717\include\xutility(1407,22): warning C4996: 'stdext::checked_array_iterator<T *>::_Prevent_inheriting_unwrap': warning STL4043: stdext::checked_array_iterator, stdext::unchecked_array_iterator, and related factory functions are non-Standard extensions and will be removed in the future. std::span (since C++20) and gsl::span can be used instead. You can define _SILENCE_STDEXT_ARR_ITERS_DEPRECATION_WARNING or _SILENCE_ALL_MS_EXT_DEPRECATION_WARNINGS to suppress this warning. [C:\CLOUDPROJECT\CLOUDENGINE\build_test\CloudEngine.vcxproj]
C:\Program Files\Microsoft Visual Studio\18\Community\VC\Tools\MSVC\14.50.35717\include\xutility(1407,22): warning C4996:         with [C:\CLOUDPROJECT\CLOUDENGINE\build_test\CloudEngine.vcxproj]
C:\Program Files\Microsoft Visual Studio\18\Community\VC\Tools\MSVC\14.50.35717\include\xutility(1407,22): warning C4996:         [ [C:\CLOUDPROJECT\CLOUDENGINE\build_test\CloudEngine.vcxproj]
C:\Program Files\Microsoft Visual Studio\18\Community\VC\Tools\MSVC\14.50.35717\include\xutility(1407,22): warning C4996:             T=char [C:\CLOUDPROJECT\CLOUDENGINE\build_test\CloudEngine.vcxproj]
C:\Program Files\Microsoft Visual Studio\18\Community\VC\Tools\MSVC\14.50.35717\include\xutility(1407,22): warning C4996:         ] [C:\CLOUDPROJECT\CLOUDENGINE\build_test\CloudEngine.vcxproj]
  (╨║╨╛╨╝╨┐╨╕╨╗╤П╤Ж╨╕╤П ╨╕╤Б╤Е╨╛╨┤╨╜╨╛╨│╨╛ ╤Д╨░╨╣╨╗╨░ "../src/core/engine.cpp")
  
C:\Program Files\Microsoft Visual Studio\18\Community\VC\Tools\MSVC\14.50.35717\include\__msvc_iter_core.hpp(476,40): warning C4996: 'stdext::checked_array_iterator<T *>': warning STL4043: stdext::checked_array_iterator, stdext::unchecked_array_iterator, and related factory functions are non-Standard extensions and will be removed in the future. std::span (since C++20) and gsl::span can be used instead. You can define _SILENCE_STDEXT_ARR_ITERS_DEPRECATION_WARNING or _SILENCE_ALL_MS_EXT_DEPRECATION_WARNINGS to suppress this warning. [C:\CLOUDPROJECT\CLOUDENGINE\build_test\CloudEngine.vcxproj]
C:\Program Files\Microsoft Visual Studio\18\Community\VC\Tools\MSVC\14.50.35717\include\__msvc_iter_core.hpp(476,40): warning C4996:         with [C:\CLOUDPROJECT\CLOUDENGINE\build_test\CloudEngine.vcxproj]
C:\Program Files\Microsoft Visual Studio\18\Community\VC\Tools\MSVC\14.50.35717\include\__msvc_iter_core.hpp(476,40): warning C4996:         [ [C:\CLOUDPROJECT\CLOUDENGINE\build_test\CloudEngine.vcxproj]
C:\Program Files\Microsoft Visual Studio\18\Community\VC\Tools\MSVC\14.50.35717\include\__msvc_iter_core.hpp(476,40): warning C4996:             T=char [C:\CLOUDPROJECT\CLOUDENGINE\build_test\CloudEngine.vcxproj]
C:\Program Files\Microsoft Visual Studio\18\Community\VC\Tools\MSVC\14.50.35717\include\__msvc_iter_core.hpp(476,40): warning C4996:         ] [C:\CLOUDPROJECT\CLOUDENGINE\build_test\CloudEngine.vcxproj]
  (╨║╨╛╨╝╨┐╨╕╨╗╤П╤Ж╨╕╤П ╨╕╤Б╤Е╨╛╨┤╨╜╨╛╨│╨╛ ╤Д╨░╨╣╨╗╨░ "../src/core/engine.cpp")
      C:\Program Files\Microsoft Visual Studio\18\Community\VC\Tools\MSVC\14.50.35717\include\iterator(1501,35):
       ╤Б╨╝. ╨╛╨▒╤К╤П╨▓╨╗╨╡╨╜╨╕╨╡ "stdext::checked_array_iterator"
      C:\Program Files\Microsoft Visual Studio\18\Community\VC\Tools\MSVC\14.50.35717\include\__msvc_iter_core.hpp(476,40):
      ╨║╨╛╨╜╤В╨╡╨║╤Б╤В ╤Б╨╛╨╖╨┤╨░╨╜╨╕╤П ╤Н╨║╨╖╨╡╨╝╨┐╨╗╤П╤А╨░ ╤И╨░╨▒╨╗╨╛╨╜╨░ (╤Б╨╜╨░╤З╨░╨╗╨░ ╤Б╨░╨╝╤Л╨╣ ╤Б╤В╨░╤А╤Л╨╣)
          C:\Program Files\Microsoft Visual Studio\18\Community\VC\Tools\MSVC\14.50.35717\include\xutility(1502,93):
          ╨▓╤Л╨┐╨╛╨╗╨╜╤П╨╡╤В╤Б╤П ╨║╨╛╨╝╨┐╨╕╨╗╤П╤Ж╨╕╤П ╤Б╤Б╤Л╨╗╨║╨╕ ╨╜╨░ ╤Н╨║╨╖╨╡╨╝╨┐╨╗╤П╤А ╨┐╤Б╨╡╨▓╨┤╨╛╨╜╨╕╨╝ ╤И╨░╨▒╨╗╨╛╨╜ ╤Д╤Г╨╜╨║╤Ж╨╕╨╕ "std::_Iter_diff_t<_Iter>"
          with
          [
              _Iter=stdext::checked_array_iterator<char *>
          ]
          C:\Program Files\Microsoft Visual Studio\18\Community\VC\Tools\MSVC\14.50.35717\include\xutility(1311,55):
          ╨▓╤Л╨┐╨╛╨╗╨╜╤П╨╡╤В╤Б╤П ╨║╨╛╨╝╨┐╨╕╨╗╤П╤Ж╨╕╤П ╤Б╤Б╤Л╨╗╨║╨╕ ╨╜╨░ ╤Н╨║╨╖╨╡╨╝╨┐╨╗╤П╤А ╨║╨╗╨░╤Б╤Б ╤И╨░╨▒╨╗╨╛╨╜ ╤Д╤Г╨╜╨║╤Ж╨╕╨╕ "std::iterator_traits<_Iter>"
          with
          [
              _Iter=stdext::checked_array_iterator<char *>
          ]
          C:\Program Files\Microsoft Visual Studio\18\Community\VC\Tools\MSVC\14.50.35717\include\__msvc_iter_core.hpp(496,26):
          ╨▓╤Л╨┐╨╛╨╗╨╜╤П╨╡╤В╤Б╤П ╨║╨╛╨╝╨┐╨╕╨╗╤П╤Ж╨╕╤П ╤Б╤Б╤Л╨╗╨║╨╕ ╨╜╨░ ╤Н╨║╨╖╨╡╨╝╨┐╨╗╤П╤А ╨║╨╗╨░╤Б╤Б ╤И╨░╨▒╨╗╨╛╨╜ ╤Д╤Г╨╜╨║╤Ж╨╕╨╕ "std::_Iterator_traits_base<_Iter,void>"
          with
          [
              _Iter=stdext::checked_array_iterator<char *>
          ]
  
C:\Program Files\Microsoft Visual Studio\18\Community\VC\Tools\MSVC\14.50.35717\include\__msvc_iter_core.hpp(476,31): warning C4996: 'stdext::checked_array_iterator<T *>::iterator_category': warning STL4043: stdext::checked_array_iterator, stdext::unchecked_array_iterator, and related factory functions are non-Standard extensions and will be removed in the future. std::span (since C++20) and gsl::span can be used instead. You can define _SILENCE_STDEXT_ARR_ITERS_DEPRECATION_WARNING or _SILENCE_ALL_MS_EXT_DEPRECATION_WARNINGS to suppress this warning. [C:\CLOUDPROJECT\CLOUDENGINE\build_test\CloudEngine.vcxproj]
C:\Program Files\Microsoft Visual Studio\18\Community\VC\Tools\MSVC\14.50.35717\include\__msvc_iter_core.hpp(476,31): warning C4996:         with [C:\CLOUDPROJECT\CLOUDENGINE\build_test\CloudEngine.vcxproj]
C:\Program Files\Microsoft Visual Studio\18\Community\VC\Tools\MSVC\14.50.35717\include\__msvc_iter_core.hpp(476,31): warning C4996:         [ [C:\CLOUDPROJECT\CLOUDENGINE\build_test\CloudEngine.vcxproj]
C:\Program Files\Microsoft Visual Studio\18\Community\VC\Tools\MSVC\14.50.35717\include\__msvc_iter_core.hpp(476,31): warning C4996:             T=char [C:\CLOUDPROJECT\CLOUDENGINE\build_test\CloudEngine.vcxproj]
C:\Program Files\Microsoft Visual Studio\18\Community\VC\Tools\MSVC\14.50.35717\include\__msvc_iter_core.hpp(476,31): warning C4996:         ] [C:\CLOUDPROJECT\CLOUDENGINE\build_test\CloudEngine.vcxproj]
  (╨║╨╛╨╝╨┐╨╕╨╗╤П╤Ж╨╕╤П ╨╕╤Б╤Е╨╛╨┤╨╜╨╛╨│╨╛ ╤Д╨░╨╣╨╗╨░ "../src/core/engine.cpp")
  
C:\Program Files\Microsoft Visual Studio\18\Community\VC\Tools\MSVC\14.50.35717\include\__msvc_iter_core.hpp(477,40): warning C4996: 'stdext::checked_array_iterator<T *>': warning STL4043: stdext::checked_array_iterator, stdext::unchecked_array_iterator, and related factory functions are non-Standard extensions and will be removed in the future. std::span (since C++20) and gsl::span can be used instead. You can define _SILENCE_STDEXT_ARR_ITERS_DEPRECATION_WARNING or _SILENCE_ALL_MS_EXT_DEPRECATION_WARNINGS to suppress this warning. [C:\CLOUDPROJECT\CLOUDENGINE\build_test\CloudEngine.vcxproj]
C:\Program Files\Microsoft Visual Studio\18\Community\VC\Tools\MSVC\14.50.35717\include\__msvc_iter_core.hpp(477,40): warning C4996:         with [C:\CLOUDPROJECT\CLOUDENGINE\build_test\CloudEngine.vcxproj]
C:\Program Files\Microsoft Visual Studio\18\Community\VC\Tools\MSVC\14.50.35717\include\__msvc_iter_core.hpp(477,40): warning C4996:         [ [C:\CLOUDPROJECT\CLOUDENGINE\build_test\CloudEngine.vcxproj]
C:\Program Files\Microsoft Visual Studio\18\Community\VC\Tools\MSVC\14.50.35717\include\__msvc_iter_core.hpp(477,40): warning C4996:             T=char [C:\CLOUDPROJECT\CLOUDENGINE\build_test\CloudEngine.vcxproj]
C:\Program Files\Microsoft Visual Studio\18\Community\VC\Tools\MSVC\14.50.35717\include\__msvc_iter_core.hpp(477,40): warning C4996:         ] [C:\CLOUDPROJECT\CLOUDENGINE\build_test\CloudEngine.vcxproj]
  (╨║╨╛╨╝╨┐╨╕╨╗╤П╤Ж╨╕╤П ╨╕╤Б╤Е╨╛╨┤╨╜╨╛╨│╨╛ ╤Д╨░╨╣╨╗╨░ "../src/core/engine.cpp")
      C:\Program Files\Microsoft Visual Studio\18\Community\VC\Tools\MSVC\14.50.35717\include\iterator(1501,35):
       ╤Б╨╝. ╨╛╨▒╤К╤П╨▓╨╗╨╡╨╜╨╕╨╡ "stdext::checked_array_iterator"
  
C:\Program Files\Microsoft Visual Studio\18\Community\VC\Tools\MSVC\14.50.35717\include\__msvc_iter_core.hpp(477,31): warning C4996: 'stdext::checked_array_iterator<T *>::value_type': warning STL4043: stdext::checked_array_iterator, stdext::unchecked_array_iterator, and related factory functions are non-Standard extensions and will be removed in the future. std::span (since C++20) and gsl::span can be used instead. You can define _SILENCE_STDEXT_ARR_ITERS_DEPRECATION_WARNING or _SILENCE_ALL_MS_EXT_DEPRECATION_WARNINGS to suppress this warning. [C:\CLOUDPROJECT\CLOUDENGINE\build_test\CloudEngine.vcxproj]
C:\Program Files\Microsoft Visual Studio\18\Community\VC\Tools\MSVC\14.50.35717\include\__msvc_iter_core.hpp(477,31): warning C4996:         with [C:\CLOUDPROJECT\CLOUDENGINE\build_test\CloudEngine.vcxproj]
C:\Program Files\Microsoft Visual Studio\18\Community\VC\Tools\MSVC\14.50.35717\include\__msvc_iter_core.hpp(477,31): warning C4996:         [ [C:\CLOUDPROJECT\CLOUDENGINE\build_test\CloudEngine.vcxproj]
C:\Program Files\Microsoft Visual Studio\18\Community\VC\Tools\MSVC\14.50.35717\include\__msvc_iter_core.hpp(477,31): warning C4996:             T=char [C:\CLOUDPROJECT\CLOUDENGINE\build_test\CloudEngine.vcxproj]
C:\Program Files\Microsoft Visual Studio\18\Community\VC\Tools\MSVC\14.50.35717\include\__msvc_iter_core.hpp(477,31): warning C4996:         ] [C:\CLOUDPROJECT\CLOUDENGINE\build_test\CloudEngine.vcxproj]
  (╨║╨╛╨╝╨┐╨╕╨╗╤П╤Ж╨╕╤П ╨╕╤Б╤Е╨╛╨┤╨╜╨╛╨│╨╛ ╤Д╨░╨╣╨╗╨░ "../src/core/engine.cpp")
  
C:\Program Files\Microsoft Visual Studio\18\Community\VC\Tools\MSVC\14.50.35717\include\__msvc_iter_core.hpp(478,40): warning C4996: 'stdext::checked_array_iterator<T *>': warning STL4043: stdext::checked_array_iterator, stdext::unchecked_array_iterator, and related factory functions are non-Standard extensions and will be removed in the future. std::span (since C++20) and gsl::span can be used instead. You can define _SILENCE_STDEXT_ARR_ITERS_DEPRECATION_WARNING or _SILENCE_ALL_MS_EXT_DEPRECATION_WARNINGS to suppress this warning. [C:\CLOUDPROJECT\CLOUDENGINE\build_test\CloudEngine.vcxproj]
C:\Program Files\Microsoft Visual Studio\18\Community\VC\Tools\MSVC\14.50.35717\include\__msvc_iter_core.hpp(478,40): warning C4996:         with [C:\CLOUDPROJECT\CLOUDENGINE\build_test\CloudEngine.vcxproj]
C:\Program Files\Microsoft Visual Studio\18\Community\VC\Tools\MSVC\14.50.35717\include\__msvc_iter_core.hpp(478,40): warning C4996:         [ [C:\CLOUDPROJECT\CLOUDENGINE\build_test\CloudEngine.vcxproj]
C:\Program Files\Microsoft Visual Studio\18\Community\VC\Tools\MSVC\14.50.35717\include\__msvc_iter_core.hpp(478,40): warning C4996:             T=char [C:\CLOUDPROJECT\CLOUDENGINE\build_test\CloudEngine.vcxproj]
C:\Program Files\Microsoft Visual Studio\18\Community\VC\Tools\MSVC\14.50.35717\include\__msvc_iter_core.hpp(478,40): warning C4996:         ] [C:\CLOUDPROJECT\CLOUDENGINE\build_test\CloudEngine.vcxproj]
  (╨║╨╛╨╝╨┐╨╕╨╗╤П╤Ж╨╕╤П ╨╕╤Б╤Е╨╛╨┤╨╜╨╛╨│╨╛ ╤Д╨░╨╣╨╗╨░ "../src/core/engine.cpp")
      C:\Program Files\Microsoft Visual Studio\18\Community\VC\Tools\MSVC\14.50.35717\include\iterator(1501,35):
       ╤Б╨╝. ╨╛╨▒╤К╤П╨▓╨╗╨╡╨╜╨╕╨╡ "stdext::checked_array_iterator"
  
C:\Program Files\Microsoft Visual Studio\18\Community\VC\Tools\MSVC\14.50.35717\include\__msvc_iter_core.hpp(478,31): warning C4996: 'stdext::checked_array_iterator<T *>::difference_type': warning STL4043: stdext::checked_array_iterator, stdext::unchecked_array_iterator, and related factory functions are non-Standard extensions and will be removed in the future. std::span (since C++20) and gsl::span can be used instead. You can define _SILENCE_STDEXT_ARR_ITERS_DEPRECATION_WARNING or _SILENCE_ALL_MS_EXT_DEPRECATION_WARNINGS to suppress this warning. [C:\CLOUDPROJECT\CLOUDENGINE\build_test\CloudEngine.vcxproj]
C:\Program Files\Microsoft Visual Studio\18\Community\VC\Tools\MSVC\14.50.35717\include\__msvc_iter_core.hpp(478,31): warning C4996:         with [C:\CLOUDPROJECT\CLOUDENGINE\build_test\CloudEngine.vcxproj]
C:\Program Files\Microsoft Visual Studio\18\Community\VC\Tools\MSVC\14.50.35717\include\__msvc_iter_core.hpp(478,31): warning C4996:         [ [C:\CLOUDPROJECT\CLOUDENGINE\build_test\CloudEngine.vcxproj]
C:\Program Files\Microsoft Visual Studio\18\Community\VC\Tools\MSVC\14.50.35717\include\__msvc_iter_core.hpp(478,31): warning C4996:             T=char [C:\CLOUDPROJECT\CLOUDENGINE\build_test\CloudEngine.vcxproj]
C:\Program Files\Microsoft Visual Studio\18\Community\VC\Tools\MSVC\14.50.35717\include\__msvc_iter_core.hpp(478,31): warning C4996:         ] [C:\CLOUDPROJECT\CLOUDENGINE\build_test\CloudEngine.vcxproj]
  (╨║╨╛╨╝╨┐╨╕╨╗╤П╤Ж╨╕╤П ╨╕╤Б╤Е╨╛╨┤╨╜╨╛╨│╨╛ ╤Д╨░╨╣╨╗╨░ "../src/core/engine.cpp")
  
C:\Program Files\Microsoft Visual Studio\18\Community\VC\Tools\MSVC\14.50.35717\include\__msvc_iter_core.hpp(479,40): warning C4996: 'stdext::checked_array_iterator<T *>': warning STL4043: stdext::checked_array_iterator, stdext::unchecked_array_iterator, and related factory functions are non-Standard extensions and will be removed in the future. std::span (since C++20) and gsl::span can be used instead. You can define _SILENCE_STDEXT_ARR_ITERS_DEPRECATION_WARNING or _SILENCE_ALL_MS_EXT_DEPRECATION_WARNINGS to suppress this warning. [C:\CLOUDPROJECT\CLOUDENGINE\build_test\CloudEngine.vcxproj]
C:\Program Files\Microsoft Visual Studio\18\Community\VC\Tools\MSVC\14.50.35717\include\__msvc_iter_core.hpp(479,40): warning C4996:         with [C:\CLOUDPROJECT\CLOUDENGINE\build_test\CloudEngine.vcxproj]
C:\Program Files\Microsoft Visual Studio\18\Community\VC\Tools\MSVC\14.50.35717\include\__msvc_iter_core.hpp(479,40): warning C4996:         [ [C:\CLOUDPROJECT\CLOUDENGINE\build_test\CloudEngine.vcxproj]
C:\Program Files\Microsoft Visual Studio\18\Community\VC\Tools\MSVC\14.50.35717\include\__msvc_iter_core.hpp(479,40): warning C4996:             T=char [C:\CLOUDPROJECT\CLOUDENGINE\build_test\CloudEngine.vcxproj]
C:\Program Files\Microsoft Visual Studio\18\Community\VC\Tools\MSVC\14.50.35717\include\__msvc_iter_core.hpp(479,40): warning C4996:         ] [C:\CLOUDPROJECT\CLOUDENGINE\build_test\CloudEngine.vcxproj]
  (╨║╨╛╨╝╨┐╨╕╨╗╤П╤Ж╨╕╤П ╨╕╤Б╤Е╨╛╨┤╨╜╨╛╨│╨╛ ╤Д╨░╨╣╨╗╨░ "../src/core/engine.cpp")
      C:\Program Files\Microsoft Visual Studio\18\Community\VC\Tools\MSVC\14.50.35717\include\iterator(1501,35):
       ╤Б╨╝. ╨╛╨▒╤К╤П╨▓╨╗╨╡╨╜╨╕╨╡ "stdext::checked_array_iterator"
  
C:\Program Files\Microsoft Visual Studio\18\Community\VC\Tools\MSVC\14.50.35717\include\__msvc_iter_core.hpp(479,31): warning C4996: 'stdext::checked_array_iterator<T *>::pointer': warning STL4043: stdext::checked_array_iterator, stdext::unchecked_array_iterator, and related factory functions are non-Standard extensions and will be removed in the future. std::span (since C++20) and gsl::span can be used instead. You can define _SILENCE_STDEXT_ARR_ITERS_DEPRECATION_WARNING or _SILENCE_ALL_MS_EXT_DEPRECATION_WARNINGS to suppress this warning. [C:\CLOUDPROJECT\CLOUDENGINE\build_test\CloudEngine.vcxproj]
C:\Program Files\Microsoft Visual Studio\18\Community\VC\Tools\MSVC\14.50.35717\include\__msvc_iter_core.hpp(479,31): warning C4996:         with [C:\CLOUDPROJECT\CLOUDENGINE\build_test\CloudEngine.vcxproj]
C:\Program Files\Microsoft Visual Studio\18\Community\VC\Tools\MSVC\14.50.35717\include\__msvc_iter_core.hpp(479,31): warning C4996:         [ [C:\CLOUDPROJECT\CLOUDENGINE\build_test\CloudEngine.vcxproj]
C:\Program Files\Microsoft Visual Studio\18\Community\VC\Tools\MSVC\14.50.35717\include\__msvc_iter_core.hpp(479,31): warning C4996:             T=char [C:\CLOUDPROJECT\CLOUDENGINE\build_test\CloudEngine.vcxproj]
C:\Program Files\Microsoft Visual Studio\18\Community\VC\Tools\MSVC\14.50.35717\include\__msvc_iter_core.hpp(479,31): warning C4996:         ] [C:\CLOUDPROJECT\CLOUDENGINE\build_test\CloudEngine.vcxproj]
  (╨║╨╛╨╝╨┐╨╕╨╗╤П╤Ж╨╕╤П ╨╕╤Б╤Е╨╛╨┤╨╜╨╛╨│╨╛ ╤Д╨░╨╣╨╗╨░ "../src/core/engine.cpp")
  
C:\Program Files\Microsoft Visual Studio\18\Community\VC\Tools\MSVC\14.50.35717\include\__msvc_iter_core.hpp(480,40): warning C4996: 'stdext::checked_array_iterator<T *>': warning STL4043: stdext::checked_array_iterator, stdext::unchecked_array_iterator, and related factory functions are non-Standard extensions and will be removed in the future. std::span (since C++20) and gsl::span can be used instead. You can define _SILENCE_STDEXT_ARR_ITERS_DEPRECATION_WARNING or _SILENCE_ALL_MS_EXT_DEPRECATION_WARNINGS to suppress this warning. [C:\CLOUDPROJECT\CLOUDENGINE\build_test\CloudEngine.vcxproj]
C:\Program Files\Microsoft Visual Studio\18\Community\VC\Tools\MSVC\14.50.35717\include\__msvc_iter_core.hpp(480,40): warning C4996:         with [C:\CLOUDPROJECT\CLOUDENGINE\build_test\CloudEngine.vcxproj]
C:\Program Files\Microsoft Visual Studio\18\Community\VC\Tools\MSVC\14.50.35717\include\__msvc_iter_core.hpp(480,40): warning C4996:         [ [C:\CLOUDPROJECT\CLOUDENGINE\build_test\CloudEngine.vcxproj]
C:\Program Files\Microsoft Visual Studio\18\Community\VC\Tools\MSVC\14.50.35717\include\__msvc_iter_core.hpp(480,40): warning C4996:             T=char [C:\CLOUDPROJECT\CLOUDENGINE\build_test\CloudEngine.vcxproj]
C:\Program Files\Microsoft Visual Studio\18\Community\VC\Tools\MSVC\14.50.35717\include\__msvc_iter_core.hpp(480,40): warning C4996:         ] [C:\CLOUDPROJECT\CLOUDENGINE\build_test\CloudEngine.vcxproj]
  (╨║╨╛╨╝╨┐╨╕╨╗╤П╤Ж╨╕╤П ╨╕╤Б╤Е╨╛╨┤╨╜╨╛╨│╨╛ ╤Д╨░╨╣╨╗╨░ "../src/core/engine.cpp")
      C:\Program Files\Microsoft Visual Studio\18\Community\VC\Tools\MSVC\14.50.35717\include\iterator(1501,35):
       ╤Б╨╝. ╨╛╨▒╤К╤П╨▓╨╗╨╡╨╜╨╕╨╡ "stdext::checked_array_iterator"
  
C:\Program Files\Microsoft Visual Studio\18\Community\VC\Tools\MSVC\14.50.35717\include\__msvc_iter_core.hpp(480,31): warning C4996: 'stdext::checked_array_iterator<T *>::reference': warning STL4043: stdext::checked_array_iterator, stdext::unchecked_array_iterator, and related factory functions are non-Standard extensions and will be removed in the future. std::span (since C++20) and gsl::span can be used instead. You can define _SILENCE_STDEXT_ARR_ITERS_DEPRECATION_WARNING or _SILENCE_ALL_MS_EXT_DEPRECATION_WARNINGS to suppress this warning. [C:\CLOUDPROJECT\CLOUDENGINE\build_test\CloudEngine.vcxproj]
C:\Program Files\Microsoft Visual Studio\18\Community\VC\Tools\MSVC\14.50.35717\include\__msvc_iter_core.hpp(480,31): warning C4996:         with [C:\CLOUDPROJECT\CLOUDENGINE\build_test\CloudEngine.vcxproj]
C:\Program Files\Microsoft Visual Studio\18\Community\VC\Tools\MSVC\14.50.35717\include\__msvc_iter_core.hpp(480,31): warning C4996:         [ [C:\CLOUDPROJECT\CLOUDENGINE\build_test\CloudEngine.vcxproj]
C:\Program Files\Microsoft Visual Studio\18\Community\VC\Tools\MSVC\14.50.35717\include\__msvc_iter_core.hpp(480,31): warning C4996:             T=char [C:\CLOUDPROJECT\CLOUDENGINE\build_test\CloudEngine.vcxproj]
C:\Program Files\Microsoft Visual Studio\18\Community\VC\Tools\MSVC\14.50.35717\include\__msvc_iter_core.hpp(480,31): warning C4996:         ] [C:\CLOUDPROJECT\CLOUDENGINE\build_test\CloudEngine.vcxproj]
  (╨║╨╛╨╝╨┐╨╕╨╗╤П╤Ж╨╕╤П ╨╕╤Б╤Е╨╛╨┤╨╜╨╛╨│╨╛ ╤Д╨░╨╣╨╗╨░ "../src/core/engine.cpp")
  
C:\Program Files\Microsoft Visual Studio\18\Community\VC\Tools\MSVC\14.50.35717\include\xutility(1523,13): warning C4996: 'stdext::checked_array_iterator<T *>::_Verify_offset': warning STL4043: stdext::checked_array_iterator, stdext::unchecked_array_iterator, and related factory functions are non-Standard extensions and will be removed in the future. std::span (since C++20) and gsl::span can be used instead. You can define _SILENCE_STDEXT_ARR_ITERS_DEPRECATION_WARNING or _SILENCE_ALL_MS_EXT_DEPRECATION_WARNINGS to suppress this warning. [C:\CLOUDPROJECT\CLOUDENGINE\build_test\CloudEngine.vcxproj]
C:\Program Files\Microsoft Visual Studio\18\Community\VC\Tools\MSVC\14.50.35717\include\xutility(1523,13): warning C4996:         with [C:\CLOUDPROJECT\CLOUDENGINE\build_test\CloudEngine.vcxproj]
C:\Program Files\Microsoft Visual Studio\18\Community\VC\Tools\MSVC\14.50.35717\include\xutility(1523,13): warning C4996:         [ [C:\CLOUDPROJECT\CLOUDENGINE\build_test\CloudEngine.vcxproj]
C:\Program Files\Microsoft Visual Studio\18\Community\VC\Tools\MSVC\14.50.35717\include\xutility(1523,13): warning C4996:             T=char [C:\CLOUDPROJECT\CLOUDENGINE\build_test\CloudEngine.vcxproj]
C:\Program Files\Microsoft Visual Studio\18\Community\VC\Tools\MSVC\14.50.35717\include\xutility(1523,13): warning C4996:         ] [C:\CLOUDPROJECT\CLOUDENGINE\build_test\CloudEngine.vcxproj]
  (╨║╨╛╨╝╨┐╨╕╨╗╤П╤Ж╨╕╤П ╨╕╤Б╤Е╨╛╨┤╨╜╨╛╨│╨╛ ╤Д╨░╨╣╨╗╨░ "../src/core/engine.cpp")
  
C:\Program Files\Microsoft Visual Studio\18\Community\VC\Tools\MSVC\14.50.35717\include\xutility(1524,42): warning C4996: 'stdext::checked_array_iterator<T *>::_Unwrapped': warning STL4043: stdext::checked_array_iterator, stdext::unchecked_array_iterator, and related factory functions are non-Standard extensions and will be removed in the future. std::span (since C++20) and gsl::span can be used instead. You can define _SILENCE_STDEXT_ARR_ITERS_DEPRECATION_WARNING or _SILENCE_ALL_MS_EXT_DEPRECATION_WARNINGS to suppress this warning. [C:\CLOUDPROJECT\CLOUDENGINE\build_test\CloudEngine.vcxproj]
C:\Program Files\Microsoft Visual Studio\18\Community\VC\Tools\MSVC\14.50.35717\include\xutility(1524,42): warning C4996:         with [C:\CLOUDPROJECT\CLOUDENGINE\build_test\CloudEngine.vcxproj]
C:\Program Files\Microsoft Visual Studio\18\Community\VC\Tools\MSVC\14.50.35717\include\xutility(1524,42): warning C4996:         [ [C:\CLOUDPROJECT\CLOUDENGINE\build_test\CloudEngine.vcxproj]
C:\Program Files\Microsoft Visual Studio\18\Community\VC\Tools\MSVC\14.50.35717\include\xutility(1524,42): warning C4996:             T=char [C:\CLOUDPROJECT\CLOUDENGINE\build_test\CloudEngine.vcxproj]
C:\Program Files\Microsoft Visual Studio\18\Community\VC\Tools\MSVC\14.50.35717\include\xutility(1524,42): warning C4996:         ] [C:\CLOUDPROJECT\CLOUDENGINE\build_test\CloudEngine.vcxproj]
  (╨║╨╛╨╝╨┐╨╕╨╗╤П╤Ж╨╕╤П ╨╕╤Б╤Е╨╛╨┤╨╜╨╛╨│╨╛ ╤Д╨░╨╣╨╗╨░ "../src/core/engine.cpp")
  
C:\Program Files\Microsoft Visual Studio\18\Community\VC\Tools\MSVC\14.50.35717\include\xutility(1407,31): warning C4996: 'stdext::checked_array_iterator<T *>': warning STL4043: stdext::checked_array_iterator, stdext::unchecked_array_iterator, and related factory functions are non-Standard extensions and will be removed in the future. std::span (since C++20) and gsl::span can be used instead. You can define _SILENCE_STDEXT_ARR_ITERS_DEPRECATION_WARNING or _SILENCE_ALL_MS_EXT_DEPRECATION_WARNINGS to suppress this warning. [C:\CLOUDPROJECT\CLOUDENGINE\build_test\CloudEngine.vcxproj]
C:\Program Files\Microsoft Visual Studio\18\Community\VC\Tools\MSVC\14.50.35717\include\xutility(1407,31): warning C4996:         with [C:\CLOUDPROJECT\CLOUDENGINE\build_test\CloudEngine.vcxproj]
C:\Program Files\Microsoft Visual Studio\18\Community\VC\Tools\MSVC\14.50.35717\include\xutility(1407,31): warning C4996:         [ [C:\CLOUDPROJECT\CLOUDENGINE\build_test\CloudEngine.vcxproj]
C:\Program Files\Microsoft Visual Studio\18\Community\VC\Tools\MSVC\14.50.35717\include\xutility(1407,31): warning C4996:             T=wchar_t [C:\CLOUDPROJECT\CLOUDENGINE\build_test\CloudEngine.vcxproj]
C:\Program Files\Microsoft Visual Studio\18\Community\VC\Tools\MSVC\14.50.35717\include\xutility(1407,31): warning C4996:         ] [C:\CLOUDPROJECT\CLOUDENGINE\build_test\CloudEngine.vcxproj]
  (╨║╨╛╨╝╨┐╨╕╨╗╤П╤Ж╨╕╤П ╨╕╤Б╤Е╨╛╨┤╨╜╨╛╨│╨╛ ╤Д╨░╨╣╨╗╨░ "../src/core/engine.cpp")
      C:\Program Files\Microsoft Visual Studio\18\Community\VC\Tools\MSVC\14.50.35717\include\iterator(1501,35):
       ╤Б╨╝. ╨╛╨▒╤К╤П╨▓╨╗╨╡╨╜╨╕╨╡ "stdext::checked_array_iterator"
      C:\Program Files\Microsoft Visual Studio\18\Community\VC\Tools\MSVC\14.50.35717\include\xutility(1407,31):
      ╨║╨╛╨╜╤В╨╡╨║╤Б╤В ╤Б╨╛╨╖╨┤╨░╨╜╨╕╤П ╤Н╨║╨╖╨╡╨╝╨┐╨╗╤П╤А╨░ ╤И╨░╨▒╨╗╨╛╨╜╨░ (╤Б╨╜╨░╤З╨░╨╗╨░ ╤Б╨░╨╝╤Л╨╣ ╤Б╤В╨░╤А╤Л╨╣)
          C:\CLOUDPROJECT\CLOUDENGINE\libs\spdlog\include\spdlog\fmt\bundled\format.h(1276,32):
          ╨▓╤Л╨┐╨╛╨╗╨╜╤П╨╡╤В╤Б╤П ╨║╨╛╨╝╨┐╨╕╨╗╤П╤Ж╨╕╤П ╤Б╤Б╤Л╨╗╨║╨╕ ╨╜╨░ ╤Н╨║╨╖╨╡╨╝╨┐╨╗╤П╤А ╨║╨╗╨░╤Б╤Б ╤И╨░╨▒╨╗╨╛╨╜ ╤Д╤Г╨╜╨║╤Ж╨╕╨╕ "fmt::v9::basic_memory_buffer<wchar_t,500,std::allocator<wchar_t>>"
          C:\CLOUDPROJECT\CLOUDENGINE\libs\spdlog\include\spdlog\fmt\bundled\format.h(912,18):
          ╨▓╨╛ ╨▓╤А╨╡╨╝╤П ╨║╨╛╨╝╨┐╨╕╨╗╤П╤Ж╨╕╨╕ ╤Д╤Г╨╜╨║╤Ж╨╕╨╕-╤З╨╗╨╡╨╜╨░ ╨║╨╗╨░╤Б╤Б ╤И╨░╨▒╨╗╨╛╨╜ "void fmt::v9::basic_memory_buffer<wchar_t,500,std::allocator<wchar_t>>::grow(size_t)"
          C:\CLOUDPROJECT\CLOUDENGINE\libs\spdlog\include\spdlog\fmt\bundled\format.h(925,8):
          ╨▓╤Л╨┐╨╛╨╗╨╜╤П╨╡╤В╤Б╤П ╨║╨╛╨╝╨┐╨╕╨╗╤П╤Ж╨╕╤П ╤Б╤Б╤Л╨╗╨║╨╕ ╨╜╨░ ╤Н╨║╨╖╨╡╨╝╨┐╨╗╤П╤А ╤И╨░╨▒╨╗╨╛╨╜ ╤Д╤Г╨╜╨║╤Ж╨╕╨╕ "_NoThrowFwdIt std::uninitialized_copy<T*,stdext::checked_array_iterator<T *>>(const _InIt,const _InIt,_NoThrowFwdIt)"
          with
          [
              _NoThrowFwdIt=stdext::checked_array_iterator<wchar_t *>,
              T=wchar_t,
              _InIt=wchar_t *
          ]
          C:\Program Files\Microsoft Visual Studio\18\Community\VC\Tools\MSVC\14.50.35717\include\xmemory(1990,30):
          ╨▓╤Л╨┐╨╛╨╗╨╜╤П╨╡╤В╤Б╤П ╨║╨╛╨╝╨┐╨╕╨╗╤П╤Ж╨╕╤П ╤Б╤Б╤Л╨╗╨║╨╕ ╨╜╨░ ╤Н╨║╨╖╨╡╨╝╨┐╨╗╤П╤А ╤И╨░╨▒╨╗╨╛╨╜ ╤Д╤Г╨╜╨║╤Ж╨╕╨╕ "decltype(auto) std::_Get_unwrapped_n<_NoThrowFwdIt&,__int64>(_Iter,const _Diff)"
          with
          [
              _NoThrowFwdIt=stdext::checked_array_iterator<wchar_t *>,
              _Iter=stdext::checked_array_iterator<wchar_t *> &,
              _Diff=__int64
          ]
          C:\Program Files\Microsoft Visual Studio\18\Community\VC\Tools\MSVC\14.50.35717\include\xutility(1512,26):
          ╨▓╤Л╨┐╨╛╨╗╨╜╤П╨╡╤В╤Б╤П ╨║╨╛╨╝╨┐╨╕╨╗╤П╤Ж╨╕╤П ╤Б╤Б╤Л╨╗╨║╨╕ ╨╜╨░ ╤И╨░╨▒╨╗╨╛╨╜ ╨┐╨╡╤А╨╡╨╝╨╡╨╜╨╜╨╛╨╣ "const bool _Unwrappable_for_offset_v<stdext::checked_array_iterator<wchar_t *> &>"
          C:\Program Files\Microsoft Visual Studio\18\Community\VC\Tools\MSVC\14.50.35717\include\xutility(1506,44):
          ╨▓╤Л╨┐╨╛╨╗╨╜╤П╨╡╤В╤Б╤П ╨║╨╛╨╝╨┐╨╕╨╗╤П╤Ж╨╕╤П ╤Б╤Б╤Л╨╗╨║╨╕ ╨╜╨░ ╤И╨░╨▒╨╗╨╛╨╜ ╨┐╨╡╤А╨╡╨╝╨╡╨╜╨╜╨╛╨╣ "const bool _Unwrappable_v<stdext::checked_array_iterator<wchar_t *> &,void>"
          C:\Program Files\Microsoft Visual Studio\18\Community\VC\Tools\MSVC\14.50.35717\include\xutility(1435,5):
          ╨▓╤Л╨┐╨╛╨╗╨╜╤П╨╡╤В╤Б╤П ╨║╨╛╨╝╨┐╨╕╨╗╤П╤Ж╨╕╤П ╤Б╤Б╤Л╨╗╨║╨╕ ╨╜╨░ ╤И╨░╨▒╨╗╨╛╨╜ ╨┐╨╡╤А╨╡╨╝╨╡╨╜╨╜╨╛╨╣ "const bool _Allow_inheriting_unwrap_v<stdext::checked_array_iterator<wchar_t *>,void>"
  
C:\Program Files\Microsoft Visual Studio\18\Community\VC\Tools\MSVC\14.50.35717\include\xutility(1407,22): warning C4996: 'stdext::checked_array_iterator<T *>::_Prevent_inheriting_unwrap': warning STL4043: stdext::checked_array_iterator, stdext::unchecked_array_iterator, and related factory functions are non-Standard extensions and will be removed in the future. std::span (since C++20) and gsl::span can be used instead. You can define _SILENCE_STDEXT_ARR_ITERS_DEPRECATION_WARNING or _SILENCE_ALL_MS_EXT_DEPRECATION_WARNINGS to suppress this warning. [C:\CLOUDPROJECT\CLOUDENGINE\build_test\CloudEngine.vcxproj]
C:\Program Files\Microsoft Visual Studio\18\Community\VC\Tools\MSVC\14.50.35717\include\xutility(1407,22): warning C4996:         with [C:\CLOUDPROJECT\CLOUDENGINE\build_test\CloudEngine.vcxproj]
C:\Program Files\Microsoft Visual Studio\18\Community\VC\Tools\MSVC\14.50.35717\include\xutility(1407,22): warning C4996:         [ [C:\CLOUDPROJECT\CLOUDENGINE\build_test\CloudEngine.vcxproj]
C:\Program Files\Microsoft Visual Studio\18\Community\VC\Tools\MSVC\14.50.35717\include\xutility(1407,22): warning C4996:             T=wchar_t [C:\CLOUDPROJECT\CLOUDENGINE\build_test\CloudEngine.vcxproj]
C:\Program Files\Microsoft Visual Studio\18\Community\VC\Tools\MSVC\14.50.35717\include\xutility(1407,22): warning C4996:         ] [C:\CLOUDPROJECT\CLOUDENGINE\build_test\CloudEngine.vcxproj]
  (╨║╨╛╨╝╨┐╨╕╨╗╤П╤Ж╨╕╤П ╨╕╤Б╤Е╨╛╨┤╨╜╨╛╨│╨╛ ╤Д╨░╨╣╨╗╨░ "../src/core/engine.cpp")
  
C:\Program Files\Microsoft Visual Studio\18\Community\VC\Tools\MSVC\14.50.35717\include\__msvc_iter_core.hpp(476,40): warning C4996: 'stdext::checked_array_iterator<T *>': warning STL4043: stdext::checked_array_iterator, stdext::unchecked_array_iterator, and related factory functions are non-Standard extensions and will be removed in the future. std::span (since C++20) and gsl::span can be used instead. You can define _SILENCE_STDEXT_ARR_ITERS_DEPRECATION_WARNING or _SILENCE_ALL_MS_EXT_DEPRECATION_WARNINGS to suppress this warning. [C:\CLOUDPROJECT\CLOUDENGINE\build_test\CloudEngine.vcxproj]
C:\Program Files\Microsoft Visual Studio\18\Community\VC\Tools\MSVC\14.50.35717\include\__msvc_iter_core.hpp(476,40): warning C4996:         with [C:\CLOUDPROJECT\CLOUDENGINE\build_test\CloudEngine.vcxproj]
C:\Program Files\Microsoft Visual Studio\18\Community\VC\Tools\MSVC\14.50.35717\include\__msvc_iter_core.hpp(476,40): warning C4996:         [ [C:\CLOUDPROJECT\CLOUDENGINE\build_test\CloudEngine.vcxproj]
C:\Program Files\Microsoft Visual Studio\18\Community\VC\Tools\MSVC\14.50.35717\include\__msvc_iter_core.hpp(476,40): warning C4996:             T=wchar_t [C:\CLOUDPROJECT\CLOUDENGINE\build_test\CloudEngine.vcxproj]
C:\Program Files\Microsoft Visual Studio\18\Community\VC\Tools\MSVC\14.50.35717\include\__msvc_iter_core.hpp(476,40): warning C4996:         ] [C:\CLOUDPROJECT\CLOUDENGINE\build_test\CloudEngine.vcxproj]
  (╨║╨╛╨╝╨┐╨╕╨╗╤П╤Ж╨╕╤П ╨╕╤Б╤Е╨╛╨┤╨╜╨╛╨│╨╛ ╤Д╨░╨╣╨╗╨░ "../src/core/engine.cpp")
      C:\Program Files\Microsoft Visual Studio\18\Community\VC\Tools\MSVC\14.50.35717\include\iterator(1501,35):
       ╤Б╨╝. ╨╛╨▒╤К╤П╨▓╨╗╨╡╨╜╨╕╨╡ "stdext::checked_array_iterator"
      C:\Program Files\Microsoft Visual Studio\18\Community\VC\Tools\MSVC\14.50.35717\include\__msvc_iter_core.hpp(476,40):
      ╨║╨╛╨╜╤В╨╡╨║╤Б╤В ╤Б╨╛╨╖╨┤╨░╨╜╨╕╤П ╤Н╨║╨╖╨╡╨╝╨┐╨╗╤П╤А╨░ ╤И╨░╨▒╨╗╨╛╨╜╨░ (╤Б╨╜╨░╤З╨░╨╗╨░ ╤Б╨░╨╝╤Л╨╣ ╤Б╤В╨░╤А╤Л╨╣)
          C:\Program Files\Microsoft Visual Studio\18\Community\VC\Tools\MSVC\14.50.35717\include\xutility(1502,93):
          ╨▓╤Л╨┐╨╛╨╗╨╜╤П╨╡╤В╤Б╤П ╨║╨╛╨╝╨┐╨╕╨╗╤П╤Ж╨╕╤П ╤Б╤Б╤Л╨╗╨║╨╕ ╨╜╨░ ╤Н╨║╨╖╨╡╨╝╨┐╨╗╤П╤А ╨┐╤Б╨╡╨▓╨┤╨╛╨╜╨╕╨╝ ╤И╨░╨▒╨╗╨╛╨╜ ╤Д╤Г╨╜╨║╤Ж╨╕╨╕ "std::_Iter_diff_t<_Iter>"
          with
          [
              _Iter=stdext::checked_array_iterator<wchar_t *>
          ]
          C:\Program Files\Microsoft Visual Studio\18\Community\VC\Tools\MSVC\14.50.35717\include\xutility(1311,55):
          ╨▓╤Л╨┐╨╛╨╗╨╜╤П╨╡╤В╤Б╤П ╨║╨╛╨╝╨┐╨╕╨╗╤П╤Ж╨╕╤П ╤Б╤Б╤Л╨╗╨║╨╕ ╨╜╨░ ╤Н╨║╨╖╨╡╨╝╨┐╨╗╤П╤А ╨║╨╗╨░╤Б╤Б ╤И╨░╨▒╨╗╨╛╨╜ ╤Д╤Г╨╜╨║╤Ж╨╕╨╕ "std::iterator_traits<_Iter>"
          with
          [
              _Iter=stdext::checked_array_iterator<wchar_t *>
          ]
          C:\Program Files\Microsoft Visual Studio\18\Community\VC\Tools\MSVC\14.50.35717\include\__msvc_iter_core.hpp(496,26):
          ╨▓╤Л╨┐╨╛╨╗╨╜╤П╨╡╤В╤Б╤П ╨║╨╛╨╝╨┐╨╕╨╗╤П╤Ж╨╕╤П ╤Б╤Б╤Л╨╗╨║╨╕ ╨╜╨░ ╤Н╨║╨╖╨╡╨╝╨┐╨╗╤П╤А ╨║╨╗╨░╤Б╤Б ╤И╨░╨▒╨╗╨╛╨╜ ╤Д╤Г╨╜╨║╤Ж╨╕╨╕ "std::_Iterator_traits_base<_Iter,void>"
          with
          [
              _Iter=stdext::checked_array_iterator<wchar_t *>
          ]
  
C:\Program Files\Microsoft Visual Studio\18\Community\VC\Tools\MSVC\14.50.35717\include\__msvc_iter_core.hpp(476,31): warning C4996: 'stdext::checked_array_iterator<T *>::iterator_category': warning STL4043: stdext::checked_array_iterator, stdext::unchecked_array_iterator, and related factory functions are non-Standard extensions and will be removed in the future. std::span (since C++20) and gsl::span can be used instead. You can define _SILENCE_STDEXT_ARR_ITERS_DEPRECATION_WARNING or _SILENCE_ALL_MS_EXT_DEPRECATION_WARNINGS to suppress this warning. [C:\CLOUDPROJECT\CLOUDENGINE\build_test\CloudEngine.vcxproj]
C:\Program Files\Microsoft Visual Studio\18\Community\VC\Tools\MSVC\14.50.35717\include\__msvc_iter_core.hpp(476,31): warning C4996:         with [C:\CLOUDPROJECT\CLOUDENGINE\build_test\CloudEngine.vcxproj]
C:\Program Files\Microsoft Visual Studio\18\Community\VC\Tools\MSVC\14.50.35717\include\__msvc_iter_core.hpp(476,31): warning C4996:         [ [C:\CLOUDPROJECT\CLOUDENGINE\build_test\CloudEngine.vcxproj]
C:\Program Files\Microsoft Visual Studio\18\Community\VC\Tools\MSVC\14.50.35717\include\__msvc_iter_core.hpp(476,31): warning C4996:             T=wchar_t [C:\CLOUDPROJECT\CLOUDENGINE\build_test\CloudEngine.vcxproj]
C:\Program Files\Microsoft Visual Studio\18\Community\VC\Tools\MSVC\14.50.35717\include\__msvc_iter_core.hpp(476,31): warning C4996:         ] [C:\CLOUDPROJECT\CLOUDENGINE\build_test\CloudEngine.vcxproj]
  (╨║╨╛╨╝╨┐╨╕╨╗╤П╤Ж╨╕╤П ╨╕╤Б╤Е╨╛╨┤╨╜╨╛╨│╨╛ ╤Д╨░╨╣╨╗╨░ "../src/core/engine.cpp")
  
C:\Program Files\Microsoft Visual Studio\18\Community\VC\Tools\MSVC\14.50.35717\include\__msvc_iter_core.hpp(477,40): warning C4996: 'stdext::checked_array_iterator<T *>': warning STL4043: stdext::checked_array_iterator, stdext::unchecked_array_iterator, and related factory functions are non-Standard extensions and will be removed in the future. std::span (since C++20) and gsl::span can be used instead. You can define _SILENCE_STDEXT_ARR_ITERS_DEPRECATION_WARNING or _SILENCE_ALL_MS_EXT_DEPRECATION_WARNINGS to suppress this warning. [C:\CLOUDPROJECT\CLOUDENGINE\build_test\CloudEngine.vcxproj]
C:\Program Files\Microsoft Visual Studio\18\Community\VC\Tools\MSVC\14.50.35717\include\__msvc_iter_core.hpp(477,40): warning C4996:         with [C:\CLOUDPROJECT\CLOUDENGINE\build_test\CloudEngine.vcxproj]
C:\Program Files\Microsoft Visual Studio\18\Community\VC\Tools\MSVC\14.50.35717\include\__msvc_iter_core.hpp(477,40): warning C4996:         [ [C:\CLOUDPROJECT\CLOUDENGINE\build_test\CloudEngine.vcxproj]
C:\Program Files\Microsoft Visual Studio\18\Community\VC\Tools\MSVC\14.50.35717\include\__msvc_iter_core.hpp(477,40): warning C4996:             T=wchar_t [C:\CLOUDPROJECT\CLOUDENGINE\build_test\CloudEngine.vcxproj]
C:\Program Files\Microsoft Visual Studio\18\Community\VC\Tools\MSVC\14.50.35717\include\__msvc_iter_core.hpp(477,40): warning C4996:         ] [C:\CLOUDPROJECT\CLOUDENGINE\build_test\CloudEngine.vcxproj]
  (╨║╨╛╨╝╨┐╨╕╨╗╤П╤Ж╨╕╤П ╨╕╤Б╤Е╨╛╨┤╨╜╨╛╨│╨╛ ╤Д╨░╨╣╨╗╨░ "../src/core/engine.cpp")
      C:\Program Files\Microsoft Visual Studio\18\Community\VC\Tools\MSVC\14.50.35717\include\iterator(1501,35):
       ╤Б╨╝. ╨╛╨▒╤К╤П╨▓╨╗╨╡╨╜╨╕╨╡ "stdext::checked_array_iterator"
  
C:\Program Files\Microsoft Visual Studio\18\Community\VC\Tools\MSVC\14.50.35717\include\__msvc_iter_core.hpp(477,31): warning C4996: 'stdext::checked_array_iterator<T *>::value_type': warning STL4043: stdext::checked_array_iterator, stdext::unchecked_array_iterator, and related factory functions are non-Standard extensions and will be removed in the future. std::span (since C++20) and gsl::span can be used instead. You can define _SILENCE_STDEXT_ARR_ITERS_DEPRECATION_WARNING or _SILENCE_ALL_MS_EXT_DEPRECATION_WARNINGS to suppress this warning. [C:\CLOUDPROJECT\CLOUDENGINE\build_test\CloudEngine.vcxproj]
C:\Program Files\Microsoft Visual Studio\18\Community\VC\Tools\MSVC\14.50.35717\include\__msvc_iter_core.hpp(477,31): warning C4996:         with [C:\CLOUDPROJECT\CLOUDENGINE\build_test\CloudEngine.vcxproj]
C:\Program Files\Microsoft Visual Studio\18\Community\VC\Tools\MSVC\14.50.35717\include\__msvc_iter_core.hpp(477,31): warning C4996:         [ [C:\CLOUDPROJECT\CLOUDENGINE\build_test\CloudEngine.vcxproj]
C:\Program Files\Microsoft Visual Studio\18\Community\VC\Tools\MSVC\14.50.35717\include\__msvc_iter_core.hpp(477,31): warning C4996:             T=wchar_t [C:\CLOUDPROJECT\CLOUDENGINE\build_test\CloudEngine.vcxproj]
C:\Program Files\Microsoft Visual Studio\18\Community\VC\Tools\MSVC\14.50.35717\include\__msvc_iter_core.hpp(477,31): warning C4996:         ] [C:\CLOUDPROJECT\CLOUDENGINE\build_test\CloudEngine.vcxproj]
  (╨║╨╛╨╝╨┐╨╕╨╗╤П╤Ж╨╕╤П ╨╕╤Б╤Е╨╛╨┤╨╜╨╛╨│╨╛ ╤Д╨░╨╣╨╗╨░ "../src/core/engine.cpp")
  
C:\Program Files\Microsoft Visual Studio\18\Community\VC\Tools\MSVC\14.50.35717\include\__msvc_iter_core.hpp(478,40): warning C4996: 'stdext::checked_array_iterator<T *>': warning STL4043: stdext::checked_array_iterator, stdext::unchecked_array_iterator, and related factory functions are non-Standard extensions and will be removed in the future. std::span (since C++20) and gsl::span can be used instead. You can define _SILENCE_STDEXT_ARR_ITERS_DEPRECATION_WARNING or _SILENCE_ALL_MS_EXT_DEPRECATION_WARNINGS to suppress this warning. [C:\CLOUDPROJECT\CLOUDENGINE\build_test\CloudEngine.vcxproj]
C:\Program Files\Microsoft Visual Studio\18\Community\VC\Tools\MSVC\14.50.35717\include\__msvc_iter_core.hpp(478,40): warning C4996:         with [C:\CLOUDPROJECT\CLOUDENGINE\build_test\CloudEngine.vcxproj]
C:\Program Files\Microsoft Visual Studio\18\Community\VC\Tools\MSVC\14.50.35717\include\__msvc_iter_core.hpp(478,40): warning C4996:         [ [C:\CLOUDPROJECT\CLOUDENGINE\build_test\CloudEngine.vcxproj]
C:\Program Files\Microsoft Visual Studio\18\Community\VC\Tools\MSVC\14.50.35717\include\__msvc_iter_core.hpp(478,40): warning C4996:             T=wchar_t [C:\CLOUDPROJECT\CLOUDENGINE\build_test\CloudEngine.vcxproj]
C:\Program Files\Microsoft Visual Studio\18\Community\VC\Tools\MSVC\14.50.35717\include\__msvc_iter_core.hpp(478,40): warning C4996:         ] [C:\CLOUDPROJECT\CLOUDENGINE\build_test\CloudEngine.vcxproj]
  (╨║╨╛╨╝╨┐╨╕╨╗╤П╤Ж╨╕╤П ╨╕╤Б╤Е╨╛╨┤╨╜╨╛╨│╨╛ ╤Д╨░╨╣╨╗╨░ "../src/core/engine.cpp")
      C:\Program Files\Microsoft Visual Studio\18\Community\VC\Tools\MSVC\14.50.35717\include\iterator(1501,35):
       ╤Б╨╝. ╨╛╨▒╤К╤П╨▓╨╗╨╡╨╜╨╕╨╡ "stdext::checked_array_iterator"
  
C:\Program Files\Microsoft Visual Studio\18\Community\VC\Tools\MSVC\14.50.35717\include\__msvc_iter_core.hpp(478,31): warning C4996: 'stdext::checked_array_iterator<T *>::difference_type': warning STL4043: stdext::checked_array_iterator, stdext::unchecked_array_iterator, and related factory functions are non-Standard extensions and will be removed in the future. std::span (since C++20) and gsl::span can be used instead. You can define _SILENCE_STDEXT_ARR_ITERS_DEPRECATION_WARNING or _SILENCE_ALL_MS_EXT_DEPRECATION_WARNINGS to suppress this warning. [C:\CLOUDPROJECT\CLOUDENGINE\build_test\CloudEngine.vcxproj]
C:\Program Files\Microsoft Visual Studio\18\Community\VC\Tools\MSVC\14.50.35717\include\__msvc_iter_core.hpp(478,31): warning C4996:         with [C:\CLOUDPROJECT\CLOUDENGINE\build_test\CloudEngine.vcxproj]
C:\Program Files\Microsoft Visual Studio\18\Community\VC\Tools\MSVC\14.50.35717\include\__msvc_iter_core.hpp(478,31): warning C4996:         [ [C:\CLOUDPROJECT\CLOUDENGINE\build_test\CloudEngine.vcxproj]
C:\Program Files\Microsoft Visual Studio\18\Community\VC\Tools\MSVC\14.50.35717\include\__msvc_iter_core.hpp(478,31): warning C4996:             T=wchar_t [C:\CLOUDPROJECT\CLOUDENGINE\build_test\CloudEngine.vcxproj]
C:\Program Files\Microsoft Visual Studio\18\Community\VC\Tools\MSVC\14.50.35717\include\__msvc_iter_core.hpp(478,31): warning C4996:         ] [C:\CLOUDPROJECT\CLOUDENGINE\build_test\CloudEngine.vcxproj]
  (╨║╨╛╨╝╨┐╨╕╨╗╤П╤Ж╨╕╤П ╨╕╤Б╤Е╨╛╨┤╨╜╨╛╨│╨╛ ╤Д╨░╨╣╨╗╨░ "../src/core/engine.cpp")
  
C:\Program Files\Microsoft Visual Studio\18\Community\VC\Tools\MSVC\14.50.35717\include\__msvc_iter_core.hpp(479,40): warning C4996: 'stdext::checked_array_iterator<T *>': warning STL4043: stdext::checked_array_iterator, stdext::unchecked_array_iterator, and related factory functions are non-Standard extensions and will be removed in the future. std::span (since C++20) and gsl::span can be used instead. You can define _SILENCE_STDEXT_ARR_ITERS_DEPRECATION_WARNING or _SILENCE_ALL_MS_EXT_DEPRECATION_WARNINGS to suppress this warning. [C:\CLOUDPROJECT\CLOUDENGINE\build_test\CloudEngine.vcxproj]
C:\Program Files\Microsoft Visual Studio\18\Community\VC\Tools\MSVC\14.50.35717\include\__msvc_iter_core.hpp(479,40): warning C4996:         with [C:\CLOUDPROJECT\CLOUDENGINE\build_test\CloudEngine.vcxproj]
C:\Program Files\Microsoft Visual Studio\18\Community\VC\Tools\MSVC\14.50.35717\include\__msvc_iter_core.hpp(479,40): warning C4996:         [ [C:\CLOUDPROJECT\CLOUDENGINE\build_test\CloudEngine.vcxproj]
C:\Program Files\Microsoft Visual Studio\18\Community\VC\Tools\MSVC\14.50.35717\include\__msvc_iter_core.hpp(479,40): warning C4996:             T=wchar_t [C:\CLOUDPROJECT\CLOUDENGINE\build_test\CloudEngine.vcxproj]
C:\Program Files\Microsoft Visual Studio\18\Community\VC\Tools\MSVC\14.50.35717\include\__msvc_iter_core.hpp(479,40): warning C4996:         ] [C:\CLOUDPROJECT\CLOUDENGINE\build_test\CloudEngine.vcxproj]
  (╨║╨╛╨╝╨┐╨╕╨╗╤П╤Ж╨╕╤П ╨╕╤Б╤Е╨╛╨┤╨╜╨╛╨│╨╛ ╤Д╨░╨╣╨╗╨░ "../src/core/engine.cpp")
      C:\Program Files\Microsoft Visual Studio\18\Community\VC\Tools\MSVC\14.50.35717\include\iterator(1501,35):
       ╤Б╨╝. ╨╛╨▒╤К╤П╨▓╨╗╨╡╨╜╨╕╨╡ "stdext::checked_array_iterator"
  
C:\Program Files\Microsoft Visual Studio\18\Community\VC\Tools\MSVC\14.50.35717\include\__msvc_iter_core.hpp(479,31): warning C4996: 'stdext::checked_array_iterator<T *>::pointer': warning STL4043: stdext::checked_array_iterator, stdext::unchecked_array_iterator, and related factory functions are non-Standard extensions and will be removed in the future. std::span (since C++20) and gsl::span can be used instead. You can define _SILENCE_STDEXT_ARR_ITERS_DEPRECATION_WARNING or _SILENCE_ALL_MS_EXT_DEPRECATION_WARNINGS to suppress this warning. [C:\CLOUDPROJECT\CLOUDENGINE\build_test\CloudEngine.vcxproj]
C:\Program Files\Microsoft Visual Studio\18\Community\VC\Tools\MSVC\14.50.35717\include\__msvc_iter_core.hpp(479,31): warning C4996:         with [C:\CLOUDPROJECT\CLOUDENGINE\build_test\CloudEngine.vcxproj]
C:\Program Files\Microsoft Visual Studio\18\Community\VC\Tools\MSVC\14.50.35717\include\__msvc_iter_core.hpp(479,31): warning C4996:         [ [C:\CLOUDPROJECT\CLOUDENGINE\build_test\CloudEngine.vcxproj]
C:\Program Files\Microsoft Visual Studio\18\Community\VC\Tools\MSVC\14.50.35717\include\__msvc_iter_core.hpp(479,31): warning C4996:             T=wchar_t [C:\CLOUDPROJECT\CLOUDENGINE\build_test\CloudEngine.vcxproj]
C:\Program Files\Microsoft Visual Studio\18\Community\VC\Tools\MSVC\14.50.35717\include\__msvc_iter_core.hpp(479,31): warning C4996:         ] [C:\CLOUDPROJECT\CLOUDENGINE\build_test\CloudEngine.vcxproj]
  (╨║╨╛╨╝╨┐╨╕╨╗╤П╤Ж╨╕╤П ╨╕╤Б╤Е╨╛╨┤╨╜╨╛╨│╨╛ ╤Д╨░╨╣╨╗╨░ "../src/core/engine.cpp")
  
C:\Program Files\Microsoft Visual Studio\18\Community\VC\Tools\MSVC\14.50.35717\include\__msvc_iter_core.hpp(480,40): warning C4996: 'stdext::checked_array_iterator<T *>': warning STL4043: stdext::checked_array_iterator, stdext::unchecked_array_iterator, and related factory functions are non-Standard extensions and will be removed in the future. std::span (since C++20) and gsl::span can be used instead. You can define _SILENCE_STDEXT_ARR_ITERS_DEPRECATION_WARNING or _SILENCE_ALL_MS_EXT_DEPRECATION_WARNINGS to suppress this warning. [C:\CLOUDPROJECT\CLOUDENGINE\build_test\CloudEngine.vcxproj]
C:\Program Files\Microsoft Visual Studio\18\Community\VC\Tools\MSVC\14.50.35717\include\__msvc_iter_core.hpp(480,40): warning C4996:         with [C:\CLOUDPROJECT\CLOUDENGINE\build_test\CloudEngine.vcxproj]
C:\Program Files\Microsoft Visual Studio\18\Community\VC\Tools\MSVC\14.50.35717\include\__msvc_iter_core.hpp(480,40): warning C4996:         [ [C:\CLOUDPROJECT\CLOUDENGINE\build_test\CloudEngine.vcxproj]
C:\Program Files\Microsoft Visual Studio\18\Community\VC\Tools\MSVC\14.50.35717\include\__msvc_iter_core.hpp(480,40): warning C4996:             T=wchar_t [C:\CLOUDPROJECT\CLOUDENGINE\build_test\CloudEngine.vcxproj]
C:\Program Files\Microsoft Visual Studio\18\Community\VC\Tools\MSVC\14.50.35717\include\__msvc_iter_core.hpp(480,40): warning C4996:         ] [C:\CLOUDPROJECT\CLOUDENGINE\build_test\CloudEngine.vcxproj]
  (╨║╨╛╨╝╨┐╨╕╨╗╤П╤Ж╨╕╤П ╨╕╤Б╤Е╨╛╨┤╨╜╨╛╨│╨╛ ╤Д╨░╨╣╨╗╨░ "../src/core/engine.cpp")
      C:\Program Files\Microsoft Visual Studio\18\Community\VC\Tools\MSVC\14.50.35717\include\iterator(1501,35):
       ╤Б╨╝. ╨╛╨▒╤К╤П╨▓╨╗╨╡╨╜╨╕╨╡ "stdext::checked_array_iterator"
  
C:\Program Files\Microsoft Visual Studio\18\Community\VC\Tools\MSVC\14.50.35717\include\__msvc_iter_core.hpp(480,31): warning C4996: 'stdext::checked_array_iterator<T *>::reference': warning STL4043: stdext::checked_array_iterator, stdext::unchecked_array_iterator, and related factory functions are non-Standard extensions and will be removed in the future. std::span (since C++20) and gsl::span can be used instead. You can define _SILENCE_STDEXT_ARR_ITERS_DEPRECATION_WARNING or _SILENCE_ALL_MS_EXT_DEPRECATION_WARNINGS to suppress this warning. [C:\CLOUDPROJECT\CLOUDENGINE\build_test\CloudEngine.vcxproj]
C:\Program Files\Microsoft Visual Studio\18\Community\VC\Tools\MSVC\14.50.35717\include\__msvc_iter_core.hpp(480,31): warning C4996:         with [C:\CLOUDPROJECT\CLOUDENGINE\build_test\CloudEngine.vcxproj]
C:\Program Files\Microsoft Visual Studio\18\Community\VC\Tools\MSVC\14.50.35717\include\__msvc_iter_core.hpp(480,31): warning C4996:         [ [C:\CLOUDPROJECT\CLOUDENGINE\build_test\CloudEngine.vcxproj]
C:\Program Files\Microsoft Visual Studio\18\Community\VC\Tools\MSVC\14.50.35717\include\__msvc_iter_core.hpp(480,31): warning C4996:             T=wchar_t [C:\CLOUDPROJECT\CLOUDENGINE\build_test\CloudEngine.vcxproj]
C:\Program Files\Microsoft Visual Studio\18\Community\VC\Tools\MSVC\14.50.35717\include\__msvc_iter_core.hpp(480,31): warning C4996:         ] [C:\CLOUDPROJECT\CLOUDENGINE\build_test\CloudEngine.vcxproj]
  (╨║╨╛╨╝╨┐╨╕╨╗╤П╤Ж╨╕╤П ╨╕╤Б╤Е╨╛╨┤╨╜╨╛╨│╨╛ ╤Д╨░╨╣╨╗╨░ "../src/core/engine.cpp")
  
C:\Program Files\Microsoft Visual Studio\18\Community\VC\Tools\MSVC\14.50.35717\include\xutility(1523,13): warning C4996: 'stdext::checked_array_iterator<T *>::_Verify_offset': warning STL4043: stdext::checked_array_iterator, stdext::unchecked_array_iterator, and related factory functions are non-Standard extensions and will be removed in the future. std::span (since C++20) and gsl::span can be used instead. You can define _SILENCE_STDEXT_ARR_ITERS_DEPRECATION_WARNING or _SILENCE_ALL_MS_EXT_DEPRECATION_WARNINGS to suppress this warning. [C:\CLOUDPROJECT\CLOUDENGINE\build_test\CloudEngine.vcxproj]
C:\Program Files\Microsoft Visual Studio\18\Community\VC\Tools\MSVC\14.50.35717\include\xutility(1523,13): warning C4996:         with [C:\CLOUDPROJECT\CLOUDENGINE\build_test\CloudEngine.vcxproj]
C:\Program Files\Microsoft Visual Studio\18\Community\VC\Tools\MSVC\14.50.35717\include\xutility(1523,13): warning C4996:         [ [C:\CLOUDPROJECT\CLOUDENGINE\build_test\CloudEngine.vcxproj]
C:\Program Files\Microsoft Visual Studio\18\Community\VC\Tools\MSVC\14.50.35717\include\xutility(1523,13): warning C4996:             T=wchar_t [C:\CLOUDPROJECT\CLOUDENGINE\build_test\CloudEngine.vcxproj]
C:\Program Files\Microsoft Visual Studio\18\Community\VC\Tools\MSVC\14.50.35717\include\xutility(1523,13): warning C4996:         ] [C:\CLOUDPROJECT\CLOUDENGINE\build_test\CloudEngine.vcxproj]
  (╨║╨╛╨╝╨┐╨╕╨╗╤П╤Ж╨╕╤П ╨╕╤Б╤Е╨╛╨┤╨╜╨╛╨│╨╛ ╤Д╨░╨╣╨╗╨░ "../src/core/engine.cpp")
  
C:\Program Files\Microsoft Visual Studio\18\Community\VC\Tools\MSVC\14.50.35717\include\xutility(1524,42): warning C4996: 'stdext::checked_array_iterator<T *>::_Unwrapped': warning STL4043: stdext::checked_array_iterator, stdext::unchecked_array_iterator, and related factory functions are non-Standard extensions and will be removed in the future. std::span (since C++20) and gsl::span can be used instead. You can define _SILENCE_STDEXT_ARR_ITERS_DEPRECATION_WARNING or _SILENCE_ALL_MS_EXT_DEPRECATION_WARNINGS to suppress this warning. [C:\CLOUDPROJECT\CLOUDENGINE\build_test\CloudEngine.vcxproj]
C:\Program Files\Microsoft Visual Studio\18\Community\VC\Tools\MSVC\14.50.35717\include\xutility(1524,42): warning C4996:         with [C:\CLOUDPROJECT\CLOUDENGINE\build_test\CloudEngine.vcxproj]
C:\Program Files\Microsoft Visual Studio\18\Community\VC\Tools\MSVC\14.50.35717\include\xutility(1524,42): warning C4996:         [ [C:\CLOUDPROJECT\CLOUDENGINE\build_test\CloudEngine.vcxproj]
C:\Program Files\Microsoft Visual Studio\18\Community\VC\Tools\MSVC\14.50.35717\include\xutility(1524,42): warning C4996:             T=wchar_t [C:\CLOUDPROJECT\CLOUDENGINE\build_test\CloudEngine.vcxproj]
C:\Program Files\Microsoft Visual Studio\18\Community\VC\Tools\MSVC\14.50.35717\include\xutility(1524,42): warning C4996:         ] [C:\CLOUDPROJECT\CLOUDENGINE\build_test\CloudEngine.vcxproj]
  (╨║╨╛╨╝╨┐╨╕╨╗╤П╤Ж╨╕╤П ╨╕╤Б╤Е╨╛╨┤╨╜╨╛╨│╨╛ ╤Д╨░╨╣╨╗╨░ "../src/core/engine.cpp")
  
C:\Program Files\Microsoft Visual Studio\18\Community\VC\Tools\MSVC\14.50.35717\include\xutility(1545,13): warning C4996: 'stdext::checked_array_iterator<T *>::_Seek_to': warning STL4043: stdext::checked_array_iterator, stdext::unchecked_array_iterator, and related factory functions are non-Standard extensions and will be removed in the future. std::span (since C++20) and gsl::span can be used instead. You can define _SILENCE_STDEXT_ARR_ITERS_DEPRECATION_WARNING or _SILENCE_ALL_MS_EXT_DEPRECATION_WARNINGS to suppress this warning. [C:\CLOUDPROJECT\CLOUDENGINE\build_test\CloudEngine.vcxproj]
C:\Program Files\Microsoft Visual Studio\18\Community\VC\Tools\MSVC\14.50.35717\include\xutility(1545,13): warning C4996:         with [C:\CLOUDPROJECT\CLOUDENGINE\build_test\CloudEngine.vcxproj]
C:\Program Files\Microsoft Visual Studio\18\Community\VC\Tools\MSVC\14.50.35717\include\xutility(1545,13): warning C4996:         [ [C:\CLOUDPROJECT\CLOUDENGINE\build_test\CloudEngine.vcxproj]
C:\Program Files\Microsoft Visual Studio\18\Community\VC\Tools\MSVC\14.50.35717\include\xutility(1545,13): warning C4996:             T=char [C:\CLOUDPROJECT\CLOUDENGINE\build_test\CloudEngine.vcxproj]
C:\Program Files\Microsoft Visual Studio\18\Community\VC\Tools\MSVC\14.50.35717\include\xutility(1545,13): warning C4996:         ] [C:\CLOUDPROJECT\CLOUDENGINE\build_test\CloudEngine.vcxproj]
  (╨║╨╛╨╝╨┐╨╕╨╗╤П╤Ж╨╕╤П ╨╕╤Б╤Е╨╛╨┤╨╜╨╛╨│╨╛ ╤Д╨░╨╣╨╗╨░ "../src/core/engine.cpp")
      C:\Program Files\Microsoft Visual Studio\18\Community\VC\Tools\MSVC\14.50.35717\include\xutility(1545,13):
      ╨║╨╛╨╜╤В╨╡╨║╤Б╤В ╤Б╨╛╨╖╨┤╨░╨╜╨╕╤П ╤Н╨║╨╖╨╡╨╝╨┐╨╗╤П╤А╨░ ╤И╨░╨▒╨╗╨╛╨╜╨░ (╤Б╨╜╨░╤З╨░╨╗╨░ ╤Б╨░╨╝╤Л╨╣ ╤Б╤В╨░╤А╤Л╨╣)
          C:\CLOUDPROJECT\CLOUDENGINE\libs\spdlog\include\spdlog\fmt\bundled\format.h(778,10):
          ╨▓╤Л╨┐╨╛╨╗╨╜╤П╨╡╤В╤Б╤П ╨║╨╛╨╝╨┐╨╕╨╗╤П╤Ж╨╕╤П ╤Б╤Б╤Л╨╗╨║╨╕ ╨╜╨░ ╤Н╨║╨╖╨╡╨╝╨┐╨╗╤П╤А ╤И╨░╨▒╨╗╨╛╨╜ ╤Д╤Г╨╜╨║╤Ж╨╕╨╕ "_NoThrowFwdIt std::uninitialized_copy_n<const U*,unsigned __int64,stdext::checked_array_iterator<T *>>(const _InIt,const _Diff,_NoThrowFwdIt)"
          with
          [
              _NoThrowFwdIt=stdext::checked_array_iterator<char *>,
              U=char,
              T=char,
              _InIt=const char *,
              _Diff=unsigned __int64
          ]
          C:\Program Files\Microsoft Visual Studio\18\Community\VC\Tools\MSVC\14.50.35717\include\memory(157,10):
          ╨▓╤Л╨┐╨╛╨╗╨╜╤П╨╡╤В╤Б╤П ╨║╨╛╨╝╨┐╨╕╨╗╤П╤Ж╨╕╤П ╤Б╤Б╤Л╨╗╨║╨╕ ╨╜╨░ ╤Н╨║╨╖╨╡╨╝╨┐╨╗╤П╤А ╤И╨░╨▒╨╗╨╛╨╜ ╤Д╤Г╨╜╨║╤Ж╨╕╨╕ "void std::_Seek_wrapped<_NoThrowFwdIt,_Ptr&>(_Iter &,_UIter)"
          with
          [
              _NoThrowFwdIt=stdext::checked_array_iterator<char *>,
              _Ptr=char *,
              _Iter=stdext::checked_array_iterator<char *>,
              _UIter=char *&
          ]
  
C:\Program Files\Microsoft Visual Studio\18\Community\VC\Tools\MSVC\14.50.35717\include\xutility(1407,31): warning C4996: 'stdext::checked_array_iterator<T *>': warning STL4043: stdext::checked_array_iterator, stdext::unchecked_array_iterator, and related factory functions are non-Standard extensions and will be removed in the future. std::span (since C++20) and gsl::span can be used instead. You can define _SILENCE_STDEXT_ARR_ITERS_DEPRECATION_WARNING or _SILENCE_ALL_MS_EXT_DEPRECATION_WARNINGS to suppress this warning. [C:\CLOUDPROJECT\CLOUDENGINE\build_test\CloudEngine.vcxproj]
C:\Program Files\Microsoft Visual Studio\18\Community\VC\Tools\MSVC\14.50.35717\include\xutility(1407,31): warning C4996:         with [C:\CLOUDPROJECT\CLOUDENGINE\build_test\CloudEngine.vcxproj]
C:\Program Files\Microsoft Visual Studio\18\Community\VC\Tools\MSVC\14.50.35717\include\xutility(1407,31): warning C4996:         [ [C:\CLOUDPROJECT\CLOUDENGINE\build_test\CloudEngine.vcxproj]
C:\Program Files\Microsoft Visual Studio\18\Community\VC\Tools\MSVC\14.50.35717\include\xutility(1407,31): warning C4996:             T=int [C:\CLOUDPROJECT\CLOUDENGINE\build_test\CloudEngine.vcxproj]
C:\Program Files\Microsoft Visual Studio\18\Community\VC\Tools\MSVC\14.50.35717\include\xutility(1407,31): warning C4996:         ] [C:\CLOUDPROJECT\CLOUDENGINE\build_test\CloudEngine.vcxproj]
  (╨║╨╛╨╝╨┐╨╕╨╗╤П╤Ж╨╕╤П ╨╕╤Б╤Е╨╛╨┤╨╜╨╛╨│╨╛ ╤Д╨░╨╣╨╗╨░ "../src/core/engine.cpp")
      C:\Program Files\Microsoft Visual Studio\18\Community\VC\Tools\MSVC\14.50.35717\include\iterator(1501,35):
       ╤Б╨╝. ╨╛╨▒╤К╤П╨▓╨╗╨╡╨╜╨╕╨╡ "stdext::checked_array_iterator"
      C:\Program Files\Microsoft Visual Studio\18\Community\VC\Tools\MSVC\14.50.35717\include\xutility(1407,31):
      ╨║╨╛╨╜╤В╨╡╨║╤Б╤В ╤Б╨╛╨╖╨┤╨░╨╜╨╕╤П ╤Н╨║╨╖╨╡╨╝╨┐╨╗╤П╤А╨░ ╤И╨░╨▒╨╗╨╛╨╜╨░ (╤Б╨╜╨░╤З╨░╨╗╨░ ╤Б╨░╨╝╤Л╨╣ ╤Б╤В╨░╤А╤Л╨╣)
          C:\CLOUDPROJECT\CLOUDENGINE\libs\spdlog\include\spdlog\fmt\bundled\format-inl.h(1472,11):
          ╨▓╤Л╨┐╨╛╨╗╨╜╤П╨╡╤В╤Б╤П ╨║╨╛╨╝╨┐╨╕╨╗╤П╤Ж╨╕╤П ╤Б╤Б╤Л╨╗╨║╨╕ ╨╜╨░ ╤Н╨║╨╖╨╡╨╝╨┐╨╗╤П╤А ╤И╨░╨▒╨╗╨╛╨╜ ╤Д╤Г╨╜╨║╤Ж╨╕╨╕ "void fmt::v9::detail::vformat_to<char>(fmt::v9::detail::buffer<char> &,fmt::v9::basic_string_view<char>,fmt::v9::basic_format_args<fmt::v9::format_context>,fmt::v9::detail::locale_ref)"
          C:\CLOUDPROJECT\CLOUDENGINE\libs\spdlog\include\spdlog\fmt\bundled\format.h(4078,5):
          ╨▓╤Л╨┐╨╛╨╗╨╜╤П╨╡╤В╤Б╤П ╨║╨╛╨╝╨┐╨╕╨╗╤П╤Ж╨╕╤П ╤Б╤Б╤Л╨╗╨║╨╕ ╨╜╨░ ╤Н╨║╨╖╨╡╨╝╨┐╨╗╤П╤А ╤И╨░╨▒╨╗╨╛╨╜ ╤Д╤Г╨╜╨║╤Ж╨╕╨╕ "fmt::v9::appender fmt::v9::visit_format_arg<fmt::v9::detail::default_arg_formatter<Char>,Context>(Visitor &&,const fmt::v9::basic_format_arg<Context> &)"
          with
          [
              Char=char,
              Context=fmt::v9::format_context,
              Visitor=fmt::v9::detail::default_arg_formatter<char>
          ]
          C:\CLOUDPROJECT\CLOUDENGINE\libs\spdlog\include\spdlog\fmt\bundled\core.h(1645,12):
          ╨▓╤Л╨┐╨╛╨╗╨╜╤П╨╡╤В╤Б╤П ╨║╨╛╨╝╨┐╨╕╨╗╤П╤Ж╨╕╤П ╤Б╤Б╤Л╨╗╨║╨╕ ╨╜╨░ ╤Н╨║╨╖╨╡╨╝╨┐╨╗╤П╤А ╤И╨░╨▒╨╗╨╛╨╜ ╤Д╤Г╨╜╨║╤Ж╨╕╨╕ "fmt::v9::appender fmt::v9::detail::default_arg_formatter<Char>::operator ()<float>(T)"
          with
          [
              Char=char,
              T=float
          ]
          C:\CLOUDPROJECT\CLOUDENGINE\libs\spdlog\include\spdlog\fmt\bundled\format.h(3374,12):
          ╨▓╤Л╨┐╨╛╨╗╨╜╤П╨╡╤В╤Б╤П ╨║╨╛╨╝╨┐╨╕╨╗╤П╤Ж╨╕╤П ╤Б╤Б╤Л╨╗╨║╨╕ ╨╜╨░ ╤Н╨║╨╖╨╡╨╝╨┐╨╗╤П╤А ╤И╨░╨▒╨╗╨╛╨╜ ╤Д╤Г╨╜╨║╤Ж╨╕╨╕ "OutputIt fmt::v9::detail::write<Char,fmt::v9::appender,T,0>(OutputIt,T)"
          with
          [
              OutputIt=fmt::v9::appender,
              Char=char,
              T=float
          ]
          C:\CLOUDPROJECT\CLOUDENGINE\libs\spdlog\include\spdlog\fmt\bundled\format.h(3257,10):
          ╨▓╤Л╨┐╨╛╨╗╨╜╤П╨╡╤В╤Б╤П ╨║╨╛╨╝╨┐╨╕╨╗╤П╤Ж╨╕╤П ╤Б╤Б╤Л╨╗╨║╨╕ ╨╜╨░ ╤Н╨║╨╖╨╡╨╝╨┐╨╗╤П╤А ╤И╨░╨▒╨╗╨╛╨╜ ╤Д╤Г╨╜╨║╤Ж╨╕╨╕ "OutputIt fmt::v9::detail::write_float<OutputIt,fmt::v9::detail::dragonbox::decimal_fp<fmt::v9::detail::write::floaty>,char>(OutputIt,const DecimalFP &,const fmt::v9::basic_format_specs<char> &,fmt::v9::detail::float_specs,fmt::v9::detail::locale_ref)"
          with
          [
              OutputIt=fmt::v9::appender,
              DecimalFP=fmt::v9::detail::dragonbox::decimal_fp<fmt::v9::detail::write::floaty>
          ]
          C:\CLOUDPROJECT\CLOUDENGINE\libs\spdlog\include\spdlog\fmt\bundled\format.h(2489,12):
          ╨▓╤Л╨┐╨╛╨╗╨╜╤П╨╡╤В╤Б╤П ╨║╨╛╨╝╨┐╨╕╨╗╤П╤Ж╨╕╤П ╤Б╤Б╤Л╨╗╨║╨╕ ╨╜╨░ ╤Н╨║╨╖╨╡╨╝╨┐╨╗╤П╤А ╤И╨░╨▒╨╗╨╛╨╜ ╤Д╤Г╨╜╨║╤Ж╨╕╨╕ "OutputIt fmt::v9::detail::do_write_float<OutputIt,DecimalFP,char,fmt::v9::detail::digit_grouping<Char>>(OutputIt,const DecimalFP &,const fmt::v9::basic_format_specs<Char> &,fmt::v9::detail::float_specs,fmt::v9::detail::locale_ref)"
          with
          [
              OutputIt=fmt::v9::appender,
              DecimalFP=fmt::v9::detail::dragonbox::decimal_fp<fmt::v9::detail::write::floaty>,
              Char=char
          ]
          C:\CLOUDPROJECT\CLOUDENGINE\libs\spdlog\include\spdlog\fmt\bundled\format.h(2428,12):
          ╨▓╤Л╨┐╨╛╨╗╨╜╤П╨╡╤В╤Б╤П ╨║╨╛╨╝╨┐╨╕╨╗╤П╤Ж╨╕╤П ╤Б╤Б╤Л╨╗╨║╨╕ ╨╜╨░ ╤Н╨║╨╖╨╡╨╝╨┐╨╗╤П╤А ╤И╨░╨▒╨╗╨╛╨╜ ╤Д╤Г╨╜╨║╤Ж╨╕╨╕ "OutputIt fmt::v9::detail::write_significand<Char,fmt::v9::detail::do_write_float::iterator,unsigned int,Grouping>(OutputIt,T,int,int,const Grouping &)"
          with
          [
              OutputIt=fmt::v9::detail::do_write_float::iterator,
              Char=char,
              Grouping=fmt::v9::detail::digit_grouping<char>,
              T=unsigned int
          ]
          C:\CLOUDPROJECT\CLOUDENGINE\libs\spdlog\include\spdlog\fmt\bundled\format.h(2291,19):
          ╨▓╤Л╨┐╨╛╨╗╨╜╤П╨╡╤В╤Б╤П ╨║╨╛╨╝╨┐╨╕╨╗╤П╤Ж╨╕╤П ╤Б╤Б╤Л╨╗╨║╨╕ ╨╜╨░ ╤Н╨║╨╖╨╡╨╝╨┐╨╗╤П╤А ╤И╨░╨▒╨╗╨╛╨╜ ╤Д╤Г╨╜╨║╤Ж╨╕╨╕ "Out fmt::v9::detail::digit_grouping<Char>::apply<OutputIt,char>(Out,fmt::v9::basic_string_view<Char>) const"
          with
          [
              Out=fmt::v9::detail::do_write_float::iterator,
              Char=char,
              OutputIt=fmt::v9::detail::do_write_float::iterator
          ]
          C:\CLOUDPROJECT\CLOUDENGINE\libs\spdlog\include\spdlog\fmt\bundled\format.h(1974,47):
          ╨▓╤Л╨┐╨╛╨╗╨╜╤П╨╡╤В╤Б╤П ╨║╨╛╨╝╨┐╨╕╨╗╤П╤Ж╨╕╤П ╤Б╤Б╤Л╨╗╨║╨╕ ╨╜╨░ ╤Н╨║╨╖╨╡╨╝╨┐╨╗╤П╤А ╨║╨╗╨░╤Б╤Б ╤И╨░╨▒╨╗╨╛╨╜ ╤Д╤Г╨╜╨║╤Ж╨╕╨╕ "fmt::v9::basic_memory_buffer<int,500,std::allocator<int>>"
          C:\CLOUDPROJECT\CLOUDENGINE\libs\spdlog\include\spdlog\fmt\bundled\format.h(912,18):
          ╨▓╨╛ ╨▓╤А╨╡╨╝╤П ╨║╨╛╨╝╨┐╨╕╨╗╤П╤Ж╨╕╨╕ ╤Д╤Г╨╜╨║╤Ж╨╕╨╕-╤З╨╗╨╡╨╜╨░ ╨║╨╗╨░╤Б╤Б ╤И╨░╨▒╨╗╨╛╨╜ "void fmt::v9::basic_memory_buffer<int,500,std::allocator<int>>::grow(size_t)"
          C:\CLOUDPROJECT\CLOUDENGINE\libs\spdlog\include\spdlog\fmt\bundled\format.h(925,8):
          ╨▓╤Л╨┐╨╛╨╗╨╜╤П╨╡╤В╤Б╤П ╨║╨╛╨╝╨┐╨╕╨╗╤П╤Ж╨╕╤П ╤Б╤Б╤Л╨╗╨║╨╕ ╨╜╨░ ╤Н╨║╨╖╨╡╨╝╨┐╨╗╤П╤А ╤И╨░╨▒╨╗╨╛╨╜ ╤Д╤Г╨╜╨║╤Ж╨╕╨╕ "_NoThrowFwdIt std::uninitialized_copy<T*,stdext::checked_array_iterator<T *>>(const _InIt,const _InIt,_NoThrowFwdIt)"
          with
          [
              _NoThrowFwdIt=stdext::checked_array_iterator<int *>,
              T=int,
              _InIt=int *
          ]
          C:\Program Files\Microsoft Visual Studio\18\Community\VC\Tools\MSVC\14.50.35717\include\xmemory(1990,30):
          ╨▓╤Л╨┐╨╛╨╗╨╜╤П╨╡╤В╤Б╤П ╨║╨╛╨╝╨┐╨╕╨╗╤П╤Ж╨╕╤П ╤Б╤Б╤Л╨╗╨║╨╕ ╨╜╨░ ╤Н╨║╨╖╨╡╨╝╨┐╨╗╤П╤А ╤И╨░╨▒╨╗╨╛╨╜ ╤Д╤Г╨╜╨║╤Ж╨╕╨╕ "decltype(auto) std::_Get_unwrapped_n<_NoThrowFwdIt&,__int64>(_Iter,const _Diff)"
          with
          [
              _NoThrowFwdIt=stdext::checked_array_iterator<int *>,
              _Iter=stdext::checked_array_iterator<int *> &,
              _Diff=__int64
          ]
          C:\Program Files\Microsoft Visual Studio\18\Community\VC\Tools\MSVC\14.50.35717\include\xutility(1512,26):
          ╨▓╤Л╨┐╨╛╨╗╨╜╤П╨╡╤В╤Б╤П ╨║╨╛╨╝╨┐╨╕╨╗╤П╤Ж╨╕╤П ╤Б╤Б╤Л╨╗╨║╨╕ ╨╜╨░ ╤И╨░╨▒╨╗╨╛╨╜ ╨┐╨╡╤А╨╡╨╝╨╡╨╜╨╜╨╛╨╣ "const bool _Unwrappable_for_offset_v<stdext::checked_array_iterator<int *> &>"
          C:\Program Files\Microsoft Visual Studio\18\Community\VC\Tools\MSVC\14.50.35717\include\xutility(1506,44):
          ╨▓╤Л╨┐╨╛╨╗╨╜╤П╨╡╤В╤Б╤П ╨║╨╛╨╝╨┐╨╕╨╗╤П╤Ж╨╕╤П ╤Б╤Б╤Л╨╗╨║╨╕ ╨╜╨░ ╤И╨░╨▒╨╗╨╛╨╜ ╨┐╨╡╤А╨╡╨╝╨╡╨╜╨╜╨╛╨╣ "const bool _Unwrappable_v<stdext::checked_array_iterator<int *> &,void>"
          C:\Program Files\Microsoft Visual Studio\18\Community\VC\Tools\MSVC\14.50.35717\include\xutility(1435,5):
          ╨▓╤Л╨┐╨╛╨╗╨╜╤П╨╡╤В╤Б╤П ╨║╨╛╨╝╨┐╨╕╨╗╤П╤Ж╨╕╤П ╤Б╤Б╤Л╨╗╨║╨╕ ╨╜╨░ ╤И╨░╨▒╨╗╨╛╨╜ ╨┐╨╡╤А╨╡╨╝╨╡╨╜╨╜╨╛╨╣ "const bool _Allow_inheriting_unwrap_v<stdext::checked_array_iterator<int *>,void>"
  
C:\Program Files\Microsoft Visual Studio\18\Community\VC\Tools\MSVC\14.50.35717\include\xutility(1407,22): warning C4996: 'stdext::checked_array_iterator<T *>::_Prevent_inheriting_unwrap': warning STL4043: stdext::checked_array_iterator, stdext::unchecked_array_iterator, and related factory functions are non-Standard extensions and will be removed in the future. std::span (since C++20) and gsl::span can be used instead. You can define _SILENCE_STDEXT_ARR_ITERS_DEPRECATION_WARNING or _SILENCE_ALL_MS_EXT_DEPRECATION_WARNINGS to suppress this warning. [C:\CLOUDPROJECT\CLOUDENGINE\build_test\CloudEngine.vcxproj]
C:\Program Files\Microsoft Visual Studio\18\Community\VC\Tools\MSVC\14.50.35717\include\xutility(1407,22): warning C4996:         with [C:\CLOUDPROJECT\CLOUDENGINE\build_test\CloudEngine.vcxproj]
C:\Program Files\Microsoft Visual Studio\18\Community\VC\Tools\MSVC\14.50.35717\include\xutility(1407,22): warning C4996:         [ [C:\CLOUDPROJECT\CLOUDENGINE\build_test\CloudEngine.vcxproj]
C:\Program Files\Microsoft Visual Studio\18\Community\VC\Tools\MSVC\14.50.35717\include\xutility(1407,22): warning C4996:             T=int [C:\CLOUDPROJECT\CLOUDENGINE\build_test\CloudEngine.vcxproj]
C:\Program Files\Microsoft Visual Studio\18\Community\VC\Tools\MSVC\14.50.35717\include\xutility(1407,22): warning C4996:         ] [C:\CLOUDPROJECT\CLOUDENGINE\build_test\CloudEngine.vcxproj]
  (╨║╨╛╨╝╨┐╨╕╨╗╤П╤Ж╨╕╤П ╨╕╤Б╤Е╨╛╨┤╨╜╨╛╨│╨╛ ╤Д╨░╨╣╨╗╨░ "../src/core/engine.cpp")
  
C:\Program Files\Microsoft Visual Studio\18\Community\VC\Tools\MSVC\14.50.35717\include\__msvc_iter_core.hpp(476,40): warning C4996: 'stdext::checked_array_iterator<T *>': warning STL4043: stdext::checked_array_iterator, stdext::unchecked_array_iterator, and related factory functions are non-Standard extensions and will be removed in the future. std::span (since C++20) and gsl::span can be used instead. You can define _SILENCE_STDEXT_ARR_ITERS_DEPRECATION_WARNING or _SILENCE_ALL_MS_EXT_DEPRECATION_WARNINGS to suppress this warning. [C:\CLOUDPROJECT\CLOUDENGINE\build_test\CloudEngine.vcxproj]
C:\Program Files\Microsoft Visual Studio\18\Community\VC\Tools\MSVC\14.50.35717\include\__msvc_iter_core.hpp(476,40): warning C4996:         with [C:\CLOUDPROJECT\CLOUDENGINE\build_test\CloudEngine.vcxproj]
C:\Program Files\Microsoft Visual Studio\18\Community\VC\Tools\MSVC\14.50.35717\include\__msvc_iter_core.hpp(476,40): warning C4996:         [ [C:\CLOUDPROJECT\CLOUDENGINE\build_test\CloudEngine.vcxproj]
C:\Program Files\Microsoft Visual Studio\18\Community\VC\Tools\MSVC\14.50.35717\include\__msvc_iter_core.hpp(476,40): warning C4996:             T=int [C:\CLOUDPROJECT\CLOUDENGINE\build_test\CloudEngine.vcxproj]
C:\Program Files\Microsoft Visual Studio\18\Community\VC\Tools\MSVC\14.50.35717\include\__msvc_iter_core.hpp(476,40): warning C4996:         ] [C:\CLOUDPROJECT\CLOUDENGINE\build_test\CloudEngine.vcxproj]
  (╨║╨╛╨╝╨┐╨╕╨╗╤П╤Ж╨╕╤П ╨╕╤Б╤Е╨╛╨┤╨╜╨╛╨│╨╛ ╤Д╨░╨╣╨╗╨░ "../src/core/engine.cpp")
      C:\Program Files\Microsoft Visual Studio\18\Community\VC\Tools\MSVC\14.50.35717\include\iterator(1501,35):
       ╤Б╨╝. ╨╛╨▒╤К╤П╨▓╨╗╨╡╨╜╨╕╨╡ "stdext::checked_array_iterator"
      C:\Program Files\Microsoft Visual Studio\18\Community\VC\Tools\MSVC\14.50.35717\include\__msvc_iter_core.hpp(476,40):
      ╨║╨╛╨╜╤В╨╡╨║╤Б╤В ╤Б╨╛╨╖╨┤╨░╨╜╨╕╤П ╤Н╨║╨╖╨╡╨╝╨┐╨╗╤П╤А╨░ ╤И╨░╨▒╨╗╨╛╨╜╨░ (╤Б╨╜╨░╤З╨░╨╗╨░ ╤Б╨░╨╝╤Л╨╣ ╤Б╤В╨░╤А╤Л╨╣)
          C:\Program Files\Microsoft Visual Studio\18\Community\VC\Tools\MSVC\14.50.35717\include\xutility(1502,93):
          ╨▓╤Л╨┐╨╛╨╗╨╜╤П╨╡╤В╤Б╤П ╨║╨╛╨╝╨┐╨╕╨╗╤П╤Ж╨╕╤П ╤Б╤Б╤Л╨╗╨║╨╕ ╨╜╨░ ╤Н╨║╨╖╨╡╨╝╨┐╨╗╤П╤А ╨┐╤Б╨╡╨▓╨┤╨╛╨╜╨╕╨╝ ╤И╨░╨▒╨╗╨╛╨╜ ╤Д╤Г╨╜╨║╤Ж╨╕╨╕ "std::_Iter_diff_t<_Iter>"
          with
          [
              _Iter=stdext::checked_array_iterator<int *>
          ]
          C:\Program Files\Microsoft Visual Studio\18\Community\VC\Tools\MSVC\14.50.35717\include\xutility(1311,55):
          ╨▓╤Л╨┐╨╛╨╗╨╜╤П╨╡╤В╤Б╤П ╨║╨╛╨╝╨┐╨╕╨╗╤П╤Ж╨╕╤П ╤Б╤Б╤Л╨╗╨║╨╕ ╨╜╨░ ╤Н╨║╨╖╨╡╨╝╨┐╨╗╤П╤А ╨║╨╗╨░╤Б╤Б ╤И╨░╨▒╨╗╨╛╨╜ ╤Д╤Г╨╜╨║╤Ж╨╕╨╕ "std::iterator_traits<_Iter>"
          with
          [
              _Iter=stdext::checked_array_iterator<int *>
          ]
          C:\Program Files\Microsoft Visual Studio\18\Community\VC\Tools\MSVC\14.50.35717\include\__msvc_iter_core.hpp(496,26):
          ╨▓╤Л╨┐╨╛╨╗╨╜╤П╨╡╤В╤Б╤П ╨║╨╛╨╝╨┐╨╕╨╗╤П╤Ж╨╕╤П ╤Б╤Б╤Л╨╗╨║╨╕ ╨╜╨░ ╤Н╨║╨╖╨╡╨╝╨┐╨╗╤П╤А ╨║╨╗╨░╤Б╤Б ╤И╨░╨▒╨╗╨╛╨╜ ╤Д╤Г╨╜╨║╤Ж╨╕╨╕ "std::_Iterator_traits_base<_Iter,void>"
          with
          [
              _Iter=stdext::checked_array_iterator<int *>
          ]
  
C:\Program Files\Microsoft Visual Studio\18\Community\VC\Tools\MSVC\14.50.35717\include\__msvc_iter_core.hpp(476,31): warning C4996: 'stdext::checked_array_iterator<T *>::iterator_category': warning STL4043: stdext::checked_array_iterator, stdext::unchecked_array_iterator, and related factory functions are non-Standard extensions and will be removed in the future. std::span (since C++20) and gsl::span can be used instead. You can define _SILENCE_STDEXT_ARR_ITERS_DEPRECATION_WARNING or _SILENCE_ALL_MS_EXT_DEPRECATION_WARNINGS to suppress this warning. [C:\CLOUDPROJECT\CLOUDENGINE\build_test\CloudEngine.vcxproj]
C:\Program Files\Microsoft Visual Studio\18\Community\VC\Tools\MSVC\14.50.35717\include\__msvc_iter_core.hpp(476,31): warning C4996:         with [C:\CLOUDPROJECT\CLOUDENGINE\build_test\CloudEngine.vcxproj]
C:\Program Files\Microsoft Visual Studio\18\Community\VC\Tools\MSVC\14.50.35717\include\__msvc_iter_core.hpp(476,31): warning C4996:         [ [C:\CLOUDPROJECT\CLOUDENGINE\build_test\CloudEngine.vcxproj]
C:\Program Files\Microsoft Visual Studio\18\Community\VC\Tools\MSVC\14.50.35717\include\__msvc_iter_core.hpp(476,31): warning C4996:             T=int [C:\CLOUDPROJECT\CLOUDENGINE\build_test\CloudEngine.vcxproj]
C:\Program Files\Microsoft Visual Studio\18\Community\VC\Tools\MSVC\14.50.35717\include\__msvc_iter_core.hpp(476,31): warning C4996:         ] [C:\CLOUDPROJECT\CLOUDENGINE\build_test\CloudEngine.vcxproj]
  (╨║╨╛╨╝╨┐╨╕╨╗╤П╤Ж╨╕╤П ╨╕╤Б╤Е╨╛╨┤╨╜╨╛╨│╨╛ ╤Д╨░╨╣╨╗╨░ "../src/core/engine.cpp")
  
C:\Program Files\Microsoft Visual Studio\18\Community\VC\Tools\MSVC\14.50.35717\include\__msvc_iter_core.hpp(477,40): warning C4996: 'stdext::checked_array_iterator<T *>': warning STL4043: stdext::checked_array_iterator, stdext::unchecked_array_iterator, and related factory functions are non-Standard extensions and will be removed in the future. std::span (since C++20) and gsl::span can be used instead. You can define _SILENCE_STDEXT_ARR_ITERS_DEPRECATION_WARNING or _SILENCE_ALL_MS_EXT_DEPRECATION_WARNINGS to suppress this warning. [C:\CLOUDPROJECT\CLOUDENGINE\build_test\CloudEngine.vcxproj]
C:\Program Files\Microsoft Visual Studio\18\Community\VC\Tools\MSVC\14.50.35717\include\__msvc_iter_core.hpp(477,40): warning C4996:         with [C:\CLOUDPROJECT\CLOUDENGINE\build_test\CloudEngine.vcxproj]
C:\Program Files\Microsoft Visual Studio\18\Community\VC\Tools\MSVC\14.50.35717\include\__msvc_iter_core.hpp(477,40): warning C4996:         [ [C:\CLOUDPROJECT\CLOUDENGINE\build_test\CloudEngine.vcxproj]
C:\Program Files\Microsoft Visual Studio\18\Community\VC\Tools\MSVC\14.50.35717\include\__msvc_iter_core.hpp(477,40): warning C4996:             T=int [C:\CLOUDPROJECT\CLOUDENGINE\build_test\CloudEngine.vcxproj]
C:\Program Files\Microsoft Visual Studio\18\Community\VC\Tools\MSVC\14.50.35717\include\__msvc_iter_core.hpp(477,40): warning C4996:         ] [C:\CLOUDPROJECT\CLOUDENGINE\build_test\CloudEngine.vcxproj]
  (╨║╨╛╨╝╨┐╨╕╨╗╤П╤Ж╨╕╤П ╨╕╤Б╤Е╨╛╨┤╨╜╨╛╨│╨╛ ╤Д╨░╨╣╨╗╨░ "../src/core/engine.cpp")
      C:\Program Files\Microsoft Visual Studio\18\Community\VC\Tools\MSVC\14.50.35717\include\iterator(1501,35):
       ╤Б╨╝. ╨╛╨▒╤К╤П╨▓╨╗╨╡╨╜╨╕╨╡ "stdext::checked_array_iterator"
  
C:\Program Files\Microsoft Visual Studio\18\Community\VC\Tools\MSVC\14.50.35717\include\__msvc_iter_core.hpp(477,31): warning C4996: 'stdext::checked_array_iterator<T *>::value_type': warning STL4043: stdext::checked_array_iterator, stdext::unchecked_array_iterator, and related factory functions are non-Standard extensions and will be removed in the future. std::span (since C++20) and gsl::span can be used instead. You can define _SILENCE_STDEXT_ARR_ITERS_DEPRECATION_WARNING or _SILENCE_ALL_MS_EXT_DEPRECATION_WARNINGS to suppress this warning. [C:\CLOUDPROJECT\CLOUDENGINE\build_test\CloudEngine.vcxproj]
C:\Program Files\Microsoft Visual Studio\18\Community\VC\Tools\MSVC\14.50.35717\include\__msvc_iter_core.hpp(477,31): warning C4996:         with [C:\CLOUDPROJECT\CLOUDENGINE\build_test\CloudEngine.vcxproj]
C:\Program Files\Microsoft Visual Studio\18\Community\VC\Tools\MSVC\14.50.35717\include\__msvc_iter_core.hpp(477,31): warning C4996:         [ [C:\CLOUDPROJECT\CLOUDENGINE\build_test\CloudEngine.vcxproj]
C:\Program Files\Microsoft Visual Studio\18\Community\VC\Tools\MSVC\14.50.35717\include\__msvc_iter_core.hpp(477,31): warning C4996:             T=int [C:\CLOUDPROJECT\CLOUDENGINE\build_test\CloudEngine.vcxproj]
C:\Program Files\Microsoft Visual Studio\18\Community\VC\Tools\MSVC\14.50.35717\include\__msvc_iter_core.hpp(477,31): warning C4996:         ] [C:\CLOUDPROJECT\CLOUDENGINE\build_test\CloudEngine.vcxproj]
  (╨║╨╛╨╝╨┐╨╕╨╗╤П╤Ж╨╕╤П ╨╕╤Б╤Е╨╛╨┤╨╜╨╛╨│╨╛ ╤Д╨░╨╣╨╗╨░ "../src/core/engine.cpp")
  
C:\Program Files\Microsoft Visual Studio\18\Community\VC\Tools\MSVC\14.50.35717\include\__msvc_iter_core.hpp(478,40): warning C4996: 'stdext::checked_array_iterator<T *>': warning STL4043: stdext::checked_array_iterator, stdext::unchecked_array_iterator, and related factory functions are non-Standard extensions and will be removed in the future. std::span (since C++20) and gsl::span can be used instead. You can define _SILENCE_STDEXT_ARR_ITERS_DEPRECATION_WARNING or _SILENCE_ALL_MS_EXT_DEPRECATION_WARNINGS to suppress this warning. [C:\CLOUDPROJECT\CLOUDENGINE\build_test\CloudEngine.vcxproj]
C:\Program Files\Microsoft Visual Studio\18\Community\VC\Tools\MSVC\14.50.35717\include\__msvc_iter_core.hpp(478,40): warning C4996:         with [C:\CLOUDPROJECT\CLOUDENGINE\build_test\CloudEngine.vcxproj]
C:\Program Files\Microsoft Visual Studio\18\Community\VC\Tools\MSVC\14.50.35717\include\__msvc_iter_core.hpp(478,40): warning C4996:         [ [C:\CLOUDPROJECT\CLOUDENGINE\build_test\CloudEngine.vcxproj]
C:\Program Files\Microsoft Visual Studio\18\Community\VC\Tools\MSVC\14.50.35717\include\__msvc_iter_core.hpp(478,40): warning C4996:             T=int [C:\CLOUDPROJECT\CLOUDENGINE\build_test\CloudEngine.vcxproj]
C:\Program Files\Microsoft Visual Studio\18\Community\VC\Tools\MSVC\14.50.35717\include\__msvc_iter_core.hpp(478,40): warning C4996:         ] [C:\CLOUDPROJECT\CLOUDENGINE\build_test\CloudEngine.vcxproj]
  (╨║╨╛╨╝╨┐╨╕╨╗╤П╤Ж╨╕╤П ╨╕╤Б╤Е╨╛╨┤╨╜╨╛╨│╨╛ ╤Д╨░╨╣╨╗╨░ "../src/core/engine.cpp")
      C:\Program Files\Microsoft Visual Studio\18\Community\VC\Tools\MSVC\14.50.35717\include\iterator(1501,35):
       ╤Б╨╝. ╨╛╨▒╤К╤П╨▓╨╗╨╡╨╜╨╕╨╡ "stdext::checked_array_iterator"
  
C:\Program Files\Microsoft Visual Studio\18\Community\VC\Tools\MSVC\14.50.35717\include\__msvc_iter_core.hpp(478,31): warning C4996: 'stdext::checked_array_iterator<T *>::difference_type': warning STL4043: stdext::checked_array_iterator, stdext::unchecked_array_iterator, and related factory functions are non-Standard extensions and will be removed in the future. std::span (since C++20) and gsl::span can be used instead. You can define _SILENCE_STDEXT_ARR_ITERS_DEPRECATION_WARNING or _SILENCE_ALL_MS_EXT_DEPRECATION_WARNINGS to suppress this warning. [C:\CLOUDPROJECT\CLOUDENGINE\build_test\CloudEngine.vcxproj]
C:\Program Files\Microsoft Visual Studio\18\Community\VC\Tools\MSVC\14.50.35717\include\__msvc_iter_core.hpp(478,31): warning C4996:         with [C:\CLOUDPROJECT\CLOUDENGINE\build_test\CloudEngine.vcxproj]
C:\Program Files\Microsoft Visual Studio\18\Community\VC\Tools\MSVC\14.50.35717\include\__msvc_iter_core.hpp(478,31): warning C4996:         [ [C:\CLOUDPROJECT\CLOUDENGINE\build_test\CloudEngine.vcxproj]
C:\Program Files\Microsoft Visual Studio\18\Community\VC\Tools\MSVC\14.50.35717\include\__msvc_iter_core.hpp(478,31): warning C4996:             T=int [C:\CLOUDPROJECT\CLOUDENGINE\build_test\CloudEngine.vcxproj]
C:\Program Files\Microsoft Visual Studio\18\Community\VC\Tools\MSVC\14.50.35717\include\__msvc_iter_core.hpp(478,31): warning C4996:         ] [C:\CLOUDPROJECT\CLOUDENGINE\build_test\CloudEngine.vcxproj]
  (╨║╨╛╨╝╨┐╨╕╨╗╤П╤Ж╨╕╤П ╨╕╤Б╤Е╨╛╨┤╨╜╨╛╨│╨╛ ╤Д╨░╨╣╨╗╨░ "../src/core/engine.cpp")
  
C:\Program Files\Microsoft Visual Studio\18\Community\VC\Tools\MSVC\14.50.35717\include\__msvc_iter_core.hpp(479,40): warning C4996: 'stdext::checked_array_iterator<T *>': warning STL4043: stdext::checked_array_iterator, stdext::unchecked_array_iterator, and related factory functions are non-Standard extensions and will be removed in the future. std::span (since C++20) and gsl::span can be used instead. You can define _SILENCE_STDEXT_ARR_ITERS_DEPRECATION_WARNING or _SILENCE_ALL_MS_EXT_DEPRECATION_WARNINGS to suppress this warning. [C:\CLOUDPROJECT\CLOUDENGINE\build_test\CloudEngine.vcxproj]
C:\Program Files\Microsoft Visual Studio\18\Community\VC\Tools\MSVC\14.50.35717\include\__msvc_iter_core.hpp(479,40): warning C4996:         with [C:\CLOUDPROJECT\CLOUDENGINE\build_test\CloudEngine.vcxproj]
C:\Program Files\Microsoft Visual Studio\18\Community\VC\Tools\MSVC\14.50.35717\include\__msvc_iter_core.hpp(479,40): warning C4996:         [ [C:\CLOUDPROJECT\CLOUDENGINE\build_test\CloudEngine.vcxproj]
C:\Program Files\Microsoft Visual Studio\18\Community\VC\Tools\MSVC\14.50.35717\include\__msvc_iter_core.hpp(479,40): warning C4996:             T=int [C:\CLOUDPROJECT\CLOUDENGINE\build_test\CloudEngine.vcxproj]
C:\Program Files\Microsoft Visual Studio\18\Community\VC\Tools\MSVC\14.50.35717\include\__msvc_iter_core.hpp(479,40): warning C4996:         ] [C:\CLOUDPROJECT\CLOUDENGINE\build_test\CloudEngine.vcxproj]
  (╨║╨╛╨╝╨┐╨╕╨╗╤П╤Ж╨╕╤П ╨╕╤Б╤Е╨╛╨┤╨╜╨╛╨│╨╛ ╤Д╨░╨╣╨╗╨░ "../src/core/engine.cpp")
      C:\Program Files\Microsoft Visual Studio\18\Community\VC\Tools\MSVC\14.50.35717\include\iterator(1501,35):
       ╤Б╨╝. ╨╛╨▒╤К╤П╨▓╨╗╨╡╨╜╨╕╨╡ "stdext::checked_array_iterator"
  
C:\Program Files\Microsoft Visual Studio\18\Community\VC\Tools\MSVC\14.50.35717\include\__msvc_iter_core.hpp(479,31): warning C4996: 'stdext::checked_array_iterator<T *>::pointer': warning STL4043: stdext::checked_array_iterator, stdext::unchecked_array_iterator, and related factory functions are non-Standard extensions and will be removed in the future. std::span (since C++20) and gsl::span can be used instead. You can define _SILENCE_STDEXT_ARR_ITERS_DEPRECATION_WARNING or _SILENCE_ALL_MS_EXT_DEPRECATION_WARNINGS to suppress this warning. [C:\CLOUDPROJECT\CLOUDENGINE\build_test\CloudEngine.vcxproj]
C:\Program Files\Microsoft Visual Studio\18\Community\VC\Tools\MSVC\14.50.35717\include\__msvc_iter_core.hpp(479,31): warning C4996:         with [C:\CLOUDPROJECT\CLOUDENGINE\build_test\CloudEngine.vcxproj]
C:\Program Files\Microsoft Visual Studio\18\Community\VC\Tools\MSVC\14.50.35717\include\__msvc_iter_core.hpp(479,31): warning C4996:         [ [C:\CLOUDPROJECT\CLOUDENGINE\build_test\CloudEngine.vcxproj]
C:\Program Files\Microsoft Visual Studio\18\Community\VC\Tools\MSVC\14.50.35717\include\__msvc_iter_core.hpp(479,31): warning C4996:             T=int [C:\CLOUDPROJECT\CLOUDENGINE\build_test\CloudEngine.vcxproj]
C:\Program Files\Microsoft Visual Studio\18\Community\VC\Tools\MSVC\14.50.35717\include\__msvc_iter_core.hpp(479,31): warning C4996:         ] [C:\CLOUDPROJECT\CLOUDENGINE\build_test\CloudEngine.vcxproj]
  (╨║╨╛╨╝╨┐╨╕╨╗╤П╤Ж╨╕╤П ╨╕╤Б╤Е╨╛╨┤╨╜╨╛╨│╨╛ ╤Д╨░╨╣╨╗╨░ "../src/core/engine.cpp")
  
C:\Program Files\Microsoft Visual Studio\18\Community\VC\Tools\MSVC\14.50.35717\include\__msvc_iter_core.hpp(480,40): warning C4996: 'stdext::checked_array_iterator<T *>': warning STL4043: stdext::checked_array_iterator, stdext::unchecked_array_iterator, and related factory functions are non-Standard extensions and will be removed in the future. std::span (since C++20) and gsl::span can be used instead. You can define _SILENCE_STDEXT_ARR_ITERS_DEPRECATION_WARNING or _SILENCE_ALL_MS_EXT_DEPRECATION_WARNINGS to suppress this warning. [C:\CLOUDPROJECT\CLOUDENGINE\build_test\CloudEngine.vcxproj]
C:\Program Files\Microsoft Visual Studio\18\Community\VC\Tools\MSVC\14.50.35717\include\__msvc_iter_core.hpp(480,40): warning C4996:         with [C:\CLOUDPROJECT\CLOUDENGINE\build_test\CloudEngine.vcxproj]
C:\Program Files\Microsoft Visual Studio\18\Community\VC\Tools\MSVC\14.50.35717\include\__msvc_iter_core.hpp(480,40): warning C4996:         [ [C:\CLOUDPROJECT\CLOUDENGINE\build_test\CloudEngine.vcxproj]
C:\Program Files\Microsoft Visual Studio\18\Community\VC\Tools\MSVC\14.50.35717\include\__msvc_iter_core.hpp(480,40): warning C4996:             T=int [C:\CLOUDPROJECT\CLOUDENGINE\build_test\CloudEngine.vcxproj]
C:\Program Files\Microsoft Visual Studio\18\Community\VC\Tools\MSVC\14.50.35717\include\__msvc_iter_core.hpp(480,40): warning C4996:         ] [C:\CLOUDPROJECT\CLOUDENGINE\build_test\CloudEngine.vcxproj]
  (╨║╨╛╨╝╨┐╨╕╨╗╤П╤Ж╨╕╤П ╨╕╤Б╤Е╨╛╨┤╨╜╨╛╨│╨╛ ╤Д╨░╨╣╨╗╨░ "../src/core/engine.cpp")
      C:\Program Files\Microsoft Visual Studio\18\Community\VC\Tools\MSVC\14.50.35717\include\iterator(1501,35):
       ╤Б╨╝. ╨╛╨▒╤К╤П╨▓╨╗╨╡╨╜╨╕╨╡ "stdext::checked_array_iterator"
  
C:\Program Files\Microsoft Visual Studio\18\Community\VC\Tools\MSVC\14.50.35717\include\__msvc_iter_core.hpp(480,31): warning C4996: 'stdext::checked_array_iterator<T *>::reference': warning STL4043: stdext::checked_array_iterator, stdext::unchecked_array_iterator, and related factory functions are non-Standard extensions and will be removed in the future. std::span (since C++20) and gsl::span can be used instead. You can define _SILENCE_STDEXT_ARR_ITERS_DEPRECATION_WARNING or _SILENCE_ALL_MS_EXT_DEPRECATION_WARNINGS to suppress this warning. [C:\CLOUDPROJECT\CLOUDENGINE\build_test\CloudEngine.vcxproj]
C:\Program Files\Microsoft Visual Studio\18\Community\VC\Tools\MSVC\14.50.35717\include\__msvc_iter_core.hpp(480,31): warning C4996:         with [C:\CLOUDPROJECT\CLOUDENGINE\build_test\CloudEngine.vcxproj]
C:\Program Files\Microsoft Visual Studio\18\Community\VC\Tools\MSVC\14.50.35717\include\__msvc_iter_core.hpp(480,31): warning C4996:         [ [C:\CLOUDPROJECT\CLOUDENGINE\build_test\CloudEngine.vcxproj]
C:\Program Files\Microsoft Visual Studio\18\Community\VC\Tools\MSVC\14.50.35717\include\__msvc_iter_core.hpp(480,31): warning C4996:             T=int [C:\CLOUDPROJECT\CLOUDENGINE\build_test\CloudEngine.vcxproj]
C:\Program Files\Microsoft Visual Studio\18\Community\VC\Tools\MSVC\14.50.35717\include\__msvc_iter_core.hpp(480,31): warning C4996:         ] [C:\CLOUDPROJECT\CLOUDENGINE\build_test\CloudEngine.vcxproj]
  (╨║╨╛╨╝╨┐╨╕╨╗╤П╤Ж╨╕╤П ╨╕╤Б╤Е╨╛╨┤╨╜╨╛╨│╨╛ ╤Д╨░╨╣╨╗╨░ "../src/core/engine.cpp")
  
C:\Program Files\Microsoft Visual Studio\18\Community\VC\Tools\MSVC\14.50.35717\include\xutility(1523,13): warning C4996: 'stdext::checked_array_iterator<T *>::_Verify_offset': warning STL4043: stdext::checked_array_iterator, stdext::unchecked_array_iterator, and related factory functions are non-Standard extensions and will be removed in the future. std::span (since C++20) and gsl::span can be used instead. You can define _SILENCE_STDEXT_ARR_ITERS_DEPRECATION_WARNING or _SILENCE_ALL_MS_EXT_DEPRECATION_WARNINGS to suppress this warning. [C:\CLOUDPROJECT\CLOUDENGINE\build_test\CloudEngine.vcxproj]
C:\Program Files\Microsoft Visual Studio\18\Community\VC\Tools\MSVC\14.50.35717\include\xutility(1523,13): warning C4996:         with [C:\CLOUDPROJECT\CLOUDENGINE\build_test\CloudEngine.vcxproj]
C:\Program Files\Microsoft Visual Studio\18\Community\VC\Tools\MSVC\14.50.35717\include\xutility(1523,13): warning C4996:         [ [C:\CLOUDPROJECT\CLOUDENGINE\build_test\CloudEngine.vcxproj]
C:\Program Files\Microsoft Visual Studio\18\Community\VC\Tools\MSVC\14.50.35717\include\xutility(1523,13): warning C4996:             T=int [C:\CLOUDPROJECT\CLOUDENGINE\build_test\CloudEngine.vcxproj]
C:\Program Files\Microsoft Visual Studio\18\Community\VC\Tools\MSVC\14.50.35717\include\xutility(1523,13): warning C4996:         ] [C:\CLOUDPROJECT\CLOUDENGINE\build_test\CloudEngine.vcxproj]
  (╨║╨╛╨╝╨┐╨╕╨╗╤П╤Ж╨╕╤П ╨╕╤Б╤Е╨╛╨┤╨╜╨╛╨│╨╛ ╤Д╨░╨╣╨╗╨░ "../src/core/engine.cpp")
  
C:\Program Files\Microsoft Visual Studio\18\Community\VC\Tools\MSVC\14.50.35717\include\xutility(1524,42): warning C4996: 'stdext::checked_array_iterator<T *>::_Unwrapped': warning STL4043: stdext::checked_array_iterator, stdext::unchecked_array_iterator, and related factory functions are non-Standard extensions and will be removed in the future. std::span (since C++20) and gsl::span can be used instead. You can define _SILENCE_STDEXT_ARR_ITERS_DEPRECATION_WARNING or _SILENCE_ALL_MS_EXT_DEPRECATION_WARNINGS to suppress this warning. [C:\CLOUDPROJECT\CLOUDENGINE\build_test\CloudEngine.vcxproj]
C:\Program Files\Microsoft Visual Studio\18\Community\VC\Tools\MSVC\14.50.35717\include\xutility(1524,42): warning C4996:         with [C:\CLOUDPROJECT\CLOUDENGINE\build_test\CloudEngine.vcxproj]
C:\Program Files\Microsoft Visual Studio\18\Community\VC\Tools\MSVC\14.50.35717\include\xutility(1524,42): warning C4996:         [ [C:\CLOUDPROJECT\CLOUDENGINE\build_test\CloudEngine.vcxproj]
C:\Program Files\Microsoft Visual Studio\18\Community\VC\Tools\MSVC\14.50.35717\include\xutility(1524,42): warning C4996:             T=int [C:\CLOUDPROJECT\CLOUDENGINE\build_test\CloudEngine.vcxproj]
C:\Program Files\Microsoft Visual Studio\18\Community\VC\Tools\MSVC\14.50.35717\include\xutility(1524,42): warning C4996:         ] [C:\CLOUDPROJECT\CLOUDENGINE\build_test\CloudEngine.vcxproj]
  (╨║╨╛╨╝╨┐╨╕╨╗╤П╤Ж╨╕╤П ╨╕╤Б╤Е╨╛╨┤╨╜╨╛╨│╨╛ ╤Д╨░╨╣╨╗╨░ "../src/core/engine.cpp")
  
C:\Program Files\Microsoft Visual Studio\18\Community\VC\Tools\MSVC\14.50.35717\include\xutility(1545,13): warning C4996: 'stdext::checked_array_iterator<T *>::_Seek_to': warning STL4043: stdext::checked_array_iterator, stdext::unchecked_array_iterator, and related factory functions are non-Standard extensions and will be removed in the future. std::span (since C++20) and gsl::span can be used instead. You can define _SILENCE_STDEXT_ARR_ITERS_DEPRECATION_WARNING or _SILENCE_ALL_MS_EXT_DEPRECATION_WARNINGS to suppress this warning. [C:\CLOUDPROJECT\CLOUDENGINE\build_test\CloudEngine.vcxproj]
C:\Program Files\Microsoft Visual Studio\18\Community\VC\Tools\MSVC\14.50.35717\include\xutility(1545,13): warning C4996:         with [C:\CLOUDPROJECT\CLOUDENGINE\build_test\CloudEngine.vcxproj]
C:\Program Files\Microsoft Visual Studio\18\Community\VC\Tools\MSVC\14.50.35717\include\xutility(1545,13): warning C4996:         [ [C:\CLOUDPROJECT\CLOUDENGINE\build_test\CloudEngine.vcxproj]
C:\Program Files\Microsoft Visual Studio\18\Community\VC\Tools\MSVC\14.50.35717\include\xutility(1545,13): warning C4996:             T=int [C:\CLOUDPROJECT\CLOUDENGINE\build_test\CloudEngine.vcxproj]
C:\Program Files\Microsoft Visual Studio\18\Community\VC\Tools\MSVC\14.50.35717\include\xutility(1545,13): warning C4996:         ] [C:\CLOUDPROJECT\CLOUDENGINE\build_test\CloudEngine.vcxproj]
  (╨║╨╛╨╝╨┐╨╕╨╗╤П╤Ж╨╕╤П ╨╕╤Б╤Е╨╛╨┤╨╜╨╛╨│╨╛ ╤Д╨░╨╣╨╗╨░ "../src/core/engine.cpp")
      C:\Program Files\Microsoft Visual Studio\18\Community\VC\Tools\MSVC\14.50.35717\include\xutility(1545,13):
      ╨║╨╛╨╜╤В╨╡╨║╤Б╤В ╤Б╨╛╨╖╨┤╨░╨╜╨╕╤П ╤Н╨║╨╖╨╡╨╝╨┐╨╗╤П╤А╨░ ╤И╨░╨▒╨╗╨╛╨╜╨░ (╤Б╨╜╨░╤З╨░╨╗╨░ ╤Б╨░╨╝╤Л╨╣ ╤Б╤В╨░╤А╤Л╨╣)
          C:\CLOUDPROJECT\CLOUDENGINE\libs\spdlog\include\spdlog\fmt\bundled\format.h(925,8):
          ╨▓╤Л╨┐╨╛╨╗╨╜╤П╨╡╤В╤Б╤П ╨║╨╛╨╝╨┐╨╕╨╗╤П╤Ж╨╕╤П ╤Б╤Б╤Л╨╗╨║╨╕ ╨╜╨░ ╤Н╨║╨╖╨╡╨╝╨┐╨╗╤П╤А ╤И╨░╨▒╨╗╨╛╨╜ ╤Д╤Г╨╜╨║╤Ж╨╕╨╕ "_NoThrowFwdIt std::uninitialized_copy<T*,stdext::checked_array_iterator<T *>>(const _InIt,const _InIt,_NoThrowFwdIt)"
          with
          [
              _NoThrowFwdIt=stdext::checked_array_iterator<int *>,
              T=int,
              _InIt=int *
          ]
          C:\Program Files\Microsoft Visual Studio\18\Community\VC\Tools\MSVC\14.50.35717\include\xmemory(1991,10):
          ╨▓╤Л╨┐╨╛╨╗╨╜╤П╨╡╤В╤Б╤П ╨║╨╛╨╝╨┐╨╕╨╗╤П╤Ж╨╕╤П ╤Б╤Б╤Л╨╗╨║╨╕ ╨╜╨░ ╤Н╨║╨╖╨╡╨╝╨┐╨╗╤П╤А ╤И╨░╨▒╨╗╨╛╨╜ ╤Д╤Г╨╜╨║╤Ж╨╕╨╕ "void std::_Seek_wrapped<_NoThrowFwdIt,int*>(_Iter &,_UIter &&)"
          with
          [
              _NoThrowFwdIt=stdext::checked_array_iterator<int *>,
              _Iter=stdext::checked_array_iterator<int *>,
              _UIter=int *
          ]
  
  network_module.cpp
C:\Program Files\Microsoft Visual Studio\18\Community\VC\Tools\MSVC\14.50.35717\include\xutility(1407,31): warning C4996: 'stdext::checked_array_iterator<T *>': warning STL4043: stdext::checked_array_iterator, stdext::unchecked_array_iterator, and related factory functions are non-Standard extensions and will be removed in the future. std::span (since C++20) and gsl::span can be used instead. You can define _SILENCE_STDEXT_ARR_ITERS_DEPRECATION_WARNING or _SILENCE_ALL_MS_EXT_DEPRECATION_WARNINGS to suppress this warning. [C:\CLOUDPROJECT\CLOUDENGINE\build_test\CloudEngine.vcxproj]
C:\Program Files\Microsoft Visual Studio\18\Community\VC\Tools\MSVC\14.50.35717\include\xutility(1407,31): warning C4996:         with [C:\CLOUDPROJECT\CLOUDENGINE\build_test\CloudEngine.vcxproj]
C:\Program Files\Microsoft Visual Studio\18\Community\VC\Tools\MSVC\14.50.35717\include\xutility(1407,31): warning C4996:         [ [C:\CLOUDPROJECT\CLOUDENGINE\build_test\CloudEngine.vcxproj]
C:\Program Files\Microsoft Visual Studio\18\Community\VC\Tools\MSVC\14.50.35717\include\xutility(1407,31): warning C4996:             T=fmt::v9::detail::bigint::bigit [C:\CLOUDPROJECT\CLOUDENGINE\build_test\CloudEngine.vcxproj]
C:\Program Files\Microsoft Visual Studio\18\Community\VC\Tools\MSVC\14.50.35717\include\xutility(1407,31): warning C4996:         ] [C:\CLOUDPROJECT\CLOUDENGINE\build_test\CloudEngine.vcxproj]
  (╨║╨╛╨╝╨┐╨╕╨╗╤П╤Ж╨╕╤П ╨╕╤Б╤Е╨╛╨┤╨╜╨╛╨│╨╛ ╤Д╨░╨╣╨╗╨░ "../src/ecs/modules/network_module.cpp")
      C:\Program Files\Microsoft Visual Studio\18\Community\VC\Tools\MSVC\14.50.35717\include\iterator(1501,35):
       ╤Б╨╝. ╨╛╨▒╤К╤П╨▓╨╗╨╡╨╜╨╕╨╡ "stdext::checked_array_iterator"
      C:\Program Files\Microsoft Visual Studio\18\Community\VC\Tools\MSVC\14.50.35717\include\xutility(1407,31):
      ╨║╨╛╨╜╤В╨╡╨║╤Б╤В ╤Б╨╛╨╖╨┤╨░╨╜╨╕╤П ╤Н╨║╨╖╨╡╨╝╨┐╨╗╤П╤А╨░ ╤И╨░╨▒╨╗╨╛╨╜╨░ (╤Б╨╜╨░╤З╨░╨╗╨░ ╤Б╨░╨╝╤Л╨╣ ╤Б╤В╨░╤А╤Л╨╣)
          C:\CLOUDPROJECT\CLOUDENGINE\libs\spdlog\include\spdlog\fmt\bundled\format.h(2807,10):
          ╨▓╤Л╨┐╨╛╨╗╨╜╤П╨╡╤В╤Б╤П ╨║╨╛╨╝╨┐╨╕╨╗╤П╤Ж╨╕╤П ╤Б╤Б╤Л╨╗╨║╨╕ ╨╜╨░ ╤Н╨║╨╖╨╡╨╝╨┐╨╗╤П╤А ╤И╨░╨▒╨╗╨╛╨╜ ╤Д╤Г╨╜╨║╤Ж╨╕╨╕ "_OutIt std::copy<const T*,stdext::checked_array_iterator<T *>>(_InIt,_InIt,_OutIt)"
          with
          [
              _OutIt=stdext::checked_array_iterator<fmt::v9::detail::bigint::bigit *>,
              T=fmt::v9::detail::bigint::bigit,
              _InIt=const fmt::v9::detail::bigint::bigit *
          ]
          C:\Program Files\Microsoft Visual Studio\18\Community\VC\Tools\MSVC\14.50.35717\include\xutility(4975,31):
          ╨▓╤Л╨┐╨╛╨╗╨╜╤П╨╡╤В╤Б╤П ╨║╨╛╨╝╨┐╨╕╨╗╤П╤Ж╨╕╤П ╤Б╤Б╤Л╨╗╨║╨╕ ╨╜╨░ ╤Н╨║╨╖╨╡╨╝╨┐╨╗╤П╤А ╤И╨░╨▒╨╗╨╛╨╜ ╤Д╤Г╨╜╨║╤Ж╨╕╨╕ "decltype(auto) std::_Get_unwrapped_n<stdext::checked_array_iterator<T *>,__int64>(_Iter &&,const _Diff)"
          with
          [
              T=fmt::v9::detail::bigint::bigit,
              _Iter=stdext::checked_array_iterator<fmt::v9::detail::bigint::bigit *>,
              _Diff=__int64
          ]
          C:\Program Files\Microsoft Visual Studio\18\Community\VC\Tools\MSVC\14.50.35717\include\xutility(1512,26):
          ╨▓╤Л╨┐╨╛╨╗╨╜╤П╨╡╤В╤Б╤П ╨║╨╛╨╝╨┐╨╕╨╗╤П╤Ж╨╕╤П ╤Б╤Б╤Л╨╗╨║╨╕ ╨╜╨░ ╤И╨░╨▒╨╗╨╛╨╜ ╨┐╨╡╤А╨╡╨╝╨╡╨╜╨╜╨╛╨╣ "const bool _Unwrappable_for_offset_v<stdext::checked_array_iterator<unsigned int *> >"
          C:\Program Files\Microsoft Visual Studio\18\Community\VC\Tools\MSVC\14.50.35717\include\xutility(1506,44):
          ╨▓╤Л╨┐╨╛╨╗╨╜╤П╨╡╤В╤Б╤П ╨║╨╛╨╝╨┐╨╕╨╗╤П╤Ж╨╕╤П ╤Б╤Б╤Л╨╗╨║╨╕ ╨╜╨░ ╤И╨░╨▒╨╗╨╛╨╜ ╨┐╨╡╤А╨╡╨╝╨╡╨╜╨╜╨╛╨╣ "const bool _Unwrappable_v<stdext::checked_array_iterator<unsigned int *>,void>"
          C:\Program Files\Microsoft Visual Studio\18\Community\VC\Tools\MSVC\14.50.35717\include\xutility(1435,5):
          ╨▓╤Л╨┐╨╛╨╗╨╜╤П╨╡╤В╤Б╤П ╨║╨╛╨╝╨┐╨╕╨╗╤П╤Ж╨╕╤П ╤Б╤Б╤Л╨╗╨║╨╕ ╨╜╨░ ╤И╨░╨▒╨╗╨╛╨╜ ╨┐╨╡╤А╨╡╨╝╨╡╨╜╨╜╨╛╨╣ "const bool _Allow_inheriting_unwrap_v<stdext::checked_array_iterator<unsigned int *>,void>"
  
C:\Program Files\Microsoft Visual Studio\18\Community\VC\Tools\MSVC\14.50.35717\include\xutility(1407,22): warning C4996: 'stdext::checked_array_iterator<T *>::_Prevent_inheriting_unwrap': warning STL4043: stdext::checked_array_iterator, stdext::unchecked_array_iterator, and related factory functions are non-Standard extensions and will be removed in the future. std::span (since C++20) and gsl::span can be used instead. You can define _SILENCE_STDEXT_ARR_ITERS_DEPRECATION_WARNING or _SILENCE_ALL_MS_EXT_DEPRECATION_WARNINGS to suppress this warning. [C:\CLOUDPROJECT\CLOUDENGINE\build_test\CloudEngine.vcxproj]
C:\Program Files\Microsoft Visual Studio\18\Community\VC\Tools\MSVC\14.50.35717\include\xutility(1407,22): warning C4996:         with [C:\CLOUDPROJECT\CLOUDENGINE\build_test\CloudEngine.vcxproj]
C:\Program Files\Microsoft Visual Studio\18\Community\VC\Tools\MSVC\14.50.35717\include\xutility(1407,22): warning C4996:         [ [C:\CLOUDPROJECT\CLOUDENGINE\build_test\CloudEngine.vcxproj]
C:\Program Files\Microsoft Visual Studio\18\Community\VC\Tools\MSVC\14.50.35717\include\xutility(1407,22): warning C4996:             T=fmt::v9::detail::bigint::bigit [C:\CLOUDPROJECT\CLOUDENGINE\build_test\CloudEngine.vcxproj]
C:\Program Files\Microsoft Visual Studio\18\Community\VC\Tools\MSVC\14.50.35717\include\xutility(1407,22): warning C4996:         ] [C:\CLOUDPROJECT\CLOUDENGINE\build_test\CloudEngine.vcxproj]
  (╨║╨╛╨╝╨┐╨╕╨╗╤П╤Ж╨╕╤П ╨╕╤Б╤Е╨╛╨┤╨╜╨╛╨│╨╛ ╤Д╨░╨╣╨╗╨░ "../src/ecs/modules/network_module.cpp")
  
C:\Program Files\Microsoft Visual Studio\18\Community\VC\Tools\MSVC\14.50.35717\include\__msvc_iter_core.hpp(476,40): warning C4996: 'stdext::checked_array_iterator<T *>': warning STL4043: stdext::checked_array_iterator, stdext::unchecked_array_iterator, and related factory functions are non-Standard extensions and will be removed in the future. std::span (since C++20) and gsl::span can be used instead. You can define _SILENCE_STDEXT_ARR_ITERS_DEPRECATION_WARNING or _SILENCE_ALL_MS_EXT_DEPRECATION_WARNINGS to suppress this warning. [C:\CLOUDPROJECT\CLOUDENGINE\build_test\CloudEngine.vcxproj]
C:\Program Files\Microsoft Visual Studio\18\Community\VC\Tools\MSVC\14.50.35717\include\__msvc_iter_core.hpp(476,40): warning C4996:         with [C:\CLOUDPROJECT\CLOUDENGINE\build_test\CloudEngine.vcxproj]
C:\Program Files\Microsoft Visual Studio\18\Community\VC\Tools\MSVC\14.50.35717\include\__msvc_iter_core.hpp(476,40): warning C4996:         [ [C:\CLOUDPROJECT\CLOUDENGINE\build_test\CloudEngine.vcxproj]
C:\Program Files\Microsoft Visual Studio\18\Community\VC\Tools\MSVC\14.50.35717\include\__msvc_iter_core.hpp(476,40): warning C4996:             T=fmt::v9::detail::bigint::bigit [C:\CLOUDPROJECT\CLOUDENGINE\build_test\CloudEngine.vcxproj]
C:\Program Files\Microsoft Visual Studio\18\Community\VC\Tools\MSVC\14.50.35717\include\__msvc_iter_core.hpp(476,40): warning C4996:         ] [C:\CLOUDPROJECT\CLOUDENGINE\build_test\CloudEngine.vcxproj]
  (╨║╨╛╨╝╨┐╨╕╨╗╤П╤Ж╨╕╤П ╨╕╤Б╤Е╨╛╨┤╨╜╨╛╨│╨╛ ╤Д╨░╨╣╨╗╨░ "../src/ecs/modules/network_module.cpp")
      C:\Program Files\Microsoft Visual Studio\18\Community\VC\Tools\MSVC\14.50.35717\include\iterator(1501,35):
       ╤Б╨╝. ╨╛╨▒╤К╤П╨▓╨╗╨╡╨╜╨╕╨╡ "stdext::checked_array_iterator"
      C:\Program Files\Microsoft Visual Studio\18\Community\VC\Tools\MSVC\14.50.35717\include\__msvc_iter_core.hpp(476,40):
      ╨║╨╛╨╜╤В╨╡╨║╤Б╤В ╤Б╨╛╨╖╨┤╨░╨╜╨╕╤П ╤Н╨║╨╖╨╡╨╝╨┐╨╗╤П╤А╨░ ╤И╨░╨▒╨╗╨╛╨╜╨░ (╤Б╨╜╨░╤З╨░╨╗╨░ ╤Б╨░╨╝╤Л╨╣ ╤Б╤В╨░╤А╤Л╨╣)
          C:\Program Files\Microsoft Visual Studio\18\Community\VC\Tools\MSVC\14.50.35717\include\xutility(1502,93):
          ╨▓╤Л╨┐╨╛╨╗╨╜╤П╨╡╤В╤Б╤П ╨║╨╛╨╝╨┐╨╕╨╗╤П╤Ж╨╕╤П ╤Б╤Б╤Л╨╗╨║╨╕ ╨╜╨░ ╤Н╨║╨╖╨╡╨╝╨┐╨╗╤П╤А ╨┐╤Б╨╡╨▓╨┤╨╛╨╜╨╕╨╝ ╤И╨░╨▒╨╗╨╛╨╜ ╤Д╤Г╨╜╨║╤Ж╨╕╨╕ "std::_Iter_diff_t<_Iter>"
          with
          [
              _Iter=stdext::checked_array_iterator<fmt::v9::detail::bigint::bigit *>
          ]
          C:\Program Files\Microsoft Visual Studio\18\Community\VC\Tools\MSVC\14.50.35717\include\xutility(1311,55):
          ╨▓╤Л╨┐╨╛╨╗╨╜╤П╨╡╤В╤Б╤П ╨║╨╛╨╝╨┐╨╕╨╗╤П╤Ж╨╕╤П ╤Б╤Б╤Л╨╗╨║╨╕ ╨╜╨░ ╤Н╨║╨╖╨╡╨╝╨┐╨╗╤П╤А ╨║╨╗╨░╤Б╤Б ╤И╨░╨▒╨╗╨╛╨╜ ╤Д╤Г╨╜╨║╤Ж╨╕╨╕ "std::iterator_traits<_Iter>"
          with
          [
              _Iter=stdext::checked_array_iterator<fmt::v9::detail::bigint::bigit *>
          ]
          C:\Program Files\Microsoft Visual Studio\18\Community\VC\Tools\MSVC\14.50.35717\include\__msvc_iter_core.hpp(496,26):
          ╨▓╤Л╨┐╨╛╨╗╨╜╤П╨╡╤В╤Б╤П ╨║╨╛╨╝╨┐╨╕╨╗╤П╤Ж╨╕╤П ╤Б╤Б╤Л╨╗╨║╨╕ ╨╜╨░ ╤Н╨║╨╖╨╡╨╝╨┐╨╗╤П╤А ╨║╨╗╨░╤Б╤Б ╤И╨░╨▒╨╗╨╛╨╜ ╤Д╤Г╨╜╨║╤Ж╨╕╨╕ "std::_Iterator_traits_base<_Iter,void>"
          with
          [
              _Iter=stdext::checked_array_iterator<fmt::v9::detail::bigint::bigit *>
          ]
  
C:\Program Files\Microsoft Visual Studio\18\Community\VC\Tools\MSVC\14.50.35717\include\__msvc_iter_core.hpp(476,31): warning C4996: 'stdext::checked_array_iterator<T *>::iterator_category': warning STL4043: stdext::checked_array_iterator, stdext::unchecked_array_iterator, and related factory functions are non-Standard extensions and will be removed in the future. std::span (since C++20) and gsl::span can be used instead. You can define _SILENCE_STDEXT_ARR_ITERS_DEPRECATION_WARNING or _SILENCE_ALL_MS_EXT_DEPRECATION_WARNINGS to suppress this warning. [C:\CLOUDPROJECT\CLOUDENGINE\build_test\CloudEngine.vcxproj]
C:\Program Files\Microsoft Visual Studio\18\Community\VC\Tools\MSVC\14.50.35717\include\__msvc_iter_core.hpp(476,31): warning C4996:         with [C:\CLOUDPROJECT\CLOUDENGINE\build_test\CloudEngine.vcxproj]
C:\Program Files\Microsoft Visual Studio\18\Community\VC\Tools\MSVC\14.50.35717\include\__msvc_iter_core.hpp(476,31): warning C4996:         [ [C:\CLOUDPROJECT\CLOUDENGINE\build_test\CloudEngine.vcxproj]
C:\Program Files\Microsoft Visual Studio\18\Community\VC\Tools\MSVC\14.50.35717\include\__msvc_iter_core.hpp(476,31): warning C4996:             T=fmt::v9::detail::bigint::bigit [C:\CLOUDPROJECT\CLOUDENGINE\build_test\CloudEngine.vcxproj]
C:\Program Files\Microsoft Visual Studio\18\Community\VC\Tools\MSVC\14.50.35717\include\__msvc_iter_core.hpp(476,31): warning C4996:         ] [C:\CLOUDPROJECT\CLOUDENGINE\build_test\CloudEngine.vcxproj]
  (╨║╨╛╨╝╨┐╨╕╨╗╤П╤Ж╨╕╤П ╨╕╤Б╤Е╨╛╨┤╨╜╨╛╨│╨╛ ╤Д╨░╨╣╨╗╨░ "../src/ecs/modules/network_module.cpp")
  
C:\Program Files\Microsoft Visual Studio\18\Community\VC\Tools\MSVC\14.50.35717\include\__msvc_iter_core.hpp(477,40): warning C4996: 'stdext::checked_array_iterator<T *>': warning STL4043: stdext::checked_array_iterator, stdext::unchecked_array_iterator, and related factory functions are non-Standard extensions and will be removed in the future. std::span (since C++20) and gsl::span can be used instead. You can define _SILENCE_STDEXT_ARR_ITERS_DEPRECATION_WARNING or _SILENCE_ALL_MS_EXT_DEPRECATION_WARNINGS to suppress this warning. [C:\CLOUDPROJECT\CLOUDENGINE\build_test\CloudEngine.vcxproj]
C:\Program Files\Microsoft Visual Studio\18\Community\VC\Tools\MSVC\14.50.35717\include\__msvc_iter_core.hpp(477,40): warning C4996:         with [C:\CLOUDPROJECT\CLOUDENGINE\build_test\CloudEngine.vcxproj]
C:\Program Files\Microsoft Visual Studio\18\Community\VC\Tools\MSVC\14.50.35717\include\__msvc_iter_core.hpp(477,40): warning C4996:         [ [C:\CLOUDPROJECT\CLOUDENGINE\build_test\CloudEngine.vcxproj]
C:\Program Files\Microsoft Visual Studio\18\Community\VC\Tools\MSVC\14.50.35717\include\__msvc_iter_core.hpp(477,40): warning C4996:             T=fmt::v9::detail::bigint::bigit [C:\CLOUDPROJECT\CLOUDENGINE\build_test\CloudEngine.vcxproj]
C:\Program Files\Microsoft Visual Studio\18\Community\VC\Tools\MSVC\14.50.35717\include\__msvc_iter_core.hpp(477,40): warning C4996:         ] [C:\CLOUDPROJECT\CLOUDENGINE\build_test\CloudEngine.vcxproj]
  (╨║╨╛╨╝╨┐╨╕╨╗╤П╤Ж╨╕╤П ╨╕╤Б╤Е╨╛╨┤╨╜╨╛╨│╨╛ ╤Д╨░╨╣╨╗╨░ "../src/ecs/modules/network_module.cpp")
      C:\Program Files\Microsoft Visual Studio\18\Community\VC\Tools\MSVC\14.50.35717\include\iterator(1501,35):
       ╤Б╨╝. ╨╛╨▒╤К╤П╨▓╨╗╨╡╨╜╨╕╨╡ "stdext::checked_array_iterator"
  
C:\Program Files\Microsoft Visual Studio\18\Community\VC\Tools\MSVC\14.50.35717\include\__msvc_iter_core.hpp(477,31): warning C4996: 'stdext::checked_array_iterator<T *>::value_type': warning STL4043: stdext::checked_array_iterator, stdext::unchecked_array_iterator, and related factory functions are non-Standard extensions and will be removed in the future. std::span (since C++20) and gsl::span can be used instead. You can define _SILENCE_STDEXT_ARR_ITERS_DEPRECATION_WARNING or _SILENCE_ALL_MS_EXT_DEPRECATION_WARNINGS to suppress this warning. [C:\CLOUDPROJECT\CLOUDENGINE\build_test\CloudEngine.vcxproj]
C:\Program Files\Microsoft Visual Studio\18\Community\VC\Tools\MSVC\14.50.35717\include\__msvc_iter_core.hpp(477,31): warning C4996:         with [C:\CLOUDPROJECT\CLOUDENGINE\build_test\CloudEngine.vcxproj]
C:\Program Files\Microsoft Visual Studio\18\Community\VC\Tools\MSVC\14.50.35717\include\__msvc_iter_core.hpp(477,31): warning C4996:         [ [C:\CLOUDPROJECT\CLOUDENGINE\build_test\CloudEngine.vcxproj]
C:\Program Files\Microsoft Visual Studio\18\Community\VC\Tools\MSVC\14.50.35717\include\__msvc_iter_core.hpp(477,31): warning C4996:             T=fmt::v9::detail::bigint::bigit [C:\CLOUDPROJECT\CLOUDENGINE\build_test\CloudEngine.vcxproj]
C:\Program Files\Microsoft Visual Studio\18\Community\VC\Tools\MSVC\14.50.35717\include\__msvc_iter_core.hpp(477,31): warning C4996:         ] [C:\CLOUDPROJECT\CLOUDENGINE\build_test\CloudEngine.vcxproj]
  (╨║╨╛╨╝╨┐╨╕╨╗╤П╤Ж╨╕╤П ╨╕╤Б╤Е╨╛╨┤╨╜╨╛╨│╨╛ ╤Д╨░╨╣╨╗╨░ "../src/ecs/modules/network_module.cpp")
  
C:\Program Files\Microsoft Visual Studio\18\Community\VC\Tools\MSVC\14.50.35717\include\__msvc_iter_core.hpp(478,40): warning C4996: 'stdext::checked_array_iterator<T *>': warning STL4043: stdext::checked_array_iterator, stdext::unchecked_array_iterator, and related factory functions are non-Standard extensions and will be removed in the future. std::span (since C++20) and gsl::span can be used instead. You can define _SILENCE_STDEXT_ARR_ITERS_DEPRECATION_WARNING or _SILENCE_ALL_MS_EXT_DEPRECATION_WARNINGS to suppress this warning. [C:\CLOUDPROJECT\CLOUDENGINE\build_test\CloudEngine.vcxproj]
C:\Program Files\Microsoft Visual Studio\18\Community\VC\Tools\MSVC\14.50.35717\include\__msvc_iter_core.hpp(478,40): warning C4996:         with [C:\CLOUDPROJECT\CLOUDENGINE\build_test\CloudEngine.vcxproj]
C:\Program Files\Microsoft Visual Studio\18\Community\VC\Tools\MSVC\14.50.35717\include\__msvc_iter_core.hpp(478,40): warning C4996:         [ [C:\CLOUDPROJECT\CLOUDENGINE\build_test\CloudEngine.vcxproj]
C:\Program Files\Microsoft Visual Studio\18\Community\VC\Tools\MSVC\14.50.35717\include\__msvc_iter_core.hpp(478,40): warning C4996:             T=fmt::v9::detail::bigint::bigit [C:\CLOUDPROJECT\CLOUDENGINE\build_test\CloudEngine.vcxproj]
C:\Program Files\Microsoft Visual Studio\18\Community\VC\Tools\MSVC\14.50.35717\include\__msvc_iter_core.hpp(478,40): warning C4996:         ] [C:\CLOUDPROJECT\CLOUDENGINE\build_test\CloudEngine.vcxproj]
  (╨║╨╛╨╝╨┐╨╕╨╗╤П╤Ж╨╕╤П ╨╕╤Б╤Е╨╛╨┤╨╜╨╛╨│╨╛ ╤Д╨░╨╣╨╗╨░ "../src/ecs/modules/network_module.cpp")
      C:\Program Files\Microsoft Visual Studio\18\Community\VC\Tools\MSVC\14.50.35717\include\iterator(1501,35):
       ╤Б╨╝. ╨╛╨▒╤К╤П╨▓╨╗╨╡╨╜╨╕╨╡ "stdext::checked_array_iterator"
  
C:\Program Files\Microsoft Visual Studio\18\Community\VC\Tools\MSVC\14.50.35717\include\__msvc_iter_core.hpp(478,31): warning C4996: 'stdext::checked_array_iterator<T *>::difference_type': warning STL4043: stdext::checked_array_iterator, stdext::unchecked_array_iterator, and related factory functions are non-Standard extensions and will be removed in the future. std::span (since C++20) and gsl::span can be used instead. You can define _SILENCE_STDEXT_ARR_ITERS_DEPRECATION_WARNING or _SILENCE_ALL_MS_EXT_DEPRECATION_WARNINGS to suppress this warning. [C:\CLOUDPROJECT\CLOUDENGINE\build_test\CloudEngine.vcxproj]
C:\Program Files\Microsoft Visual Studio\18\Community\VC\Tools\MSVC\14.50.35717\include\__msvc_iter_core.hpp(478,31): warning C4996:         with [C:\CLOUDPROJECT\CLOUDENGINE\build_test\CloudEngine.vcxproj]
C:\Program Files\Microsoft Visual Studio\18\Community\VC\Tools\MSVC\14.50.35717\include\__msvc_iter_core.hpp(478,31): warning C4996:         [ [C:\CLOUDPROJECT\CLOUDENGINE\build_test\CloudEngine.vcxproj]
C:\Program Files\Microsoft Visual Studio\18\Community\VC\Tools\MSVC\14.50.35717\include\__msvc_iter_core.hpp(478,31): warning C4996:             T=fmt::v9::detail::bigint::bigit [C:\CLOUDPROJECT\CLOUDENGINE\build_test\CloudEngine.vcxproj]
C:\Program Files\Microsoft Visual Studio\18\Community\VC\Tools\MSVC\14.50.35717\include\__msvc_iter_core.hpp(478,31): warning C4996:         ] [C:\CLOUDPROJECT\CLOUDENGINE\build_test\CloudEngine.vcxproj]
  (╨║╨╛╨╝╨┐╨╕╨╗╤П╤Ж╨╕╤П ╨╕╤Б╤Е╨╛╨┤╨╜╨╛╨│╨╛ ╤Д╨░╨╣╨╗╨░ "../src/ecs/modules/network_module.cpp")
  
C:\Program Files\Microsoft Visual Studio\18\Community\VC\Tools\MSVC\14.50.35717\include\__msvc_iter_core.hpp(479,40): warning C4996: 'stdext::checked_array_iterator<T *>': warning STL4043: stdext::checked_array_iterator, stdext::unchecked_array_iterator, and related factory functions are non-Standard extensions and will be removed in the future. std::span (since C++20) and gsl::span can be used instead. You can define _SILENCE_STDEXT_ARR_ITERS_DEPRECATION_WARNING or _SILENCE_ALL_MS_EXT_DEPRECATION_WARNINGS to suppress this warning. [C:\CLOUDPROJECT\CLOUDENGINE\build_test\CloudEngine.vcxproj]
C:\Program Files\Microsoft Visual Studio\18\Community\VC\Tools\MSVC\14.50.35717\include\__msvc_iter_core.hpp(479,40): warning C4996:         with [C:\CLOUDPROJECT\CLOUDENGINE\build_test\CloudEngine.vcxproj]
C:\Program Files\Microsoft Visual Studio\18\Community\VC\Tools\MSVC\14.50.35717\include\__msvc_iter_core.hpp(479,40): warning C4996:         [ [C:\CLOUDPROJECT\CLOUDENGINE\build_test\CloudEngine.vcxproj]
C:\Program Files\Microsoft Visual Studio\18\Community\VC\Tools\MSVC\14.50.35717\include\__msvc_iter_core.hpp(479,40): warning C4996:             T=fmt::v9::detail::bigint::bigit [C:\CLOUDPROJECT\CLOUDENGINE\build_test\CloudEngine.vcxproj]
C:\Program Files\Microsoft Visual Studio\18\Community\VC\Tools\MSVC\14.50.35717\include\__msvc_iter_core.hpp(479,40): warning C4996:         ] [C:\CLOUDPROJECT\CLOUDENGINE\build_test\CloudEngine.vcxproj]
  (╨║╨╛╨╝╨┐╨╕╨╗╤П╤Ж╨╕╤П ╨╕╤Б╤Е╨╛╨┤╨╜╨╛╨│╨╛ ╤Д╨░╨╣╨╗╨░ "../src/ecs/modules/network_module.cpp")
      C:\Program Files\Microsoft Visual Studio\18\Community\VC\Tools\MSVC\14.50.35717\include\iterator(1501,35):
       ╤Б╨╝. ╨╛╨▒╤К╤П╨▓╨╗╨╡╨╜╨╕╨╡ "stdext::checked_array_iterator"
  
C:\Program Files\Microsoft Visual Studio\18\Community\VC\Tools\MSVC\14.50.35717\include\__msvc_iter_core.hpp(479,31): warning C4996: 'stdext::checked_array_iterator<T *>::pointer': warning STL4043: stdext::checked_array_iterator, stdext::unchecked_array_iterator, and related factory functions are non-Standard extensions and will be removed in the future. std::span (since C++20) and gsl::span can be used instead. You can define _SILENCE_STDEXT_ARR_ITERS_DEPRECATION_WARNING or _SILENCE_ALL_MS_EXT_DEPRECATION_WARNINGS to suppress this warning. [C:\CLOUDPROJECT\CLOUDENGINE\build_test\CloudEngine.vcxproj]
C:\Program Files\Microsoft Visual Studio\18\Community\VC\Tools\MSVC\14.50.35717\include\__msvc_iter_core.hpp(479,31): warning C4996:         with [C:\CLOUDPROJECT\CLOUDENGINE\build_test\CloudEngine.vcxproj]
C:\Program Files\Microsoft Visual Studio\18\Community\VC\Tools\MSVC\14.50.35717\include\__msvc_iter_core.hpp(479,31): warning C4996:         [ [C:\CLOUDPROJECT\CLOUDENGINE\build_test\CloudEngine.vcxproj]
C:\Program Files\Microsoft Visual Studio\18\Community\VC\Tools\MSVC\14.50.35717\include\__msvc_iter_core.hpp(479,31): warning C4996:             T=fmt::v9::detail::bigint::bigit [C:\CLOUDPROJECT\CLOUDENGINE\build_test\CloudEngine.vcxproj]
C:\Program Files\Microsoft Visual Studio\18\Community\VC\Tools\MSVC\14.50.35717\include\__msvc_iter_core.hpp(479,31): warning C4996:         ] [C:\CLOUDPROJECT\CLOUDENGINE\build_test\CloudEngine.vcxproj]
  (╨║╨╛╨╝╨┐╨╕╨╗╤П╤Ж╨╕╤П ╨╕╤Б╤Е╨╛╨┤╨╜╨╛╨│╨╛ ╤Д╨░╨╣╨╗╨░ "../src/ecs/modules/network_module.cpp")
  
C:\Program Files\Microsoft Visual Studio\18\Community\VC\Tools\MSVC\14.50.35717\include\__msvc_iter_core.hpp(480,40): warning C4996: 'stdext::checked_array_iterator<T *>': warning STL4043: stdext::checked_array_iterator, stdext::unchecked_array_iterator, and related factory functions are non-Standard extensions and will be removed in the future. std::span (since C++20) and gsl::span can be used instead. You can define _SILENCE_STDEXT_ARR_ITERS_DEPRECATION_WARNING or _SILENCE_ALL_MS_EXT_DEPRECATION_WARNINGS to suppress this warning. [C:\CLOUDPROJECT\CLOUDENGINE\build_test\CloudEngine.vcxproj]
C:\Program Files\Microsoft Visual Studio\18\Community\VC\Tools\MSVC\14.50.35717\include\__msvc_iter_core.hpp(480,40): warning C4996:         with [C:\CLOUDPROJECT\CLOUDENGINE\build_test\CloudEngine.vcxproj]
C:\Program Files\Microsoft Visual Studio\18\Community\VC\Tools\MSVC\14.50.35717\include\__msvc_iter_core.hpp(480,40): warning C4996:         [ [C:\CLOUDPROJECT\CLOUDENGINE\build_test\CloudEngine.vcxproj]
C:\Program Files\Microsoft Visual Studio\18\Community\VC\Tools\MSVC\14.50.35717\include\__msvc_iter_core.hpp(480,40): warning C4996:             T=fmt::v9::detail::bigint::bigit [C:\CLOUDPROJECT\CLOUDENGINE\build_test\CloudEngine.vcxproj]
C:\Program Files\Microsoft Visual Studio\18\Community\VC\Tools\MSVC\14.50.35717\include\__msvc_iter_core.hpp(480,40): warning C4996:         ] [C:\CLOUDPROJECT\CLOUDENGINE\build_test\CloudEngine.vcxproj]
  (╨║╨╛╨╝╨┐╨╕╨╗╤П╤Ж╨╕╤П ╨╕╤Б╤Е╨╛╨┤╨╜╨╛╨│╨╛ ╤Д╨░╨╣╨╗╨░ "../src/ecs/modules/network_module.cpp")
      C:\Program Files\Microsoft Visual Studio\18\Community\VC\Tools\MSVC\14.50.35717\include\iterator(1501,35):
       ╤Б╨╝. ╨╛╨▒╤К╤П╨▓╨╗╨╡╨╜╨╕╨╡ "stdext::checked_array_iterator"
  
C:\Program Files\Microsoft Visual Studio\18\Community\VC\Tools\MSVC\14.50.35717\include\__msvc_iter_core.hpp(480,31): warning C4996: 'stdext::checked_array_iterator<T *>::reference': warning STL4043: stdext::checked_array_iterator, stdext::unchecked_array_iterator, and related factory functions are non-Standard extensions and will be removed in the future. std::span (since C++20) and gsl::span can be used instead. You can define _SILENCE_STDEXT_ARR_ITERS_DEPRECATION_WARNING or _SILENCE_ALL_MS_EXT_DEPRECATION_WARNINGS to suppress this warning. [C:\CLOUDPROJECT\CLOUDENGINE\build_test\CloudEngine.vcxproj]
C:\Program Files\Microsoft Visual Studio\18\Community\VC\Tools\MSVC\14.50.35717\include\__msvc_iter_core.hpp(480,31): warning C4996:         with [C:\CLOUDPROJECT\CLOUDENGINE\build_test\CloudEngine.vcxproj]
C:\Program Files\Microsoft Visual Studio\18\Community\VC\Tools\MSVC\14.50.35717\include\__msvc_iter_core.hpp(480,31): warning C4996:         [ [C:\CLOUDPROJECT\CLOUDENGINE\build_test\CloudEngine.vcxproj]
C:\Program Files\Microsoft Visual Studio\18\Community\VC\Tools\MSVC\14.50.35717\include\__msvc_iter_core.hpp(480,31): warning C4996:             T=fmt::v9::detail::bigint::bigit [C:\CLOUDPROJECT\CLOUDENGINE\build_test\CloudEngine.vcxproj]
C:\Program Files\Microsoft Visual Studio\18\Community\VC\Tools\MSVC\14.50.35717\include\__msvc_iter_core.hpp(480,31): warning C4996:         ] [C:\CLOUDPROJECT\CLOUDENGINE\build_test\CloudEngine.vcxproj]
  (╨║╨╛╨╝╨┐╨╕╨╗╤П╤Ж╨╕╤П ╨╕╤Б╤Е╨╛╨┤╨╜╨╛╨│╨╛ ╤Д╨░╨╣╨╗╨░ "../src/ecs/modules/network_module.cpp")
  
C:\Program Files\Microsoft Visual Studio\18\Community\VC\Tools\MSVC\14.50.35717\include\xutility(1523,13): warning C4996: 'stdext::checked_array_iterator<T *>::_Verify_offset': warning STL4043: stdext::checked_array_iterator, stdext::unchecked_array_iterator, and related factory functions are non-Standard extensions and will be removed in the future. std::span (since C++20) and gsl::span can be used instead. You can define _SILENCE_STDEXT_ARR_ITERS_DEPRECATION_WARNING or _SILENCE_ALL_MS_EXT_DEPRECATION_WARNINGS to suppress this warning. [C:\CLOUDPROJECT\CLOUDENGINE\build_test\CloudEngine.vcxproj]
C:\Program Files\Microsoft Visual Studio\18\Community\VC\Tools\MSVC\14.50.35717\include\xutility(1523,13): warning C4996:         with [C:\CLOUDPROJECT\CLOUDENGINE\build_test\CloudEngine.vcxproj]
C:\Program Files\Microsoft Visual Studio\18\Community\VC\Tools\MSVC\14.50.35717\include\xutility(1523,13): warning C4996:         [ [C:\CLOUDPROJECT\CLOUDENGINE\build_test\CloudEngine.vcxproj]
C:\Program Files\Microsoft Visual Studio\18\Community\VC\Tools\MSVC\14.50.35717\include\xutility(1523,13): warning C4996:             T=fmt::v9::detail::bigint::bigit [C:\CLOUDPROJECT\CLOUDENGINE\build_test\CloudEngine.vcxproj]
C:\Program Files\Microsoft Visual Studio\18\Community\VC\Tools\MSVC\14.50.35717\include\xutility(1523,13): warning C4996:         ] [C:\CLOUDPROJECT\CLOUDENGINE\build_test\CloudEngine.vcxproj]
  (╨║╨╛╨╝╨┐╨╕╨╗╤П╤Ж╨╕╤П ╨╕╤Б╤Е╨╛╨┤╨╜╨╛╨│╨╛ ╤Д╨░╨╣╨╗╨░ "../src/ecs/modules/network_module.cpp")
  
C:\Program Files\Microsoft Visual Studio\18\Community\VC\Tools\MSVC\14.50.35717\include\xutility(1524,42): warning C4996: 'stdext::checked_array_iterator<T *>::_Unwrapped': warning STL4043: stdext::checked_array_iterator, stdext::unchecked_array_iterator, and related factory functions are non-Standard extensions and will be removed in the future. std::span (since C++20) and gsl::span can be used instead. You can define _SILENCE_STDEXT_ARR_ITERS_DEPRECATION_WARNING or _SILENCE_ALL_MS_EXT_DEPRECATION_WARNINGS to suppress this warning. [C:\CLOUDPROJECT\CLOUDENGINE\build_test\CloudEngine.vcxproj]
C:\Program Files\Microsoft Visual Studio\18\Community\VC\Tools\MSVC\14.50.35717\include\xutility(1524,42): warning C4996:         with [C:\CLOUDPROJECT\CLOUDENGINE\build_test\CloudEngine.vcxproj]
C:\Program Files\Microsoft Visual Studio\18\Community\VC\Tools\MSVC\14.50.35717\include\xutility(1524,42): warning C4996:         [ [C:\CLOUDPROJECT\CLOUDENGINE\build_test\CloudEngine.vcxproj]
C:\Program Files\Microsoft Visual Studio\18\Community\VC\Tools\MSVC\14.50.35717\include\xutility(1524,42): warning C4996:             T=fmt::v9::detail::bigint::bigit [C:\CLOUDPROJECT\CLOUDENGINE\build_test\CloudEngine.vcxproj]
C:\Program Files\Microsoft Visual Studio\18\Community\VC\Tools\MSVC\14.50.35717\include\xutility(1524,42): warning C4996:         ] [C:\CLOUDPROJECT\CLOUDENGINE\build_test\CloudEngine.vcxproj]
  (╨║╨╛╨╝╨┐╨╕╨╗╤П╤Ж╨╕╤П ╨╕╤Б╤Е╨╛╨┤╨╜╨╛╨│╨╛ ╤Д╨░╨╣╨╗╨░ "../src/ecs/modules/network_module.cpp")
  
C:\Program Files\Microsoft Visual Studio\18\Community\VC\Tools\MSVC\14.50.35717\include\xutility(1545,13): warning C4996: 'stdext::checked_array_iterator<T *>::_Seek_to': warning STL4043: stdext::checked_array_iterator, stdext::unchecked_array_iterator, and related factory functions are non-Standard extensions and will be removed in the future. std::span (since C++20) and gsl::span can be used instead. You can define _SILENCE_STDEXT_ARR_ITERS_DEPRECATION_WARNING or _SILENCE_ALL_MS_EXT_DEPRECATION_WARNINGS to suppress this warning. [C:\CLOUDPROJECT\CLOUDENGINE\build_test\CloudEngine.vcxproj]
C:\Program Files\Microsoft Visual Studio\18\Community\VC\Tools\MSVC\14.50.35717\include\xutility(1545,13): warning C4996:         with [C:\CLOUDPROJECT\CLOUDENGINE\build_test\CloudEngine.vcxproj]
C:\Program Files\Microsoft Visual Studio\18\Community\VC\Tools\MSVC\14.50.35717\include\xutility(1545,13): warning C4996:         [ [C:\CLOUDPROJECT\CLOUDENGINE\build_test\CloudEngine.vcxproj]
C:\Program Files\Microsoft Visual Studio\18\Community\VC\Tools\MSVC\14.50.35717\include\xutility(1545,13): warning C4996:             T=fmt::v9::detail::bigint::bigit [C:\CLOUDPROJECT\CLOUDENGINE\build_test\CloudEngine.vcxproj]
C:\Program Files\Microsoft Visual Studio\18\Community\VC\Tools\MSVC\14.50.35717\include\xutility(1545,13): warning C4996:         ] [C:\CLOUDPROJECT\CLOUDENGINE\build_test\CloudEngine.vcxproj]
  (╨║╨╛╨╝╨┐╨╕╨╗╤П╤Ж╨╕╤П ╨╕╤Б╤Е╨╛╨┤╨╜╨╛╨│╨╛ ╤Д╨░╨╣╨╗╨░ "../src/ecs/modules/network_module.cpp")
      C:\Program Files\Microsoft Visual Studio\18\Community\VC\Tools\MSVC\14.50.35717\include\xutility(1545,13):
      ╨║╨╛╨╜╤В╨╡╨║╤Б╤В ╤Б╨╛╨╖╨┤╨░╨╜╨╕╤П ╤Н╨║╨╖╨╡╨╝╨┐╨╗╤П╤А╨░ ╤И╨░╨▒╨╗╨╛╨╜╨░ (╤Б╨╜╨░╤З╨░╨╗╨░ ╤Б╨░╨╝╤Л╨╣ ╤Б╤В╨░╤А╤Л╨╣)
          C:\CLOUDPROJECT\CLOUDENGINE\libs\spdlog\include\spdlog\fmt\bundled\format.h(2807,10):
          ╨▓╤Л╨┐╨╛╨╗╨╜╤П╨╡╤В╤Б╤П ╨║╨╛╨╝╨┐╨╕╨╗╤П╤Ж╨╕╤П ╤Б╤Б╤Л╨╗╨║╨╕ ╨╜╨░ ╤Н╨║╨╖╨╡╨╝╨┐╨╗╤П╤А ╤И╨░╨▒╨╗╨╛╨╜ ╤Д╤Г╨╜╨║╤Ж╨╕╨╕ "_OutIt std::copy<const T*,stdext::checked_array_iterator<T *>>(_InIt,_InIt,_OutIt)"
          with
          [
              _OutIt=stdext::checked_array_iterator<fmt::v9::detail::bigint::bigit *>,
              T=fmt::v9::detail::bigint::bigit,
              _InIt=const fmt::v9::detail::bigint::bigit *
          ]
          C:\Program Files\Microsoft Visual Studio\18\Community\VC\Tools\MSVC\14.50.35717\include\xutility(4976,10):
          ╨▓╤Л╨┐╨╛╨╗╨╜╤П╨╡╤В╤Б╤П ╨║╨╛╨╝╨┐╨╕╨╗╤П╤Ж╨╕╤П ╤Б╤Б╤Л╨╗╨║╨╕ ╨╜╨░ ╤Н╨║╨╖╨╡╨╝╨┐╨╗╤П╤А ╤И╨░╨▒╨╗╨╛╨╜ ╤Д╤Г╨╜╨║╤Ж╨╕╨╕ "void std::_Seek_wrapped<_OutIt,unsigned int*>(_Iter &,_UIter &&)"
          with
          [
              _OutIt=stdext::checked_array_iterator<fmt::v9::detail::bigint::bigit *>,
              _Iter=stdext::checked_array_iterator<fmt::v9::detail::bigint::bigit *>,
              _UIter=fmt::v9::detail::bigint::bigit *
          ]
  
C:\Program Files\Microsoft Visual Studio\18\Community\VC\Tools\MSVC\14.50.35717\include\xutility(1407,31): warning C4996: 'stdext::checked_array_iterator<T *>': warning STL4043: stdext::checked_array_iterator, stdext::unchecked_array_iterator, and related factory functions are non-Standard extensions and will be removed in the future. std::span (since C++20) and gsl::span can be used instead. You can define _SILENCE_STDEXT_ARR_ITERS_DEPRECATION_WARNING or _SILENCE_ALL_MS_EXT_DEPRECATION_WARNINGS to suppress this warning. [C:\CLOUDPROJECT\CLOUDENGINE\build_test\CloudEngine.vcxproj]
C:\Program Files\Microsoft Visual Studio\18\Community\VC\Tools\MSVC\14.50.35717\include\xutility(1407,31): warning C4996:         with [C:\CLOUDPROJECT\CLOUDENGINE\build_test\CloudEngine.vcxproj]
C:\Program Files\Microsoft Visual Studio\18\Community\VC\Tools\MSVC\14.50.35717\include\xutility(1407,31): warning C4996:         [ [C:\CLOUDPROJECT\CLOUDENGINE\build_test\CloudEngine.vcxproj]
C:\Program Files\Microsoft Visual Studio\18\Community\VC\Tools\MSVC\14.50.35717\include\xutility(1407,31): warning C4996:             T=char [C:\CLOUDPROJECT\CLOUDENGINE\build_test\CloudEngine.vcxproj]
C:\Program Files\Microsoft Visual Studio\18\Community\VC\Tools\MSVC\14.50.35717\include\xutility(1407,31): warning C4996:         ] [C:\CLOUDPROJECT\CLOUDENGINE\build_test\CloudEngine.vcxproj]
  (╨║╨╛╨╝╨┐╨╕╨╗╤П╤Ж╨╕╤П ╨╕╤Б╤Е╨╛╨┤╨╜╨╛╨│╨╛ ╤Д╨░╨╣╨╗╨░ "../src/ecs/modules/network_module.cpp")
      C:\Program Files\Microsoft Visual Studio\18\Community\VC\Tools\MSVC\14.50.35717\include\iterator(1501,35):
       ╤Б╨╝. ╨╛╨▒╤К╤П╨▓╨╗╨╡╨╜╨╕╨╡ "stdext::checked_array_iterator"
      C:\Program Files\Microsoft Visual Studio\18\Community\VC\Tools\MSVC\14.50.35717\include\xutility(1407,31):
      ╨║╨╛╨╜╤В╨╡╨║╤Б╤В ╤Б╨╛╨╖╨┤╨░╨╜╨╕╤П ╤Н╨║╨╖╨╡╨╝╨┐╨╗╤П╤А╨░ ╤И╨░╨▒╨╗╨╛╨╜╨░ (╤Б╨╜╨░╤З╨░╨╗╨░ ╤Б╨░╨╝╤Л╨╣ ╤Б╤В╨░╤А╤Л╨╣)
          C:\CLOUDPROJECT\CLOUDENGINE\libs\spdlog\include\spdlog\details\log_msg_buffer-inl.h(16,12):
          ╨▓╤Л╨┐╨╛╨╗╨╜╤П╨╡╤В╤Б╤П ╨║╨╛╨╝╨┐╨╕╨╗╤П╤Ж╨╕╤П ╤Б╤Б╤Л╨╗╨║╨╕ ╨╜╨░ ╤Н╨║╨╖╨╡╨╝╨┐╨╗╤П╤А ╤И╨░╨▒╨╗╨╛╨╜ ╤Д╤Г╨╜╨║╤Ж╨╕╨╕ "void fmt::v9::detail::buffer<char>::append<Char>(const U *,const U *)"
          with
          [
              Char=char,
              U=char
          ]
              C:\CLOUDPROJECT\CLOUDENGINE\libs\spdlog\include\spdlog\details\log_msg_buffer-inl.h(16,18):
              ╤Б╨╝. ╨┐╨╡╤А╨▓╤Г╤О ╤Б╤Б╤Л╨╗╨║╤Г ╨╜╨░ "fmt::v9::detail::buffer<char>::append" ╨▓ "spdlog::details::log_msg_buffer::log_msg_buffer"
          C:\CLOUDPROJECT\CLOUDENGINE\libs\spdlog\include\spdlog\fmt\bundled\format.h(778,10):
          ╨▓╤Л╨┐╨╛╨╗╨╜╤П╨╡╤В╤Б╤П ╨║╨╛╨╝╨┐╨╕╨╗╤П╤Ж╨╕╤П ╤Б╤Б╤Л╨╗╨║╨╕ ╨╜╨░ ╤Н╨║╨╖╨╡╨╝╨┐╨╗╤П╤А ╤И╨░╨▒╨╗╨╛╨╜ ╤Д╤Г╨╜╨║╤Ж╨╕╨╕ "_NoThrowFwdIt std::uninitialized_copy_n<const U*,unsigned __int64,stdext::checked_array_iterator<T *>>(const _InIt,const _Diff,_NoThrowFwdIt)"
          with
          [
              _NoThrowFwdIt=stdext::checked_array_iterator<char *>,
              U=char,
              T=char,
              _InIt=const char *,
              _Diff=unsigned __int64
          ]
          C:\Program Files\Microsoft Visual Studio\18\Community\VC\Tools\MSVC\14.50.35717\include\memory(144,25):
          ╨▓╤Л╨┐╨╛╨╗╨╜╤П╨╡╤В╤Б╤П ╨║╨╛╨╝╨┐╨╕╨╗╤П╤Ж╨╕╤П ╤Б╤Б╤Л╨╗╨║╨╕ ╨╜╨░ ╤Н╨║╨╖╨╡╨╝╨┐╨╗╤П╤А ╤И╨░╨▒╨╗╨╛╨╜ ╤Д╤Г╨╜╨║╤Ж╨╕╨╕ "decltype(auto) std::_Get_unwrapped_n<_NoThrowFwdIt&,unsigned __int64>(_Iter,const _Diff)"
          with
          [
              _NoThrowFwdIt=stdext::checked_array_iterator<char *>,
              _Iter=stdext::checked_array_iterator<char *> &,
              _Diff=unsigned __int64
          ]
          C:\Program Files\Microsoft Visual Studio\18\Community\VC\Tools\MSVC\14.50.35717\include\xutility(1512,26):
          ╨▓╤Л╨┐╨╛╨╗╨╜╤П╨╡╤В╤Б╤П ╨║╨╛╨╝╨┐╨╕╨╗╤П╤Ж╨╕╤П ╤Б╤Б╤Л╨╗╨║╨╕ ╨╜╨░ ╤И╨░╨▒╨╗╨╛╨╜ ╨┐╨╡╤А╨╡╨╝╨╡╨╜╨╜╨╛╨╣ "const bool _Unwrappable_for_offset_v<stdext::checked_array_iterator<char *> &>"
          C:\Program Files\Microsoft Visual Studio\18\Community\VC\Tools\MSVC\14.50.35717\include\xutility(1506,44):
          ╨▓╤Л╨┐╨╛╨╗╨╜╤П╨╡╤В╤Б╤П ╨║╨╛╨╝╨┐╨╕╨╗╤П╤Ж╨╕╤П ╤Б╤Б╤Л╨╗╨║╨╕ ╨╜╨░ ╤И╨░╨▒╨╗╨╛╨╜ ╨┐╨╡╤А╨╡╨╝╨╡╨╜╨╜╨╛╨╣ "const bool _Unwrappable_v<stdext::checked_array_iterator<char *> &,void>"
          C:\Program Files\Microsoft Visual Studio\18\Community\VC\Tools\MSVC\14.50.35717\include\xutility(1435,5):
          ╨▓╤Л╨┐╨╛╨╗╨╜╤П╨╡╤В╤Б╤П ╨║╨╛╨╝╨┐╨╕╨╗╤П╤Ж╨╕╤П ╤Б╤Б╤Л╨╗╨║╨╕ ╨╜╨░ ╤И╨░╨▒╨╗╨╛╨╜ ╨┐╨╡╤А╨╡╨╝╨╡╨╜╨╜╨╛╨╣ "const bool _Allow_inheriting_unwrap_v<stdext::checked_array_iterator<char *>,void>"
  
C:\Program Files\Microsoft Visual Studio\18\Community\VC\Tools\MSVC\14.50.35717\include\xutility(1407,22): warning C4996: 'stdext::checked_array_iterator<T *>::_Prevent_inheriting_unwrap': warning STL4043: stdext::checked_array_iterator, stdext::unchecked_array_iterator, and related factory functions are non-Standard extensions and will be removed in the future. std::span (since C++20) and gsl::span can be used instead. You can define _SILENCE_STDEXT_ARR_ITERS_DEPRECATION_WARNING or _SILENCE_ALL_MS_EXT_DEPRECATION_WARNINGS to suppress this warning. [C:\CLOUDPROJECT\CLOUDENGINE\build_test\CloudEngine.vcxproj]
C:\Program Files\Microsoft Visual Studio\18\Community\VC\Tools\MSVC\14.50.35717\include\xutility(1407,22): warning C4996:         with [C:\CLOUDPROJECT\CLOUDENGINE\build_test\CloudEngine.vcxproj]
C:\Program Files\Microsoft Visual Studio\18\Community\VC\Tools\MSVC\14.50.35717\include\xutility(1407,22): warning C4996:         [ [C:\CLOUDPROJECT\CLOUDENGINE\build_test\CloudEngine.vcxproj]
C:\Program Files\Microsoft Visual Studio\18\Community\VC\Tools\MSVC\14.50.35717\include\xutility(1407,22): warning C4996:             T=char [C:\CLOUDPROJECT\CLOUDENGINE\build_test\CloudEngine.vcxproj]
C:\Program Files\Microsoft Visual Studio\18\Community\VC\Tools\MSVC\14.50.35717\include\xutility(1407,22): warning C4996:         ] [C:\CLOUDPROJECT\CLOUDENGINE\build_test\CloudEngine.vcxproj]
  (╨║╨╛╨╝╨┐╨╕╨╗╤П╤Ж╨╕╤П ╨╕╤Б╤Е╨╛╨┤╨╜╨╛╨│╨╛ ╤Д╨░╨╣╨╗╨░ "../src/ecs/modules/network_module.cpp")
  
C:\Program Files\Microsoft Visual Studio\18\Community\VC\Tools\MSVC\14.50.35717\include\__msvc_iter_core.hpp(476,40): warning C4996: 'stdext::checked_array_iterator<T *>': warning STL4043: stdext::checked_array_iterator, stdext::unchecked_array_iterator, and related factory functions are non-Standard extensions and will be removed in the future. std::span (since C++20) and gsl::span can be used instead. You can define _SILENCE_STDEXT_ARR_ITERS_DEPRECATION_WARNING or _SILENCE_ALL_MS_EXT_DEPRECATION_WARNINGS to suppress this warning. [C:\CLOUDPROJECT\CLOUDENGINE\build_test\CloudEngine.vcxproj]
C:\Program Files\Microsoft Visual Studio\18\Community\VC\Tools\MSVC\14.50.35717\include\__msvc_iter_core.hpp(476,40): warning C4996:         with [C:\CLOUDPROJECT\CLOUDENGINE\build_test\CloudEngine.vcxproj]
C:\Program Files\Microsoft Visual Studio\18\Community\VC\Tools\MSVC\14.50.35717\include\__msvc_iter_core.hpp(476,40): warning C4996:         [ [C:\CLOUDPROJECT\CLOUDENGINE\build_test\CloudEngine.vcxproj]
C:\Program Files\Microsoft Visual Studio\18\Community\VC\Tools\MSVC\14.50.35717\include\__msvc_iter_core.hpp(476,40): warning C4996:             T=char [C:\CLOUDPROJECT\CLOUDENGINE\build_test\CloudEngine.vcxproj]
C:\Program Files\Microsoft Visual Studio\18\Community\VC\Tools\MSVC\14.50.35717\include\__msvc_iter_core.hpp(476,40): warning C4996:         ] [C:\CLOUDPROJECT\CLOUDENGINE\build_test\CloudEngine.vcxproj]
  (╨║╨╛╨╝╨┐╨╕╨╗╤П╤Ж╨╕╤П ╨╕╤Б╤Е╨╛╨┤╨╜╨╛╨│╨╛ ╤Д╨░╨╣╨╗╨░ "../src/ecs/modules/network_module.cpp")
      C:\Program Files\Microsoft Visual Studio\18\Community\VC\Tools\MSVC\14.50.35717\include\iterator(1501,35):
       ╤Б╨╝. ╨╛╨▒╤К╤П╨▓╨╗╨╡╨╜╨╕╨╡ "stdext::checked_array_iterator"
      C:\Program Files\Microsoft Visual Studio\18\Community\VC\Tools\MSVC\14.50.35717\include\__msvc_iter_core.hpp(476,40):
      ╨║╨╛╨╜╤В╨╡╨║╤Б╤В ╤Б╨╛╨╖╨┤╨░╨╜╨╕╤П ╤Н╨║╨╖╨╡╨╝╨┐╨╗╤П╤А╨░ ╤И╨░╨▒╨╗╨╛╨╜╨░ (╤Б╨╜╨░╤З╨░╨╗╨░ ╤Б╨░╨╝╤Л╨╣ ╤Б╤В╨░╤А╤Л╨╣)
          C:\Program Files\Microsoft Visual Studio\18\Community\VC\Tools\MSVC\14.50.35717\include\xutility(1502,93):
          ╨▓╤Л╨┐╨╛╨╗╨╜╤П╨╡╤В╤Б╤П ╨║╨╛╨╝╨┐╨╕╨╗╤П╤Ж╨╕╤П ╤Б╤Б╤Л╨╗╨║╨╕ ╨╜╨░ ╤Н╨║╨╖╨╡╨╝╨┐╨╗╤П╤А ╨┐╤Б╨╡╨▓╨┤╨╛╨╜╨╕╨╝ ╤И╨░╨▒╨╗╨╛╨╜ ╤Д╤Г╨╜╨║╤Ж╨╕╨╕ "std::_Iter_diff_t<_Iter>"
          with
          [
              _Iter=stdext::checked_array_iterator<char *>
          ]
          C:\Program Files\Microsoft Visual Studio\18\Community\VC\Tools\MSVC\14.50.35717\include\xutility(1311,55):
          ╨▓╤Л╨┐╨╛╨╗╨╜╤П╨╡╤В╤Б╤П ╨║╨╛╨╝╨┐╨╕╨╗╤П╤Ж╨╕╤П ╤Б╤Б╤Л╨╗╨║╨╕ ╨╜╨░ ╤Н╨║╨╖╨╡╨╝╨┐╨╗╤П╤А ╨║╨╗╨░╤Б╤Б ╤И╨░╨▒╨╗╨╛╨╜ ╤Д╤Г╨╜╨║╤Ж╨╕╨╕ "std::iterator_traits<_Iter>"
          with
          [
              _Iter=stdext::checked_array_iterator<char *>
          ]
          C:\Program Files\Microsoft Visual Studio\18\Community\VC\Tools\MSVC\14.50.35717\include\__msvc_iter_core.hpp(496,26):
          ╨▓╤Л╨┐╨╛╨╗╨╜╤П╨╡╤В╤Б╤П ╨║╨╛╨╝╨┐╨╕╨╗╤П╤Ж╨╕╤П ╤Б╤Б╤Л╨╗╨║╨╕ ╨╜╨░ ╤Н╨║╨╖╨╡╨╝╨┐╨╗╤П╤А ╨║╨╗╨░╤Б╤Б ╤И╨░╨▒╨╗╨╛╨╜ ╤Д╤Г╨╜╨║╤Ж╨╕╨╕ "std::_Iterator_traits_base<_Iter,void>"
          with
          [
              _Iter=stdext::checked_array_iterator<char *>
          ]
  
C:\Program Files\Microsoft Visual Studio\18\Community\VC\Tools\MSVC\14.50.35717\include\__msvc_iter_core.hpp(476,31): warning C4996: 'stdext::checked_array_iterator<T *>::iterator_category': warning STL4043: stdext::checked_array_iterator, stdext::unchecked_array_iterator, and related factory functions are non-Standard extensions and will be removed in the future. std::span (since C++20) and gsl::span can be used instead. You can define _SILENCE_STDEXT_ARR_ITERS_DEPRECATION_WARNING or _SILENCE_ALL_MS_EXT_DEPRECATION_WARNINGS to suppress this warning. [C:\CLOUDPROJECT\CLOUDENGINE\build_test\CloudEngine.vcxproj]
C:\Program Files\Microsoft Visual Studio\18\Community\VC\Tools\MSVC\14.50.35717\include\__msvc_iter_core.hpp(476,31): warning C4996:         with [C:\CLOUDPROJECT\CLOUDENGINE\build_test\CloudEngine.vcxproj]
C:\Program Files\Microsoft Visual Studio\18\Community\VC\Tools\MSVC\14.50.35717\include\__msvc_iter_core.hpp(476,31): warning C4996:         [ [C:\CLOUDPROJECT\CLOUDENGINE\build_test\CloudEngine.vcxproj]
C:\Program Files\Microsoft Visual Studio\18\Community\VC\Tools\MSVC\14.50.35717\include\__msvc_iter_core.hpp(476,31): warning C4996:             T=char [C:\CLOUDPROJECT\CLOUDENGINE\build_test\CloudEngine.vcxproj]
C:\Program Files\Microsoft Visual Studio\18\Community\VC\Tools\MSVC\14.50.35717\include\__msvc_iter_core.hpp(476,31): warning C4996:         ] [C:\CLOUDPROJECT\CLOUDENGINE\build_test\CloudEngine.vcxproj]
  (╨║╨╛╨╝╨┐╨╕╨╗╤П╤Ж╨╕╤П ╨╕╤Б╤Е╨╛╨┤╨╜╨╛╨│╨╛ ╤Д╨░╨╣╨╗╨░ "../src/ecs/modules/network_module.cpp")
  
C:\Program Files\Microsoft Visual Studio\18\Community\VC\Tools\MSVC\14.50.35717\include\__msvc_iter_core.hpp(477,40): warning C4996: 'stdext::checked_array_iterator<T *>': warning STL4043: stdext::checked_array_iterator, stdext::unchecked_array_iterator, and related factory functions are non-Standard extensions and will be removed in the future. std::span (since C++20) and gsl::span can be used instead. You can define _SILENCE_STDEXT_ARR_ITERS_DEPRECATION_WARNING or _SILENCE_ALL_MS_EXT_DEPRECATION_WARNINGS to suppress this warning. [C:\CLOUDPROJECT\CLOUDENGINE\build_test\CloudEngine.vcxproj]
C:\Program Files\Microsoft Visual Studio\18\Community\VC\Tools\MSVC\14.50.35717\include\__msvc_iter_core.hpp(477,40): warning C4996:         with [C:\CLOUDPROJECT\CLOUDENGINE\build_test\CloudEngine.vcxproj]
C:\Program Files\Microsoft Visual Studio\18\Community\VC\Tools\MSVC\14.50.35717\include\__msvc_iter_core.hpp(477,40): warning C4996:         [ [C:\CLOUDPROJECT\CLOUDENGINE\build_test\CloudEngine.vcxproj]
C:\Program Files\Microsoft Visual Studio\18\Community\VC\Tools\MSVC\14.50.35717\include\__msvc_iter_core.hpp(477,40): warning C4996:             T=char [C:\CLOUDPROJECT\CLOUDENGINE\build_test\CloudEngine.vcxproj]
C:\Program Files\Microsoft Visual Studio\18\Community\VC\Tools\MSVC\14.50.35717\include\__msvc_iter_core.hpp(477,40): warning C4996:         ] [C:\CLOUDPROJECT\CLOUDENGINE\build_test\CloudEngine.vcxproj]
  (╨║╨╛╨╝╨┐╨╕╨╗╤П╤Ж╨╕╤П ╨╕╤Б╤Е╨╛╨┤╨╜╨╛╨│╨╛ ╤Д╨░╨╣╨╗╨░ "../src/ecs/modules/network_module.cpp")
      C:\Program Files\Microsoft Visual Studio\18\Community\VC\Tools\MSVC\14.50.35717\include\iterator(1501,35):
       ╤Б╨╝. ╨╛╨▒╤К╤П╨▓╨╗╨╡╨╜╨╕╨╡ "stdext::checked_array_iterator"
  
C:\Program Files\Microsoft Visual Studio\18\Community\VC\Tools\MSVC\14.50.35717\include\__msvc_iter_core.hpp(477,31): warning C4996: 'stdext::checked_array_iterator<T *>::value_type': warning STL4043: stdext::checked_array_iterator, stdext::unchecked_array_iterator, and related factory functions are non-Standard extensions and will be removed in the future. std::span (since C++20) and gsl::span can be used instead. You can define _SILENCE_STDEXT_ARR_ITERS_DEPRECATION_WARNING or _SILENCE_ALL_MS_EXT_DEPRECATION_WARNINGS to suppress this warning. [C:\CLOUDPROJECT\CLOUDENGINE\build_test\CloudEngine.vcxproj]
C:\Program Files\Microsoft Visual Studio\18\Community\VC\Tools\MSVC\14.50.35717\include\__msvc_iter_core.hpp(477,31): warning C4996:         with [C:\CLOUDPROJECT\CLOUDENGINE\build_test\CloudEngine.vcxproj]
C:\Program Files\Microsoft Visual Studio\18\Community\VC\Tools\MSVC\14.50.35717\include\__msvc_iter_core.hpp(477,31): warning C4996:         [ [C:\CLOUDPROJECT\CLOUDENGINE\build_test\CloudEngine.vcxproj]
C:\Program Files\Microsoft Visual Studio\18\Community\VC\Tools\MSVC\14.50.35717\include\__msvc_iter_core.hpp(477,31): warning C4996:             T=char [C:\CLOUDPROJECT\CLOUDENGINE\build_test\CloudEngine.vcxproj]
C:\Program Files\Microsoft Visual Studio\18\Community\VC\Tools\MSVC\14.50.35717\include\__msvc_iter_core.hpp(477,31): warning C4996:         ] [C:\CLOUDPROJECT\CLOUDENGINE\build_test\CloudEngine.vcxproj]
  (╨║╨╛╨╝╨┐╨╕╨╗╤П╤Ж╨╕╤П ╨╕╤Б╤Е╨╛╨┤╨╜╨╛╨│╨╛ ╤Д╨░╨╣╨╗╨░ "../src/ecs/modules/network_module.cpp")
  
C:\Program Files\Microsoft Visual Studio\18\Community\VC\Tools\MSVC\14.50.35717\include\__msvc_iter_core.hpp(478,40): warning C4996: 'stdext::checked_array_iterator<T *>': warning STL4043: stdext::checked_array_iterator, stdext::unchecked_array_iterator, and related factory functions are non-Standard extensions and will be removed in the future. std::span (since C++20) and gsl::span can be used instead. You can define _SILENCE_STDEXT_ARR_ITERS_DEPRECATION_WARNING or _SILENCE_ALL_MS_EXT_DEPRECATION_WARNINGS to suppress this warning. [C:\CLOUDPROJECT\CLOUDENGINE\build_test\CloudEngine.vcxproj]
C:\Program Files\Microsoft Visual Studio\18\Community\VC\Tools\MSVC\14.50.35717\include\__msvc_iter_core.hpp(478,40): warning C4996:         with [C:\CLOUDPROJECT\CLOUDENGINE\build_test\CloudEngine.vcxproj]
C:\Program Files\Microsoft Visual Studio\18\Community\VC\Tools\MSVC\14.50.35717\include\__msvc_iter_core.hpp(478,40): warning C4996:         [ [C:\CLOUDPROJECT\CLOUDENGINE\build_test\CloudEngine.vcxproj]
C:\Program Files\Microsoft Visual Studio\18\Community\VC\Tools\MSVC\14.50.35717\include\__msvc_iter_core.hpp(478,40): warning C4996:             T=char [C:\CLOUDPROJECT\CLOUDENGINE\build_test\CloudEngine.vcxproj]
C:\Program Files\Microsoft Visual Studio\18\Community\VC\Tools\MSVC\14.50.35717\include\__msvc_iter_core.hpp(478,40): warning C4996:         ] [C:\CLOUDPROJECT\CLOUDENGINE\build_test\CloudEngine.vcxproj]
  (╨║╨╛╨╝╨┐╨╕╨╗╤П╤Ж╨╕╤П ╨╕╤Б╤Е╨╛╨┤╨╜╨╛╨│╨╛ ╤Д╨░╨╣╨╗╨░ "../src/ecs/modules/network_module.cpp")
      C:\Program Files\Microsoft Visual Studio\18\Community\VC\Tools\MSVC\14.50.35717\include\iterator(1501,35):
       ╤Б╨╝. ╨╛╨▒╤К╤П╨▓╨╗╨╡╨╜╨╕╨╡ "stdext::checked_array_iterator"
  
C:\Program Files\Microsoft Visual Studio\18\Community\VC\Tools\MSVC\14.50.35717\include\__msvc_iter_core.hpp(478,31): warning C4996: 'stdext::checked_array_iterator<T *>::difference_type': warning STL4043: stdext::checked_array_iterator, stdext::unchecked_array_iterator, and related factory functions are non-Standard extensions and will be removed in the future. std::span (since C++20) and gsl::span can be used instead. You can define _SILENCE_STDEXT_ARR_ITERS_DEPRECATION_WARNING or _SILENCE_ALL_MS_EXT_DEPRECATION_WARNINGS to suppress this warning. [C:\CLOUDPROJECT\CLOUDENGINE\build_test\CloudEngine.vcxproj]
C:\Program Files\Microsoft Visual Studio\18\Community\VC\Tools\MSVC\14.50.35717\include\__msvc_iter_core.hpp(478,31): warning C4996:         with [C:\CLOUDPROJECT\CLOUDENGINE\build_test\CloudEngine.vcxproj]
C:\Program Files\Microsoft Visual Studio\18\Community\VC\Tools\MSVC\14.50.35717\include\__msvc_iter_core.hpp(478,31): warning C4996:         [ [C:\CLOUDPROJECT\CLOUDENGINE\build_test\CloudEngine.vcxproj]
C:\Program Files\Microsoft Visual Studio\18\Community\VC\Tools\MSVC\14.50.35717\include\__msvc_iter_core.hpp(478,31): warning C4996:             T=char [C:\CLOUDPROJECT\CLOUDENGINE\build_test\CloudEngine.vcxproj]
C:\Program Files\Microsoft Visual Studio\18\Community\VC\Tools\MSVC\14.50.35717\include\__msvc_iter_core.hpp(478,31): warning C4996:         ] [C:\CLOUDPROJECT\CLOUDENGINE\build_test\CloudEngine.vcxproj]
  (╨║╨╛╨╝╨┐╨╕╨╗╤П╤Ж╨╕╤П ╨╕╤Б╤Е╨╛╨┤╨╜╨╛╨│╨╛ ╤Д╨░╨╣╨╗╨░ "../src/ecs/modules/network_module.cpp")
  
C:\Program Files\Microsoft Visual Studio\18\Community\VC\Tools\MSVC\14.50.35717\include\__msvc_iter_core.hpp(479,40): warning C4996: 'stdext::checked_array_iterator<T *>': warning STL4043: stdext::checked_array_iterator, stdext::unchecked_array_iterator, and related factory functions are non-Standard extensions and will be removed in the future. std::span (since C++20) and gsl::span can be used instead. You can define _SILENCE_STDEXT_ARR_ITERS_DEPRECATION_WARNING or _SILENCE_ALL_MS_EXT_DEPRECATION_WARNINGS to suppress this warning. [C:\CLOUDPROJECT\CLOUDENGINE\build_test\CloudEngine.vcxproj]
C:\Program Files\Microsoft Visual Studio\18\Community\VC\Tools\MSVC\14.50.35717\include\__msvc_iter_core.hpp(479,40): warning C4996:         with [C:\CLOUDPROJECT\CLOUDENGINE\build_test\CloudEngine.vcxproj]
C:\Program Files\Microsoft Visual Studio\18\Community\VC\Tools\MSVC\14.50.35717\include\__msvc_iter_core.hpp(479,40): warning C4996:         [ [C:\CLOUDPROJECT\CLOUDENGINE\build_test\CloudEngine.vcxproj]
C:\Program Files\Microsoft Visual Studio\18\Community\VC\Tools\MSVC\14.50.35717\include\__msvc_iter_core.hpp(479,40): warning C4996:             T=char [C:\CLOUDPROJECT\CLOUDENGINE\build_test\CloudEngine.vcxproj]
C:\Program Files\Microsoft Visual Studio\18\Community\VC\Tools\MSVC\14.50.35717\include\__msvc_iter_core.hpp(479,40): warning C4996:         ] [C:\CLOUDPROJECT\CLOUDENGINE\build_test\CloudEngine.vcxproj]
  (╨║╨╛╨╝╨┐╨╕╨╗╤П╤Ж╨╕╤П ╨╕╤Б╤Е╨╛╨┤╨╜╨╛╨│╨╛ ╤Д╨░╨╣╨╗╨░ "../src/ecs/modules/network_module.cpp")
      C:\Program Files\Microsoft Visual Studio\18\Community\VC\Tools\MSVC\14.50.35717\include\iterator(1501,35):
       ╤Б╨╝. ╨╛╨▒╤К╤П╨▓╨╗╨╡╨╜╨╕╨╡ "stdext::checked_array_iterator"
  
C:\Program Files\Microsoft Visual Studio\18\Community\VC\Tools\MSVC\14.50.35717\include\__msvc_iter_core.hpp(479,31): warning C4996: 'stdext::checked_array_iterator<T *>::pointer': warning STL4043: stdext::checked_array_iterator, stdext::unchecked_array_iterator, and related factory functions are non-Standard extensions and will be removed in the future. std::span (since C++20) and gsl::span can be used instead. You can define _SILENCE_STDEXT_ARR_ITERS_DEPRECATION_WARNING or _SILENCE_ALL_MS_EXT_DEPRECATION_WARNINGS to suppress this warning. [C:\CLOUDPROJECT\CLOUDENGINE\build_test\CloudEngine.vcxproj]
C:\Program Files\Microsoft Visual Studio\18\Community\VC\Tools\MSVC\14.50.35717\include\__msvc_iter_core.hpp(479,31): warning C4996:         with [C:\CLOUDPROJECT\CLOUDENGINE\build_test\CloudEngine.vcxproj]
C:\Program Files\Microsoft Visual Studio\18\Community\VC\Tools\MSVC\14.50.35717\include\__msvc_iter_core.hpp(479,31): warning C4996:         [ [C:\CLOUDPROJECT\CLOUDENGINE\build_test\CloudEngine.vcxproj]
C:\Program Files\Microsoft Visual Studio\18\Community\VC\Tools\MSVC\14.50.35717\include\__msvc_iter_core.hpp(479,31): warning C4996:             T=char [C:\CLOUDPROJECT\CLOUDENGINE\build_test\CloudEngine.vcxproj]
C:\Program Files\Microsoft Visual Studio\18\Community\VC\Tools\MSVC\14.50.35717\include\__msvc_iter_core.hpp(479,31): warning C4996:         ] [C:\CLOUDPROJECT\CLOUDENGINE\build_test\CloudEngine.vcxproj]
  (╨║╨╛╨╝╨┐╨╕╨╗╤П╤Ж╨╕╤П ╨╕╤Б╤Е╨╛╨┤╨╜╨╛╨│╨╛ ╤Д╨░╨╣╨╗╨░ "../src/ecs/modules/network_module.cpp")
  
C:\Program Files\Microsoft Visual Studio\18\Community\VC\Tools\MSVC\14.50.35717\include\__msvc_iter_core.hpp(480,40): warning C4996: 'stdext::checked_array_iterator<T *>': warning STL4043: stdext::checked_array_iterator, stdext::unchecked_array_iterator, and related factory functions are non-Standard extensions and will be removed in the future. std::span (since C++20) and gsl::span can be used instead. You can define _SILENCE_STDEXT_ARR_ITERS_DEPRECATION_WARNING or _SILENCE_ALL_MS_EXT_DEPRECATION_WARNINGS to suppress this warning. [C:\CLOUDPROJECT\CLOUDENGINE\build_test\CloudEngine.vcxproj]
C:\Program Files\Microsoft Visual Studio\18\Community\VC\Tools\MSVC\14.50.35717\include\__msvc_iter_core.hpp(480,40): warning C4996:         with [C:\CLOUDPROJECT\CLOUDENGINE\build_test\CloudEngine.vcxproj]
C:\Program Files\Microsoft Visual Studio\18\Community\VC\Tools\MSVC\14.50.35717\include\__msvc_iter_core.hpp(480,40): warning C4996:         [ [C:\CLOUDPROJECT\CLOUDENGINE\build_test\CloudEngine.vcxproj]
C:\Program Files\Microsoft Visual Studio\18\Community\VC\Tools\MSVC\14.50.35717\include\__msvc_iter_core.hpp(480,40): warning C4996:             T=char [C:\CLOUDPROJECT\CLOUDENGINE\build_test\CloudEngine.vcxproj]
C:\Program Files\Microsoft Visual Studio\18\Community\VC\Tools\MSVC\14.50.35717\include\__msvc_iter_core.hpp(480,40): warning C4996:         ] [C:\CLOUDPROJECT\CLOUDENGINE\build_test\CloudEngine.vcxproj]
  (╨║╨╛╨╝╨┐╨╕╨╗╤П╤Ж╨╕╤П ╨╕╤Б╤Е╨╛╨┤╨╜╨╛╨│╨╛ ╤Д╨░╨╣╨╗╨░ "../src/ecs/modules/network_module.cpp")
      C:\Program Files\Microsoft Visual Studio\18\Community\VC\Tools\MSVC\14.50.35717\include\iterator(1501,35):
       ╤Б╨╝. ╨╛╨▒╤К╤П╨▓╨╗╨╡╨╜╨╕╨╡ "stdext::checked_array_iterator"
  
C:\Program Files\Microsoft Visual Studio\18\Community\VC\Tools\MSVC\14.50.35717\include\__msvc_iter_core.hpp(480,31): warning C4996: 'stdext::checked_array_iterator<T *>::reference': warning STL4043: stdext::checked_array_iterator, stdext::unchecked_array_iterator, and related factory functions are non-Standard extensions and will be removed in the future. std::span (since C++20) and gsl::span can be used instead. You can define _SILENCE_STDEXT_ARR_ITERS_DEPRECATION_WARNING or _SILENCE_ALL_MS_EXT_DEPRECATION_WARNINGS to suppress this warning. [C:\CLOUDPROJECT\CLOUDENGINE\build_test\CloudEngine.vcxproj]
C:\Program Files\Microsoft Visual Studio\18\Community\VC\Tools\MSVC\14.50.35717\include\__msvc_iter_core.hpp(480,31): warning C4996:         with [C:\CLOUDPROJECT\CLOUDENGINE\build_test\CloudEngine.vcxproj]
C:\Program Files\Microsoft Visual Studio\18\Community\VC\Tools\MSVC\14.50.35717\include\__msvc_iter_core.hpp(480,31): warning C4996:         [ [C:\CLOUDPROJECT\CLOUDENGINE\build_test\CloudEngine.vcxproj]
C:\Program Files\Microsoft Visual Studio\18\Community\VC\Tools\MSVC\14.50.35717\include\__msvc_iter_core.hpp(480,31): warning C4996:             T=char [C:\CLOUDPROJECT\CLOUDENGINE\build_test\CloudEngine.vcxproj]
C:\Program Files\Microsoft Visual Studio\18\Community\VC\Tools\MSVC\14.50.35717\include\__msvc_iter_core.hpp(480,31): warning C4996:         ] [C:\CLOUDPROJECT\CLOUDENGINE\build_test\CloudEngine.vcxproj]
  (╨║╨╛╨╝╨┐╨╕╨╗╤П╤Ж╨╕╤П ╨╕╤Б╤Е╨╛╨┤╨╜╨╛╨│╨╛ ╤Д╨░╨╣╨╗╨░ "../src/ecs/modules/network_module.cpp")
  
C:\Program Files\Microsoft Visual Studio\18\Community\VC\Tools\MSVC\14.50.35717\include\xutility(1523,13): warning C4996: 'stdext::checked_array_iterator<T *>::_Verify_offset': warning STL4043: stdext::checked_array_iterator, stdext::unchecked_array_iterator, and related factory functions are non-Standard extensions and will be removed in the future. std::span (since C++20) and gsl::span can be used instead. You can define _SILENCE_STDEXT_ARR_ITERS_DEPRECATION_WARNING or _SILENCE_ALL_MS_EXT_DEPRECATION_WARNINGS to suppress this warning. [C:\CLOUDPROJECT\CLOUDENGINE\build_test\CloudEngine.vcxproj]
C:\Program Files\Microsoft Visual Studio\18\Community\VC\Tools\MSVC\14.50.35717\include\xutility(1523,13): warning C4996:         with [C:\CLOUDPROJECT\CLOUDENGINE\build_test\CloudEngine.vcxproj]
C:\Program Files\Microsoft Visual Studio\18\Community\VC\Tools\MSVC\14.50.35717\include\xutility(1523,13): warning C4996:         [ [C:\CLOUDPROJECT\CLOUDENGINE\build_test\CloudEngine.vcxproj]
C:\Program Files\Microsoft Visual Studio\18\Community\VC\Tools\MSVC\14.50.35717\include\xutility(1523,13): warning C4996:             T=char [C:\CLOUDPROJECT\CLOUDENGINE\build_test\CloudEngine.vcxproj]
C:\Program Files\Microsoft Visual Studio\18\Community\VC\Tools\MSVC\14.50.35717\include\xutility(1523,13): warning C4996:         ] [C:\CLOUDPROJECT\CLOUDENGINE\build_test\CloudEngine.vcxproj]
  (╨║╨╛╨╝╨┐╨╕╨╗╤П╤Ж╨╕╤П ╨╕╤Б╤Е╨╛╨┤╨╜╨╛╨│╨╛ ╤Д╨░╨╣╨╗╨░ "../src/ecs/modules/network_module.cpp")
  
C:\Program Files\Microsoft Visual Studio\18\Community\VC\Tools\MSVC\14.50.35717\include\xutility(1524,42): warning C4996: 'stdext::checked_array_iterator<T *>::_Unwrapped': warning STL4043: stdext::checked_array_iterator, stdext::unchecked_array_iterator, and related factory functions are non-Standard extensions and will be removed in the future. std::span (since C++20) and gsl::span can be used instead. You can define _SILENCE_STDEXT_ARR_ITERS_DEPRECATION_WARNING or _SILENCE_ALL_MS_EXT_DEPRECATION_WARNINGS to suppress this warning. [C:\CLOUDPROJECT\CLOUDENGINE\build_test\CloudEngine.vcxproj]
C:\Program Files\Microsoft Visual Studio\18\Community\VC\Tools\MSVC\14.50.35717\include\xutility(1524,42): warning C4996:         with [C:\CLOUDPROJECT\CLOUDENGINE\build_test\CloudEngine.vcxproj]
C:\Program Files\Microsoft Visual Studio\18\Community\VC\Tools\MSVC\14.50.35717\include\xutility(1524,42): warning C4996:         [ [C:\CLOUDPROJECT\CLOUDENGINE\build_test\CloudEngine.vcxproj]
C:\Program Files\Microsoft Visual Studio\18\Community\VC\Tools\MSVC\14.50.35717\include\xutility(1524,42): warning C4996:             T=char [C:\CLOUDPROJECT\CLOUDENGINE\build_test\CloudEngine.vcxproj]
C:\Program Files\Microsoft Visual Studio\18\Community\VC\Tools\MSVC\14.50.35717\include\xutility(1524,42): warning C4996:         ] [C:\CLOUDPROJECT\CLOUDENGINE\build_test\CloudEngine.vcxproj]
  (╨║╨╛╨╝╨┐╨╕╨╗╤П╤Ж╨╕╤П ╨╕╤Б╤Е╨╛╨┤╨╜╨╛╨│╨╛ ╤Д╨░╨╣╨╗╨░ "../src/ecs/modules/network_module.cpp")
  
C:\Program Files\Microsoft Visual Studio\18\Community\VC\Tools\MSVC\14.50.35717\include\xutility(1407,31): warning C4996: 'stdext::checked_array_iterator<T *>': warning STL4043: stdext::checked_array_iterator, stdext::unchecked_array_iterator, and related factory functions are non-Standard extensions and will be removed in the future. std::span (since C++20) and gsl::span can be used instead. You can define _SILENCE_STDEXT_ARR_ITERS_DEPRECATION_WARNING or _SILENCE_ALL_MS_EXT_DEPRECATION_WARNINGS to suppress this warning. [C:\CLOUDPROJECT\CLOUDENGINE\build_test\CloudEngine.vcxproj]
C:\Program Files\Microsoft Visual Studio\18\Community\VC\Tools\MSVC\14.50.35717\include\xutility(1407,31): warning C4996:         with [C:\CLOUDPROJECT\CLOUDENGINE\build_test\CloudEngine.vcxproj]
C:\Program Files\Microsoft Visual Studio\18\Community\VC\Tools\MSVC\14.50.35717\include\xutility(1407,31): warning C4996:         [ [C:\CLOUDPROJECT\CLOUDENGINE\build_test\CloudEngine.vcxproj]
C:\Program Files\Microsoft Visual Studio\18\Community\VC\Tools\MSVC\14.50.35717\include\xutility(1407,31): warning C4996:             T=wchar_t [C:\CLOUDPROJECT\CLOUDENGINE\build_test\CloudEngine.vcxproj]
C:\Program Files\Microsoft Visual Studio\18\Community\VC\Tools\MSVC\14.50.35717\include\xutility(1407,31): warning C4996:         ] [C:\CLOUDPROJECT\CLOUDENGINE\build_test\CloudEngine.vcxproj]
  (╨║╨╛╨╝╨┐╨╕╨╗╤П╤Ж╨╕╤П ╨╕╤Б╤Е╨╛╨┤╨╜╨╛╨│╨╛ ╤Д╨░╨╣╨╗╨░ "../src/ecs/modules/network_module.cpp")
      C:\Program Files\Microsoft Visual Studio\18\Community\VC\Tools\MSVC\14.50.35717\include\iterator(1501,35):
       ╤Б╨╝. ╨╛╨▒╤К╤П╨▓╨╗╨╡╨╜╨╕╨╡ "stdext::checked_array_iterator"
      C:\Program Files\Microsoft Visual Studio\18\Community\VC\Tools\MSVC\14.50.35717\include\xutility(1407,31):
      ╨║╨╛╨╜╤В╨╡╨║╤Б╤В ╤Б╨╛╨╖╨┤╨░╨╜╨╕╤П ╤Н╨║╨╖╨╡╨╝╨┐╨╗╤П╤А╨░ ╤И╨░╨▒╨╗╨╛╨╜╨░ (╤Б╨╜╨░╤З╨░╨╗╨░ ╤Б╨░╨╝╤Л╨╣ ╤Б╤В╨░╤А╤Л╨╣)
          C:\CLOUDPROJECT\CLOUDENGINE\libs\spdlog\include\spdlog\fmt\bundled\format.h(1276,32):
          ╨▓╤Л╨┐╨╛╨╗╨╜╤П╨╡╤В╤Б╤П ╨║╨╛╨╝╨┐╨╕╨╗╤П╤Ж╨╕╤П ╤Б╤Б╤Л╨╗╨║╨╕ ╨╜╨░ ╤Н╨║╨╖╨╡╨╝╨┐╨╗╤П╤А ╨║╨╗╨░╤Б╤Б ╤И╨░╨▒╨╗╨╛╨╜ ╤Д╤Г╨╜╨║╤Ж╨╕╨╕ "fmt::v9::basic_memory_buffer<wchar_t,500,std::allocator<wchar_t>>"
          C:\CLOUDPROJECT\CLOUDENGINE\libs\spdlog\include\spdlog\fmt\bundled\format.h(912,18):
          ╨▓╨╛ ╨▓╤А╨╡╨╝╤П ╨║╨╛╨╝╨┐╨╕╨╗╤П╤Ж╨╕╨╕ ╤Д╤Г╨╜╨║╤Ж╨╕╨╕-╤З╨╗╨╡╨╜╨░ ╨║╨╗╨░╤Б╤Б ╤И╨░╨▒╨╗╨╛╨╜ "void fmt::v9::basic_memory_buffer<wchar_t,500,std::allocator<wchar_t>>::grow(size_t)"
          C:\CLOUDPROJECT\CLOUDENGINE\libs\spdlog\include\spdlog\fmt\bundled\format.h(925,8):
          ╨▓╤Л╨┐╨╛╨╗╨╜╤П╨╡╤В╤Б╤П ╨║╨╛╨╝╨┐╨╕╨╗╤П╤Ж╨╕╤П ╤Б╤Б╤Л╨╗╨║╨╕ ╨╜╨░ ╤Н╨║╨╖╨╡╨╝╨┐╨╗╤П╤А ╤И╨░╨▒╨╗╨╛╨╜ ╤Д╤Г╨╜╨║╤Ж╨╕╨╕ "_NoThrowFwdIt std::uninitialized_copy<T*,stdext::checked_array_iterator<T *>>(const _InIt,const _InIt,_NoThrowFwdIt)"
          with
          [
              _NoThrowFwdIt=stdext::checked_array_iterator<wchar_t *>,
              T=wchar_t,
              _InIt=wchar_t *
          ]
          C:\Program Files\Microsoft Visual Studio\18\Community\VC\Tools\MSVC\14.50.35717\include\xmemory(1990,30):
          ╨▓╤Л╨┐╨╛╨╗╨╜╤П╨╡╤В╤Б╤П ╨║╨╛╨╝╨┐╨╕╨╗╤П╤Ж╨╕╤П ╤Б╤Б╤Л╨╗╨║╨╕ ╨╜╨░ ╤Н╨║╨╖╨╡╨╝╨┐╨╗╤П╤А ╤И╨░╨▒╨╗╨╛╨╜ ╤Д╤Г╨╜╨║╤Ж╨╕╨╕ "decltype(auto) std::_Get_unwrapped_n<_NoThrowFwdIt&,__int64>(_Iter,const _Diff)"
          with
          [
              _NoThrowFwdIt=stdext::checked_array_iterator<wchar_t *>,
              _Iter=stdext::checked_array_iterator<wchar_t *> &,
              _Diff=__int64
          ]
          C:\Program Files\Microsoft Visual Studio\18\Community\VC\Tools\MSVC\14.50.35717\include\xutility(1512,26):
          ╨▓╤Л╨┐╨╛╨╗╨╜╤П╨╡╤В╤Б╤П ╨║╨╛╨╝╨┐╨╕╨╗╤П╤Ж╨╕╤П ╤Б╤Б╤Л╨╗╨║╨╕ ╨╜╨░ ╤И╨░╨▒╨╗╨╛╨╜ ╨┐╨╡╤А╨╡╨╝╨╡╨╜╨╜╨╛╨╣ "const bool _Unwrappable_for_offset_v<stdext::checked_array_iterator<wchar_t *> &>"
          C:\Program Files\Microsoft Visual Studio\18\Community\VC\Tools\MSVC\14.50.35717\include\xutility(1506,44):
          ╨▓╤Л╨┐╨╛╨╗╨╜╤П╨╡╤В╤Б╤П ╨║╨╛╨╝╨┐╨╕╨╗╤П╤Ж╨╕╤П ╤Б╤Б╤Л╨╗╨║╨╕ ╨╜╨░ ╤И╨░╨▒╨╗╨╛╨╜ ╨┐╨╡╤А╨╡╨╝╨╡╨╜╨╜╨╛╨╣ "const bool _Unwrappable_v<stdext::checked_array_iterator<wchar_t *> &,void>"
          C:\Program Files\Microsoft Visual Studio\18\Community\VC\Tools\MSVC\14.50.35717\include\xutility(1435,5):
          ╨▓╤Л╨┐╨╛╨╗╨╜╤П╨╡╤В╤Б╤П ╨║╨╛╨╝╨┐╨╕╨╗╤П╤Ж╨╕╤П ╤Б╤Б╤Л╨╗╨║╨╕ ╨╜╨░ ╤И╨░╨▒╨╗╨╛╨╜ ╨┐╨╡╤А╨╡╨╝╨╡╨╜╨╜╨╛╨╣ "const bool _Allow_inheriting_unwrap_v<stdext::checked_array_iterator<wchar_t *>,void>"
  
C:\Program Files\Microsoft Visual Studio\18\Community\VC\Tools\MSVC\14.50.35717\include\xutility(1407,22): warning C4996: 'stdext::checked_array_iterator<T *>::_Prevent_inheriting_unwrap': warning STL4043: stdext::checked_array_iterator, stdext::unchecked_array_iterator, and related factory functions are non-Standard extensions and will be removed in the future. std::span (since C++20) and gsl::span can be used instead. You can define _SILENCE_STDEXT_ARR_ITERS_DEPRECATION_WARNING or _SILENCE_ALL_MS_EXT_DEPRECATION_WARNINGS to suppress this warning. [C:\CLOUDPROJECT\CLOUDENGINE\build_test\CloudEngine.vcxproj]
C:\Program Files\Microsoft Visual Studio\18\Community\VC\Tools\MSVC\14.50.35717\include\xutility(1407,22): warning C4996:         with [C:\CLOUDPROJECT\CLOUDENGINE\build_test\CloudEngine.vcxproj]
C:\Program Files\Microsoft Visual Studio\18\Community\VC\Tools\MSVC\14.50.35717\include\xutility(1407,22): warning C4996:         [ [C:\CLOUDPROJECT\CLOUDENGINE\build_test\CloudEngine.vcxproj]
C:\Program Files\Microsoft Visual Studio\18\Community\VC\Tools\MSVC\14.50.35717\include\xutility(1407,22): warning C4996:             T=wchar_t [C:\CLOUDPROJECT\CLOUDENGINE\build_test\CloudEngine.vcxproj]
C:\Program Files\Microsoft Visual Studio\18\Community\VC\Tools\MSVC\14.50.35717\include\xutility(1407,22): warning C4996:         ] [C:\CLOUDPROJECT\CLOUDENGINE\build_test\CloudEngine.vcxproj]
  (╨║╨╛╨╝╨┐╨╕╨╗╤П╤Ж╨╕╤П ╨╕╤Б╤Е╨╛╨┤╨╜╨╛╨│╨╛ ╤Д╨░╨╣╨╗╨░ "../src/ecs/modules/network_module.cpp")
  
C:\Program Files\Microsoft Visual Studio\18\Community\VC\Tools\MSVC\14.50.35717\include\__msvc_iter_core.hpp(476,40): warning C4996: 'stdext::checked_array_iterator<T *>': warning STL4043: stdext::checked_array_iterator, stdext::unchecked_array_iterator, and related factory functions are non-Standard extensions and will be removed in the future. std::span (since C++20) and gsl::span can be used instead. You can define _SILENCE_STDEXT_ARR_ITERS_DEPRECATION_WARNING or _SILENCE_ALL_MS_EXT_DEPRECATION_WARNINGS to suppress this warning. [C:\CLOUDPROJECT\CLOUDENGINE\build_test\CloudEngine.vcxproj]
C:\Program Files\Microsoft Visual Studio\18\Community\VC\Tools\MSVC\14.50.35717\include\__msvc_iter_core.hpp(476,40): warning C4996:         with [C:\CLOUDPROJECT\CLOUDENGINE\build_test\CloudEngine.vcxproj]
C:\Program Files\Microsoft Visual Studio\18\Community\VC\Tools\MSVC\14.50.35717\include\__msvc_iter_core.hpp(476,40): warning C4996:         [ [C:\CLOUDPROJECT\CLOUDENGINE\build_test\CloudEngine.vcxproj]
C:\Program Files\Microsoft Visual Studio\18\Community\VC\Tools\MSVC\14.50.35717\include\__msvc_iter_core.hpp(476,40): warning C4996:             T=wchar_t [C:\CLOUDPROJECT\CLOUDENGINE\build_test\CloudEngine.vcxproj]
C:\Program Files\Microsoft Visual Studio\18\Community\VC\Tools\MSVC\14.50.35717\include\__msvc_iter_core.hpp(476,40): warning C4996:         ] [C:\CLOUDPROJECT\CLOUDENGINE\build_test\CloudEngine.vcxproj]
  (╨║╨╛╨╝╨┐╨╕╨╗╤П╤Ж╨╕╤П ╨╕╤Б╤Е╨╛╨┤╨╜╨╛╨│╨╛ ╤Д╨░╨╣╨╗╨░ "../src/ecs/modules/network_module.cpp")
      C:\Program Files\Microsoft Visual Studio\18\Community\VC\Tools\MSVC\14.50.35717\include\iterator(1501,35):
       ╤Б╨╝. ╨╛╨▒╤К╤П╨▓╨╗╨╡╨╜╨╕╨╡ "stdext::checked_array_iterator"
      C:\Program Files\Microsoft Visual Studio\18\Community\VC\Tools\MSVC\14.50.35717\include\__msvc_iter_core.hpp(476,40):
      ╨║╨╛╨╜╤В╨╡╨║╤Б╤В ╤Б╨╛╨╖╨┤╨░╨╜╨╕╤П ╤Н╨║╨╖╨╡╨╝╨┐╨╗╤П╤А╨░ ╤И╨░╨▒╨╗╨╛╨╜╨░ (╤Б╨╜╨░╤З╨░╨╗╨░ ╤Б╨░╨╝╤Л╨╣ ╤Б╤В╨░╤А╤Л╨╣)
          C:\Program Files\Microsoft Visual Studio\18\Community\VC\Tools\MSVC\14.50.35717\include\xutility(1502,93):
          ╨▓╤Л╨┐╨╛╨╗╨╜╤П╨╡╤В╤Б╤П ╨║╨╛╨╝╨┐╨╕╨╗╤П╤Ж╨╕╤П ╤Б╤Б╤Л╨╗╨║╨╕ ╨╜╨░ ╤Н╨║╨╖╨╡╨╝╨┐╨╗╤П╤А ╨┐╤Б╨╡╨▓╨┤╨╛╨╜╨╕╨╝ ╤И╨░╨▒╨╗╨╛╨╜ ╤Д╤Г╨╜╨║╤Ж╨╕╨╕ "std::_Iter_diff_t<_Iter>"
          with
          [
              _Iter=stdext::checked_array_iterator<wchar_t *>
          ]
          C:\Program Files\Microsoft Visual Studio\18\Community\VC\Tools\MSVC\14.50.35717\include\xutility(1311,55):
          ╨▓╤Л╨┐╨╛╨╗╨╜╤П╨╡╤В╤Б╤П ╨║╨╛╨╝╨┐╨╕╨╗╤П╤Ж╨╕╤П ╤Б╤Б╤Л╨╗╨║╨╕ ╨╜╨░ ╤Н╨║╨╖╨╡╨╝╨┐╨╗╤П╤А ╨║╨╗╨░╤Б╤Б ╤И╨░╨▒╨╗╨╛╨╜ ╤Д╤Г╨╜╨║╤Ж╨╕╨╕ "std::iterator_traits<_Iter>"
          with
          [
              _Iter=stdext::checked_array_iterator<wchar_t *>
          ]
          C:\Program Files\Microsoft Visual Studio\18\Community\VC\Tools\MSVC\14.50.35717\include\__msvc_iter_core.hpp(496,26):
          ╨▓╤Л╨┐╨╛╨╗╨╜╤П╨╡╤В╤Б╤П ╨║╨╛╨╝╨┐╨╕╨╗╤П╤Ж╨╕╤П ╤Б╤Б╤Л╨╗╨║╨╕ ╨╜╨░ ╤Н╨║╨╖╨╡╨╝╨┐╨╗╤П╤А ╨║╨╗╨░╤Б╤Б ╤И╨░╨▒╨╗╨╛╨╜ ╤Д╤Г╨╜╨║╤Ж╨╕╨╕ "std::_Iterator_traits_base<_Iter,void>"
          with
          [
              _Iter=stdext::checked_array_iterator<wchar_t *>
          ]
  
C:\Program Files\Microsoft Visual Studio\18\Community\VC\Tools\MSVC\14.50.35717\include\__msvc_iter_core.hpp(476,31): warning C4996: 'stdext::checked_array_iterator<T *>::iterator_category': warning STL4043: stdext::checked_array_iterator, stdext::unchecked_array_iterator, and related factory functions are non-Standard extensions and will be removed in the future. std::span (since C++20) and gsl::span can be used instead. You can define _SILENCE_STDEXT_ARR_ITERS_DEPRECATION_WARNING or _SILENCE_ALL_MS_EXT_DEPRECATION_WARNINGS to suppress this warning. [C:\CLOUDPROJECT\CLOUDENGINE\build_test\CloudEngine.vcxproj]
C:\Program Files\Microsoft Visual Studio\18\Community\VC\Tools\MSVC\14.50.35717\include\__msvc_iter_core.hpp(476,31): warning C4996:         with [C:\CLOUDPROJECT\CLOUDENGINE\build_test\CloudEngine.vcxproj]
C:\Program Files\Microsoft Visual Studio\18\Community\VC\Tools\MSVC\14.50.35717\include\__msvc_iter_core.hpp(476,31): warning C4996:         [ [C:\CLOUDPROJECT\CLOUDENGINE\build_test\CloudEngine.vcxproj]
C:\Program Files\Microsoft Visual Studio\18\Community\VC\Tools\MSVC\14.50.35717\include\__msvc_iter_core.hpp(476,31): warning C4996:             T=wchar_t [C:\CLOUDPROJECT\CLOUDENGINE\build_test\CloudEngine.vcxproj]
C:\Program Files\Microsoft Visual Studio\18\Community\VC\Tools\MSVC\14.50.35717\include\__msvc_iter_core.hpp(476,31): warning C4996:         ] [C:\CLOUDPROJECT\CLOUDENGINE\build_test\CloudEngine.vcxproj]
  (╨║╨╛╨╝╨┐╨╕╨╗╤П╤Ж╨╕╤П ╨╕╤Б╤Е╨╛╨┤╨╜╨╛╨│╨╛ ╤Д╨░╨╣╨╗╨░ "../src/ecs/modules/network_module.cpp")
  
C:\Program Files\Microsoft Visual Studio\18\Community\VC\Tools\MSVC\14.50.35717\include\__msvc_iter_core.hpp(477,40): warning C4996: 'stdext::checked_array_iterator<T *>': warning STL4043: stdext::checked_array_iterator, stdext::unchecked_array_iterator, and related factory functions are non-Standard extensions and will be removed in the future. std::span (since C++20) and gsl::span can be used instead. You can define _SILENCE_STDEXT_ARR_ITERS_DEPRECATION_WARNING or _SILENCE_ALL_MS_EXT_DEPRECATION_WARNINGS to suppress this warning. [C:\CLOUDPROJECT\CLOUDENGINE\build_test\CloudEngine.vcxproj]
C:\Program Files\Microsoft Visual Studio\18\Community\VC\Tools\MSVC\14.50.35717\include\__msvc_iter_core.hpp(477,40): warning C4996:         with [C:\CLOUDPROJECT\CLOUDENGINE\build_test\CloudEngine.vcxproj]
C:\Program Files\Microsoft Visual Studio\18\Community\VC\Tools\MSVC\14.50.35717\include\__msvc_iter_core.hpp(477,40): warning C4996:         [ [C:\CLOUDPROJECT\CLOUDENGINE\build_test\CloudEngine.vcxproj]
C:\Program Files\Microsoft Visual Studio\18\Community\VC\Tools\MSVC\14.50.35717\include\__msvc_iter_core.hpp(477,40): warning C4996:             T=wchar_t [C:\CLOUDPROJECT\CLOUDENGINE\build_test\CloudEngine.vcxproj]
C:\Program Files\Microsoft Visual Studio\18\Community\VC\Tools\MSVC\14.50.35717\include\__msvc_iter_core.hpp(477,40): warning C4996:         ] [C:\CLOUDPROJECT\CLOUDENGINE\build_test\CloudEngine.vcxproj]
  (╨║╨╛╨╝╨┐╨╕╨╗╤П╤Ж╨╕╤П ╨╕╤Б╤Е╨╛╨┤╨╜╨╛╨│╨╛ ╤Д╨░╨╣╨╗╨░ "../src/ecs/modules/network_module.cpp")
      C:\Program Files\Microsoft Visual Studio\18\Community\VC\Tools\MSVC\14.50.35717\include\iterator(1501,35):
       ╤Б╨╝. ╨╛╨▒╤К╤П╨▓╨╗╨╡╨╜╨╕╨╡ "stdext::checked_array_iterator"
  
C:\Program Files\Microsoft Visual Studio\18\Community\VC\Tools\MSVC\14.50.35717\include\__msvc_iter_core.hpp(477,31): warning C4996: 'stdext::checked_array_iterator<T *>::value_type': warning STL4043: stdext::checked_array_iterator, stdext::unchecked_array_iterator, and related factory functions are non-Standard extensions and will be removed in the future. std::span (since C++20) and gsl::span can be used instead. You can define _SILENCE_STDEXT_ARR_ITERS_DEPRECATION_WARNING or _SILENCE_ALL_MS_EXT_DEPRECATION_WARNINGS to suppress this warning. [C:\CLOUDPROJECT\CLOUDENGINE\build_test\CloudEngine.vcxproj]
C:\Program Files\Microsoft Visual Studio\18\Community\VC\Tools\MSVC\14.50.35717\include\__msvc_iter_core.hpp(477,31): warning C4996:         with [C:\CLOUDPROJECT\CLOUDENGINE\build_test\CloudEngine.vcxproj]
C:\Program Files\Microsoft Visual Studio\18\Community\VC\Tools\MSVC\14.50.35717\include\__msvc_iter_core.hpp(477,31): warning C4996:         [ [C:\CLOUDPROJECT\CLOUDENGINE\build_test\CloudEngine.vcxproj]
C:\Program Files\Microsoft Visual Studio\18\Community\VC\Tools\MSVC\14.50.35717\include\__msvc_iter_core.hpp(477,31): warning C4996:             T=wchar_t [C:\CLOUDPROJECT\CLOUDENGINE\build_test\CloudEngine.vcxproj]
C:\Program Files\Microsoft Visual Studio\18\Community\VC\Tools\MSVC\14.50.35717\include\__msvc_iter_core.hpp(477,31): warning C4996:         ] [C:\CLOUDPROJECT\CLOUDENGINE\build_test\CloudEngine.vcxproj]
  (╨║╨╛╨╝╨┐╨╕╨╗╤П╤Ж╨╕╤П ╨╕╤Б╤Е╨╛╨┤╨╜╨╛╨│╨╛ ╤Д╨░╨╣╨╗╨░ "../src/ecs/modules/network_module.cpp")
  
C:\Program Files\Microsoft Visual Studio\18\Community\VC\Tools\MSVC\14.50.35717\include\__msvc_iter_core.hpp(478,40): warning C4996: 'stdext::checked_array_iterator<T *>': warning STL4043: stdext::checked_array_iterator, stdext::unchecked_array_iterator, and related factory functions are non-Standard extensions and will be removed in the future. std::span (since C++20) and gsl::span can be used instead. You can define _SILENCE_STDEXT_ARR_ITERS_DEPRECATION_WARNING or _SILENCE_ALL_MS_EXT_DEPRECATION_WARNINGS to suppress this warning. [C:\CLOUDPROJECT\CLOUDENGINE\build_test\CloudEngine.vcxproj]
C:\Program Files\Microsoft Visual Studio\18\Community\VC\Tools\MSVC\14.50.35717\include\__msvc_iter_core.hpp(478,40): warning C4996:         with [C:\CLOUDPROJECT\CLOUDENGINE\build_test\CloudEngine.vcxproj]
C:\Program Files\Microsoft Visual Studio\18\Community\VC\Tools\MSVC\14.50.35717\include\__msvc_iter_core.hpp(478,40): warning C4996:         [ [C:\CLOUDPROJECT\CLOUDENGINE\build_test\CloudEngine.vcxproj]
C:\Program Files\Microsoft Visual Studio\18\Community\VC\Tools\MSVC\14.50.35717\include\__msvc_iter_core.hpp(478,40): warning C4996:             T=wchar_t [C:\CLOUDPROJECT\CLOUDENGINE\build_test\CloudEngine.vcxproj]
C:\Program Files\Microsoft Visual Studio\18\Community\VC\Tools\MSVC\14.50.35717\include\__msvc_iter_core.hpp(478,40): warning C4996:         ] [C:\CLOUDPROJECT\CLOUDENGINE\build_test\CloudEngine.vcxproj]
  (╨║╨╛╨╝╨┐╨╕╨╗╤П╤Ж╨╕╤П ╨╕╤Б╤Е╨╛╨┤╨╜╨╛╨│╨╛ ╤Д╨░╨╣╨╗╨░ "../src/ecs/modules/network_module.cpp")
      C:\Program Files\Microsoft Visual Studio\18\Community\VC\Tools\MSVC\14.50.35717\include\iterator(1501,35):
       ╤Б╨╝. ╨╛╨▒╤К╤П╨▓╨╗╨╡╨╜╨╕╨╡ "stdext::checked_array_iterator"
  
C:\Program Files\Microsoft Visual Studio\18\Community\VC\Tools\MSVC\14.50.35717\include\__msvc_iter_core.hpp(478,31): warning C4996: 'stdext::checked_array_iterator<T *>::difference_type': warning STL4043: stdext::checked_array_iterator, stdext::unchecked_array_iterator, and related factory functions are non-Standard extensions and will be removed in the future. std::span (since C++20) and gsl::span can be used instead. You can define _SILENCE_STDEXT_ARR_ITERS_DEPRECATION_WARNING or _SILENCE_ALL_MS_EXT_DEPRECATION_WARNINGS to suppress this warning. [C:\CLOUDPROJECT\CLOUDENGINE\build_test\CloudEngine.vcxproj]
C:\Program Files\Microsoft Visual Studio\18\Community\VC\Tools\MSVC\14.50.35717\include\__msvc_iter_core.hpp(478,31): warning C4996:         with [C:\CLOUDPROJECT\CLOUDENGINE\build_test\CloudEngine.vcxproj]
C:\Program Files\Microsoft Visual Studio\18\Community\VC\Tools\MSVC\14.50.35717\include\__msvc_iter_core.hpp(478,31): warning C4996:         [ [C:\CLOUDPROJECT\CLOUDENGINE\build_test\CloudEngine.vcxproj]
C:\Program Files\Microsoft Visual Studio\18\Community\VC\Tools\MSVC\14.50.35717\include\__msvc_iter_core.hpp(478,31): warning C4996:             T=wchar_t [C:\CLOUDPROJECT\CLOUDENGINE\build_test\CloudEngine.vcxproj]
C:\Program Files\Microsoft Visual Studio\18\Community\VC\Tools\MSVC\14.50.35717\include\__msvc_iter_core.hpp(478,31): warning C4996:         ] [C:\CLOUDPROJECT\CLOUDENGINE\build_test\CloudEngine.vcxproj]
  (╨║╨╛╨╝╨┐╨╕╨╗╤П╤Ж╨╕╤П ╨╕╤Б╤Е╨╛╨┤╨╜╨╛╨│╨╛ ╤Д╨░╨╣╨╗╨░ "../src/ecs/modules/network_module.cpp")
  
C:\Program Files\Microsoft Visual Studio\18\Community\VC\Tools\MSVC\14.50.35717\include\__msvc_iter_core.hpp(479,40): warning C4996: 'stdext::checked_array_iterator<T *>': warning STL4043: stdext::checked_array_iterator, stdext::unchecked_array_iterator, and related factory functions are non-Standard extensions and will be removed in the future. std::span (since C++20) and gsl::span can be used instead. You can define _SILENCE_STDEXT_ARR_ITERS_DEPRECATION_WARNING or _SILENCE_ALL_MS_EXT_DEPRECATION_WARNINGS to suppress this warning. [C:\CLOUDPROJECT\CLOUDENGINE\build_test\CloudEngine.vcxproj]
C:\Program Files\Microsoft Visual Studio\18\Community\VC\Tools\MSVC\14.50.35717\include\__msvc_iter_core.hpp(479,40): warning C4996:         with [C:\CLOUDPROJECT\CLOUDENGINE\build_test\CloudEngine.vcxproj]
C:\Program Files\Microsoft Visual Studio\18\Community\VC\Tools\MSVC\14.50.35717\include\__msvc_iter_core.hpp(479,40): warning C4996:         [ [C:\CLOUDPROJECT\CLOUDENGINE\build_test\CloudEngine.vcxproj]
C:\Program Files\Microsoft Visual Studio\18\Community\VC\Tools\MSVC\14.50.35717\include\__msvc_iter_core.hpp(479,40): warning C4996:             T=wchar_t [C:\CLOUDPROJECT\CLOUDENGINE\build_test\CloudEngine.vcxproj]
C:\Program Files\Microsoft Visual Studio\18\Community\VC\Tools\MSVC\14.50.35717\include\__msvc_iter_core.hpp(479,40): warning C4996:         ] [C:\CLOUDPROJECT\CLOUDENGINE\build_test\CloudEngine.vcxproj]
  (╨║╨╛╨╝╨┐╨╕╨╗╤П╤Ж╨╕╤П ╨╕╤Б╤Е╨╛╨┤╨╜╨╛╨│╨╛ ╤Д╨░╨╣╨╗╨░ "../src/ecs/modules/network_module.cpp")
      C:\Program Files\Microsoft Visual Studio\18\Community\VC\Tools\MSVC\14.50.35717\include\iterator(1501,35):
       ╤Б╨╝. ╨╛╨▒╤К╤П╨▓╨╗╨╡╨╜╨╕╨╡ "stdext::checked_array_iterator"
  
C:\Program Files\Microsoft Visual Studio\18\Community\VC\Tools\MSVC\14.50.35717\include\__msvc_iter_core.hpp(479,31): warning C4996: 'stdext::checked_array_iterator<T *>::pointer': warning STL4043: stdext::checked_array_iterator, stdext::unchecked_array_iterator, and related factory functions are non-Standard extensions and will be removed in the future. std::span (since C++20) and gsl::span can be used instead. You can define _SILENCE_STDEXT_ARR_ITERS_DEPRECATION_WARNING or _SILENCE_ALL_MS_EXT_DEPRECATION_WARNINGS to suppress this warning. [C:\CLOUDPROJECT\CLOUDENGINE\build_test\CloudEngine.vcxproj]
C:\Program Files\Microsoft Visual Studio\18\Community\VC\Tools\MSVC\14.50.35717\include\__msvc_iter_core.hpp(479,31): warning C4996:         with [C:\CLOUDPROJECT\CLOUDENGINE\build_test\CloudEngine.vcxproj]
C:\Program Files\Microsoft Visual Studio\18\Community\VC\Tools\MSVC\14.50.35717\include\__msvc_iter_core.hpp(479,31): warning C4996:         [ [C:\CLOUDPROJECT\CLOUDENGINE\build_test\CloudEngine.vcxproj]
C:\Program Files\Microsoft Visual Studio\18\Community\VC\Tools\MSVC\14.50.35717\include\__msvc_iter_core.hpp(479,31): warning C4996:             T=wchar_t [C:\CLOUDPROJECT\CLOUDENGINE\build_test\CloudEngine.vcxproj]
C:\Program Files\Microsoft Visual Studio\18\Community\VC\Tools\MSVC\14.50.35717\include\__msvc_iter_core.hpp(479,31): warning C4996:         ] [C:\CLOUDPROJECT\CLOUDENGINE\build_test\CloudEngine.vcxproj]
  (╨║╨╛╨╝╨┐╨╕╨╗╤П╤Ж╨╕╤П ╨╕╤Б╤Е╨╛╨┤╨╜╨╛╨│╨╛ ╤Д╨░╨╣╨╗╨░ "../src/ecs/modules/network_module.cpp")
  
C:\Program Files\Microsoft Visual Studio\18\Community\VC\Tools\MSVC\14.50.35717\include\__msvc_iter_core.hpp(480,40): warning C4996: 'stdext::checked_array_iterator<T *>': warning STL4043: stdext::checked_array_iterator, stdext::unchecked_array_iterator, and related factory functions are non-Standard extensions and will be removed in the future. std::span (since C++20) and gsl::span can be used instead. You can define _SILENCE_STDEXT_ARR_ITERS_DEPRECATION_WARNING or _SILENCE_ALL_MS_EXT_DEPRECATION_WARNINGS to suppress this warning. [C:\CLOUDPROJECT\CLOUDENGINE\build_test\CloudEngine.vcxproj]
C:\Program Files\Microsoft Visual Studio\18\Community\VC\Tools\MSVC\14.50.35717\include\__msvc_iter_core.hpp(480,40): warning C4996:         with [C:\CLOUDPROJECT\CLOUDENGINE\build_test\CloudEngine.vcxproj]
C:\Program Files\Microsoft Visual Studio\18\Community\VC\Tools\MSVC\14.50.35717\include\__msvc_iter_core.hpp(480,40): warning C4996:         [ [C:\CLOUDPROJECT\CLOUDENGINE\build_test\CloudEngine.vcxproj]
C:\Program Files\Microsoft Visual Studio\18\Community\VC\Tools\MSVC\14.50.35717\include\__msvc_iter_core.hpp(480,40): warning C4996:             T=wchar_t [C:\CLOUDPROJECT\CLOUDENGINE\build_test\CloudEngine.vcxproj]
C:\Program Files\Microsoft Visual Studio\18\Community\VC\Tools\MSVC\14.50.35717\include\__msvc_iter_core.hpp(480,40): warning C4996:         ] [C:\CLOUDPROJECT\CLOUDENGINE\build_test\CloudEngine.vcxproj]
  (╨║╨╛╨╝╨┐╨╕╨╗╤П╤Ж╨╕╤П ╨╕╤Б╤Е╨╛╨┤╨╜╨╛╨│╨╛ ╤Д╨░╨╣╨╗╨░ "../src/ecs/modules/network_module.cpp")
      C:\Program Files\Microsoft Visual Studio\18\Community\VC\Tools\MSVC\14.50.35717\include\iterator(1501,35):
       ╤Б╨╝. ╨╛╨▒╤К╤П╨▓╨╗╨╡╨╜╨╕╨╡ "stdext::checked_array_iterator"
  
C:\Program Files\Microsoft Visual Studio\18\Community\VC\Tools\MSVC\14.50.35717\include\__msvc_iter_core.hpp(480,31): warning C4996: 'stdext::checked_array_iterator<T *>::reference': warning STL4043: stdext::checked_array_iterator, stdext::unchecked_array_iterator, and related factory functions are non-Standard extensions and will be removed in the future. std::span (since C++20) and gsl::span can be used instead. You can define _SILENCE_STDEXT_ARR_ITERS_DEPRECATION_WARNING or _SILENCE_ALL_MS_EXT_DEPRECATION_WARNINGS to suppress this warning. [C:\CLOUDPROJECT\CLOUDENGINE\build_test\CloudEngine.vcxproj]
C:\Program Files\Microsoft Visual Studio\18\Community\VC\Tools\MSVC\14.50.35717\include\__msvc_iter_core.hpp(480,31): warning C4996:         with [C:\CLOUDPROJECT\CLOUDENGINE\build_test\CloudEngine.vcxproj]
C:\Program Files\Microsoft Visual Studio\18\Community\VC\Tools\MSVC\14.50.35717\include\__msvc_iter_core.hpp(480,31): warning C4996:         [ [C:\CLOUDPROJECT\CLOUDENGINE\build_test\CloudEngine.vcxproj]
C:\Program Files\Microsoft Visual Studio\18\Community\VC\Tools\MSVC\14.50.35717\include\__msvc_iter_core.hpp(480,31): warning C4996:             T=wchar_t [C:\CLOUDPROJECT\CLOUDENGINE\build_test\CloudEngine.vcxproj]
C:\Program Files\Microsoft Visual Studio\18\Community\VC\Tools\MSVC\14.50.35717\include\__msvc_iter_core.hpp(480,31): warning C4996:         ] [C:\CLOUDPROJECT\CLOUDENGINE\build_test\CloudEngine.vcxproj]
  (╨║╨╛╨╝╨┐╨╕╨╗╤П╤Ж╨╕╤П ╨╕╤Б╤Е╨╛╨┤╨╜╨╛╨│╨╛ ╤Д╨░╨╣╨╗╨░ "../src/ecs/modules/network_module.cpp")
  
C:\Program Files\Microsoft Visual Studio\18\Community\VC\Tools\MSVC\14.50.35717\include\xutility(1523,13): warning C4996: 'stdext::checked_array_iterator<T *>::_Verify_offset': warning STL4043: stdext::checked_array_iterator, stdext::unchecked_array_iterator, and related factory functions are non-Standard extensions and will be removed in the future. std::span (since C++20) and gsl::span can be used instead. You can define _SILENCE_STDEXT_ARR_ITERS_DEPRECATION_WARNING or _SILENCE_ALL_MS_EXT_DEPRECATION_WARNINGS to suppress this warning. [C:\CLOUDPROJECT\CLOUDENGINE\build_test\CloudEngine.vcxproj]
C:\Program Files\Microsoft Visual Studio\18\Community\VC\Tools\MSVC\14.50.35717\include\xutility(1523,13): warning C4996:         with [C:\CLOUDPROJECT\CLOUDENGINE\build_test\CloudEngine.vcxproj]
C:\Program Files\Microsoft Visual Studio\18\Community\VC\Tools\MSVC\14.50.35717\include\xutility(1523,13): warning C4996:         [ [C:\CLOUDPROJECT\CLOUDENGINE\build_test\CloudEngine.vcxproj]
C:\Program Files\Microsoft Visual Studio\18\Community\VC\Tools\MSVC\14.50.35717\include\xutility(1523,13): warning C4996:             T=wchar_t [C:\CLOUDPROJECT\CLOUDENGINE\build_test\CloudEngine.vcxproj]
C:\Program Files\Microsoft Visual Studio\18\Community\VC\Tools\MSVC\14.50.35717\include\xutility(1523,13): warning C4996:         ] [C:\CLOUDPROJECT\CLOUDENGINE\build_test\CloudEngine.vcxproj]
  (╨║╨╛╨╝╨┐╨╕╨╗╤П╤Ж╨╕╤П ╨╕╤Б╤Е╨╛╨┤╨╜╨╛╨│╨╛ ╤Д╨░╨╣╨╗╨░ "../src/ecs/modules/network_module.cpp")
  
C:\Program Files\Microsoft Visual Studio\18\Community\VC\Tools\MSVC\14.50.35717\include\xutility(1524,42): warning C4996: 'stdext::checked_array_iterator<T *>::_Unwrapped': warning STL4043: stdext::checked_array_iterator, stdext::unchecked_array_iterator, and related factory functions are non-Standard extensions and will be removed in the future. std::span (since C++20) and gsl::span can be used instead. You can define _SILENCE_STDEXT_ARR_ITERS_DEPRECATION_WARNING or _SILENCE_ALL_MS_EXT_DEPRECATION_WARNINGS to suppress this warning. [C:\CLOUDPROJECT\CLOUDENGINE\build_test\CloudEngine.vcxproj]
C:\Program Files\Microsoft Visual Studio\18\Community\VC\Tools\MSVC\14.50.35717\include\xutility(1524,42): warning C4996:         with [C:\CLOUDPROJECT\CLOUDENGINE\build_test\CloudEngine.vcxproj]
C:\Program Files\Microsoft Visual Studio\18\Community\VC\Tools\MSVC\14.50.35717\include\xutility(1524,42): warning C4996:         [ [C:\CLOUDPROJECT\CLOUDENGINE\build_test\CloudEngine.vcxproj]
C:\Program Files\Microsoft Visual Studio\18\Community\VC\Tools\MSVC\14.50.35717\include\xutility(1524,42): warning C4996:             T=wchar_t [C:\CLOUDPROJECT\CLOUDENGINE\build_test\CloudEngine.vcxproj]
C:\Program Files\Microsoft Visual Studio\18\Community\VC\Tools\MSVC\14.50.35717\include\xutility(1524,42): warning C4996:         ] [C:\CLOUDPROJECT\CLOUDENGINE\build_test\CloudEngine.vcxproj]
  (╨║╨╛╨╝╨┐╨╕╨╗╤П╤Ж╨╕╤П ╨╕╤Б╤Е╨╛╨┤╨╜╨╛╨│╨╛ ╤Д╨░╨╣╨╗╨░ "../src/ecs/modules/network_module.cpp")
  
C:\Program Files\Microsoft Visual Studio\18\Community\VC\Tools\MSVC\14.50.35717\include\xutility(1545,13): warning C4996: 'stdext::checked_array_iterator<T *>::_Seek_to': warning STL4043: stdext::checked_array_iterator, stdext::unchecked_array_iterator, and related factory functions are non-Standard extensions and will be removed in the future. std::span (since C++20) and gsl::span can be used instead. You can define _SILENCE_STDEXT_ARR_ITERS_DEPRECATION_WARNING or _SILENCE_ALL_MS_EXT_DEPRECATION_WARNINGS to suppress this warning. [C:\CLOUDPROJECT\CLOUDENGINE\build_test\CloudEngine.vcxproj]
C:\Program Files\Microsoft Visual Studio\18\Community\VC\Tools\MSVC\14.50.35717\include\xutility(1545,13): warning C4996:         with [C:\CLOUDPROJECT\CLOUDENGINE\build_test\CloudEngine.vcxproj]
C:\Program Files\Microsoft Visual Studio\18\Community\VC\Tools\MSVC\14.50.35717\include\xutility(1545,13): warning C4996:         [ [C:\CLOUDPROJECT\CLOUDENGINE\build_test\CloudEngine.vcxproj]
C:\Program Files\Microsoft Visual Studio\18\Community\VC\Tools\MSVC\14.50.35717\include\xutility(1545,13): warning C4996:             T=char [C:\CLOUDPROJECT\CLOUDENGINE\build_test\CloudEngine.vcxproj]
C:\Program Files\Microsoft Visual Studio\18\Community\VC\Tools\MSVC\14.50.35717\include\xutility(1545,13): warning C4996:         ] [C:\CLOUDPROJECT\CLOUDENGINE\build_test\CloudEngine.vcxproj]
  (╨║╨╛╨╝╨┐╨╕╨╗╤П╤Ж╨╕╤П ╨╕╤Б╤Е╨╛╨┤╨╜╨╛╨│╨╛ ╤Д╨░╨╣╨╗╨░ "../src/ecs/modules/network_module.cpp")
      C:\Program Files\Microsoft Visual Studio\18\Community\VC\Tools\MSVC\14.50.35717\include\xutility(1545,13):
      ╨║╨╛╨╜╤В╨╡╨║╤Б╤В ╤Б╨╛╨╖╨┤╨░╨╜╨╕╤П ╤Н╨║╨╖╨╡╨╝╨┐╨╗╤П╤А╨░ ╤И╨░╨▒╨╗╨╛╨╜╨░ (╤Б╨╜╨░╤З╨░╨╗╨░ ╤Б╨░╨╝╤Л╨╣ ╤Б╤В╨░╤А╤Л╨╣)
          C:\CLOUDPROJECT\CLOUDENGINE\libs\spdlog\include\spdlog\fmt\bundled\format.h(778,10):
          ╨▓╤Л╨┐╨╛╨╗╨╜╤П╨╡╤В╤Б╤П ╨║╨╛╨╝╨┐╨╕╨╗╤П╤Ж╨╕╤П ╤Б╤Б╤Л╨╗╨║╨╕ ╨╜╨░ ╤Н╨║╨╖╨╡╨╝╨┐╨╗╤П╤А ╤И╨░╨▒╨╗╨╛╨╜ ╤Д╤Г╨╜╨║╤Ж╨╕╨╕ "_NoThrowFwdIt std::uninitialized_copy_n<const U*,unsigned __int64,stdext::checked_array_iterator<T *>>(const _InIt,const _Diff,_NoThrowFwdIt)"
          with
          [
              _NoThrowFwdIt=stdext::checked_array_iterator<char *>,
              U=char,
              T=char,
              _InIt=const char *,
              _Diff=unsigned __int64
          ]
          C:\Program Files\Microsoft Visual Studio\18\Community\VC\Tools\MSVC\14.50.35717\include\memory(157,10):
          ╨▓╤Л╨┐╨╛╨╗╨╜╤П╨╡╤В╤Б╤П ╨║╨╛╨╝╨┐╨╕╨╗╤П╤Ж╨╕╤П ╤Б╤Б╤Л╨╗╨║╨╕ ╨╜╨░ ╤Н╨║╨╖╨╡╨╝╨┐╨╗╤П╤А ╤И╨░╨▒╨╗╨╛╨╜ ╤Д╤Г╨╜╨║╤Ж╨╕╨╕ "void std::_Seek_wrapped<_NoThrowFwdIt,_Ptr&>(_Iter &,_UIter)"
          with
          [
              _NoThrowFwdIt=stdext::checked_array_iterator<char *>,
              _Ptr=char *,
              _Iter=stdext::checked_array_iterator<char *>,
              _UIter=char *&
          ]
  
C:\Program Files\Microsoft Visual Studio\18\Community\VC\Tools\MSVC\14.50.35717\include\xutility(1407,31): warning C4996: 'stdext::checked_array_iterator<T *>': warning STL4043: stdext::checked_array_iterator, stdext::unchecked_array_iterator, and related factory functions are non-Standard extensions and will be removed in the future. std::span (since C++20) and gsl::span can be used instead. You can define _SILENCE_STDEXT_ARR_ITERS_DEPRECATION_WARNING or _SILENCE_ALL_MS_EXT_DEPRECATION_WARNINGS to suppress this warning. [C:\CLOUDPROJECT\CLOUDENGINE\build_test\CloudEngine.vcxproj]
C:\Program Files\Microsoft Visual Studio\18\Community\VC\Tools\MSVC\14.50.35717\include\xutility(1407,31): warning C4996:         with [C:\CLOUDPROJECT\CLOUDENGINE\build_test\CloudEngine.vcxproj]
C:\Program Files\Microsoft Visual Studio\18\Community\VC\Tools\MSVC\14.50.35717\include\xutility(1407,31): warning C4996:         [ [C:\CLOUDPROJECT\CLOUDENGINE\build_test\CloudEngine.vcxproj]
C:\Program Files\Microsoft Visual Studio\18\Community\VC\Tools\MSVC\14.50.35717\include\xutility(1407,31): warning C4996:             T=int [C:\CLOUDPROJECT\CLOUDENGINE\build_test\CloudEngine.vcxproj]
C:\Program Files\Microsoft Visual Studio\18\Community\VC\Tools\MSVC\14.50.35717\include\xutility(1407,31): warning C4996:         ] [C:\CLOUDPROJECT\CLOUDENGINE\build_test\CloudEngine.vcxproj]
  (╨║╨╛╨╝╨┐╨╕╨╗╤П╤Ж╨╕╤П ╨╕╤Б╤Е╨╛╨┤╨╜╨╛╨│╨╛ ╤Д╨░╨╣╨╗╨░ "../src/ecs/modules/network_module.cpp")
      C:\Program Files\Microsoft Visual Studio\18\Community\VC\Tools\MSVC\14.50.35717\include\iterator(1501,35):
       ╤Б╨╝. ╨╛╨▒╤К╤П╨▓╨╗╨╡╨╜╨╕╨╡ "stdext::checked_array_iterator"
      C:\Program Files\Microsoft Visual Studio\18\Community\VC\Tools\MSVC\14.50.35717\include\xutility(1407,31):
      ╨║╨╛╨╜╤В╨╡╨║╤Б╤В ╤Б╨╛╨╖╨┤╨░╨╜╨╕╤П ╤Н╨║╨╖╨╡╨╝╨┐╨╗╤П╤А╨░ ╤И╨░╨▒╨╗╨╛╨╜╨░ (╤Б╨╜╨░╤З╨░╨╗╨░ ╤Б╨░╨╝╤Л╨╣ ╤Б╤В╨░╤А╤Л╨╣)
          C:\CLOUDPROJECT\CLOUDENGINE\libs\spdlog\include\spdlog\fmt\bundled\format-inl.h(1472,11):
          ╨▓╤Л╨┐╨╛╨╗╨╜╤П╨╡╤В╤Б╤П ╨║╨╛╨╝╨┐╨╕╨╗╤П╤Ж╨╕╤П ╤Б╤Б╤Л╨╗╨║╨╕ ╨╜╨░ ╤Н╨║╨╖╨╡╨╝╨┐╨╗╤П╤А ╤И╨░╨▒╨╗╨╛╨╜ ╤Д╤Г╨╜╨║╤Ж╨╕╨╕ "void fmt::v9::detail::vformat_to<char>(fmt::v9::detail::buffer<char> &,fmt::v9::basic_string_view<char>,fmt::v9::basic_format_args<fmt::v9::format_context>,fmt::v9::detail::locale_ref)"
          C:\CLOUDPROJECT\CLOUDENGINE\libs\spdlog\include\spdlog\fmt\bundled\format.h(4078,5):
          ╨▓╤Л╨┐╨╛╨╗╨╜╤П╨╡╤В╤Б╤П ╨║╨╛╨╝╨┐╨╕╨╗╤П╤Ж╨╕╤П ╤Б╤Б╤Л╨╗╨║╨╕ ╨╜╨░ ╤Н╨║╨╖╨╡╨╝╨┐╨╗╤П╤А ╤И╨░╨▒╨╗╨╛╨╜ ╤Д╤Г╨╜╨║╤Ж╨╕╨╕ "fmt::v9::appender fmt::v9::visit_format_arg<fmt::v9::detail::default_arg_formatter<Char>,Context>(Visitor &&,const fmt::v9::basic_format_arg<Context> &)"
          with
          [
              Char=char,
              Context=fmt::v9::format_context,
              Visitor=fmt::v9::detail::default_arg_formatter<char>
          ]
          C:\CLOUDPROJECT\CLOUDENGINE\libs\spdlog\include\spdlog\fmt\bundled\core.h(1645,12):
          ╨▓╤Л╨┐╨╛╨╗╨╜╤П╨╡╤В╤Б╤П ╨║╨╛╨╝╨┐╨╕╨╗╤П╤Ж╨╕╤П ╤Б╤Б╤Л╨╗╨║╨╕ ╨╜╨░ ╤Н╨║╨╖╨╡╨╝╨┐╨╗╤П╤А ╤И╨░╨▒╨╗╨╛╨╜ ╤Д╤Г╨╜╨║╤Ж╨╕╨╕ "fmt::v9::appender fmt::v9::detail::default_arg_formatter<Char>::operator ()<float>(T)"
          with
          [
              Char=char,
              T=float
          ]
          C:\CLOUDPROJECT\CLOUDENGINE\libs\spdlog\include\spdlog\fmt\bundled\format.h(3374,12):
          ╨▓╤Л╨┐╨╛╨╗╨╜╤П╨╡╤В╤Б╤П ╨║╨╛╨╝╨┐╨╕╨╗╤П╤Ж╨╕╤П ╤Б╤Б╤Л╨╗╨║╨╕ ╨╜╨░ ╤Н╨║╨╖╨╡╨╝╨┐╨╗╤П╤А ╤И╨░╨▒╨╗╨╛╨╜ ╤Д╤Г╨╜╨║╤Ж╨╕╨╕ "OutputIt fmt::v9::detail::write<Char,fmt::v9::appender,T,0>(OutputIt,T)"
          with
          [
              OutputIt=fmt::v9::appender,
              Char=char,
              T=float
          ]
          C:\CLOUDPROJECT\CLOUDENGINE\libs\spdlog\include\spdlog\fmt\bundled\format.h(3257,10):
          ╨▓╤Л╨┐╨╛╨╗╨╜╤П╨╡╤В╤Б╤П ╨║╨╛╨╝╨┐╨╕╨╗╤П╤Ж╨╕╤П ╤Б╤Б╤Л╨╗╨║╨╕ ╨╜╨░ ╤Н╨║╨╖╨╡╨╝╨┐╨╗╤П╤А ╤И╨░╨▒╨╗╨╛╨╜ ╤Д╤Г╨╜╨║╤Ж╨╕╨╕ "OutputIt fmt::v9::detail::write_float<OutputIt,fmt::v9::detail::dragonbox::decimal_fp<fmt::v9::detail::write::floaty>,char>(OutputIt,const DecimalFP &,const fmt::v9::basic_format_specs<char> &,fmt::v9::detail::float_specs,fmt::v9::detail::locale_ref)"
          with
          [
              OutputIt=fmt::v9::appender,
              DecimalFP=fmt::v9::detail::dragonbox::decimal_fp<fmt::v9::detail::write::floaty>
          ]
          C:\CLOUDPROJECT\CLOUDENGINE\libs\spdlog\include\spdlog\fmt\bundled\format.h(2489,12):
          ╨▓╤Л╨┐╨╛╨╗╨╜╤П╨╡╤В╤Б╤П ╨║╨╛╨╝╨┐╨╕╨╗╤П╤Ж╨╕╤П ╤Б╤Б╤Л╨╗╨║╨╕ ╨╜╨░ ╤Н╨║╨╖╨╡╨╝╨┐╨╗╤П╤А ╤И╨░╨▒╨╗╨╛╨╜ ╤Д╤Г╨╜╨║╤Ж╨╕╨╕ "OutputIt fmt::v9::detail::do_write_float<OutputIt,DecimalFP,char,fmt::v9::detail::digit_grouping<Char>>(OutputIt,const DecimalFP &,const fmt::v9::basic_format_specs<Char> &,fmt::v9::detail::float_specs,fmt::v9::detail::locale_ref)"
          with
          [
              OutputIt=fmt::v9::appender,
              DecimalFP=fmt::v9::detail::dragonbox::decimal_fp<fmt::v9::detail::write::floaty>,
              Char=char
          ]
          C:\CLOUDPROJECT\CLOUDENGINE\libs\spdlog\include\spdlog\fmt\bundled\format.h(2428,12):
          ╨▓╤Л╨┐╨╛╨╗╨╜╤П╨╡╤В╤Б╤П ╨║╨╛╨╝╨┐╨╕╨╗╤П╤Ж╨╕╤П ╤Б╤Б╤Л╨╗╨║╨╕ ╨╜╨░ ╤Н╨║╨╖╨╡╨╝╨┐╨╗╤П╤А ╤И╨░╨▒╨╗╨╛╨╜ ╤Д╤Г╨╜╨║╤Ж╨╕╨╕ "OutputIt fmt::v9::detail::write_significand<Char,fmt::v9::detail::do_write_float::iterator,unsigned int,Grouping>(OutputIt,T,int,int,const Grouping &)"
          with
          [
              OutputIt=fmt::v9::detail::do_write_float::iterator,
              Char=char,
              Grouping=fmt::v9::detail::digit_grouping<char>,
              T=unsigned int
          ]
          C:\CLOUDPROJECT\CLOUDENGINE\libs\spdlog\include\spdlog\fmt\bundled\format.h(2291,19):
          ╨▓╤Л╨┐╨╛╨╗╨╜╤П╨╡╤В╤Б╤П ╨║╨╛╨╝╨┐╨╕╨╗╤П╤Ж╨╕╤П ╤Б╤Б╤Л╨╗╨║╨╕ ╨╜╨░ ╤Н╨║╨╖╨╡╨╝╨┐╨╗╤П╤А ╤И╨░╨▒╨╗╨╛╨╜ ╤Д╤Г╨╜╨║╤Ж╨╕╨╕ "Out fmt::v9::detail::digit_grouping<Char>::apply<OutputIt,char>(Out,fmt::v9::basic_string_view<Char>) const"
          with
          [
              Out=fmt::v9::detail::do_write_float::iterator,
              Char=char,
              OutputIt=fmt::v9::detail::do_write_float::iterator
          ]
          C:\CLOUDPROJECT\CLOUDENGINE\libs\spdlog\include\spdlog\fmt\bundled\format.h(1974,47):
          ╨▓╤Л╨┐╨╛╨╗╨╜╤П╨╡╤В╤Б╤П ╨║╨╛╨╝╨┐╨╕╨╗╤П╤Ж╨╕╤П ╤Б╤Б╤Л╨╗╨║╨╕ ╨╜╨░ ╤Н╨║╨╖╨╡╨╝╨┐╨╗╤П╤А ╨║╨╗╨░╤Б╤Б ╤И╨░╨▒╨╗╨╛╨╜ ╤Д╤Г╨╜╨║╤Ж╨╕╨╕ "fmt::v9::basic_memory_buffer<int,500,std::allocator<int>>"
          C:\CLOUDPROJECT\CLOUDENGINE\libs\spdlog\include\spdlog\fmt\bundled\format.h(912,18):
          ╨▓╨╛ ╨▓╤А╨╡╨╝╤П ╨║╨╛╨╝╨┐╨╕╨╗╤П╤Ж╨╕╨╕ ╤Д╤Г╨╜╨║╤Ж╨╕╨╕-╤З╨╗╨╡╨╜╨░ ╨║╨╗╨░╤Б╤Б ╤И╨░╨▒╨╗╨╛╨╜ "void fmt::v9::basic_memory_buffer<int,500,std::allocator<int>>::grow(size_t)"
          C:\CLOUDPROJECT\CLOUDENGINE\libs\spdlog\include\spdlog\fmt\bundled\format.h(925,8):
          ╨▓╤Л╨┐╨╛╨╗╨╜╤П╨╡╤В╤Б╤П ╨║╨╛╨╝╨┐╨╕╨╗╤П╤Ж╨╕╤П ╤Б╤Б╤Л╨╗╨║╨╕ ╨╜╨░ ╤Н╨║╨╖╨╡╨╝╨┐╨╗╤П╤А ╤И╨░╨▒╨╗╨╛╨╜ ╤Д╤Г╨╜╨║╤Ж╨╕╨╕ "_NoThrowFwdIt std::uninitialized_copy<T*,stdext::checked_array_iterator<T *>>(const _InIt,const _InIt,_NoThrowFwdIt)"
          with
          [
              _NoThrowFwdIt=stdext::checked_array_iterator<int *>,
              T=int,
              _InIt=int *
          ]
          C:\Program Files\Microsoft Visual Studio\18\Community\VC\Tools\MSVC\14.50.35717\include\xmemory(1990,30):
          ╨▓╤Л╨┐╨╛╨╗╨╜╤П╨╡╤В╤Б╤П ╨║╨╛╨╝╨┐╨╕╨╗╤П╤Ж╨╕╤П ╤Б╤Б╤Л╨╗╨║╨╕ ╨╜╨░ ╤Н╨║╨╖╨╡╨╝╨┐╨╗╤П╤А ╤И╨░╨▒╨╗╨╛╨╜ ╤Д╤Г╨╜╨║╤Ж╨╕╨╕ "decltype(auto) std::_Get_unwrapped_n<_NoThrowFwdIt&,__int64>(_Iter,const _Diff)"
          with
          [
              _NoThrowFwdIt=stdext::checked_array_iterator<int *>,
              _Iter=stdext::checked_array_iterator<int *> &,
              _Diff=__int64
          ]
          C:\Program Files\Microsoft Visual Studio\18\Community\VC\Tools\MSVC\14.50.35717\include\xutility(1512,26):
          ╨▓╤Л╨┐╨╛╨╗╨╜╤П╨╡╤В╤Б╤П ╨║╨╛╨╝╨┐╨╕╨╗╤П╤Ж╨╕╤П ╤Б╤Б╤Л╨╗╨║╨╕ ╨╜╨░ ╤И╨░╨▒╨╗╨╛╨╜ ╨┐╨╡╤А╨╡╨╝╨╡╨╜╨╜╨╛╨╣ "const bool _Unwrappable_for_offset_v<stdext::checked_array_iterator<int *> &>"
          C:\Program Files\Microsoft Visual Studio\18\Community\VC\Tools\MSVC\14.50.35717\include\xutility(1506,44):
          ╨▓╤Л╨┐╨╛╨╗╨╜╤П╨╡╤В╤Б╤П ╨║╨╛╨╝╨┐╨╕╨╗╤П╤Ж╨╕╤П ╤Б╤Б╤Л╨╗╨║╨╕ ╨╜╨░ ╤И╨░╨▒╨╗╨╛╨╜ ╨┐╨╡╤А╨╡╨╝╨╡╨╜╨╜╨╛╨╣ "const bool _Unwrappable_v<stdext::checked_array_iterator<int *> &,void>"
          C:\Program Files\Microsoft Visual Studio\18\Community\VC\Tools\MSVC\14.50.35717\include\xutility(1435,5):
          ╨▓╤Л╨┐╨╛╨╗╨╜╤П╨╡╤В╤Б╤П ╨║╨╛╨╝╨┐╨╕╨╗╤П╤Ж╨╕╤П ╤Б╤Б╤Л╨╗╨║╨╕ ╨╜╨░ ╤И╨░╨▒╨╗╨╛╨╜ ╨┐╨╡╤А╨╡╨╝╨╡╨╜╨╜╨╛╨╣ "const bool _Allow_inheriting_unwrap_v<stdext::checked_array_iterator<int *>,void>"
  
C:\Program Files\Microsoft Visual Studio\18\Community\VC\Tools\MSVC\14.50.35717\include\xutility(1407,22): warning C4996: 'stdext::checked_array_iterator<T *>::_Prevent_inheriting_unwrap': warning STL4043: stdext::checked_array_iterator, stdext::unchecked_array_iterator, and related factory functions are non-Standard extensions and will be removed in the future. std::span (since C++20) and gsl::span can be used instead. You can define _SILENCE_STDEXT_ARR_ITERS_DEPRECATION_WARNING or _SILENCE_ALL_MS_EXT_DEPRECATION_WARNINGS to suppress this warning. [C:\CLOUDPROJECT\CLOUDENGINE\build_test\CloudEngine.vcxproj]
C:\Program Files\Microsoft Visual Studio\18\Community\VC\Tools\MSVC\14.50.35717\include\xutility(1407,22): warning C4996:         with [C:\CLOUDPROJECT\CLOUDENGINE\build_test\CloudEngine.vcxproj]
C:\Program Files\Microsoft Visual Studio\18\Community\VC\Tools\MSVC\14.50.35717\include\xutility(1407,22): warning C4996:         [ [C:\CLOUDPROJECT\CLOUDENGINE\build_test\CloudEngine.vcxproj]
C:\Program Files\Microsoft Visual Studio\18\Community\VC\Tools\MSVC\14.50.35717\include\xutility(1407,22): warning C4996:             T=int [C:\CLOUDPROJECT\CLOUDENGINE\build_test\CloudEngine.vcxproj]
C:\Program Files\Microsoft Visual Studio\18\Community\VC\Tools\MSVC\14.50.35717\include\xutility(1407,22): warning C4996:         ] [C:\CLOUDPROJECT\CLOUDENGINE\build_test\CloudEngine.vcxproj]
  (╨║╨╛╨╝╨┐╨╕╨╗╤П╤Ж╨╕╤П ╨╕╤Б╤Е╨╛╨┤╨╜╨╛╨│╨╛ ╤Д╨░╨╣╨╗╨░ "../src/ecs/modules/network_module.cpp")
  
C:\Program Files\Microsoft Visual Studio\18\Community\VC\Tools\MSVC\14.50.35717\include\__msvc_iter_core.hpp(476,40): warning C4996: 'stdext::checked_array_iterator<T *>': warning STL4043: stdext::checked_array_iterator, stdext::unchecked_array_iterator, and related factory functions are non-Standard extensions and will be removed in the future. std::span (since C++20) and gsl::span can be used instead. You can define _SILENCE_STDEXT_ARR_ITERS_DEPRECATION_WARNING or _SILENCE_ALL_MS_EXT_DEPRECATION_WARNINGS to suppress this warning. [C:\CLOUDPROJECT\CLOUDENGINE\build_test\CloudEngine.vcxproj]
C:\Program Files\Microsoft Visual Studio\18\Community\VC\Tools\MSVC\14.50.35717\include\__msvc_iter_core.hpp(476,40): warning C4996:         with [C:\CLOUDPROJECT\CLOUDENGINE\build_test\CloudEngine.vcxproj]
C:\Program Files\Microsoft Visual Studio\18\Community\VC\Tools\MSVC\14.50.35717\include\__msvc_iter_core.hpp(476,40): warning C4996:         [ [C:\CLOUDPROJECT\CLOUDENGINE\build_test\CloudEngine.vcxproj]
C:\Program Files\Microsoft Visual Studio\18\Community\VC\Tools\MSVC\14.50.35717\include\__msvc_iter_core.hpp(476,40): warning C4996:             T=int [C:\CLOUDPROJECT\CLOUDENGINE\build_test\CloudEngine.vcxproj]
C:\Program Files\Microsoft Visual Studio\18\Community\VC\Tools\MSVC\14.50.35717\include\__msvc_iter_core.hpp(476,40): warning C4996:         ] [C:\CLOUDPROJECT\CLOUDENGINE\build_test\CloudEngine.vcxproj]
  (╨║╨╛╨╝╨┐╨╕╨╗╤П╤Ж╨╕╤П ╨╕╤Б╤Е╨╛╨┤╨╜╨╛╨│╨╛ ╤Д╨░╨╣╨╗╨░ "../src/ecs/modules/network_module.cpp")
      C:\Program Files\Microsoft Visual Studio\18\Community\VC\Tools\MSVC\14.50.35717\include\iterator(1501,35):
       ╤Б╨╝. ╨╛╨▒╤К╤П╨▓╨╗╨╡╨╜╨╕╨╡ "stdext::checked_array_iterator"
      C:\Program Files\Microsoft Visual Studio\18\Community\VC\Tools\MSVC\14.50.35717\include\__msvc_iter_core.hpp(476,40):
      ╨║╨╛╨╜╤В╨╡╨║╤Б╤В ╤Б╨╛╨╖╨┤╨░╨╜╨╕╤П ╤Н╨║╨╖╨╡╨╝╨┐╨╗╤П╤А╨░ ╤И╨░╨▒╨╗╨╛╨╜╨░ (╤Б╨╜╨░╤З╨░╨╗╨░ ╤Б╨░╨╝╤Л╨╣ ╤Б╤В╨░╤А╤Л╨╣)
          C:\Program Files\Microsoft Visual Studio\18\Community\VC\Tools\MSVC\14.50.35717\include\xutility(1502,93):
          ╨▓╤Л╨┐╨╛╨╗╨╜╤П╨╡╤В╤Б╤П ╨║╨╛╨╝╨┐╨╕╨╗╤П╤Ж╨╕╤П ╤Б╤Б╤Л╨╗╨║╨╕ ╨╜╨░ ╤Н╨║╨╖╨╡╨╝╨┐╨╗╤П╤А ╨┐╤Б╨╡╨▓╨┤╨╛╨╜╨╕╨╝ ╤И╨░╨▒╨╗╨╛╨╜ ╤Д╤Г╨╜╨║╤Ж╨╕╨╕ "std::_Iter_diff_t<_Iter>"
          with
          [
              _Iter=stdext::checked_array_iterator<int *>
          ]
          C:\Program Files\Microsoft Visual Studio\18\Community\VC\Tools\MSVC\14.50.35717\include\xutility(1311,55):
          ╨▓╤Л╨┐╨╛╨╗╨╜╤П╨╡╤В╤Б╤П ╨║╨╛╨╝╨┐╨╕╨╗╤П╤Ж╨╕╤П ╤Б╤Б╤Л╨╗╨║╨╕ ╨╜╨░ ╤Н╨║╨╖╨╡╨╝╨┐╨╗╤П╤А ╨║╨╗╨░╤Б╤Б ╤И╨░╨▒╨╗╨╛╨╜ ╤Д╤Г╨╜╨║╤Ж╨╕╨╕ "std::iterator_traits<_Iter>"
          with
          [
              _Iter=stdext::checked_array_iterator<int *>
          ]
          C:\Program Files\Microsoft Visual Studio\18\Community\VC\Tools\MSVC\14.50.35717\include\__msvc_iter_core.hpp(496,26):
          ╨▓╤Л╨┐╨╛╨╗╨╜╤П╨╡╤В╤Б╤П ╨║╨╛╨╝╨┐╨╕╨╗╤П╤Ж╨╕╤П ╤Б╤Б╤Л╨╗╨║╨╕ ╨╜╨░ ╤Н╨║╨╖╨╡╨╝╨┐╨╗╤П╤А ╨║╨╗╨░╤Б╤Б ╤И╨░╨▒╨╗╨╛╨╜ ╤Д╤Г╨╜╨║╤Ж╨╕╨╕ "std::_Iterator_traits_base<_Iter,void>"
          with
          [
              _Iter=stdext::checked_array_iterator<int *>
          ]
  
C:\Program Files\Microsoft Visual Studio\18\Community\VC\Tools\MSVC\14.50.35717\include\__msvc_iter_core.hpp(476,31): warning C4996: 'stdext::checked_array_iterator<T *>::iterator_category': warning STL4043: stdext::checked_array_iterator, stdext::unchecked_array_iterator, and related factory functions are non-Standard extensions and will be removed in the future. std::span (since C++20) and gsl::span can be used instead. You can define _SILENCE_STDEXT_ARR_ITERS_DEPRECATION_WARNING or _SILENCE_ALL_MS_EXT_DEPRECATION_WARNINGS to suppress this warning. [C:\CLOUDPROJECT\CLOUDENGINE\build_test\CloudEngine.vcxproj]
C:\Program Files\Microsoft Visual Studio\18\Community\VC\Tools\MSVC\14.50.35717\include\__msvc_iter_core.hpp(476,31): warning C4996:         with [C:\CLOUDPROJECT\CLOUDENGINE\build_test\CloudEngine.vcxproj]
C:\Program Files\Microsoft Visual Studio\18\Community\VC\Tools\MSVC\14.50.35717\include\__msvc_iter_core.hpp(476,31): warning C4996:         [ [C:\CLOUDPROJECT\CLOUDENGINE\build_test\CloudEngine.vcxproj]
C:\Program Files\Microsoft Visual Studio\18\Community\VC\Tools\MSVC\14.50.35717\include\__msvc_iter_core.hpp(476,31): warning C4996:             T=int [C:\CLOUDPROJECT\CLOUDENGINE\build_test\CloudEngine.vcxproj]
C:\Program Files\Microsoft Visual Studio\18\Community\VC\Tools\MSVC\14.50.35717\include\__msvc_iter_core.hpp(476,31): warning C4996:         ] [C:\CLOUDPROJECT\CLOUDENGINE\build_test\CloudEngine.vcxproj]
  (╨║╨╛╨╝╨┐╨╕╨╗╤П╤Ж╨╕╤П ╨╕╤Б╤Е╨╛╨┤╨╜╨╛╨│╨╛ ╤Д╨░╨╣╨╗╨░ "../src/ecs/modules/network_module.cpp")
  
C:\Program Files\Microsoft Visual Studio\18\Community\VC\Tools\MSVC\14.50.35717\include\__msvc_iter_core.hpp(477,40): warning C4996: 'stdext::checked_array_iterator<T *>': warning STL4043: stdext::checked_array_iterator, stdext::unchecked_array_iterator, and related factory functions are non-Standard extensions and will be removed in the future. std::span (since C++20) and gsl::span can be used instead. You can define _SILENCE_STDEXT_ARR_ITERS_DEPRECATION_WARNING or _SILENCE_ALL_MS_EXT_DEPRECATION_WARNINGS to suppress this warning. [C:\CLOUDPROJECT\CLOUDENGINE\build_test\CloudEngine.vcxproj]
C:\Program Files\Microsoft Visual Studio\18\Community\VC\Tools\MSVC\14.50.35717\include\__msvc_iter_core.hpp(477,40): warning C4996:         with [C:\CLOUDPROJECT\CLOUDENGINE\build_test\CloudEngine.vcxproj]
C:\Program Files\Microsoft Visual Studio\18\Community\VC\Tools\MSVC\14.50.35717\include\__msvc_iter_core.hpp(477,40): warning C4996:         [ [C:\CLOUDPROJECT\CLOUDENGINE\build_test\CloudEngine.vcxproj]
C:\Program Files\Microsoft Visual Studio\18\Community\VC\Tools\MSVC\14.50.35717\include\__msvc_iter_core.hpp(477,40): warning C4996:             T=int [C:\CLOUDPROJECT\CLOUDENGINE\build_test\CloudEngine.vcxproj]
C:\Program Files\Microsoft Visual Studio\18\Community\VC\Tools\MSVC\14.50.35717\include\__msvc_iter_core.hpp(477,40): warning C4996:         ] [C:\CLOUDPROJECT\CLOUDENGINE\build_test\CloudEngine.vcxproj]
  (╨║╨╛╨╝╨┐╨╕╨╗╤П╤Ж╨╕╤П ╨╕╤Б╤Е╨╛╨┤╨╜╨╛╨│╨╛ ╤Д╨░╨╣╨╗╨░ "../src/ecs/modules/network_module.cpp")
      C:\Program Files\Microsoft Visual Studio\18\Community\VC\Tools\MSVC\14.50.35717\include\iterator(1501,35):
       ╤Б╨╝. ╨╛╨▒╤К╤П╨▓╨╗╨╡╨╜╨╕╨╡ "stdext::checked_array_iterator"
  
C:\Program Files\Microsoft Visual Studio\18\Community\VC\Tools\MSVC\14.50.35717\include\__msvc_iter_core.hpp(477,31): warning C4996: 'stdext::checked_array_iterator<T *>::value_type': warning STL4043: stdext::checked_array_iterator, stdext::unchecked_array_iterator, and related factory functions are non-Standard extensions and will be removed in the future. std::span (since C++20) and gsl::span can be used instead. You can define _SILENCE_STDEXT_ARR_ITERS_DEPRECATION_WARNING or _SILENCE_ALL_MS_EXT_DEPRECATION_WARNINGS to suppress this warning. [C:\CLOUDPROJECT\CLOUDENGINE\build_test\CloudEngine.vcxproj]
C:\Program Files\Microsoft Visual Studio\18\Community\VC\Tools\MSVC\14.50.35717\include\__msvc_iter_core.hpp(477,31): warning C4996:         with [C:\CLOUDPROJECT\CLOUDENGINE\build_test\CloudEngine.vcxproj]
C:\Program Files\Microsoft Visual Studio\18\Community\VC\Tools\MSVC\14.50.35717\include\__msvc_iter_core.hpp(477,31): warning C4996:         [ [C:\CLOUDPROJECT\CLOUDENGINE\build_test\CloudEngine.vcxproj]
C:\Program Files\Microsoft Visual Studio\18\Community\VC\Tools\MSVC\14.50.35717\include\__msvc_iter_core.hpp(477,31): warning C4996:             T=int [C:\CLOUDPROJECT\CLOUDENGINE\build_test\CloudEngine.vcxproj]
C:\Program Files\Microsoft Visual Studio\18\Community\VC\Tools\MSVC\14.50.35717\include\__msvc_iter_core.hpp(477,31): warning C4996:         ] [C:\CLOUDPROJECT\CLOUDENGINE\build_test\CloudEngine.vcxproj]
  (╨║╨╛╨╝╨┐╨╕╨╗╤П╤Ж╨╕╤П ╨╕╤Б╤Е╨╛╨┤╨╜╨╛╨│╨╛ ╤Д╨░╨╣╨╗╨░ "../src/ecs/modules/network_module.cpp")
  
C:\Program Files\Microsoft Visual Studio\18\Community\VC\Tools\MSVC\14.50.35717\include\__msvc_iter_core.hpp(478,40): warning C4996: 'stdext::checked_array_iterator<T *>': warning STL4043: stdext::checked_array_iterator, stdext::unchecked_array_iterator, and related factory functions are non-Standard extensions and will be removed in the future. std::span (since C++20) and gsl::span can be used instead. You can define _SILENCE_STDEXT_ARR_ITERS_DEPRECATION_WARNING or _SILENCE_ALL_MS_EXT_DEPRECATION_WARNINGS to suppress this warning. [C:\CLOUDPROJECT\CLOUDENGINE\build_test\CloudEngine.vcxproj]
C:\Program Files\Microsoft Visual Studio\18\Community\VC\Tools\MSVC\14.50.35717\include\__msvc_iter_core.hpp(478,40): warning C4996:         with [C:\CLOUDPROJECT\CLOUDENGINE\build_test\CloudEngine.vcxproj]
C:\Program Files\Microsoft Visual Studio\18\Community\VC\Tools\MSVC\14.50.35717\include\__msvc_iter_core.hpp(478,40): warning C4996:         [ [C:\CLOUDPROJECT\CLOUDENGINE\build_test\CloudEngine.vcxproj]
C:\Program Files\Microsoft Visual Studio\18\Community\VC\Tools\MSVC\14.50.35717\include\__msvc_iter_core.hpp(478,40): warning C4996:             T=int [C:\CLOUDPROJECT\CLOUDENGINE\build_test\CloudEngine.vcxproj]
C:\Program Files\Microsoft Visual Studio\18\Community\VC\Tools\MSVC\14.50.35717\include\__msvc_iter_core.hpp(478,40): warning C4996:         ] [C:\CLOUDPROJECT\CLOUDENGINE\build_test\CloudEngine.vcxproj]
  (╨║╨╛╨╝╨┐╨╕╨╗╤П╤Ж╨╕╤П ╨╕╤Б╤Е╨╛╨┤╨╜╨╛╨│╨╛ ╤Д╨░╨╣╨╗╨░ "../src/ecs/modules/network_module.cpp")
      C:\Program Files\Microsoft Visual Studio\18\Community\VC\Tools\MSVC\14.50.35717\include\iterator(1501,35):
       ╤Б╨╝. ╨╛╨▒╤К╤П╨▓╨╗╨╡╨╜╨╕╨╡ "stdext::checked_array_iterator"
  
C:\Program Files\Microsoft Visual Studio\18\Community\VC\Tools\MSVC\14.50.35717\include\__msvc_iter_core.hpp(478,31): warning C4996: 'stdext::checked_array_iterator<T *>::difference_type': warning STL4043: stdext::checked_array_iterator, stdext::unchecked_array_iterator, and related factory functions are non-Standard extensions and will be removed in the future. std::span (since C++20) and gsl::span can be used instead. You can define _SILENCE_STDEXT_ARR_ITERS_DEPRECATION_WARNING or _SILENCE_ALL_MS_EXT_DEPRECATION_WARNINGS to suppress this warning. [C:\CLOUDPROJECT\CLOUDENGINE\build_test\CloudEngine.vcxproj]
C:\Program Files\Microsoft Visual Studio\18\Community\VC\Tools\MSVC\14.50.35717\include\__msvc_iter_core.hpp(478,31): warning C4996:         with [C:\CLOUDPROJECT\CLOUDENGINE\build_test\CloudEngine.vcxproj]
C:\Program Files\Microsoft Visual Studio\18\Community\VC\Tools\MSVC\14.50.35717\include\__msvc_iter_core.hpp(478,31): warning C4996:         [ [C:\CLOUDPROJECT\CLOUDENGINE\build_test\CloudEngine.vcxproj]
C:\Program Files\Microsoft Visual Studio\18\Community\VC\Tools\MSVC\14.50.35717\include\__msvc_iter_core.hpp(478,31): warning C4996:             T=int [C:\CLOUDPROJECT\CLOUDENGINE\build_test\CloudEngine.vcxproj]
C:\Program Files\Microsoft Visual Studio\18\Community\VC\Tools\MSVC\14.50.35717\include\__msvc_iter_core.hpp(478,31): warning C4996:         ] [C:\CLOUDPROJECT\CLOUDENGINE\build_test\CloudEngine.vcxproj]
  (╨║╨╛╨╝╨┐╨╕╨╗╤П╤Ж╨╕╤П ╨╕╤Б╤Е╨╛╨┤╨╜╨╛╨│╨╛ ╤Д╨░╨╣╨╗╨░ "../src/ecs/modules/network_module.cpp")
  
C:\Program Files\Microsoft Visual Studio\18\Community\VC\Tools\MSVC\14.50.35717\include\__msvc_iter_core.hpp(479,40): warning C4996: 'stdext::checked_array_iterator<T *>': warning STL4043: stdext::checked_array_iterator, stdext::unchecked_array_iterator, and related factory functions are non-Standard extensions and will be removed in the future. std::span (since C++20) and gsl::span can be used instead. You can define _SILENCE_STDEXT_ARR_ITERS_DEPRECATION_WARNING or _SILENCE_ALL_MS_EXT_DEPRECATION_WARNINGS to suppress this warning. [C:\CLOUDPROJECT\CLOUDENGINE\build_test\CloudEngine.vcxproj]
C:\Program Files\Microsoft Visual Studio\18\Community\VC\Tools\MSVC\14.50.35717\include\__msvc_iter_core.hpp(479,40): warning C4996:         with [C:\CLOUDPROJECT\CLOUDENGINE\build_test\CloudEngine.vcxproj]
C:\Program Files\Microsoft Visual Studio\18\Community\VC\Tools\MSVC\14.50.35717\include\__msvc_iter_core.hpp(479,40): warning C4996:         [ [C:\CLOUDPROJECT\CLOUDENGINE\build_test\CloudEngine.vcxproj]
C:\Program Files\Microsoft Visual Studio\18\Community\VC\Tools\MSVC\14.50.35717\include\__msvc_iter_core.hpp(479,40): warning C4996:             T=int [C:\CLOUDPROJECT\CLOUDENGINE\build_test\CloudEngine.vcxproj]
C:\Program Files\Microsoft Visual Studio\18\Community\VC\Tools\MSVC\14.50.35717\include\__msvc_iter_core.hpp(479,40): warning C4996:         ] [C:\CLOUDPROJECT\CLOUDENGINE\build_test\CloudEngine.vcxproj]
  (╨║╨╛╨╝╨┐╨╕╨╗╤П╤Ж╨╕╤П ╨╕╤Б╤Е╨╛╨┤╨╜╨╛╨│╨╛ ╤Д╨░╨╣╨╗╨░ "../src/ecs/modules/network_module.cpp")
      C:\Program Files\Microsoft Visual Studio\18\Community\VC\Tools\MSVC\14.50.35717\include\iterator(1501,35):
       ╤Б╨╝. ╨╛╨▒╤К╤П╨▓╨╗╨╡╨╜╨╕╨╡ "stdext::checked_array_iterator"
  
C:\Program Files\Microsoft Visual Studio\18\Community\VC\Tools\MSVC\14.50.35717\include\__msvc_iter_core.hpp(479,31): warning C4996: 'stdext::checked_array_iterator<T *>::pointer': warning STL4043: stdext::checked_array_iterator, stdext::unchecked_array_iterator, and related factory functions are non-Standard extensions and will be removed in the future. std::span (since C++20) and gsl::span can be used instead. You can define _SILENCE_STDEXT_ARR_ITERS_DEPRECATION_WARNING or _SILENCE_ALL_MS_EXT_DEPRECATION_WARNINGS to suppress this warning. [C:\CLOUDPROJECT\CLOUDENGINE\build_test\CloudEngine.vcxproj]
C:\Program Files\Microsoft Visual Studio\18\Community\VC\Tools\MSVC\14.50.35717\include\__msvc_iter_core.hpp(479,31): warning C4996:         with [C:\CLOUDPROJECT\CLOUDENGINE\build_test\CloudEngine.vcxproj]
C:\Program Files\Microsoft Visual Studio\18\Community\VC\Tools\MSVC\14.50.35717\include\__msvc_iter_core.hpp(479,31): warning C4996:         [ [C:\CLOUDPROJECT\CLOUDENGINE\build_test\CloudEngine.vcxproj]
C:\Program Files\Microsoft Visual Studio\18\Community\VC\Tools\MSVC\14.50.35717\include\__msvc_iter_core.hpp(479,31): warning C4996:             T=int [C:\CLOUDPROJECT\CLOUDENGINE\build_test\CloudEngine.vcxproj]
C:\Program Files\Microsoft Visual Studio\18\Community\VC\Tools\MSVC\14.50.35717\include\__msvc_iter_core.hpp(479,31): warning C4996:         ] [C:\CLOUDPROJECT\CLOUDENGINE\build_test\CloudEngine.vcxproj]
  (╨║╨╛╨╝╨┐╨╕╨╗╤П╤Ж╨╕╤П ╨╕╤Б╤Е╨╛╨┤╨╜╨╛╨│╨╛ ╤Д╨░╨╣╨╗╨░ "../src/ecs/modules/network_module.cpp")
  
C:\Program Files\Microsoft Visual Studio\18\Community\VC\Tools\MSVC\14.50.35717\include\__msvc_iter_core.hpp(480,40): warning C4996: 'stdext::checked_array_iterator<T *>': warning STL4043: stdext::checked_array_iterator, stdext::unchecked_array_iterator, and related factory functions are non-Standard extensions and will be removed in the future. std::span (since C++20) and gsl::span can be used instead. You can define _SILENCE_STDEXT_ARR_ITERS_DEPRECATION_WARNING or _SILENCE_ALL_MS_EXT_DEPRECATION_WARNINGS to suppress this warning. [C:\CLOUDPROJECT\CLOUDENGINE\build_test\CloudEngine.vcxproj]
C:\Program Files\Microsoft Visual Studio\18\Community\VC\Tools\MSVC\14.50.35717\include\__msvc_iter_core.hpp(480,40): warning C4996:         with [C:\CLOUDPROJECT\CLOUDENGINE\build_test\CloudEngine.vcxproj]
C:\Program Files\Microsoft Visual Studio\18\Community\VC\Tools\MSVC\14.50.35717\include\__msvc_iter_core.hpp(480,40): warning C4996:         [ [C:\CLOUDPROJECT\CLOUDENGINE\build_test\CloudEngine.vcxproj]
C:\Program Files\Microsoft Visual Studio\18\Community\VC\Tools\MSVC\14.50.35717\include\__msvc_iter_core.hpp(480,40): warning C4996:             T=int [C:\CLOUDPROJECT\CLOUDENGINE\build_test\CloudEngine.vcxproj]
C:\Program Files\Microsoft Visual Studio\18\Community\VC\Tools\MSVC\14.50.35717\include\__msvc_iter_core.hpp(480,40): warning C4996:         ] [C:\CLOUDPROJECT\CLOUDENGINE\build_test\CloudEngine.vcxproj]
  (╨║╨╛╨╝╨┐╨╕╨╗╤П╤Ж╨╕╤П ╨╕╤Б╤Е╨╛╨┤╨╜╨╛╨│╨╛ ╤Д╨░╨╣╨╗╨░ "../src/ecs/modules/network_module.cpp")
      C:\Program Files\Microsoft Visual Studio\18\Community\VC\Tools\MSVC\14.50.35717\include\iterator(1501,35):
       ╤Б╨╝. ╨╛╨▒╤К╤П╨▓╨╗╨╡╨╜╨╕╨╡ "stdext::checked_array_iterator"
  
C:\Program Files\Microsoft Visual Studio\18\Community\VC\Tools\MSVC\14.50.35717\include\__msvc_iter_core.hpp(480,31): warning C4996: 'stdext::checked_array_iterator<T *>::reference': warning STL4043: stdext::checked_array_iterator, stdext::unchecked_array_iterator, and related factory functions are non-Standard extensions and will be removed in the future. std::span (since C++20) and gsl::span can be used instead. You can define _SILENCE_STDEXT_ARR_ITERS_DEPRECATION_WARNING or _SILENCE_ALL_MS_EXT_DEPRECATION_WARNINGS to suppress this warning. [C:\CLOUDPROJECT\CLOUDENGINE\build_test\CloudEngine.vcxproj]
C:\Program Files\Microsoft Visual Studio\18\Community\VC\Tools\MSVC\14.50.35717\include\__msvc_iter_core.hpp(480,31): warning C4996:         with [C:\CLOUDPROJECT\CLOUDENGINE\build_test\CloudEngine.vcxproj]
C:\Program Files\Microsoft Visual Studio\18\Community\VC\Tools\MSVC\14.50.35717\include\__msvc_iter_core.hpp(480,31): warning C4996:         [ [C:\CLOUDPROJECT\CLOUDENGINE\build_test\CloudEngine.vcxproj]
C:\Program Files\Microsoft Visual Studio\18\Community\VC\Tools\MSVC\14.50.35717\include\__msvc_iter_core.hpp(480,31): warning C4996:             T=int [C:\CLOUDPROJECT\CLOUDENGINE\build_test\CloudEngine.vcxproj]
C:\Program Files\Microsoft Visual Studio\18\Community\VC\Tools\MSVC\14.50.35717\include\__msvc_iter_core.hpp(480,31): warning C4996:         ] [C:\CLOUDPROJECT\CLOUDENGINE\build_test\CloudEngine.vcxproj]
  (╨║╨╛╨╝╨┐╨╕╨╗╤П╤Ж╨╕╤П ╨╕╤Б╤Е╨╛╨┤╨╜╨╛╨│╨╛ ╤Д╨░╨╣╨╗╨░ "../src/ecs/modules/network_module.cpp")
  
C:\Program Files\Microsoft Visual Studio\18\Community\VC\Tools\MSVC\14.50.35717\include\xutility(1523,13): warning C4996: 'stdext::checked_array_iterator<T *>::_Verify_offset': warning STL4043: stdext::checked_array_iterator, stdext::unchecked_array_iterator, and related factory functions are non-Standard extensions and will be removed in the future. std::span (since C++20) and gsl::span can be used instead. You can define _SILENCE_STDEXT_ARR_ITERS_DEPRECATION_WARNING or _SILENCE_ALL_MS_EXT_DEPRECATION_WARNINGS to suppress this warning. [C:\CLOUDPROJECT\CLOUDENGINE\build_test\CloudEngine.vcxproj]
C:\Program Files\Microsoft Visual Studio\18\Community\VC\Tools\MSVC\14.50.35717\include\xutility(1523,13): warning C4996:         with [C:\CLOUDPROJECT\CLOUDENGINE\build_test\CloudEngine.vcxproj]
C:\Program Files\Microsoft Visual Studio\18\Community\VC\Tools\MSVC\14.50.35717\include\xutility(1523,13): warning C4996:         [ [C:\CLOUDPROJECT\CLOUDENGINE\build_test\CloudEngine.vcxproj]
C:\Program Files\Microsoft Visual Studio\18\Community\VC\Tools\MSVC\14.50.35717\include\xutility(1523,13): warning C4996:             T=int [C:\CLOUDPROJECT\CLOUDENGINE\build_test\CloudEngine.vcxproj]
C:\Program Files\Microsoft Visual Studio\18\Community\VC\Tools\MSVC\14.50.35717\include\xutility(1523,13): warning C4996:         ] [C:\CLOUDPROJECT\CLOUDENGINE\build_test\CloudEngine.vcxproj]
  (╨║╨╛╨╝╨┐╨╕╨╗╤П╤Ж╨╕╤П ╨╕╤Б╤Е╨╛╨┤╨╜╨╛╨│╨╛ ╤Д╨░╨╣╨╗╨░ "../src/ecs/modules/network_module.cpp")
  
C:\Program Files\Microsoft Visual Studio\18\Community\VC\Tools\MSVC\14.50.35717\include\xutility(1524,42): warning C4996: 'stdext::checked_array_iterator<T *>::_Unwrapped': warning STL4043: stdext::checked_array_iterator, stdext::unchecked_array_iterator, and related factory functions are non-Standard extensions and will be removed in the future. std::span (since C++20) and gsl::span can be used instead. You can define _SILENCE_STDEXT_ARR_ITERS_DEPRECATION_WARNING or _SILENCE_ALL_MS_EXT_DEPRECATION_WARNINGS to suppress this warning. [C:\CLOUDPROJECT\CLOUDENGINE\build_test\CloudEngine.vcxproj]
C:\Program Files\Microsoft Visual Studio\18\Community\VC\Tools\MSVC\14.50.35717\include\xutility(1524,42): warning C4996:         with [C:\CLOUDPROJECT\CLOUDENGINE\build_test\CloudEngine.vcxproj]
C:\Program Files\Microsoft Visual Studio\18\Community\VC\Tools\MSVC\14.50.35717\include\xutility(1524,42): warning C4996:         [ [C:\CLOUDPROJECT\CLOUDENGINE\build_test\CloudEngine.vcxproj]
C:\Program Files\Microsoft Visual Studio\18\Community\VC\Tools\MSVC\14.50.35717\include\xutility(1524,42): warning C4996:             T=int [C:\CLOUDPROJECT\CLOUDENGINE\build_test\CloudEngine.vcxproj]
C:\Program Files\Microsoft Visual Studio\18\Community\VC\Tools\MSVC\14.50.35717\include\xutility(1524,42): warning C4996:         ] [C:\CLOUDPROJECT\CLOUDENGINE\build_test\CloudEngine.vcxproj]
  (╨║╨╛╨╝╨┐╨╕╨╗╤П╤Ж╨╕╤П ╨╕╤Б╤Е╨╛╨┤╨╜╨╛╨│╨╛ ╤Д╨░╨╣╨╗╨░ "../src/ecs/modules/network_module.cpp")
  
C:\Program Files\Microsoft Visual Studio\18\Community\VC\Tools\MSVC\14.50.35717\include\xutility(1545,13): warning C4996: 'stdext::checked_array_iterator<T *>::_Seek_to': warning STL4043: stdext::checked_array_iterator, stdext::unchecked_array_iterator, and related factory functions are non-Standard extensions and will be removed in the future. std::span (since C++20) and gsl::span can be used instead. You can define _SILENCE_STDEXT_ARR_ITERS_DEPRECATION_WARNING or _SILENCE_ALL_MS_EXT_DEPRECATION_WARNINGS to suppress this warning. [C:\CLOUDPROJECT\CLOUDENGINE\build_test\CloudEngine.vcxproj]
C:\Program Files\Microsoft Visual Studio\18\Community\VC\Tools\MSVC\14.50.35717\include\xutility(1545,13): warning C4996:         with [C:\CLOUDPROJECT\CLOUDENGINE\build_test\CloudEngine.vcxproj]
C:\Program Files\Microsoft Visual Studio\18\Community\VC\Tools\MSVC\14.50.35717\include\xutility(1545,13): warning C4996:         [ [C:\CLOUDPROJECT\CLOUDENGINE\build_test\CloudEngine.vcxproj]
C:\Program Files\Microsoft Visual Studio\18\Community\VC\Tools\MSVC\14.50.35717\include\xutility(1545,13): warning C4996:             T=int [C:\CLOUDPROJECT\CLOUDENGINE\build_test\CloudEngine.vcxproj]
C:\Program Files\Microsoft Visual Studio\18\Community\VC\Tools\MSVC\14.50.35717\include\xutility(1545,13): warning C4996:         ] [C:\CLOUDPROJECT\CLOUDENGINE\build_test\CloudEngine.vcxproj]
  (╨║╨╛╨╝╨┐╨╕╨╗╤П╤Ж╨╕╤П ╨╕╤Б╤Е╨╛╨┤╨╜╨╛╨│╨╛ ╤Д╨░╨╣╨╗╨░ "../src/ecs/modules/network_module.cpp")
      C:\Program Files\Microsoft Visual Studio\18\Community\VC\Tools\MSVC\14.50.35717\include\xutility(1545,13):
      ╨║╨╛╨╜╤В╨╡╨║╤Б╤В ╤Б╨╛╨╖╨┤╨░╨╜╨╕╤П ╤Н╨║╨╖╨╡╨╝╨┐╨╗╤П╤А╨░ ╤И╨░╨▒╨╗╨╛╨╜╨░ (╤Б╨╜╨░╤З╨░╨╗╨░ ╤Б╨░╨╝╤Л╨╣ ╤Б╤В╨░╤А╤Л╨╣)
          C:\CLOUDPROJECT\CLOUDENGINE\libs\spdlog\include\spdlog\fmt\bundled\format.h(925,8):
          ╨▓╤Л╨┐╨╛╨╗╨╜╤П╨╡╤В╤Б╤П ╨║╨╛╨╝╨┐╨╕╨╗╤П╤Ж╨╕╤П ╤Б╤Б╤Л╨╗╨║╨╕ ╨╜╨░ ╤Н╨║╨╖╨╡╨╝╨┐╨╗╤П╤А ╤И╨░╨▒╨╗╨╛╨╜ ╤Д╤Г╨╜╨║╤Ж╨╕╨╕ "_NoThrowFwdIt std::uninitialized_copy<T*,stdext::checked_array_iterator<T *>>(const _InIt,const _InIt,_NoThrowFwdIt)"
          with
          [
              _NoThrowFwdIt=stdext::checked_array_iterator<int *>,
              T=int,
              _InIt=int *
          ]
          C:\Program Files\Microsoft Visual Studio\18\Community\VC\Tools\MSVC\14.50.35717\include\xmemory(1991,10):
          ╨▓╤Л╨┐╨╛╨╗╨╜╤П╨╡╤В╤Б╤П ╨║╨╛╨╝╨┐╨╕╨╗╤П╤Ж╨╕╤П ╤Б╤Б╤Л╨╗╨║╨╕ ╨╜╨░ ╤Н╨║╨╖╨╡╨╝╨┐╨╗╤П╤А ╤И╨░╨▒╨╗╨╛╨╜ ╤Д╤Г╨╜╨║╤Ж╨╕╨╕ "void std::_Seek_wrapped<_NoThrowFwdIt,int*>(_Iter &,_UIter &&)"
          with
          [
              _NoThrowFwdIt=stdext::checked_array_iterator<int *>,
              _Iter=stdext::checked_array_iterator<int *>,
              _UIter=int *
          ]
  
  render_module.cpp
C:\Program Files\Microsoft Visual Studio\18\Community\VC\Tools\MSVC\14.50.35717\include\xutility(1407,31): warning C4996: 'stdext::checked_array_iterator<T *>': warning STL4043: stdext::checked_array_iterator, stdext::unchecked_array_iterator, and related factory functions are non-Standard extensions and will be removed in the future. std::span (since C++20) and gsl::span can be used instead. You can define _SILENCE_STDEXT_ARR_ITERS_DEPRECATION_WARNING or _SILENCE_ALL_MS_EXT_DEPRECATION_WARNINGS to suppress this warning. [C:\CLOUDPROJECT\CLOUDENGINE\build_test\CloudEngine.vcxproj]
C:\Program Files\Microsoft Visual Studio\18\Community\VC\Tools\MSVC\14.50.35717\include\xutility(1407,31): warning C4996:         with [C:\CLOUDPROJECT\CLOUDENGINE\build_test\CloudEngine.vcxproj]
C:\Program Files\Microsoft Visual Studio\18\Community\VC\Tools\MSVC\14.50.35717\include\xutility(1407,31): warning C4996:         [ [C:\CLOUDPROJECT\CLOUDENGINE\build_test\CloudEngine.vcxproj]
C:\Program Files\Microsoft Visual Studio\18\Community\VC\Tools\MSVC\14.50.35717\include\xutility(1407,31): warning C4996:             T=fmt::v9::detail::bigint::bigit [C:\CLOUDPROJECT\CLOUDENGINE\build_test\CloudEngine.vcxproj]
C:\Program Files\Microsoft Visual Studio\18\Community\VC\Tools\MSVC\14.50.35717\include\xutility(1407,31): warning C4996:         ] [C:\CLOUDPROJECT\CLOUDENGINE\build_test\CloudEngine.vcxproj]
  (╨║╨╛╨╝╨┐╨╕╨╗╤П╤Ж╨╕╤П ╨╕╤Б╤Е╨╛╨┤╨╜╨╛╨│╨╛ ╤Д╨░╨╣╨╗╨░ "../src/ecs/modules/render_module.cpp")
      C:\Program Files\Microsoft Visual Studio\18\Community\VC\Tools\MSVC\14.50.35717\include\iterator(1501,35):
       ╤Б╨╝. ╨╛╨▒╤К╤П╨▓╨╗╨╡╨╜╨╕╨╡ "stdext::checked_array_iterator"
      C:\Program Files\Microsoft Visual Studio\18\Community\VC\Tools\MSVC\14.50.35717\include\xutility(1407,31):
      ╨║╨╛╨╜╤В╨╡╨║╤Б╤В ╤Б╨╛╨╖╨┤╨░╨╜╨╕╤П ╤Н╨║╨╖╨╡╨╝╨┐╨╗╤П╤А╨░ ╤И╨░╨▒╨╗╨╛╨╜╨░ (╤Б╨╜╨░╤З╨░╨╗╨░ ╤Б╨░╨╝╤Л╨╣ ╤Б╤В╨░╤А╤Л╨╣)
          C:\CLOUDPROJECT\CLOUDENGINE\libs\spdlog\include\spdlog\fmt\bundled\format.h(2807,10):
          ╨▓╤Л╨┐╨╛╨╗╨╜╤П╨╡╤В╤Б╤П ╨║╨╛╨╝╨┐╨╕╨╗╤П╤Ж╨╕╤П ╤Б╤Б╤Л╨╗╨║╨╕ ╨╜╨░ ╤Н╨║╨╖╨╡╨╝╨┐╨╗╤П╤А ╤И╨░╨▒╨╗╨╛╨╜ ╤Д╤Г╨╜╨║╤Ж╨╕╨╕ "_OutIt std::copy<const T*,stdext::checked_array_iterator<T *>>(_InIt,_InIt,_OutIt)"
          with
          [
              _OutIt=stdext::checked_array_iterator<fmt::v9::detail::bigint::bigit *>,
              T=fmt::v9::detail::bigint::bigit,
              _InIt=const fmt::v9::detail::bigint::bigit *
          ]
          C:\Program Files\Microsoft Visual Studio\18\Community\VC\Tools\MSVC\14.50.35717\include\xutility(4975,31):
          ╨▓╤Л╨┐╨╛╨╗╨╜╤П╨╡╤В╤Б╤П ╨║╨╛╨╝╨┐╨╕╨╗╤П╤Ж╨╕╤П ╤Б╤Б╤Л╨╗╨║╨╕ ╨╜╨░ ╤Н╨║╨╖╨╡╨╝╨┐╨╗╤П╤А ╤И╨░╨▒╨╗╨╛╨╜ ╤Д╤Г╨╜╨║╤Ж╨╕╨╕ "decltype(auto) std::_Get_unwrapped_n<stdext::checked_array_iterator<T *>,__int64>(_Iter &&,const _Diff)"
          with
          [
              T=fmt::v9::detail::bigint::bigit,
              _Iter=stdext::checked_array_iterator<fmt::v9::detail::bigint::bigit *>,
              _Diff=__int64
          ]
          C:\Program Files\Microsoft Visual Studio\18\Community\VC\Tools\MSVC\14.50.35717\include\xutility(1512,26):
          ╨▓╤Л╨┐╨╛╨╗╨╜╤П╨╡╤В╤Б╤П ╨║╨╛╨╝╨┐╨╕╨╗╤П╤Ж╨╕╤П ╤Б╤Б╤Л╨╗╨║╨╕ ╨╜╨░ ╤И╨░╨▒╨╗╨╛╨╜ ╨┐╨╡╤А╨╡╨╝╨╡╨╜╨╜╨╛╨╣ "const bool _Unwrappable_for_offset_v<stdext::checked_array_iterator<unsigned int *> >"
          C:\Program Files\Microsoft Visual Studio\18\Community\VC\Tools\MSVC\14.50.35717\include\xutility(1506,44):
          ╨▓╤Л╨┐╨╛╨╗╨╜╤П╨╡╤В╤Б╤П ╨║╨╛╨╝╨┐╨╕╨╗╤П╤Ж╨╕╤П ╤Б╤Б╤Л╨╗╨║╨╕ ╨╜╨░ ╤И╨░╨▒╨╗╨╛╨╜ ╨┐╨╡╤А╨╡╨╝╨╡╨╜╨╜╨╛╨╣ "const bool _Unwrappable_v<stdext::checked_array_iterator<unsigned int *>,void>"
          C:\Program Files\Microsoft Visual Studio\18\Community\VC\Tools\MSVC\14.50.35717\include\xutility(1435,5):
          ╨▓╤Л╨┐╨╛╨╗╨╜╤П╨╡╤В╤Б╤П ╨║╨╛╨╝╨┐╨╕╨╗╤П╤Ж╨╕╤П ╤Б╤Б╤Л╨╗╨║╨╕ ╨╜╨░ ╤И╨░╨▒╨╗╨╛╨╜ ╨┐╨╡╤А╨╡╨╝╨╡╨╜╨╜╨╛╨╣ "const bool _Allow_inheriting_unwrap_v<stdext::checked_array_iterator<unsigned int *>,void>"
  
C:\Program Files\Microsoft Visual Studio\18\Community\VC\Tools\MSVC\14.50.35717\include\xutility(1407,22): warning C4996: 'stdext::checked_array_iterator<T *>::_Prevent_inheriting_unwrap': warning STL4043: stdext::checked_array_iterator, stdext::unchecked_array_iterator, and related factory functions are non-Standard extensions and will be removed in the future. std::span (since C++20) and gsl::span can be used instead. You can define _SILENCE_STDEXT_ARR_ITERS_DEPRECATION_WARNING or _SILENCE_ALL_MS_EXT_DEPRECATION_WARNINGS to suppress this warning. [C:\CLOUDPROJECT\CLOUDENGINE\build_test\CloudEngine.vcxproj]
C:\Program Files\Microsoft Visual Studio\18\Community\VC\Tools\MSVC\14.50.35717\include\xutility(1407,22): warning C4996:         with [C:\CLOUDPROJECT\CLOUDENGINE\build_test\CloudEngine.vcxproj]
C:\Program Files\Microsoft Visual Studio\18\Community\VC\Tools\MSVC\14.50.35717\include\xutility(1407,22): warning C4996:         [ [C:\CLOUDPROJECT\CLOUDENGINE\build_test\CloudEngine.vcxproj]
C:\Program Files\Microsoft Visual Studio\18\Community\VC\Tools\MSVC\14.50.35717\include\xutility(1407,22): warning C4996:             T=fmt::v9::detail::bigint::bigit [C:\CLOUDPROJECT\CLOUDENGINE\build_test\CloudEngine.vcxproj]
C:\Program Files\Microsoft Visual Studio\18\Community\VC\Tools\MSVC\14.50.35717\include\xutility(1407,22): warning C4996:         ] [C:\CLOUDPROJECT\CLOUDENGINE\build_test\CloudEngine.vcxproj]
  (╨║╨╛╨╝╨┐╨╕╨╗╤П╤Ж╨╕╤П ╨╕╤Б╤Е╨╛╨┤╨╜╨╛╨│╨╛ ╤Д╨░╨╣╨╗╨░ "../src/ecs/modules/render_module.cpp")
  
C:\Program Files\Microsoft Visual Studio\18\Community\VC\Tools\MSVC\14.50.35717\include\__msvc_iter_core.hpp(476,40): warning C4996: 'stdext::checked_array_iterator<T *>': warning STL4043: stdext::checked_array_iterator, stdext::unchecked_array_iterator, and related factory functions are non-Standard extensions and will be removed in the future. std::span (since C++20) and gsl::span can be used instead. You can define _SILENCE_STDEXT_ARR_ITERS_DEPRECATION_WARNING or _SILENCE_ALL_MS_EXT_DEPRECATION_WARNINGS to suppress this warning. [C:\CLOUDPROJECT\CLOUDENGINE\build_test\CloudEngine.vcxproj]
C:\Program Files\Microsoft Visual Studio\18\Community\VC\Tools\MSVC\14.50.35717\include\__msvc_iter_core.hpp(476,40): warning C4996:         with [C:\CLOUDPROJECT\CLOUDENGINE\build_test\CloudEngine.vcxproj]
C:\Program Files\Microsoft Visual Studio\18\Community\VC\Tools\MSVC\14.50.35717\include\__msvc_iter_core.hpp(476,40): warning C4996:         [ [C:\CLOUDPROJECT\CLOUDENGINE\build_test\CloudEngine.vcxproj]
C:\Program Files\Microsoft Visual Studio\18\Community\VC\Tools\MSVC\14.50.35717\include\__msvc_iter_core.hpp(476,40): warning C4996:             T=fmt::v9::detail::bigint::bigit [C:\CLOUDPROJECT\CLOUDENGINE\build_test\CloudEngine.vcxproj]
C:\Program Files\Microsoft Visual Studio\18\Community\VC\Tools\MSVC\14.50.35717\include\__msvc_iter_core.hpp(476,40): warning C4996:         ] [C:\CLOUDPROJECT\CLOUDENGINE\build_test\CloudEngine.vcxproj]
  (╨║╨╛╨╝╨┐╨╕╨╗╤П╤Ж╨╕╤П ╨╕╤Б╤Е╨╛╨┤╨╜╨╛╨│╨╛ ╤Д╨░╨╣╨╗╨░ "../src/ecs/modules/render_module.cpp")
      C:\Program Files\Microsoft Visual Studio\18\Community\VC\Tools\MSVC\14.50.35717\include\iterator(1501,35):
       ╤Б╨╝. ╨╛╨▒╤К╤П╨▓╨╗╨╡╨╜╨╕╨╡ "stdext::checked_array_iterator"
      C:\Program Files\Microsoft Visual Studio\18\Community\VC\Tools\MSVC\14.50.35717\include\__msvc_iter_core.hpp(476,40):
      ╨║╨╛╨╜╤В╨╡╨║╤Б╤В ╤Б╨╛╨╖╨┤╨░╨╜╨╕╤П ╤Н╨║╨╖╨╡╨╝╨┐╨╗╤П╤А╨░ ╤И╨░╨▒╨╗╨╛╨╜╨░ (╤Б╨╜╨░╤З╨░╨╗╨░ ╤Б╨░╨╝╤Л╨╣ ╤Б╤В╨░╤А╤Л╨╣)
          C:\Program Files\Microsoft Visual Studio\18\Community\VC\Tools\MSVC\14.50.35717\include\xutility(1502,93):
          ╨▓╤Л╨┐╨╛╨╗╨╜╤П╨╡╤В╤Б╤П ╨║╨╛╨╝╨┐╨╕╨╗╤П╤Ж╨╕╤П ╤Б╤Б╤Л╨╗╨║╨╕ ╨╜╨░ ╤Н╨║╨╖╨╡╨╝╨┐╨╗╤П╤А ╨┐╤Б╨╡╨▓╨┤╨╛╨╜╨╕╨╝ ╤И╨░╨▒╨╗╨╛╨╜ ╤Д╤Г╨╜╨║╤Ж╨╕╨╕ "std::_Iter_diff_t<_Iter>"
          with
          [
              _Iter=stdext::checked_array_iterator<fmt::v9::detail::bigint::bigit *>
          ]
          C:\Program Files\Microsoft Visual Studio\18\Community\VC\Tools\MSVC\14.50.35717\include\xutility(1311,55):
          ╨▓╤Л╨┐╨╛╨╗╨╜╤П╨╡╤В╤Б╤П ╨║╨╛╨╝╨┐╨╕╨╗╤П╤Ж╨╕╤П ╤Б╤Б╤Л╨╗╨║╨╕ ╨╜╨░ ╤Н╨║╨╖╨╡╨╝╨┐╨╗╤П╤А ╨║╨╗╨░╤Б╤Б ╤И╨░╨▒╨╗╨╛╨╜ ╤Д╤Г╨╜╨║╤Ж╨╕╨╕ "std::iterator_traits<_Iter>"
          with
          [
              _Iter=stdext::checked_array_iterator<fmt::v9::detail::bigint::bigit *>
          ]
          C:\Program Files\Microsoft Visual Studio\18\Community\VC\Tools\MSVC\14.50.35717\include\__msvc_iter_core.hpp(496,26):
          ╨▓╤Л╨┐╨╛╨╗╨╜╤П╨╡╤В╤Б╤П ╨║╨╛╨╝╨┐╨╕╨╗╤П╤Ж╨╕╤П ╤Б╤Б╤Л╨╗╨║╨╕ ╨╜╨░ ╤Н╨║╨╖╨╡╨╝╨┐╨╗╤П╤А ╨║╨╗╨░╤Б╤Б ╤И╨░╨▒╨╗╨╛╨╜ ╤Д╤Г╨╜╨║╤Ж╨╕╨╕ "std::_Iterator_traits_base<_Iter,void>"
          with
          [
              _Iter=stdext::checked_array_iterator<fmt::v9::detail::bigint::bigit *>
          ]
  
C:\Program Files\Microsoft Visual Studio\18\Community\VC\Tools\MSVC\14.50.35717\include\__msvc_iter_core.hpp(476,31): warning C4996: 'stdext::checked_array_iterator<T *>::iterator_category': warning STL4043: stdext::checked_array_iterator, stdext::unchecked_array_iterator, and related factory functions are non-Standard extensions and will be removed in the future. std::span (since C++20) and gsl::span can be used instead. You can define _SILENCE_STDEXT_ARR_ITERS_DEPRECATION_WARNING or _SILENCE_ALL_MS_EXT_DEPRECATION_WARNINGS to suppress this warning. [C:\CLOUDPROJECT\CLOUDENGINE\build_test\CloudEngine.vcxproj]
C:\Program Files\Microsoft Visual Studio\18\Community\VC\Tools\MSVC\14.50.35717\include\__msvc_iter_core.hpp(476,31): warning C4996:         with [C:\CLOUDPROJECT\CLOUDENGINE\build_test\CloudEngine.vcxproj]
C:\Program Files\Microsoft Visual Studio\18\Community\VC\Tools\MSVC\14.50.35717\include\__msvc_iter_core.hpp(476,31): warning C4996:         [ [C:\CLOUDPROJECT\CLOUDENGINE\build_test\CloudEngine.vcxproj]
C:\Program Files\Microsoft Visual Studio\18\Community\VC\Tools\MSVC\14.50.35717\include\__msvc_iter_core.hpp(476,31): warning C4996:             T=fmt::v9::detail::bigint::bigit [C:\CLOUDPROJECT\CLOUDENGINE\build_test\CloudEngine.vcxproj]
C:\Program Files\Microsoft Visual Studio\18\Community\VC\Tools\MSVC\14.50.35717\include\__msvc_iter_core.hpp(476,31): warning C4996:         ] [C:\CLOUDPROJECT\CLOUDENGINE\build_test\CloudEngine.vcxproj]
  (╨║╨╛╨╝╨┐╨╕╨╗╤П╤Ж╨╕╤П ╨╕╤Б╤Е╨╛╨┤╨╜╨╛╨│╨╛ ╤Д╨░╨╣╨╗╨░ "../src/ecs/modules/render_module.cpp")
  
C:\Program Files\Microsoft Visual Studio\18\Community\VC\Tools\MSVC\14.50.35717\include\__msvc_iter_core.hpp(477,40): warning C4996: 'stdext::checked_array_iterator<T *>': warning STL4043: stdext::checked_array_iterator, stdext::unchecked_array_iterator, and related factory functions are non-Standard extensions and will be removed in the future. std::span (since C++20) and gsl::span can be used instead. You can define _SILENCE_STDEXT_ARR_ITERS_DEPRECATION_WARNING or _SILENCE_ALL_MS_EXT_DEPRECATION_WARNINGS to suppress this warning. [C:\CLOUDPROJECT\CLOUDENGINE\build_test\CloudEngine.vcxproj]
C:\Program Files\Microsoft Visual Studio\18\Community\VC\Tools\MSVC\14.50.35717\include\__msvc_iter_core.hpp(477,40): warning C4996:         with [C:\CLOUDPROJECT\CLOUDENGINE\build_test\CloudEngine.vcxproj]
C:\Program Files\Microsoft Visual Studio\18\Community\VC\Tools\MSVC\14.50.35717\include\__msvc_iter_core.hpp(477,40): warning C4996:         [ [C:\CLOUDPROJECT\CLOUDENGINE\build_test\CloudEngine.vcxproj]
C:\Program Files\Microsoft Visual Studio\18\Community\VC\Tools\MSVC\14.50.35717\include\__msvc_iter_core.hpp(477,40): warning C4996:             T=fmt::v9::detail::bigint::bigit [C:\CLOUDPROJECT\CLOUDENGINE\build_test\CloudEngine.vcxproj]
C:\Program Files\Microsoft Visual Studio\18\Community\VC\Tools\MSVC\14.50.35717\include\__msvc_iter_core.hpp(477,40): warning C4996:         ] [C:\CLOUDPROJECT\CLOUDENGINE\build_test\CloudEngine.vcxproj]
  (╨║╨╛╨╝╨┐╨╕╨╗╤П╤Ж╨╕╤П ╨╕╤Б╤Е╨╛╨┤╨╜╨╛╨│╨╛ ╤Д╨░╨╣╨╗╨░ "../src/ecs/modules/render_module.cpp")
      C:\Program Files\Microsoft Visual Studio\18\Community\VC\Tools\MSVC\14.50.35717\include\iterator(1501,35):
       ╤Б╨╝. ╨╛╨▒╤К╤П╨▓╨╗╨╡╨╜╨╕╨╡ "stdext::checked_array_iterator"
  
C:\Program Files\Microsoft Visual Studio\18\Community\VC\Tools\MSVC\14.50.35717\include\__msvc_iter_core.hpp(477,31): warning C4996: 'stdext::checked_array_iterator<T *>::value_type': warning STL4043: stdext::checked_array_iterator, stdext::unchecked_array_iterator, and related factory functions are non-Standard extensions and will be removed in the future. std::span (since C++20) and gsl::span can be used instead. You can define _SILENCE_STDEXT_ARR_ITERS_DEPRECATION_WARNING or _SILENCE_ALL_MS_EXT_DEPRECATION_WARNINGS to suppress this warning. [C:\CLOUDPROJECT\CLOUDENGINE\build_test\CloudEngine.vcxproj]
C:\Program Files\Microsoft Visual Studio\18\Community\VC\Tools\MSVC\14.50.35717\include\__msvc_iter_core.hpp(477,31): warning C4996:         with [C:\CLOUDPROJECT\CLOUDENGINE\build_test\CloudEngine.vcxproj]
C:\Program Files\Microsoft Visual Studio\18\Community\VC\Tools\MSVC\14.50.35717\include\__msvc_iter_core.hpp(477,31): warning C4996:         [ [C:\CLOUDPROJECT\CLOUDENGINE\build_test\CloudEngine.vcxproj]
C:\Program Files\Microsoft Visual Studio\18\Community\VC\Tools\MSVC\14.50.35717\include\__msvc_iter_core.hpp(477,31): warning C4996:             T=fmt::v9::detail::bigint::bigit [C:\CLOUDPROJECT\CLOUDENGINE\build_test\CloudEngine.vcxproj]
C:\Program Files\Microsoft Visual Studio\18\Community\VC\Tools\MSVC\14.50.35717\include\__msvc_iter_core.hpp(477,31): warning C4996:         ] [C:\CLOUDPROJECT\CLOUDENGINE\build_test\CloudEngine.vcxproj]
  (╨║╨╛╨╝╨┐╨╕╨╗╤П╤Ж╨╕╤П ╨╕╤Б╤Е╨╛╨┤╨╜╨╛╨│╨╛ ╤Д╨░╨╣╨╗╨░ "../src/ecs/modules/render_module.cpp")
  
C:\Program Files\Microsoft Visual Studio\18\Community\VC\Tools\MSVC\14.50.35717\include\__msvc_iter_core.hpp(478,40): warning C4996: 'stdext::checked_array_iterator<T *>': warning STL4043: stdext::checked_array_iterator, stdext::unchecked_array_iterator, and related factory functions are non-Standard extensions and will be removed in the future. std::span (since C++20) and gsl::span can be used instead. You can define _SILENCE_STDEXT_ARR_ITERS_DEPRECATION_WARNING or _SILENCE_ALL_MS_EXT_DEPRECATION_WARNINGS to suppress this warning. [C:\CLOUDPROJECT\CLOUDENGINE\build_test\CloudEngine.vcxproj]
C:\Program Files\Microsoft Visual Studio\18\Community\VC\Tools\MSVC\14.50.35717\include\__msvc_iter_core.hpp(478,40): warning C4996:         with [C:\CLOUDPROJECT\CLOUDENGINE\build_test\CloudEngine.vcxproj]
C:\Program Files\Microsoft Visual Studio\18\Community\VC\Tools\MSVC\14.50.35717\include\__msvc_iter_core.hpp(478,40): warning C4996:         [ [C:\CLOUDPROJECT\CLOUDENGINE\build_test\CloudEngine.vcxproj]
C:\Program Files\Microsoft Visual Studio\18\Community\VC\Tools\MSVC\14.50.35717\include\__msvc_iter_core.hpp(478,40): warning C4996:             T=fmt::v9::detail::bigint::bigit [C:\CLOUDPROJECT\CLOUDENGINE\build_test\CloudEngine.vcxproj]
C:\Program Files\Microsoft Visual Studio\18\Community\VC\Tools\MSVC\14.50.35717\include\__msvc_iter_core.hpp(478,40): warning C4996:         ] [C:\CLOUDPROJECT\CLOUDENGINE\build_test\CloudEngine.vcxproj]
  (╨║╨╛╨╝╨┐╨╕╨╗╤П╤Ж╨╕╤П ╨╕╤Б╤Е╨╛╨┤╨╜╨╛╨│╨╛ ╤Д╨░╨╣╨╗╨░ "../src/ecs/modules/render_module.cpp")
      C:\Program Files\Microsoft Visual Studio\18\Community\VC\Tools\MSVC\14.50.35717\include\iterator(1501,35):
       ╤Б╨╝. ╨╛╨▒╤К╤П╨▓╨╗╨╡╨╜╨╕╨╡ "stdext::checked_array_iterator"
  
C:\Program Files\Microsoft Visual Studio\18\Community\VC\Tools\MSVC\14.50.35717\include\__msvc_iter_core.hpp(478,31): warning C4996: 'stdext::checked_array_iterator<T *>::difference_type': warning STL4043: stdext::checked_array_iterator, stdext::unchecked_array_iterator, and related factory functions are non-Standard extensions and will be removed in the future. std::span (since C++20) and gsl::span can be used instead. You can define _SILENCE_STDEXT_ARR_ITERS_DEPRECATION_WARNING or _SILENCE_ALL_MS_EXT_DEPRECATION_WARNINGS to suppress this warning. [C:\CLOUDPROJECT\CLOUDENGINE\build_test\CloudEngine.vcxproj]
C:\Program Files\Microsoft Visual Studio\18\Community\VC\Tools\MSVC\14.50.35717\include\__msvc_iter_core.hpp(478,31): warning C4996:         with [C:\CLOUDPROJECT\CLOUDENGINE\build_test\CloudEngine.vcxproj]
C:\Program Files\Microsoft Visual Studio\18\Community\VC\Tools\MSVC\14.50.35717\include\__msvc_iter_core.hpp(478,31): warning C4996:         [ [C:\CLOUDPROJECT\CLOUDENGINE\build_test\CloudEngine.vcxproj]
C:\Program Files\Microsoft Visual Studio\18\Community\VC\Tools\MSVC\14.50.35717\include\__msvc_iter_core.hpp(478,31): warning C4996:             T=fmt::v9::detail::bigint::bigit [C:\CLOUDPROJECT\CLOUDENGINE\build_test\CloudEngine.vcxproj]
C:\Program Files\Microsoft Visual Studio\18\Community\VC\Tools\MSVC\14.50.35717\include\__msvc_iter_core.hpp(478,31): warning C4996:         ] [C:\CLOUDPROJECT\CLOUDENGINE\build_test\CloudEngine.vcxproj]
  (╨║╨╛╨╝╨┐╨╕╨╗╤П╤Ж╨╕╤П ╨╕╤Б╤Е╨╛╨┤╨╜╨╛╨│╨╛ ╤Д╨░╨╣╨╗╨░ "../src/ecs/modules/render_module.cpp")
  
C:\Program Files\Microsoft Visual Studio\18\Community\VC\Tools\MSVC\14.50.35717\include\__msvc_iter_core.hpp(479,40): warning C4996: 'stdext::checked_array_iterator<T *>': warning STL4043: stdext::checked_array_iterator, stdext::unchecked_array_iterator, and related factory functions are non-Standard extensions and will be removed in the future. std::span (since C++20) and gsl::span can be used instead. You can define _SILENCE_STDEXT_ARR_ITERS_DEPRECATION_WARNING or _SILENCE_ALL_MS_EXT_DEPRECATION_WARNINGS to suppress this warning. [C:\CLOUDPROJECT\CLOUDENGINE\build_test\CloudEngine.vcxproj]
C:\Program Files\Microsoft Visual Studio\18\Community\VC\Tools\MSVC\14.50.35717\include\__msvc_iter_core.hpp(479,40): warning C4996:         with [C:\CLOUDPROJECT\CLOUDENGINE\build_test\CloudEngine.vcxproj]
C:\Program Files\Microsoft Visual Studio\18\Community\VC\Tools\MSVC\14.50.35717\include\__msvc_iter_core.hpp(479,40): warning C4996:         [ [C:\CLOUDPROJECT\CLOUDENGINE\build_test\CloudEngine.vcxproj]
C:\Program Files\Microsoft Visual Studio\18\Community\VC\Tools\MSVC\14.50.35717\include\__msvc_iter_core.hpp(479,40): warning C4996:             T=fmt::v9::detail::bigint::bigit [C:\CLOUDPROJECT\CLOUDENGINE\build_test\CloudEngine.vcxproj]
C:\Program Files\Microsoft Visual Studio\18\Community\VC\Tools\MSVC\14.50.35717\include\__msvc_iter_core.hpp(479,40): warning C4996:         ] [C:\CLOUDPROJECT\CLOUDENGINE\build_test\CloudEngine.vcxproj]
  (╨║╨╛╨╝╨┐╨╕╨╗╤П╤Ж╨╕╤П ╨╕╤Б╤Е╨╛╨┤╨╜╨╛╨│╨╛ ╤Д╨░╨╣╨╗╨░ "../src/ecs/modules/render_module.cpp")
      C:\Program Files\Microsoft Visual Studio\18\Community\VC\Tools\MSVC\14.50.35717\include\iterator(1501,35):
       ╤Б╨╝. ╨╛╨▒╤К╤П╨▓╨╗╨╡╨╜╨╕╨╡ "stdext::checked_array_iterator"
  
C:\Program Files\Microsoft Visual Studio\18\Community\VC\Tools\MSVC\14.50.35717\include\__msvc_iter_core.hpp(479,31): warning C4996: 'stdext::checked_array_iterator<T *>::pointer': warning STL4043: stdext::checked_array_iterator, stdext::unchecked_array_iterator, and related factory functions are non-Standard extensions and will be removed in the future. std::span (since C++20) and gsl::span can be used instead. You can define _SILENCE_STDEXT_ARR_ITERS_DEPRECATION_WARNING or _SILENCE_ALL_MS_EXT_DEPRECATION_WARNINGS to suppress this warning. [C:\CLOUDPROJECT\CLOUDENGINE\build_test\CloudEngine.vcxproj]
C:\Program Files\Microsoft Visual Studio\18\Community\VC\Tools\MSVC\14.50.35717\include\__msvc_iter_core.hpp(479,31): warning C4996:         with [C:\CLOUDPROJECT\CLOUDENGINE\build_test\CloudEngine.vcxproj]
C:\Program Files\Microsoft Visual Studio\18\Community\VC\Tools\MSVC\14.50.35717\include\__msvc_iter_core.hpp(479,31): warning C4996:         [ [C:\CLOUDPROJECT\CLOUDENGINE\build_test\CloudEngine.vcxproj]
C:\Program Files\Microsoft Visual Studio\18\Community\VC\Tools\MSVC\14.50.35717\include\__msvc_iter_core.hpp(479,31): warning C4996:             T=fmt::v9::detail::bigint::bigit [C:\CLOUDPROJECT\CLOUDENGINE\build_test\CloudEngine.vcxproj]
C:\Program Files\Microsoft Visual Studio\18\Community\VC\Tools\MSVC\14.50.35717\include\__msvc_iter_core.hpp(479,31): warning C4996:         ] [C:\CLOUDPROJECT\CLOUDENGINE\build_test\CloudEngine.vcxproj]
  (╨║╨╛╨╝╨┐╨╕╨╗╤П╤Ж╨╕╤П ╨╕╤Б╤Е╨╛╨┤╨╜╨╛╨│╨╛ ╤Д╨░╨╣╨╗╨░ "../src/ecs/modules/render_module.cpp")
  
C:\Program Files\Microsoft Visual Studio\18\Community\VC\Tools\MSVC\14.50.35717\include\__msvc_iter_core.hpp(480,40): warning C4996: 'stdext::checked_array_iterator<T *>': warning STL4043: stdext::checked_array_iterator, stdext::unchecked_array_iterator, and related factory functions are non-Standard extensions and will be removed in the future. std::span (since C++20) and gsl::span can be used instead. You can define _SILENCE_STDEXT_ARR_ITERS_DEPRECATION_WARNING or _SILENCE_ALL_MS_EXT_DEPRECATION_WARNINGS to suppress this warning. [C:\CLOUDPROJECT\CLOUDENGINE\build_test\CloudEngine.vcxproj]
C:\Program Files\Microsoft Visual Studio\18\Community\VC\Tools\MSVC\14.50.35717\include\__msvc_iter_core.hpp(480,40): warning C4996:         with [C:\CLOUDPROJECT\CLOUDENGINE\build_test\CloudEngine.vcxproj]
C:\Program Files\Microsoft Visual Studio\18\Community\VC\Tools\MSVC\14.50.35717\include\__msvc_iter_core.hpp(480,40): warning C4996:         [ [C:\CLOUDPROJECT\CLOUDENGINE\build_test\CloudEngine.vcxproj]
C:\Program Files\Microsoft Visual Studio\18\Community\VC\Tools\MSVC\14.50.35717\include\__msvc_iter_core.hpp(480,40): warning C4996:             T=fmt::v9::detail::bigint::bigit [C:\CLOUDPROJECT\CLOUDENGINE\build_test\CloudEngine.vcxproj]
C:\Program Files\Microsoft Visual Studio\18\Community\VC\Tools\MSVC\14.50.35717\include\__msvc_iter_core.hpp(480,40): warning C4996:         ] [C:\CLOUDPROJECT\CLOUDENGINE\build_test\CloudEngine.vcxproj]
  (╨║╨╛╨╝╨┐╨╕╨╗╤П╤Ж╨╕╤П ╨╕╤Б╤Е╨╛╨┤╨╜╨╛╨│╨╛ ╤Д╨░╨╣╨╗╨░ "../src/ecs/modules/render_module.cpp")
      C:\Program Files\Microsoft Visual Studio\18\Community\VC\Tools\MSVC\14.50.35717\include\iterator(1501,35):
       ╤Б╨╝. ╨╛╨▒╤К╤П╨▓╨╗╨╡╨╜╨╕╨╡ "stdext::checked_array_iterator"
  
C:\Program Files\Microsoft Visual Studio\18\Community\VC\Tools\MSVC\14.50.35717\include\__msvc_iter_core.hpp(480,31): warning C4996: 'stdext::checked_array_iterator<T *>::reference': warning STL4043: stdext::checked_array_iterator, stdext::unchecked_array_iterator, and related factory functions are non-Standard extensions and will be removed in the future. std::span (since C++20) and gsl::span can be used instead. You can define _SILENCE_STDEXT_ARR_ITERS_DEPRECATION_WARNING or _SILENCE_ALL_MS_EXT_DEPRECATION_WARNINGS to suppress this warning. [C:\CLOUDPROJECT\CLOUDENGINE\build_test\CloudEngine.vcxproj]
C:\Program Files\Microsoft Visual Studio\18\Community\VC\Tools\MSVC\14.50.35717\include\__msvc_iter_core.hpp(480,31): warning C4996:         with [C:\CLOUDPROJECT\CLOUDENGINE\build_test\CloudEngine.vcxproj]
C:\Program Files\Microsoft Visual Studio\18\Community\VC\Tools\MSVC\14.50.35717\include\__msvc_iter_core.hpp(480,31): warning C4996:         [ [C:\CLOUDPROJECT\CLOUDENGINE\build_test\CloudEngine.vcxproj]
C:\Program Files\Microsoft Visual Studio\18\Community\VC\Tools\MSVC\14.50.35717\include\__msvc_iter_core.hpp(480,31): warning C4996:             T=fmt::v9::detail::bigint::bigit [C:\CLOUDPROJECT\CLOUDENGINE\build_test\CloudEngine.vcxproj]
C:\Program Files\Microsoft Visual Studio\18\Community\VC\Tools\MSVC\14.50.35717\include\__msvc_iter_core.hpp(480,31): warning C4996:         ] [C:\CLOUDPROJECT\CLOUDENGINE\build_test\CloudEngine.vcxproj]
  (╨║╨╛╨╝╨┐╨╕╨╗╤П╤Ж╨╕╤П ╨╕╤Б╤Е╨╛╨┤╨╜╨╛╨│╨╛ ╤Д╨░╨╣╨╗╨░ "../src/ecs/modules/render_module.cpp")
  
C:\Program Files\Microsoft Visual Studio\18\Community\VC\Tools\MSVC\14.50.35717\include\xutility(1523,13): warning C4996: 'stdext::checked_array_iterator<T *>::_Verify_offset': warning STL4043: stdext::checked_array_iterator, stdext::unchecked_array_iterator, and related factory functions are non-Standard extensions and will be removed in the future. std::span (since C++20) and gsl::span can be used instead. You can define _SILENCE_STDEXT_ARR_ITERS_DEPRECATION_WARNING or _SILENCE_ALL_MS_EXT_DEPRECATION_WARNINGS to suppress this warning. [C:\CLOUDPROJECT\CLOUDENGINE\build_test\CloudEngine.vcxproj]
C:\Program Files\Microsoft Visual Studio\18\Community\VC\Tools\MSVC\14.50.35717\include\xutility(1523,13): warning C4996:         with [C:\CLOUDPROJECT\CLOUDENGINE\build_test\CloudEngine.vcxproj]
C:\Program Files\Microsoft Visual Studio\18\Community\VC\Tools\MSVC\14.50.35717\include\xutility(1523,13): warning C4996:         [ [C:\CLOUDPROJECT\CLOUDENGINE\build_test\CloudEngine.vcxproj]
C:\Program Files\Microsoft Visual Studio\18\Community\VC\Tools\MSVC\14.50.35717\include\xutility(1523,13): warning C4996:             T=fmt::v9::detail::bigint::bigit [C:\CLOUDPROJECT\CLOUDENGINE\build_test\CloudEngine.vcxproj]
C:\Program Files\Microsoft Visual Studio\18\Community\VC\Tools\MSVC\14.50.35717\include\xutility(1523,13): warning C4996:         ] [C:\CLOUDPROJECT\CLOUDENGINE\build_test\CloudEngine.vcxproj]
  (╨║╨╛╨╝╨┐╨╕╨╗╤П╤Ж╨╕╤П ╨╕╤Б╤Е╨╛╨┤╨╜╨╛╨│╨╛ ╤Д╨░╨╣╨╗╨░ "../src/ecs/modules/render_module.cpp")
  
C:\Program Files\Microsoft Visual Studio\18\Community\VC\Tools\MSVC\14.50.35717\include\xutility(1524,42): warning C4996: 'stdext::checked_array_iterator<T *>::_Unwrapped': warning STL4043: stdext::checked_array_iterator, stdext::unchecked_array_iterator, and related factory functions are non-Standard extensions and will be removed in the future. std::span (since C++20) and gsl::span can be used instead. You can define _SILENCE_STDEXT_ARR_ITERS_DEPRECATION_WARNING or _SILENCE_ALL_MS_EXT_DEPRECATION_WARNINGS to suppress this warning. [C:\CLOUDPROJECT\CLOUDENGINE\build_test\CloudEngine.vcxproj]
C:\Program Files\Microsoft Visual Studio\18\Community\VC\Tools\MSVC\14.50.35717\include\xutility(1524,42): warning C4996:         with [C:\CLOUDPROJECT\CLOUDENGINE\build_test\CloudEngine.vcxproj]
C:\Program Files\Microsoft Visual Studio\18\Community\VC\Tools\MSVC\14.50.35717\include\xutility(1524,42): warning C4996:         [ [C:\CLOUDPROJECT\CLOUDENGINE\build_test\CloudEngine.vcxproj]
C:\Program Files\Microsoft Visual Studio\18\Community\VC\Tools\MSVC\14.50.35717\include\xutility(1524,42): warning C4996:             T=fmt::v9::detail::bigint::bigit [C:\CLOUDPROJECT\CLOUDENGINE\build_test\CloudEngine.vcxproj]
C:\Program Files\Microsoft Visual Studio\18\Community\VC\Tools\MSVC\14.50.35717\include\xutility(1524,42): warning C4996:         ] [C:\CLOUDPROJECT\CLOUDENGINE\build_test\CloudEngine.vcxproj]
  (╨║╨╛╨╝╨┐╨╕╨╗╤П╤Ж╨╕╤П ╨╕╤Б╤Е╨╛╨┤╨╜╨╛╨│╨╛ ╤Д╨░╨╣╨╗╨░ "../src/ecs/modules/render_module.cpp")
  
C:\Program Files\Microsoft Visual Studio\18\Community\VC\Tools\MSVC\14.50.35717\include\xutility(1545,13): warning C4996: 'stdext::checked_array_iterator<T *>::_Seek_to': warning STL4043: stdext::checked_array_iterator, stdext::unchecked_array_iterator, and related factory functions are non-Standard extensions and will be removed in the future. std::span (since C++20) and gsl::span can be used instead. You can define _SILENCE_STDEXT_ARR_ITERS_DEPRECATION_WARNING or _SILENCE_ALL_MS_EXT_DEPRECATION_WARNINGS to suppress this warning. [C:\CLOUDPROJECT\CLOUDENGINE\build_test\CloudEngine.vcxproj]
C:\Program Files\Microsoft Visual Studio\18\Community\VC\Tools\MSVC\14.50.35717\include\xutility(1545,13): warning C4996:         with [C:\CLOUDPROJECT\CLOUDENGINE\build_test\CloudEngine.vcxproj]
C:\Program Files\Microsoft Visual Studio\18\Community\VC\Tools\MSVC\14.50.35717\include\xutility(1545,13): warning C4996:         [ [C:\CLOUDPROJECT\CLOUDENGINE\build_test\CloudEngine.vcxproj]
C:\Program Files\Microsoft Visual Studio\18\Community\VC\Tools\MSVC\14.50.35717\include\xutility(1545,13): warning C4996:             T=fmt::v9::detail::bigint::bigit [C:\CLOUDPROJECT\CLOUDENGINE\build_test\CloudEngine.vcxproj]
C:\Program Files\Microsoft Visual Studio\18\Community\VC\Tools\MSVC\14.50.35717\include\xutility(1545,13): warning C4996:         ] [C:\CLOUDPROJECT\CLOUDENGINE\build_test\CloudEngine.vcxproj]
  (╨║╨╛╨╝╨┐╨╕╨╗╤П╤Ж╨╕╤П ╨╕╤Б╤Е╨╛╨┤╨╜╨╛╨│╨╛ ╤Д╨░╨╣╨╗╨░ "../src/ecs/modules/render_module.cpp")
      C:\Program Files\Microsoft Visual Studio\18\Community\VC\Tools\MSVC\14.50.35717\include\xutility(1545,13):
      ╨║╨╛╨╜╤В╨╡╨║╤Б╤В ╤Б╨╛╨╖╨┤╨░╨╜╨╕╤П ╤Н╨║╨╖╨╡╨╝╨┐╨╗╤П╤А╨░ ╤И╨░╨▒╨╗╨╛╨╜╨░ (╤Б╨╜╨░╤З╨░╨╗╨░ ╤Б╨░╨╝╤Л╨╣ ╤Б╤В╨░╤А╤Л╨╣)
          C:\CLOUDPROJECT\CLOUDENGINE\libs\spdlog\include\spdlog\fmt\bundled\format.h(2807,10):
          ╨▓╤Л╨┐╨╛╨╗╨╜╤П╨╡╤В╤Б╤П ╨║╨╛╨╝╨┐╨╕╨╗╤П╤Ж╨╕╤П ╤Б╤Б╤Л╨╗╨║╨╕ ╨╜╨░ ╤Н╨║╨╖╨╡╨╝╨┐╨╗╤П╤А ╤И╨░╨▒╨╗╨╛╨╜ ╤Д╤Г╨╜╨║╤Ж╨╕╨╕ "_OutIt std::copy<const T*,stdext::checked_array_iterator<T *>>(_InIt,_InIt,_OutIt)"
          with
          [
              _OutIt=stdext::checked_array_iterator<fmt::v9::detail::bigint::bigit *>,
              T=fmt::v9::detail::bigint::bigit,
              _InIt=const fmt::v9::detail::bigint::bigit *
          ]
          C:\Program Files\Microsoft Visual Studio\18\Community\VC\Tools\MSVC\14.50.35717\include\xutility(4976,10):
          ╨▓╤Л╨┐╨╛╨╗╨╜╤П╨╡╤В╤Б╤П ╨║╨╛╨╝╨┐╨╕╨╗╤П╤Ж╨╕╤П ╤Б╤Б╤Л╨╗╨║╨╕ ╨╜╨░ ╤Н╨║╨╖╨╡╨╝╨┐╨╗╤П╤А ╤И╨░╨▒╨╗╨╛╨╜ ╤Д╤Г╨╜╨║╤Ж╨╕╨╕ "void std::_Seek_wrapped<_OutIt,unsigned int*>(_Iter &,_UIter &&)"
          with
          [
              _OutIt=stdext::checked_array_iterator<fmt::v9::detail::bigint::bigit *>,
              _Iter=stdext::checked_array_iterator<fmt::v9::detail::bigint::bigit *>,
              _UIter=fmt::v9::detail::bigint::bigit *
          ]
  
C:\Program Files\Microsoft Visual Studio\18\Community\VC\Tools\MSVC\14.50.35717\include\xutility(1407,31): warning C4996: 'stdext::checked_array_iterator<T *>': warning STL4043: stdext::checked_array_iterator, stdext::unchecked_array_iterator, and related factory functions are non-Standard extensions and will be removed in the future. std::span (since C++20) and gsl::span can be used instead. You can define _SILENCE_STDEXT_ARR_ITERS_DEPRECATION_WARNING or _SILENCE_ALL_MS_EXT_DEPRECATION_WARNINGS to suppress this warning. [C:\CLOUDPROJECT\CLOUDENGINE\build_test\CloudEngine.vcxproj]
C:\Program Files\Microsoft Visual Studio\18\Community\VC\Tools\MSVC\14.50.35717\include\xutility(1407,31): warning C4996:         with [C:\CLOUDPROJECT\CLOUDENGINE\build_test\CloudEngine.vcxproj]
C:\Program Files\Microsoft Visual Studio\18\Community\VC\Tools\MSVC\14.50.35717\include\xutility(1407,31): warning C4996:         [ [C:\CLOUDPROJECT\CLOUDENGINE\build_test\CloudEngine.vcxproj]
C:\Program Files\Microsoft Visual Studio\18\Community\VC\Tools\MSVC\14.50.35717\include\xutility(1407,31): warning C4996:             T=char [C:\CLOUDPROJECT\CLOUDENGINE\build_test\CloudEngine.vcxproj]
C:\Program Files\Microsoft Visual Studio\18\Community\VC\Tools\MSVC\14.50.35717\include\xutility(1407,31): warning C4996:         ] [C:\CLOUDPROJECT\CLOUDENGINE\build_test\CloudEngine.vcxproj]
  (╨║╨╛╨╝╨┐╨╕╨╗╤П╤Ж╨╕╤П ╨╕╤Б╤Е╨╛╨┤╨╜╨╛╨│╨╛ ╤Д╨░╨╣╨╗╨░ "../src/ecs/modules/render_module.cpp")
      C:\Program Files\Microsoft Visual Studio\18\Community\VC\Tools\MSVC\14.50.35717\include\iterator(1501,35):
       ╤Б╨╝. ╨╛╨▒╤К╤П╨▓╨╗╨╡╨╜╨╕╨╡ "stdext::checked_array_iterator"
      C:\Program Files\Microsoft Visual Studio\18\Community\VC\Tools\MSVC\14.50.35717\include\xutility(1407,31):
      ╨║╨╛╨╜╤В╨╡╨║╤Б╤В ╤Б╨╛╨╖╨┤╨░╨╜╨╕╤П ╤Н╨║╨╖╨╡╨╝╨┐╨╗╤П╤А╨░ ╤И╨░╨▒╨╗╨╛╨╜╨░ (╤Б╨╜╨░╤З╨░╨╗╨░ ╤Б╨░╨╝╤Л╨╣ ╤Б╤В╨░╤А╤Л╨╣)
          C:\CLOUDPROJECT\CLOUDENGINE\libs\spdlog\include\spdlog\details\log_msg_buffer-inl.h(16,12):
          ╨▓╤Л╨┐╨╛╨╗╨╜╤П╨╡╤В╤Б╤П ╨║╨╛╨╝╨┐╨╕╨╗╤П╤Ж╨╕╤П ╤Б╤Б╤Л╨╗╨║╨╕ ╨╜╨░ ╤Н╨║╨╖╨╡╨╝╨┐╨╗╤П╤А ╤И╨░╨▒╨╗╨╛╨╜ ╤Д╤Г╨╜╨║╤Ж╨╕╨╕ "void fmt::v9::detail::buffer<char>::append<Char>(const U *,const U *)"
          with
          [
              Char=char,
              U=char
          ]
              C:\CLOUDPROJECT\CLOUDENGINE\libs\spdlog\include\spdlog\details\log_msg_buffer-inl.h(16,18):
              ╤Б╨╝. ╨┐╨╡╤А╨▓╤Г╤О ╤Б╤Б╤Л╨╗╨║╤Г ╨╜╨░ "fmt::v9::detail::buffer<char>::append" ╨▓ "spdlog::details::log_msg_buffer::log_msg_buffer"
          C:\CLOUDPROJECT\CLOUDENGINE\libs\spdlog\include\spdlog\fmt\bundled\format.h(778,10):
          ╨▓╤Л╨┐╨╛╨╗╨╜╤П╨╡╤В╤Б╤П ╨║╨╛╨╝╨┐╨╕╨╗╤П╤Ж╨╕╤П ╤Б╤Б╤Л╨╗╨║╨╕ ╨╜╨░ ╤Н╨║╨╖╨╡╨╝╨┐╨╗╤П╤А ╤И╨░╨▒╨╗╨╛╨╜ ╤Д╤Г╨╜╨║╤Ж╨╕╨╕ "_NoThrowFwdIt std::uninitialized_copy_n<const U*,unsigned __int64,stdext::checked_array_iterator<T *>>(const _InIt,const _Diff,_NoThrowFwdIt)"
          with
          [
              _NoThrowFwdIt=stdext::checked_array_iterator<char *>,
              U=char,
              T=char,
              _InIt=const char *,
              _Diff=unsigned __int64
          ]
          C:\Program Files\Microsoft Visual Studio\18\Community\VC\Tools\MSVC\14.50.35717\include\memory(144,25):
          ╨▓╤Л╨┐╨╛╨╗╨╜╤П╨╡╤В╤Б╤П ╨║╨╛╨╝╨┐╨╕╨╗╤П╤Ж╨╕╤П ╤Б╤Б╤Л╨╗╨║╨╕ ╨╜╨░ ╤Н╨║╨╖╨╡╨╝╨┐╨╗╤П╤А ╤И╨░╨▒╨╗╨╛╨╜ ╤Д╤Г╨╜╨║╤Ж╨╕╨╕ "decltype(auto) std::_Get_unwrapped_n<_NoThrowFwdIt&,unsigned __int64>(_Iter,const _Diff)"
          with
          [
              _NoThrowFwdIt=stdext::checked_array_iterator<char *>,
              _Iter=stdext::checked_array_iterator<char *> &,
              _Diff=unsigned __int64
          ]
          C:\Program Files\Microsoft Visual Studio\18\Community\VC\Tools\MSVC\14.50.35717\include\xutility(1512,26):
          ╨▓╤Л╨┐╨╛╨╗╨╜╤П╨╡╤В╤Б╤П ╨║╨╛╨╝╨┐╨╕╨╗╤П╤Ж╨╕╤П ╤Б╤Б╤Л╨╗╨║╨╕ ╨╜╨░ ╤И╨░╨▒╨╗╨╛╨╜ ╨┐╨╡╤А╨╡╨╝╨╡╨╜╨╜╨╛╨╣ "const bool _Unwrappable_for_offset_v<stdext::checked_array_iterator<char *> &>"
          C:\Program Files\Microsoft Visual Studio\18\Community\VC\Tools\MSVC\14.50.35717\include\xutility(1506,44):
          ╨▓╤Л╨┐╨╛╨╗╨╜╤П╨╡╤В╤Б╤П ╨║╨╛╨╝╨┐╨╕╨╗╤П╤Ж╨╕╤П ╤Б╤Б╤Л╨╗╨║╨╕ ╨╜╨░ ╤И╨░╨▒╨╗╨╛╨╜ ╨┐╨╡╤А╨╡╨╝╨╡╨╜╨╜╨╛╨╣ "const bool _Unwrappable_v<stdext::checked_array_iterator<char *> &,void>"
          C:\Program Files\Microsoft Visual Studio\18\Community\VC\Tools\MSVC\14.50.35717\include\xutility(1435,5):
          ╨▓╤Л╨┐╨╛╨╗╨╜╤П╨╡╤В╤Б╤П ╨║╨╛╨╝╨┐╨╕╨╗╤П╤Ж╨╕╤П ╤Б╤Б╤Л╨╗╨║╨╕ ╨╜╨░ ╤И╨░╨▒╨╗╨╛╨╜ ╨┐╨╡╤А╨╡╨╝╨╡╨╜╨╜╨╛╨╣ "const bool _Allow_inheriting_unwrap_v<stdext::checked_array_iterator<char *>,void>"
  
C:\Program Files\Microsoft Visual Studio\18\Community\VC\Tools\MSVC\14.50.35717\include\xutility(1407,22): warning C4996: 'stdext::checked_array_iterator<T *>::_Prevent_inheriting_unwrap': warning STL4043: stdext::checked_array_iterator, stdext::unchecked_array_iterator, and related factory functions are non-Standard extensions and will be removed in the future. std::span (since C++20) and gsl::span can be used instead. You can define _SILENCE_STDEXT_ARR_ITERS_DEPRECATION_WARNING or _SILENCE_ALL_MS_EXT_DEPRECATION_WARNINGS to suppress this warning. [C:\CLOUDPROJECT\CLOUDENGINE\build_test\CloudEngine.vcxproj]
C:\Program Files\Microsoft Visual Studio\18\Community\VC\Tools\MSVC\14.50.35717\include\xutility(1407,22): warning C4996:         with [C:\CLOUDPROJECT\CLOUDENGINE\build_test\CloudEngine.vcxproj]
C:\Program Files\Microsoft Visual Studio\18\Community\VC\Tools\MSVC\14.50.35717\include\xutility(1407,22): warning C4996:         [ [C:\CLOUDPROJECT\CLOUDENGINE\build_test\CloudEngine.vcxproj]
C:\Program Files\Microsoft Visual Studio\18\Community\VC\Tools\MSVC\14.50.35717\include\xutility(1407,22): warning C4996:             T=char [C:\CLOUDPROJECT\CLOUDENGINE\build_test\CloudEngine.vcxproj]
C:\Program Files\Microsoft Visual Studio\18\Community\VC\Tools\MSVC\14.50.35717\include\xutility(1407,22): warning C4996:         ] [C:\CLOUDPROJECT\CLOUDENGINE\build_test\CloudEngine.vcxproj]
  (╨║╨╛╨╝╨┐╨╕╨╗╤П╤Ж╨╕╤П ╨╕╤Б╤Е╨╛╨┤╨╜╨╛╨│╨╛ ╤Д╨░╨╣╨╗╨░ "../src/ecs/modules/render_module.cpp")
  
C:\Program Files\Microsoft Visual Studio\18\Community\VC\Tools\MSVC\14.50.35717\include\__msvc_iter_core.hpp(476,40): warning C4996: 'stdext::checked_array_iterator<T *>': warning STL4043: stdext::checked_array_iterator, stdext::unchecked_array_iterator, and related factory functions are non-Standard extensions and will be removed in the future. std::span (since C++20) and gsl::span can be used instead. You can define _SILENCE_STDEXT_ARR_ITERS_DEPRECATION_WARNING or _SILENCE_ALL_MS_EXT_DEPRECATION_WARNINGS to suppress this warning. [C:\CLOUDPROJECT\CLOUDENGINE\build_test\CloudEngine.vcxproj]
C:\Program Files\Microsoft Visual Studio\18\Community\VC\Tools\MSVC\14.50.35717\include\__msvc_iter_core.hpp(476,40): warning C4996:         with [C:\CLOUDPROJECT\CLOUDENGINE\build_test\CloudEngine.vcxproj]
C:\Program Files\Microsoft Visual Studio\18\Community\VC\Tools\MSVC\14.50.35717\include\__msvc_iter_core.hpp(476,40): warning C4996:         [ [C:\CLOUDPROJECT\CLOUDENGINE\build_test\CloudEngine.vcxproj]
C:\Program Files\Microsoft Visual Studio\18\Community\VC\Tools\MSVC\14.50.35717\include\__msvc_iter_core.hpp(476,40): warning C4996:             T=char [C:\CLOUDPROJECT\CLOUDENGINE\build_test\CloudEngine.vcxproj]
C:\Program Files\Microsoft Visual Studio\18\Community\VC\Tools\MSVC\14.50.35717\include\__msvc_iter_core.hpp(476,40): warning C4996:         ] [C:\CLOUDPROJECT\CLOUDENGINE\build_test\CloudEngine.vcxproj]
  (╨║╨╛╨╝╨┐╨╕╨╗╤П╤Ж╨╕╤П ╨╕╤Б╤Е╨╛╨┤╨╜╨╛╨│╨╛ ╤Д╨░╨╣╨╗╨░ "../src/ecs/modules/render_module.cpp")
      C:\Program Files\Microsoft Visual Studio\18\Community\VC\Tools\MSVC\14.50.35717\include\iterator(1501,35):
       ╤Б╨╝. ╨╛╨▒╤К╤П╨▓╨╗╨╡╨╜╨╕╨╡ "stdext::checked_array_iterator"
      C:\Program Files\Microsoft Visual Studio\18\Community\VC\Tools\MSVC\14.50.35717\include\__msvc_iter_core.hpp(476,40):
      ╨║╨╛╨╜╤В╨╡╨║╤Б╤В ╤Б╨╛╨╖╨┤╨░╨╜╨╕╤П ╤Н╨║╨╖╨╡╨╝╨┐╨╗╤П╤А╨░ ╤И╨░╨▒╨╗╨╛╨╜╨░ (╤Б╨╜╨░╤З╨░╨╗╨░ ╤Б╨░╨╝╤Л╨╣ ╤Б╤В╨░╤А╤Л╨╣)
          C:\Program Files\Microsoft Visual Studio\18\Community\VC\Tools\MSVC\14.50.35717\include\xutility(1502,93):
          ╨▓╤Л╨┐╨╛╨╗╨╜╤П╨╡╤В╤Б╤П ╨║╨╛╨╝╨┐╨╕╨╗╤П╤Ж╨╕╤П ╤Б╤Б╤Л╨╗╨║╨╕ ╨╜╨░ ╤Н╨║╨╖╨╡╨╝╨┐╨╗╤П╤А ╨┐╤Б╨╡╨▓╨┤╨╛╨╜╨╕╨╝ ╤И╨░╨▒╨╗╨╛╨╜ ╤Д╤Г╨╜╨║╤Ж╨╕╨╕ "std::_Iter_diff_t<_Iter>"
          with
          [
              _Iter=stdext::checked_array_iterator<char *>
          ]
          C:\Program Files\Microsoft Visual Studio\18\Community\VC\Tools\MSVC\14.50.35717\include\xutility(1311,55):
          ╨▓╤Л╨┐╨╛╨╗╨╜╤П╨╡╤В╤Б╤П ╨║╨╛╨╝╨┐╨╕╨╗╤П╤Ж╨╕╤П ╤Б╤Б╤Л╨╗╨║╨╕ ╨╜╨░ ╤Н╨║╨╖╨╡╨╝╨┐╨╗╤П╤А ╨║╨╗╨░╤Б╤Б ╤И╨░╨▒╨╗╨╛╨╜ ╤Д╤Г╨╜╨║╤Ж╨╕╨╕ "std::iterator_traits<_Iter>"
          with
          [
              _Iter=stdext::checked_array_iterator<char *>
          ]
          C:\Program Files\Microsoft Visual Studio\18\Community\VC\Tools\MSVC\14.50.35717\include\__msvc_iter_core.hpp(496,26):
          ╨▓╤Л╨┐╨╛╨╗╨╜╤П╨╡╤В╤Б╤П ╨║╨╛╨╝╨┐╨╕╨╗╤П╤Ж╨╕╤П ╤Б╤Б╤Л╨╗╨║╨╕ ╨╜╨░ ╤Н╨║╨╖╨╡╨╝╨┐╨╗╤П╤А ╨║╨╗╨░╤Б╤Б ╤И╨░╨▒╨╗╨╛╨╜ ╤Д╤Г╨╜╨║╤Ж╨╕╨╕ "std::_Iterator_traits_base<_Iter,void>"
          with
          [
              _Iter=stdext::checked_array_iterator<char *>
          ]
  
C:\Program Files\Microsoft Visual Studio\18\Community\VC\Tools\MSVC\14.50.35717\include\__msvc_iter_core.hpp(476,31): warning C4996: 'stdext::checked_array_iterator<T *>::iterator_category': warning STL4043: stdext::checked_array_iterator, stdext::unchecked_array_iterator, and related factory functions are non-Standard extensions and will be removed in the future. std::span (since C++20) and gsl::span can be used instead. You can define _SILENCE_STDEXT_ARR_ITERS_DEPRECATION_WARNING or _SILENCE_ALL_MS_EXT_DEPRECATION_WARNINGS to suppress this warning. [C:\CLOUDPROJECT\CLOUDENGINE\build_test\CloudEngine.vcxproj]
C:\Program Files\Microsoft Visual Studio\18\Community\VC\Tools\MSVC\14.50.35717\include\__msvc_iter_core.hpp(476,31): warning C4996:         with [C:\CLOUDPROJECT\CLOUDENGINE\build_test\CloudEngine.vcxproj]
C:\Program Files\Microsoft Visual Studio\18\Community\VC\Tools\MSVC\14.50.35717\include\__msvc_iter_core.hpp(476,31): warning C4996:         [ [C:\CLOUDPROJECT\CLOUDENGINE\build_test\CloudEngine.vcxproj]
C:\Program Files\Microsoft Visual Studio\18\Community\VC\Tools\MSVC\14.50.35717\include\__msvc_iter_core.hpp(476,31): warning C4996:             T=char [C:\CLOUDPROJECT\CLOUDENGINE\build_test\CloudEngine.vcxproj]
C:\Program Files\Microsoft Visual Studio\18\Community\VC\Tools\MSVC\14.50.35717\include\__msvc_iter_core.hpp(476,31): warning C4996:         ] [C:\CLOUDPROJECT\CLOUDENGINE\build_test\CloudEngine.vcxproj]
  (╨║╨╛╨╝╨┐╨╕╨╗╤П╤Ж╨╕╤П ╨╕╤Б╤Е╨╛╨┤╨╜╨╛╨│╨╛ ╤Д╨░╨╣╨╗╨░ "../src/ecs/modules/render_module.cpp")
  
C:\Program Files\Microsoft Visual Studio\18\Community\VC\Tools\MSVC\14.50.35717\include\__msvc_iter_core.hpp(477,40): warning C4996: 'stdext::checked_array_iterator<T *>': warning STL4043: stdext::checked_array_iterator, stdext::unchecked_array_iterator, and related factory functions are non-Standard extensions and will be removed in the future. std::span (since C++20) and gsl::span can be used instead. You can define _SILENCE_STDEXT_ARR_ITERS_DEPRECATION_WARNING or _SILENCE_ALL_MS_EXT_DEPRECATION_WARNINGS to suppress this warning. [C:\CLOUDPROJECT\CLOUDENGINE\build_test\CloudEngine.vcxproj]
C:\Program Files\Microsoft Visual Studio\18\Community\VC\Tools\MSVC\14.50.35717\include\__msvc_iter_core.hpp(477,40): warning C4996:         with [C:\CLOUDPROJECT\CLOUDENGINE\build_test\CloudEngine.vcxproj]
C:\Program Files\Microsoft Visual Studio\18\Community\VC\Tools\MSVC\14.50.35717\include\__msvc_iter_core.hpp(477,40): warning C4996:         [ [C:\CLOUDPROJECT\CLOUDENGINE\build_test\CloudEngine.vcxproj]
C:\Program Files\Microsoft Visual Studio\18\Community\VC\Tools\MSVC\14.50.35717\include\__msvc_iter_core.hpp(477,40): warning C4996:             T=char [C:\CLOUDPROJECT\CLOUDENGINE\build_test\CloudEngine.vcxproj]
C:\Program Files\Microsoft Visual Studio\18\Community\VC\Tools\MSVC\14.50.35717\include\__msvc_iter_core.hpp(477,40): warning C4996:         ] [C:\CLOUDPROJECT\CLOUDENGINE\build_test\CloudEngine.vcxproj]
  (╨║╨╛╨╝╨┐╨╕╨╗╤П╤Ж╨╕╤П ╨╕╤Б╤Е╨╛╨┤╨╜╨╛╨│╨╛ ╤Д╨░╨╣╨╗╨░ "../src/ecs/modules/render_module.cpp")
      C:\Program Files\Microsoft Visual Studio\18\Community\VC\Tools\MSVC\14.50.35717\include\iterator(1501,35):
       ╤Б╨╝. ╨╛╨▒╤К╤П╨▓╨╗╨╡╨╜╨╕╨╡ "stdext::checked_array_iterator"
  
C:\Program Files\Microsoft Visual Studio\18\Community\VC\Tools\MSVC\14.50.35717\include\__msvc_iter_core.hpp(477,31): warning C4996: 'stdext::checked_array_iterator<T *>::value_type': warning STL4043: stdext::checked_array_iterator, stdext::unchecked_array_iterator, and related factory functions are non-Standard extensions and will be removed in the future. std::span (since C++20) and gsl::span can be used instead. You can define _SILENCE_STDEXT_ARR_ITERS_DEPRECATION_WARNING or _SILENCE_ALL_MS_EXT_DEPRECATION_WARNINGS to suppress this warning. [C:\CLOUDPROJECT\CLOUDENGINE\build_test\CloudEngine.vcxproj]
C:\Program Files\Microsoft Visual Studio\18\Community\VC\Tools\MSVC\14.50.35717\include\__msvc_iter_core.hpp(477,31): warning C4996:         with [C:\CLOUDPROJECT\CLOUDENGINE\build_test\CloudEngine.vcxproj]
C:\Program Files\Microsoft Visual Studio\18\Community\VC\Tools\MSVC\14.50.35717\include\__msvc_iter_core.hpp(477,31): warning C4996:         [ [C:\CLOUDPROJECT\CLOUDENGINE\build_test\CloudEngine.vcxproj]
C:\Program Files\Microsoft Visual Studio\18\Community\VC\Tools\MSVC\14.50.35717\include\__msvc_iter_core.hpp(477,31): warning C4996:             T=char [C:\CLOUDPROJECT\CLOUDENGINE\build_test\CloudEngine.vcxproj]
C:\Program Files\Microsoft Visual Studio\18\Community\VC\Tools\MSVC\14.50.35717\include\__msvc_iter_core.hpp(477,31): warning C4996:         ] [C:\CLOUDPROJECT\CLOUDENGINE\build_test\CloudEngine.vcxproj]
  (╨║╨╛╨╝╨┐╨╕╨╗╤П╤Ж╨╕╤П ╨╕╤Б╤Е╨╛╨┤╨╜╨╛╨│╨╛ ╤Д╨░╨╣╨╗╨░ "../src/ecs/modules/render_module.cpp")
  
C:\Program Files\Microsoft Visual Studio\18\Community\VC\Tools\MSVC\14.50.35717\include\__msvc_iter_core.hpp(478,40): warning C4996: 'stdext::checked_array_iterator<T *>': warning STL4043: stdext::checked_array_iterator, stdext::unchecked_array_iterator, and related factory functions are non-Standard extensions and will be removed in the future. std::span (since C++20) and gsl::span can be used instead. You can define _SILENCE_STDEXT_ARR_ITERS_DEPRECATION_WARNING or _SILENCE_ALL_MS_EXT_DEPRECATION_WARNINGS to suppress this warning. [C:\CLOUDPROJECT\CLOUDENGINE\build_test\CloudEngine.vcxproj]
C:\Program Files\Microsoft Visual Studio\18\Community\VC\Tools\MSVC\14.50.35717\include\__msvc_iter_core.hpp(478,40): warning C4996:         with [C:\CLOUDPROJECT\CLOUDENGINE\build_test\CloudEngine.vcxproj]
C:\Program Files\Microsoft Visual Studio\18\Community\VC\Tools\MSVC\14.50.35717\include\__msvc_iter_core.hpp(478,40): warning C4996:         [ [C:\CLOUDPROJECT\CLOUDENGINE\build_test\CloudEngine.vcxproj]
C:\Program Files\Microsoft Visual Studio\18\Community\VC\Tools\MSVC\14.50.35717\include\__msvc_iter_core.hpp(478,40): warning C4996:             T=char [C:\CLOUDPROJECT\CLOUDENGINE\build_test\CloudEngine.vcxproj]
C:\Program Files\Microsoft Visual Studio\18\Community\VC\Tools\MSVC\14.50.35717\include\__msvc_iter_core.hpp(478,40): warning C4996:         ] [C:\CLOUDPROJECT\CLOUDENGINE\build_test\CloudEngine.vcxproj]
  (╨║╨╛╨╝╨┐╨╕╨╗╤П╤Ж╨╕╤П ╨╕╤Б╤Е╨╛╨┤╨╜╨╛╨│╨╛ ╤Д╨░╨╣╨╗╨░ "../src/ecs/modules/render_module.cpp")
      C:\Program Files\Microsoft Visual Studio\18\Community\VC\Tools\MSVC\14.50.35717\include\iterator(1501,35):
       ╤Б╨╝. ╨╛╨▒╤К╤П╨▓╨╗╨╡╨╜╨╕╨╡ "stdext::checked_array_iterator"
  
C:\Program Files\Microsoft Visual Studio\18\Community\VC\Tools\MSVC\14.50.35717\include\__msvc_iter_core.hpp(478,31): warning C4996: 'stdext::checked_array_iterator<T *>::difference_type': warning STL4043: stdext::checked_array_iterator, stdext::unchecked_array_iterator, and related factory functions are non-Standard extensions and will be removed in the future. std::span (since C++20) and gsl::span can be used instead. You can define _SILENCE_STDEXT_ARR_ITERS_DEPRECATION_WARNING or _SILENCE_ALL_MS_EXT_DEPRECATION_WARNINGS to suppress this warning. [C:\CLOUDPROJECT\CLOUDENGINE\build_test\CloudEngine.vcxproj]
C:\Program Files\Microsoft Visual Studio\18\Community\VC\Tools\MSVC\14.50.35717\include\__msvc_iter_core.hpp(478,31): warning C4996:         with [C:\CLOUDPROJECT\CLOUDENGINE\build_test\CloudEngine.vcxproj]
C:\Program Files\Microsoft Visual Studio\18\Community\VC\Tools\MSVC\14.50.35717\include\__msvc_iter_core.hpp(478,31): warning C4996:         [ [C:\CLOUDPROJECT\CLOUDENGINE\build_test\CloudEngine.vcxproj]
C:\Program Files\Microsoft Visual Studio\18\Community\VC\Tools\MSVC\14.50.35717\include\__msvc_iter_core.hpp(478,31): warning C4996:             T=char [C:\CLOUDPROJECT\CLOUDENGINE\build_test\CloudEngine.vcxproj]
C:\Program Files\Microsoft Visual Studio\18\Community\VC\Tools\MSVC\14.50.35717\include\__msvc_iter_core.hpp(478,31): warning C4996:         ] [C:\CLOUDPROJECT\CLOUDENGINE\build_test\CloudEngine.vcxproj]
  (╨║╨╛╨╝╨┐╨╕╨╗╤П╤Ж╨╕╤П ╨╕╤Б╤Е╨╛╨┤╨╜╨╛╨│╨╛ ╤Д╨░╨╣╨╗╨░ "../src/ecs/modules/render_module.cpp")
  
C:\Program Files\Microsoft Visual Studio\18\Community\VC\Tools\MSVC\14.50.35717\include\__msvc_iter_core.hpp(479,40): warning C4996: 'stdext::checked_array_iterator<T *>': warning STL4043: stdext::checked_array_iterator, stdext::unchecked_array_iterator, and related factory functions are non-Standard extensions and will be removed in the future. std::span (since C++20) and gsl::span can be used instead. You can define _SILENCE_STDEXT_ARR_ITERS_DEPRECATION_WARNING or _SILENCE_ALL_MS_EXT_DEPRECATION_WARNINGS to suppress this warning. [C:\CLOUDPROJECT\CLOUDENGINE\build_test\CloudEngine.vcxproj]
C:\Program Files\Microsoft Visual Studio\18\Community\VC\Tools\MSVC\14.50.35717\include\__msvc_iter_core.hpp(479,40): warning C4996:         with [C:\CLOUDPROJECT\CLOUDENGINE\build_test\CloudEngine.vcxproj]
C:\Program Files\Microsoft Visual Studio\18\Community\VC\Tools\MSVC\14.50.35717\include\__msvc_iter_core.hpp(479,40): warning C4996:         [ [C:\CLOUDPROJECT\CLOUDENGINE\build_test\CloudEngine.vcxproj]
C:\Program Files\Microsoft Visual Studio\18\Community\VC\Tools\MSVC\14.50.35717\include\__msvc_iter_core.hpp(479,40): warning C4996:             T=char [C:\CLOUDPROJECT\CLOUDENGINE\build_test\CloudEngine.vcxproj]
C:\Program Files\Microsoft Visual Studio\18\Community\VC\Tools\MSVC\14.50.35717\include\__msvc_iter_core.hpp(479,40): warning C4996:         ] [C:\CLOUDPROJECT\CLOUDENGINE\build_test\CloudEngine.vcxproj]
  (╨║╨╛╨╝╨┐╨╕╨╗╤П╤Ж╨╕╤П ╨╕╤Б╤Е╨╛╨┤╨╜╨╛╨│╨╛ ╤Д╨░╨╣╨╗╨░ "../src/ecs/modules/render_module.cpp")
      C:\Program Files\Microsoft Visual Studio\18\Community\VC\Tools\MSVC\14.50.35717\include\iterator(1501,35):
       ╤Б╨╝. ╨╛╨▒╤К╤П╨▓╨╗╨╡╨╜╨╕╨╡ "stdext::checked_array_iterator"
  
C:\Program Files\Microsoft Visual Studio\18\Community\VC\Tools\MSVC\14.50.35717\include\__msvc_iter_core.hpp(479,31): warning C4996: 'stdext::checked_array_iterator<T *>::pointer': warning STL4043: stdext::checked_array_iterator, stdext::unchecked_array_iterator, and related factory functions are non-Standard extensions and will be removed in the future. std::span (since C++20) and gsl::span can be used instead. You can define _SILENCE_STDEXT_ARR_ITERS_DEPRECATION_WARNING or _SILENCE_ALL_MS_EXT_DEPRECATION_WARNINGS to suppress this warning. [C:\CLOUDPROJECT\CLOUDENGINE\build_test\CloudEngine.vcxproj]
C:\Program Files\Microsoft Visual Studio\18\Community\VC\Tools\MSVC\14.50.35717\include\__msvc_iter_core.hpp(479,31): warning C4996:         with [C:\CLOUDPROJECT\CLOUDENGINE\build_test\CloudEngine.vcxproj]
C:\Program Files\Microsoft Visual Studio\18\Community\VC\Tools\MSVC\14.50.35717\include\__msvc_iter_core.hpp(479,31): warning C4996:         [ [C:\CLOUDPROJECT\CLOUDENGINE\build_test\CloudEngine.vcxproj]
C:\Program Files\Microsoft Visual Studio\18\Community\VC\Tools\MSVC\14.50.35717\include\__msvc_iter_core.hpp(479,31): warning C4996:             T=char [C:\CLOUDPROJECT\CLOUDENGINE\build_test\CloudEngine.vcxproj]
C:\Program Files\Microsoft Visual Studio\18\Community\VC\Tools\MSVC\14.50.35717\include\__msvc_iter_core.hpp(479,31): warning C4996:         ] [C:\CLOUDPROJECT\CLOUDENGINE\build_test\CloudEngine.vcxproj]
  (╨║╨╛╨╝╨┐╨╕╨╗╤П╤Ж╨╕╤П ╨╕╤Б╤Е╨╛╨┤╨╜╨╛╨│╨╛ ╤Д╨░╨╣╨╗╨░ "../src/ecs/modules/render_module.cpp")
  
C:\Program Files\Microsoft Visual Studio\18\Community\VC\Tools\MSVC\14.50.35717\include\__msvc_iter_core.hpp(480,40): warning C4996: 'stdext::checked_array_iterator<T *>': warning STL4043: stdext::checked_array_iterator, stdext::unchecked_array_iterator, and related factory functions are non-Standard extensions and will be removed in the future. std::span (since C++20) and gsl::span can be used instead. You can define _SILENCE_STDEXT_ARR_ITERS_DEPRECATION_WARNING or _SILENCE_ALL_MS_EXT_DEPRECATION_WARNINGS to suppress this warning. [C:\CLOUDPROJECT\CLOUDENGINE\build_test\CloudEngine.vcxproj]
C:\Program Files\Microsoft Visual Studio\18\Community\VC\Tools\MSVC\14.50.35717\include\__msvc_iter_core.hpp(480,40): warning C4996:         with [C:\CLOUDPROJECT\CLOUDENGINE\build_test\CloudEngine.vcxproj]
C:\Program Files\Microsoft Visual Studio\18\Community\VC\Tools\MSVC\14.50.35717\include\__msvc_iter_core.hpp(480,40): warning C4996:         [ [C:\CLOUDPROJECT\CLOUDENGINE\build_test\CloudEngine.vcxproj]
C:\Program Files\Microsoft Visual Studio\18\Community\VC\Tools\MSVC\14.50.35717\include\__msvc_iter_core.hpp(480,40): warning C4996:             T=char [C:\CLOUDPROJECT\CLOUDENGINE\build_test\CloudEngine.vcxproj]
C:\Program Files\Microsoft Visual Studio\18\Community\VC\Tools\MSVC\14.50.35717\include\__msvc_iter_core.hpp(480,40): warning C4996:         ] [C:\CLOUDPROJECT\CLOUDENGINE\build_test\CloudEngine.vcxproj]
  (╨║╨╛╨╝╨┐╨╕╨╗╤П╤Ж╨╕╤П ╨╕╤Б╤Е╨╛╨┤╨╜╨╛╨│╨╛ ╤Д╨░╨╣╨╗╨░ "../src/ecs/modules/render_module.cpp")
      C:\Program Files\Microsoft Visual Studio\18\Community\VC\Tools\MSVC\14.50.35717\include\iterator(1501,35):
       ╤Б╨╝. ╨╛╨▒╤К╤П╨▓╨╗╨╡╨╜╨╕╨╡ "stdext::checked_array_iterator"
  
C:\Program Files\Microsoft Visual Studio\18\Community\VC\Tools\MSVC\14.50.35717\include\__msvc_iter_core.hpp(480,31): warning C4996: 'stdext::checked_array_iterator<T *>::reference': warning STL4043: stdext::checked_array_iterator, stdext::unchecked_array_iterator, and related factory functions are non-Standard extensions and will be removed in the future. std::span (since C++20) and gsl::span can be used instead. You can define _SILENCE_STDEXT_ARR_ITERS_DEPRECATION_WARNING or _SILENCE_ALL_MS_EXT_DEPRECATION_WARNINGS to suppress this warning. [C:\CLOUDPROJECT\CLOUDENGINE\build_test\CloudEngine.vcxproj]
C:\Program Files\Microsoft Visual Studio\18\Community\VC\Tools\MSVC\14.50.35717\include\__msvc_iter_core.hpp(480,31): warning C4996:         with [C:\CLOUDPROJECT\CLOUDENGINE\build_test\CloudEngine.vcxproj]
C:\Program Files\Microsoft Visual Studio\18\Community\VC\Tools\MSVC\14.50.35717\include\__msvc_iter_core.hpp(480,31): warning C4996:         [ [C:\CLOUDPROJECT\CLOUDENGINE\build_test\CloudEngine.vcxproj]
C:\Program Files\Microsoft Visual Studio\18\Community\VC\Tools\MSVC\14.50.35717\include\__msvc_iter_core.hpp(480,31): warning C4996:             T=char [C:\CLOUDPROJECT\CLOUDENGINE\build_test\CloudEngine.vcxproj]
C:\Program Files\Microsoft Visual Studio\18\Community\VC\Tools\MSVC\14.50.35717\include\__msvc_iter_core.hpp(480,31): warning C4996:         ] [C:\CLOUDPROJECT\CLOUDENGINE\build_test\CloudEngine.vcxproj]
  (╨║╨╛╨╝╨┐╨╕╨╗╤П╤Ж╨╕╤П ╨╕╤Б╤Е╨╛╨┤╨╜╨╛╨│╨╛ ╤Д╨░╨╣╨╗╨░ "../src/ecs/modules/render_module.cpp")
  
C:\Program Files\Microsoft Visual Studio\18\Community\VC\Tools\MSVC\14.50.35717\include\xutility(1523,13): warning C4996: 'stdext::checked_array_iterator<T *>::_Verify_offset': warning STL4043: stdext::checked_array_iterator, stdext::unchecked_array_iterator, and related factory functions are non-Standard extensions and will be removed in the future. std::span (since C++20) and gsl::span can be used instead. You can define _SILENCE_STDEXT_ARR_ITERS_DEPRECATION_WARNING or _SILENCE_ALL_MS_EXT_DEPRECATION_WARNINGS to suppress this warning. [C:\CLOUDPROJECT\CLOUDENGINE\build_test\CloudEngine.vcxproj]
C:\Program Files\Microsoft Visual Studio\18\Community\VC\Tools\MSVC\14.50.35717\include\xutility(1523,13): warning C4996:         with [C:\CLOUDPROJECT\CLOUDENGINE\build_test\CloudEngine.vcxproj]
C:\Program Files\Microsoft Visual Studio\18\Community\VC\Tools\MSVC\14.50.35717\include\xutility(1523,13): warning C4996:         [ [C:\CLOUDPROJECT\CLOUDENGINE\build_test\CloudEngine.vcxproj]
C:\Program Files\Microsoft Visual Studio\18\Community\VC\Tools\MSVC\14.50.35717\include\xutility(1523,13): warning C4996:             T=char [C:\CLOUDPROJECT\CLOUDENGINE\build_test\CloudEngine.vcxproj]
C:\Program Files\Microsoft Visual Studio\18\Community\VC\Tools\MSVC\14.50.35717\include\xutility(1523,13): warning C4996:         ] [C:\CLOUDPROJECT\CLOUDENGINE\build_test\CloudEngine.vcxproj]
  (╨║╨╛╨╝╨┐╨╕╨╗╤П╤Ж╨╕╤П ╨╕╤Б╤Е╨╛╨┤╨╜╨╛╨│╨╛ ╤Д╨░╨╣╨╗╨░ "../src/ecs/modules/render_module.cpp")
  
C:\Program Files\Microsoft Visual Studio\18\Community\VC\Tools\MSVC\14.50.35717\include\xutility(1524,42): warning C4996: 'stdext::checked_array_iterator<T *>::_Unwrapped': warning STL4043: stdext::checked_array_iterator, stdext::unchecked_array_iterator, and related factory functions are non-Standard extensions and will be removed in the future. std::span (since C++20) and gsl::span can be used instead. You can define _SILENCE_STDEXT_ARR_ITERS_DEPRECATION_WARNING or _SILENCE_ALL_MS_EXT_DEPRECATION_WARNINGS to suppress this warning. [C:\CLOUDPROJECT\CLOUDENGINE\build_test\CloudEngine.vcxproj]
C:\Program Files\Microsoft Visual Studio\18\Community\VC\Tools\MSVC\14.50.35717\include\xutility(1524,42): warning C4996:         with [C:\CLOUDPROJECT\CLOUDENGINE\build_test\CloudEngine.vcxproj]
C:\Program Files\Microsoft Visual Studio\18\Community\VC\Tools\MSVC\14.50.35717\include\xutility(1524,42): warning C4996:         [ [C:\CLOUDPROJECT\CLOUDENGINE\build_test\CloudEngine.vcxproj]
C:\Program Files\Microsoft Visual Studio\18\Community\VC\Tools\MSVC\14.50.35717\include\xutility(1524,42): warning C4996:             T=char [C:\CLOUDPROJECT\CLOUDENGINE\build_test\CloudEngine.vcxproj]
C:\Program Files\Microsoft Visual Studio\18\Community\VC\Tools\MSVC\14.50.35717\include\xutility(1524,42): warning C4996:         ] [C:\CLOUDPROJECT\CLOUDENGINE\build_test\CloudEngine.vcxproj]
  (╨║╨╛╨╝╨┐╨╕╨╗╤П╤Ж╨╕╤П ╨╕╤Б╤Е╨╛╨┤╨╜╨╛╨│╨╛ ╤Д╨░╨╣╨╗╨░ "../src/ecs/modules/render_module.cpp")
  
C:\Program Files\Microsoft Visual Studio\18\Community\VC\Tools\MSVC\14.50.35717\include\xutility(1407,31): warning C4996: 'stdext::checked_array_iterator<T *>': warning STL4043: stdext::checked_array_iterator, stdext::unchecked_array_iterator, and related factory functions are non-Standard extensions and will be removed in the future. std::span (since C++20) and gsl::span can be used instead. You can define _SILENCE_STDEXT_ARR_ITERS_DEPRECATION_WARNING or _SILENCE_ALL_MS_EXT_DEPRECATION_WARNINGS to suppress this warning. [C:\CLOUDPROJECT\CLOUDENGINE\build_test\CloudEngine.vcxproj]
C:\Program Files\Microsoft Visual Studio\18\Community\VC\Tools\MSVC\14.50.35717\include\xutility(1407,31): warning C4996:         with [C:\CLOUDPROJECT\CLOUDENGINE\build_test\CloudEngine.vcxproj]
C:\Program Files\Microsoft Visual Studio\18\Community\VC\Tools\MSVC\14.50.35717\include\xutility(1407,31): warning C4996:         [ [C:\CLOUDPROJECT\CLOUDENGINE\build_test\CloudEngine.vcxproj]
C:\Program Files\Microsoft Visual Studio\18\Community\VC\Tools\MSVC\14.50.35717\include\xutility(1407,31): warning C4996:             T=wchar_t [C:\CLOUDPROJECT\CLOUDENGINE\build_test\CloudEngine.vcxproj]
C:\Program Files\Microsoft Visual Studio\18\Community\VC\Tools\MSVC\14.50.35717\include\xutility(1407,31): warning C4996:         ] [C:\CLOUDPROJECT\CLOUDENGINE\build_test\CloudEngine.vcxproj]
  (╨║╨╛╨╝╨┐╨╕╨╗╤П╤Ж╨╕╤П ╨╕╤Б╤Е╨╛╨┤╨╜╨╛╨│╨╛ ╤Д╨░╨╣╨╗╨░ "../src/ecs/modules/render_module.cpp")
      C:\Program Files\Microsoft Visual Studio\18\Community\VC\Tools\MSVC\14.50.35717\include\iterator(1501,35):
       ╤Б╨╝. ╨╛╨▒╤К╤П╨▓╨╗╨╡╨╜╨╕╨╡ "stdext::checked_array_iterator"
      C:\Program Files\Microsoft Visual Studio\18\Community\VC\Tools\MSVC\14.50.35717\include\xutility(1407,31):
      ╨║╨╛╨╜╤В╨╡╨║╤Б╤В ╤Б╨╛╨╖╨┤╨░╨╜╨╕╤П ╤Н╨║╨╖╨╡╨╝╨┐╨╗╤П╤А╨░ ╤И╨░╨▒╨╗╨╛╨╜╨░ (╤Б╨╜╨░╤З╨░╨╗╨░ ╤Б╨░╨╝╤Л╨╣ ╤Б╤В╨░╤А╤Л╨╣)
          C:\CLOUDPROJECT\CLOUDENGINE\libs\spdlog\include\spdlog\fmt\bundled\format.h(1276,32):
          ╨▓╤Л╨┐╨╛╨╗╨╜╤П╨╡╤В╤Б╤П ╨║╨╛╨╝╨┐╨╕╨╗╤П╤Ж╨╕╤П ╤Б╤Б╤Л╨╗╨║╨╕ ╨╜╨░ ╤Н╨║╨╖╨╡╨╝╨┐╨╗╤П╤А ╨║╨╗╨░╤Б╤Б ╤И╨░╨▒╨╗╨╛╨╜ ╤Д╤Г╨╜╨║╤Ж╨╕╨╕ "fmt::v9::basic_memory_buffer<wchar_t,500,std::allocator<wchar_t>>"
          C:\CLOUDPROJECT\CLOUDENGINE\libs\spdlog\include\spdlog\fmt\bundled\format.h(912,18):
          ╨▓╨╛ ╨▓╤А╨╡╨╝╤П ╨║╨╛╨╝╨┐╨╕╨╗╤П╤Ж╨╕╨╕ ╤Д╤Г╨╜╨║╤Ж╨╕╨╕-╤З╨╗╨╡╨╜╨░ ╨║╨╗╨░╤Б╤Б ╤И╨░╨▒╨╗╨╛╨╜ "void fmt::v9::basic_memory_buffer<wchar_t,500,std::allocator<wchar_t>>::grow(size_t)"
          C:\CLOUDPROJECT\CLOUDENGINE\libs\spdlog\include\spdlog\fmt\bundled\format.h(925,8):
          ╨▓╤Л╨┐╨╛╨╗╨╜╤П╨╡╤В╤Б╤П ╨║╨╛╨╝╨┐╨╕╨╗╤П╤Ж╨╕╤П ╤Б╤Б╤Л╨╗╨║╨╕ ╨╜╨░ ╤Н╨║╨╖╨╡╨╝╨┐╨╗╤П╤А ╤И╨░╨▒╨╗╨╛╨╜ ╤Д╤Г╨╜╨║╤Ж╨╕╨╕ "_NoThrowFwdIt std::uninitialized_copy<T*,stdext::checked_array_iterator<T *>>(const _InIt,const _InIt,_NoThrowFwdIt)"
          with
          [
              _NoThrowFwdIt=stdext::checked_array_iterator<wchar_t *>,
              T=wchar_t,
              _InIt=wchar_t *
          ]
          C:\Program Files\Microsoft Visual Studio\18\Community\VC\Tools\MSVC\14.50.35717\include\xmemory(1990,30):
          ╨▓╤Л╨┐╨╛╨╗╨╜╤П╨╡╤В╤Б╤П ╨║╨╛╨╝╨┐╨╕╨╗╤П╤Ж╨╕╤П ╤Б╤Б╤Л╨╗╨║╨╕ ╨╜╨░ ╤Н╨║╨╖╨╡╨╝╨┐╨╗╤П╤А ╤И╨░╨▒╨╗╨╛╨╜ ╤Д╤Г╨╜╨║╤Ж╨╕╨╕ "decltype(auto) std::_Get_unwrapped_n<_NoThrowFwdIt&,__int64>(_Iter,const _Diff)"
          with
          [
              _NoThrowFwdIt=stdext::checked_array_iterator<wchar_t *>,
              _Iter=stdext::checked_array_iterator<wchar_t *> &,
              _Diff=__int64
          ]
          C:\Program Files\Microsoft Visual Studio\18\Community\VC\Tools\MSVC\14.50.35717\include\xutility(1512,26):
          ╨▓╤Л╨┐╨╛╨╗╨╜╤П╨╡╤В╤Б╤П ╨║╨╛╨╝╨┐╨╕╨╗╤П╤Ж╨╕╤П ╤Б╤Б╤Л╨╗╨║╨╕ ╨╜╨░ ╤И╨░╨▒╨╗╨╛╨╜ ╨┐╨╡╤А╨╡╨╝╨╡╨╜╨╜╨╛╨╣ "const bool _Unwrappable_for_offset_v<stdext::checked_array_iterator<wchar_t *> &>"
          C:\Program Files\Microsoft Visual Studio\18\Community\VC\Tools\MSVC\14.50.35717\include\xutility(1506,44):
          ╨▓╤Л╨┐╨╛╨╗╨╜╤П╨╡╤В╤Б╤П ╨║╨╛╨╝╨┐╨╕╨╗╤П╤Ж╨╕╤П ╤Б╤Б╤Л╨╗╨║╨╕ ╨╜╨░ ╤И╨░╨▒╨╗╨╛╨╜ ╨┐╨╡╤А╨╡╨╝╨╡╨╜╨╜╨╛╨╣ "const bool _Unwrappable_v<stdext::checked_array_iterator<wchar_t *> &,void>"
          C:\Program Files\Microsoft Visual Studio\18\Community\VC\Tools\MSVC\14.50.35717\include\xutility(1435,5):
          ╨▓╤Л╨┐╨╛╨╗╨╜╤П╨╡╤В╤Б╤П ╨║╨╛╨╝╨┐╨╕╨╗╤П╤Ж╨╕╤П ╤Б╤Б╤Л╨╗╨║╨╕ ╨╜╨░ ╤И╨░╨▒╨╗╨╛╨╜ ╨┐╨╡╤А╨╡╨╝╨╡╨╜╨╜╨╛╨╣ "const bool _Allow_inheriting_unwrap_v<stdext::checked_array_iterator<wchar_t *>,void>"
  
C:\Program Files\Microsoft Visual Studio\18\Community\VC\Tools\MSVC\14.50.35717\include\xutility(1407,22): warning C4996: 'stdext::checked_array_iterator<T *>::_Prevent_inheriting_unwrap': warning STL4043: stdext::checked_array_iterator, stdext::unchecked_array_iterator, and related factory functions are non-Standard extensions and will be removed in the future. std::span (since C++20) and gsl::span can be used instead. You can define _SILENCE_STDEXT_ARR_ITERS_DEPRECATION_WARNING or _SILENCE_ALL_MS_EXT_DEPRECATION_WARNINGS to suppress this warning. [C:\CLOUDPROJECT\CLOUDENGINE\build_test\CloudEngine.vcxproj]
C:\Program Files\Microsoft Visual Studio\18\Community\VC\Tools\MSVC\14.50.35717\include\xutility(1407,22): warning C4996:         with [C:\CLOUDPROJECT\CLOUDENGINE\build_test\CloudEngine.vcxproj]
C:\Program Files\Microsoft Visual Studio\18\Community\VC\Tools\MSVC\14.50.35717\include\xutility(1407,22): warning C4996:         [ [C:\CLOUDPROJECT\CLOUDENGINE\build_test\CloudEngine.vcxproj]
C:\Program Files\Microsoft Visual Studio\18\Community\VC\Tools\MSVC\14.50.35717\include\xutility(1407,22): warning C4996:             T=wchar_t [C:\CLOUDPROJECT\CLOUDENGINE\build_test\CloudEngine.vcxproj]
C:\Program Files\Microsoft Visual Studio\18\Community\VC\Tools\MSVC\14.50.35717\include\xutility(1407,22): warning C4996:         ] [C:\CLOUDPROJECT\CLOUDENGINE\build_test\CloudEngine.vcxproj]
  (╨║╨╛╨╝╨┐╨╕╨╗╤П╤Ж╨╕╤П ╨╕╤Б╤Е╨╛╨┤╨╜╨╛╨│╨╛ ╤Д╨░╨╣╨╗╨░ "../src/ecs/modules/render_module.cpp")
  
C:\Program Files\Microsoft Visual Studio\18\Community\VC\Tools\MSVC\14.50.35717\include\__msvc_iter_core.hpp(476,40): warning C4996: 'stdext::checked_array_iterator<T *>': warning STL4043: stdext::checked_array_iterator, stdext::unchecked_array_iterator, and related factory functions are non-Standard extensions and will be removed in the future. std::span (since C++20) and gsl::span can be used instead. You can define _SILENCE_STDEXT_ARR_ITERS_DEPRECATION_WARNING or _SILENCE_ALL_MS_EXT_DEPRECATION_WARNINGS to suppress this warning. [C:\CLOUDPROJECT\CLOUDENGINE\build_test\CloudEngine.vcxproj]
C:\Program Files\Microsoft Visual Studio\18\Community\VC\Tools\MSVC\14.50.35717\include\__msvc_iter_core.hpp(476,40): warning C4996:         with [C:\CLOUDPROJECT\CLOUDENGINE\build_test\CloudEngine.vcxproj]
C:\Program Files\Microsoft Visual Studio\18\Community\VC\Tools\MSVC\14.50.35717\include\__msvc_iter_core.hpp(476,40): warning C4996:         [ [C:\CLOUDPROJECT\CLOUDENGINE\build_test\CloudEngine.vcxproj]
C:\Program Files\Microsoft Visual Studio\18\Community\VC\Tools\MSVC\14.50.35717\include\__msvc_iter_core.hpp(476,40): warning C4996:             T=wchar_t [C:\CLOUDPROJECT\CLOUDENGINE\build_test\CloudEngine.vcxproj]
C:\Program Files\Microsoft Visual Studio\18\Community\VC\Tools\MSVC\14.50.35717\include\__msvc_iter_core.hpp(476,40): warning C4996:         ] [C:\CLOUDPROJECT\CLOUDENGINE\build_test\CloudEngine.vcxproj]
  (╨║╨╛╨╝╨┐╨╕╨╗╤П╤Ж╨╕╤П ╨╕╤Б╤Е╨╛╨┤╨╜╨╛╨│╨╛ ╤Д╨░╨╣╨╗╨░ "../src/ecs/modules/render_module.cpp")
      C:\Program Files\Microsoft Visual Studio\18\Community\VC\Tools\MSVC\14.50.35717\include\iterator(1501,35):
       ╤Б╨╝. ╨╛╨▒╤К╤П╨▓╨╗╨╡╨╜╨╕╨╡ "stdext::checked_array_iterator"
      C:\Program Files\Microsoft Visual Studio\18\Community\VC\Tools\MSVC\14.50.35717\include\__msvc_iter_core.hpp(476,40):
      ╨║╨╛╨╜╤В╨╡╨║╤Б╤В ╤Б╨╛╨╖╨┤╨░╨╜╨╕╤П ╤Н╨║╨╖╨╡╨╝╨┐╨╗╤П╤А╨░ ╤И╨░╨▒╨╗╨╛╨╜╨░ (╤Б╨╜╨░╤З╨░╨╗╨░ ╤Б╨░╨╝╤Л╨╣ ╤Б╤В╨░╤А╤Л╨╣)
          C:\Program Files\Microsoft Visual Studio\18\Community\VC\Tools\MSVC\14.50.35717\include\xutility(1502,93):
          ╨▓╤Л╨┐╨╛╨╗╨╜╤П╨╡╤В╤Б╤П ╨║╨╛╨╝╨┐╨╕╨╗╤П╤Ж╨╕╤П ╤Б╤Б╤Л╨╗╨║╨╕ ╨╜╨░ ╤Н╨║╨╖╨╡╨╝╨┐╨╗╤П╤А ╨┐╤Б╨╡╨▓╨┤╨╛╨╜╨╕╨╝ ╤И╨░╨▒╨╗╨╛╨╜ ╤Д╤Г╨╜╨║╤Ж╨╕╨╕ "std::_Iter_diff_t<_Iter>"
          with
          [
              _Iter=stdext::checked_array_iterator<wchar_t *>
          ]
          C:\Program Files\Microsoft Visual Studio\18\Community\VC\Tools\MSVC\14.50.35717\include\xutility(1311,55):
          ╨▓╤Л╨┐╨╛╨╗╨╜╤П╨╡╤В╤Б╤П ╨║╨╛╨╝╨┐╨╕╨╗╤П╤Ж╨╕╤П ╤Б╤Б╤Л╨╗╨║╨╕ ╨╜╨░ ╤Н╨║╨╖╨╡╨╝╨┐╨╗╤П╤А ╨║╨╗╨░╤Б╤Б ╤И╨░╨▒╨╗╨╛╨╜ ╤Д╤Г╨╜╨║╤Ж╨╕╨╕ "std::iterator_traits<_Iter>"
          with
          [
              _Iter=stdext::checked_array_iterator<wchar_t *>
          ]
          C:\Program Files\Microsoft Visual Studio\18\Community\VC\Tools\MSVC\14.50.35717\include\__msvc_iter_core.hpp(496,26):
          ╨▓╤Л╨┐╨╛╨╗╨╜╤П╨╡╤В╤Б╤П ╨║╨╛╨╝╨┐╨╕╨╗╤П╤Ж╨╕╤П ╤Б╤Б╤Л╨╗╨║╨╕ ╨╜╨░ ╤Н╨║╨╖╨╡╨╝╨┐╨╗╤П╤А ╨║╨╗╨░╤Б╤Б ╤И╨░╨▒╨╗╨╛╨╜ ╤Д╤Г╨╜╨║╤Ж╨╕╨╕ "std::_Iterator_traits_base<_Iter,void>"
          with
          [
              _Iter=stdext::checked_array_iterator<wchar_t *>
          ]
  
C:\Program Files\Microsoft Visual Studio\18\Community\VC\Tools\MSVC\14.50.35717\include\__msvc_iter_core.hpp(476,31): warning C4996: 'stdext::checked_array_iterator<T *>::iterator_category': warning STL4043: stdext::checked_array_iterator, stdext::unchecked_array_iterator, and related factory functions are non-Standard extensions and will be removed in the future. std::span (since C++20) and gsl::span can be used instead. You can define _SILENCE_STDEXT_ARR_ITERS_DEPRECATION_WARNING or _SILENCE_ALL_MS_EXT_DEPRECATION_WARNINGS to suppress this warning. [C:\CLOUDPROJECT\CLOUDENGINE\build_test\CloudEngine.vcxproj]
C:\Program Files\Microsoft Visual Studio\18\Community\VC\Tools\MSVC\14.50.35717\include\__msvc_iter_core.hpp(476,31): warning C4996:         with [C:\CLOUDPROJECT\CLOUDENGINE\build_test\CloudEngine.vcxproj]
C:\Program Files\Microsoft Visual Studio\18\Community\VC\Tools\MSVC\14.50.35717\include\__msvc_iter_core.hpp(476,31): warning C4996:         [ [C:\CLOUDPROJECT\CLOUDENGINE\build_test\CloudEngine.vcxproj]
C:\Program Files\Microsoft Visual Studio\18\Community\VC\Tools\MSVC\14.50.35717\include\__msvc_iter_core.hpp(476,31): warning C4996:             T=wchar_t [C:\CLOUDPROJECT\CLOUDENGINE\build_test\CloudEngine.vcxproj]
C:\Program Files\Microsoft Visual Studio\18\Community\VC\Tools\MSVC\14.50.35717\include\__msvc_iter_core.hpp(476,31): warning C4996:         ] [C:\CLOUDPROJECT\CLOUDENGINE\build_test\CloudEngine.vcxproj]
  (╨║╨╛╨╝╨┐╨╕╨╗╤П╤Ж╨╕╤П ╨╕╤Б╤Е╨╛╨┤╨╜╨╛╨│╨╛ ╤Д╨░╨╣╨╗╨░ "../src/ecs/modules/render_module.cpp")
  
C:\Program Files\Microsoft Visual Studio\18\Community\VC\Tools\MSVC\14.50.35717\include\__msvc_iter_core.hpp(477,40): warning C4996: 'stdext::checked_array_iterator<T *>': warning STL4043: stdext::checked_array_iterator, stdext::unchecked_array_iterator, and related factory functions are non-Standard extensions and will be removed in the future. std::span (since C++20) and gsl::span can be used instead. You can define _SILENCE_STDEXT_ARR_ITERS_DEPRECATION_WARNING or _SILENCE_ALL_MS_EXT_DEPRECATION_WARNINGS to suppress this warning. [C:\CLOUDPROJECT\CLOUDENGINE\build_test\CloudEngine.vcxproj]
C:\Program Files\Microsoft Visual Studio\18\Community\VC\Tools\MSVC\14.50.35717\include\__msvc_iter_core.hpp(477,40): warning C4996:         with [C:\CLOUDPROJECT\CLOUDENGINE\build_test\CloudEngine.vcxproj]
C:\Program Files\Microsoft Visual Studio\18\Community\VC\Tools\MSVC\14.50.35717\include\__msvc_iter_core.hpp(477,40): warning C4996:         [ [C:\CLOUDPROJECT\CLOUDENGINE\build_test\CloudEngine.vcxproj]
C:\Program Files\Microsoft Visual Studio\18\Community\VC\Tools\MSVC\14.50.35717\include\__msvc_iter_core.hpp(477,40): warning C4996:             T=wchar_t [C:\CLOUDPROJECT\CLOUDENGINE\build_test\CloudEngine.vcxproj]
C:\Program Files\Microsoft Visual Studio\18\Community\VC\Tools\MSVC\14.50.35717\include\__msvc_iter_core.hpp(477,40): warning C4996:         ] [C:\CLOUDPROJECT\CLOUDENGINE\build_test\CloudEngine.vcxproj]
  (╨║╨╛╨╝╨┐╨╕╨╗╤П╤Ж╨╕╤П ╨╕╤Б╤Е╨╛╨┤╨╜╨╛╨│╨╛ ╤Д╨░╨╣╨╗╨░ "../src/ecs/modules/render_module.cpp")
      C:\Program Files\Microsoft Visual Studio\18\Community\VC\Tools\MSVC\14.50.35717\include\iterator(1501,35):
       ╤Б╨╝. ╨╛╨▒╤К╤П╨▓╨╗╨╡╨╜╨╕╨╡ "stdext::checked_array_iterator"
  
C:\Program Files\Microsoft Visual Studio\18\Community\VC\Tools\MSVC\14.50.35717\include\__msvc_iter_core.hpp(477,31): warning C4996: 'stdext::checked_array_iterator<T *>::value_type': warning STL4043: stdext::checked_array_iterator, stdext::unchecked_array_iterator, and related factory functions are non-Standard extensions and will be removed in the future. std::span (since C++20) and gsl::span can be used instead. You can define _SILENCE_STDEXT_ARR_ITERS_DEPRECATION_WARNING or _SILENCE_ALL_MS_EXT_DEPRECATION_WARNINGS to suppress this warning. [C:\CLOUDPROJECT\CLOUDENGINE\build_test\CloudEngine.vcxproj]
C:\Program Files\Microsoft Visual Studio\18\Community\VC\Tools\MSVC\14.50.35717\include\__msvc_iter_core.hpp(477,31): warning C4996:         with [C:\CLOUDPROJECT\CLOUDENGINE\build_test\CloudEngine.vcxproj]
C:\Program Files\Microsoft Visual Studio\18\Community\VC\Tools\MSVC\14.50.35717\include\__msvc_iter_core.hpp(477,31): warning C4996:         [ [C:\CLOUDPROJECT\CLOUDENGINE\build_test\CloudEngine.vcxproj]
C:\Program Files\Microsoft Visual Studio\18\Community\VC\Tools\MSVC\14.50.35717\include\__msvc_iter_core.hpp(477,31): warning C4996:             T=wchar_t [C:\CLOUDPROJECT\CLOUDENGINE\build_test\CloudEngine.vcxproj]
C:\Program Files\Microsoft Visual Studio\18\Community\VC\Tools\MSVC\14.50.35717\include\__msvc_iter_core.hpp(477,31): warning C4996:         ] [C:\CLOUDPROJECT\CLOUDENGINE\build_test\CloudEngine.vcxproj]
  (╨║╨╛╨╝╨┐╨╕╨╗╤П╤Ж╨╕╤П ╨╕╤Б╤Е╨╛╨┤╨╜╨╛╨│╨╛ ╤Д╨░╨╣╨╗╨░ "../src/ecs/modules/render_module.cpp")
  
C:\Program Files\Microsoft Visual Studio\18\Community\VC\Tools\MSVC\14.50.35717\include\__msvc_iter_core.hpp(478,40): warning C4996: 'stdext::checked_array_iterator<T *>': warning STL4043: stdext::checked_array_iterator, stdext::unchecked_array_iterator, and related factory functions are non-Standard extensions and will be removed in the future. std::span (since C++20) and gsl::span can be used instead. You can define _SILENCE_STDEXT_ARR_ITERS_DEPRECATION_WARNING or _SILENCE_ALL_MS_EXT_DEPRECATION_WARNINGS to suppress this warning. [C:\CLOUDPROJECT\CLOUDENGINE\build_test\CloudEngine.vcxproj]
C:\Program Files\Microsoft Visual Studio\18\Community\VC\Tools\MSVC\14.50.35717\include\__msvc_iter_core.hpp(478,40): warning C4996:         with [C:\CLOUDPROJECT\CLOUDENGINE\build_test\CloudEngine.vcxproj]
C:\Program Files\Microsoft Visual Studio\18\Community\VC\Tools\MSVC\14.50.35717\include\__msvc_iter_core.hpp(478,40): warning C4996:         [ [C:\CLOUDPROJECT\CLOUDENGINE\build_test\CloudEngine.vcxproj]
C:\Program Files\Microsoft Visual Studio\18\Community\VC\Tools\MSVC\14.50.35717\include\__msvc_iter_core.hpp(478,40): warning C4996:             T=wchar_t [C:\CLOUDPROJECT\CLOUDENGINE\build_test\CloudEngine.vcxproj]
C:\Program Files\Microsoft Visual Studio\18\Community\VC\Tools\MSVC\14.50.35717\include\__msvc_iter_core.hpp(478,40): warning C4996:         ] [C:\CLOUDPROJECT\CLOUDENGINE\build_test\CloudEngine.vcxproj]
  (╨║╨╛╨╝╨┐╨╕╨╗╤П╤Ж╨╕╤П ╨╕╤Б╤Е╨╛╨┤╨╜╨╛╨│╨╛ ╤Д╨░╨╣╨╗╨░ "../src/ecs/modules/render_module.cpp")
      C:\Program Files\Microsoft Visual Studio\18\Community\VC\Tools\MSVC\14.50.35717\include\iterator(1501,35):
       ╤Б╨╝. ╨╛╨▒╤К╤П╨▓╨╗╨╡╨╜╨╕╨╡ "stdext::checked_array_iterator"
  
C:\Program Files\Microsoft Visual Studio\18\Community\VC\Tools\MSVC\14.50.35717\include\__msvc_iter_core.hpp(478,31): warning C4996: 'stdext::checked_array_iterator<T *>::difference_type': warning STL4043: stdext::checked_array_iterator, stdext::unchecked_array_iterator, and related factory functions are non-Standard extensions and will be removed in the future. std::span (since C++20) and gsl::span can be used instead. You can define _SILENCE_STDEXT_ARR_ITERS_DEPRECATION_WARNING or _SILENCE_ALL_MS_EXT_DEPRECATION_WARNINGS to suppress this warning. [C:\CLOUDPROJECT\CLOUDENGINE\build_test\CloudEngine.vcxproj]
C:\Program Files\Microsoft Visual Studio\18\Community\VC\Tools\MSVC\14.50.35717\include\__msvc_iter_core.hpp(478,31): warning C4996:         with [C:\CLOUDPROJECT\CLOUDENGINE\build_test\CloudEngine.vcxproj]
C:\Program Files\Microsoft Visual Studio\18\Community\VC\Tools\MSVC\14.50.35717\include\__msvc_iter_core.hpp(478,31): warning C4996:         [ [C:\CLOUDPROJECT\CLOUDENGINE\build_test\CloudEngine.vcxproj]
C:\Program Files\Microsoft Visual Studio\18\Community\VC\Tools\MSVC\14.50.35717\include\__msvc_iter_core.hpp(478,31): warning C4996:             T=wchar_t [C:\CLOUDPROJECT\CLOUDENGINE\build_test\CloudEngine.vcxproj]
C:\Program Files\Microsoft Visual Studio\18\Community\VC\Tools\MSVC\14.50.35717\include\__msvc_iter_core.hpp(478,31): warning C4996:         ] [C:\CLOUDPROJECT\CLOUDENGINE\build_test\CloudEngine.vcxproj]
  (╨║╨╛╨╝╨┐╨╕╨╗╤П╤Ж╨╕╤П ╨╕╤Б╤Е╨╛╨┤╨╜╨╛╨│╨╛ ╤Д╨░╨╣╨╗╨░ "../src/ecs/modules/render_module.cpp")
  
C:\Program Files\Microsoft Visual Studio\18\Community\VC\Tools\MSVC\14.50.35717\include\__msvc_iter_core.hpp(479,40): warning C4996: 'stdext::checked_array_iterator<T *>': warning STL4043: stdext::checked_array_iterator, stdext::unchecked_array_iterator, and related factory functions are non-Standard extensions and will be removed in the future. std::span (since C++20) and gsl::span can be used instead. You can define _SILENCE_STDEXT_ARR_ITERS_DEPRECATION_WARNING or _SILENCE_ALL_MS_EXT_DEPRECATION_WARNINGS to suppress this warning. [C:\CLOUDPROJECT\CLOUDENGINE\build_test\CloudEngine.vcxproj]
C:\Program Files\Microsoft Visual Studio\18\Community\VC\Tools\MSVC\14.50.35717\include\__msvc_iter_core.hpp(479,40): warning C4996:         with [C:\CLOUDPROJECT\CLOUDENGINE\build_test\CloudEngine.vcxproj]
C:\Program Files\Microsoft Visual Studio\18\Community\VC\Tools\MSVC\14.50.35717\include\__msvc_iter_core.hpp(479,40): warning C4996:         [ [C:\CLOUDPROJECT\CLOUDENGINE\build_test\CloudEngine.vcxproj]
C:\Program Files\Microsoft Visual Studio\18\Community\VC\Tools\MSVC\14.50.35717\include\__msvc_iter_core.hpp(479,40): warning C4996:             T=wchar_t [C:\CLOUDPROJECT\CLOUDENGINE\build_test\CloudEngine.vcxproj]
C:\Program Files\Microsoft Visual Studio\18\Community\VC\Tools\MSVC\14.50.35717\include\__msvc_iter_core.hpp(479,40): warning C4996:         ] [C:\CLOUDPROJECT\CLOUDENGINE\build_test\CloudEngine.vcxproj]
  (╨║╨╛╨╝╨┐╨╕╨╗╤П╤Ж╨╕╤П ╨╕╤Б╤Е╨╛╨┤╨╜╨╛╨│╨╛ ╤Д╨░╨╣╨╗╨░ "../src/ecs/modules/render_module.cpp")
      C:\Program Files\Microsoft Visual Studio\18\Community\VC\Tools\MSVC\14.50.35717\include\iterator(1501,35):
       ╤Б╨╝. ╨╛╨▒╤К╤П╨▓╨╗╨╡╨╜╨╕╨╡ "stdext::checked_array_iterator"
  
C:\Program Files\Microsoft Visual Studio\18\Community\VC\Tools\MSVC\14.50.35717\include\__msvc_iter_core.hpp(479,31): warning C4996: 'stdext::checked_array_iterator<T *>::pointer': warning STL4043: stdext::checked_array_iterator, stdext::unchecked_array_iterator, and related factory functions are non-Standard extensions and will be removed in the future. std::span (since C++20) and gsl::span can be used instead. You can define _SILENCE_STDEXT_ARR_ITERS_DEPRECATION_WARNING or _SILENCE_ALL_MS_EXT_DEPRECATION_WARNINGS to suppress this warning. [C:\CLOUDPROJECT\CLOUDENGINE\build_test\CloudEngine.vcxproj]
C:\Program Files\Microsoft Visual Studio\18\Community\VC\Tools\MSVC\14.50.35717\include\__msvc_iter_core.hpp(479,31): warning C4996:         with [C:\CLOUDPROJECT\CLOUDENGINE\build_test\CloudEngine.vcxproj]
C:\Program Files\Microsoft Visual Studio\18\Community\VC\Tools\MSVC\14.50.35717\include\__msvc_iter_core.hpp(479,31): warning C4996:         [ [C:\CLOUDPROJECT\CLOUDENGINE\build_test\CloudEngine.vcxproj]
C:\Program Files\Microsoft Visual Studio\18\Community\VC\Tools\MSVC\14.50.35717\include\__msvc_iter_core.hpp(479,31): warning C4996:             T=wchar_t [C:\CLOUDPROJECT\CLOUDENGINE\build_test\CloudEngine.vcxproj]
C:\Program Files\Microsoft Visual Studio\18\Community\VC\Tools\MSVC\14.50.35717\include\__msvc_iter_core.hpp(479,31): warning C4996:         ] [C:\CLOUDPROJECT\CLOUDENGINE\build_test\CloudEngine.vcxproj]
  (╨║╨╛╨╝╨┐╨╕╨╗╤П╤Ж╨╕╤П ╨╕╤Б╤Е╨╛╨┤╨╜╨╛╨│╨╛ ╤Д╨░╨╣╨╗╨░ "../src/ecs/modules/render_module.cpp")
  
C:\Program Files\Microsoft Visual Studio\18\Community\VC\Tools\MSVC\14.50.35717\include\__msvc_iter_core.hpp(480,40): warning C4996: 'stdext::checked_array_iterator<T *>': warning STL4043: stdext::checked_array_iterator, stdext::unchecked_array_iterator, and related factory functions are non-Standard extensions and will be removed in the future. std::span (since C++20) and gsl::span can be used instead. You can define _SILENCE_STDEXT_ARR_ITERS_DEPRECATION_WARNING or _SILENCE_ALL_MS_EXT_DEPRECATION_WARNINGS to suppress this warning. [C:\CLOUDPROJECT\CLOUDENGINE\build_test\CloudEngine.vcxproj]
C:\Program Files\Microsoft Visual Studio\18\Community\VC\Tools\MSVC\14.50.35717\include\__msvc_iter_core.hpp(480,40): warning C4996:         with [C:\CLOUDPROJECT\CLOUDENGINE\build_test\CloudEngine.vcxproj]
C:\Program Files\Microsoft Visual Studio\18\Community\VC\Tools\MSVC\14.50.35717\include\__msvc_iter_core.hpp(480,40): warning C4996:         [ [C:\CLOUDPROJECT\CLOUDENGINE\build_test\CloudEngine.vcxproj]
C:\Program Files\Microsoft Visual Studio\18\Community\VC\Tools\MSVC\14.50.35717\include\__msvc_iter_core.hpp(480,40): warning C4996:             T=wchar_t [C:\CLOUDPROJECT\CLOUDENGINE\build_test\CloudEngine.vcxproj]
C:\Program Files\Microsoft Visual Studio\18\Community\VC\Tools\MSVC\14.50.35717\include\__msvc_iter_core.hpp(480,40): warning C4996:         ] [C:\CLOUDPROJECT\CLOUDENGINE\build_test\CloudEngine.vcxproj]
  (╨║╨╛╨╝╨┐╨╕╨╗╤П╤Ж╨╕╤П ╨╕╤Б╤Е╨╛╨┤╨╜╨╛╨│╨╛ ╤Д╨░╨╣╨╗╨░ "../src/ecs/modules/render_module.cpp")
      C:\Program Files\Microsoft Visual Studio\18\Community\VC\Tools\MSVC\14.50.35717\include\iterator(1501,35):
       ╤Б╨╝. ╨╛╨▒╤К╤П╨▓╨╗╨╡╨╜╨╕╨╡ "stdext::checked_array_iterator"
  
C:\Program Files\Microsoft Visual Studio\18\Community\VC\Tools\MSVC\14.50.35717\include\__msvc_iter_core.hpp(480,31): warning C4996: 'stdext::checked_array_iterator<T *>::reference': warning STL4043: stdext::checked_array_iterator, stdext::unchecked_array_iterator, and related factory functions are non-Standard extensions and will be removed in the future. std::span (since C++20) and gsl::span can be used instead. You can define _SILENCE_STDEXT_ARR_ITERS_DEPRECATION_WARNING or _SILENCE_ALL_MS_EXT_DEPRECATION_WARNINGS to suppress this warning. [C:\CLOUDPROJECT\CLOUDENGINE\build_test\CloudEngine.vcxproj]
C:\Program Files\Microsoft Visual Studio\18\Community\VC\Tools\MSVC\14.50.35717\include\__msvc_iter_core.hpp(480,31): warning C4996:         with [C:\CLOUDPROJECT\CLOUDENGINE\build_test\CloudEngine.vcxproj]
C:\Program Files\Microsoft Visual Studio\18\Community\VC\Tools\MSVC\14.50.35717\include\__msvc_iter_core.hpp(480,31): warning C4996:         [ [C:\CLOUDPROJECT\CLOUDENGINE\build_test\CloudEngine.vcxproj]
C:\Program Files\Microsoft Visual Studio\18\Community\VC\Tools\MSVC\14.50.35717\include\__msvc_iter_core.hpp(480,31): warning C4996:             T=wchar_t [C:\CLOUDPROJECT\CLOUDENGINE\build_test\CloudEngine.vcxproj]
C:\Program Files\Microsoft Visual Studio\18\Community\VC\Tools\MSVC\14.50.35717\include\__msvc_iter_core.hpp(480,31): warning C4996:         ] [C:\CLOUDPROJECT\CLOUDENGINE\build_test\CloudEngine.vcxproj]
  (╨║╨╛╨╝╨┐╨╕╨╗╤П╤Ж╨╕╤П ╨╕╤Б╤Е╨╛╨┤╨╜╨╛╨│╨╛ ╤Д╨░╨╣╨╗╨░ "../src/ecs/modules/render_module.cpp")
  
C:\Program Files\Microsoft Visual Studio\18\Community\VC\Tools\MSVC\14.50.35717\include\xutility(1523,13): warning C4996: 'stdext::checked_array_iterator<T *>::_Verify_offset': warning STL4043: stdext::checked_array_iterator, stdext::unchecked_array_iterator, and related factory functions are non-Standard extensions and will be removed in the future. std::span (since C++20) and gsl::span can be used instead. You can define _SILENCE_STDEXT_ARR_ITERS_DEPRECATION_WARNING or _SILENCE_ALL_MS_EXT_DEPRECATION_WARNINGS to suppress this warning. [C:\CLOUDPROJECT\CLOUDENGINE\build_test\CloudEngine.vcxproj]
C:\Program Files\Microsoft Visual Studio\18\Community\VC\Tools\MSVC\14.50.35717\include\xutility(1523,13): warning C4996:         with [C:\CLOUDPROJECT\CLOUDENGINE\build_test\CloudEngine.vcxproj]
C:\Program Files\Microsoft Visual Studio\18\Community\VC\Tools\MSVC\14.50.35717\include\xutility(1523,13): warning C4996:         [ [C:\CLOUDPROJECT\CLOUDENGINE\build_test\CloudEngine.vcxproj]
C:\Program Files\Microsoft Visual Studio\18\Community\VC\Tools\MSVC\14.50.35717\include\xutility(1523,13): warning C4996:             T=wchar_t [C:\CLOUDPROJECT\CLOUDENGINE\build_test\CloudEngine.vcxproj]
C:\Program Files\Microsoft Visual Studio\18\Community\VC\Tools\MSVC\14.50.35717\include\xutility(1523,13): warning C4996:         ] [C:\CLOUDPROJECT\CLOUDENGINE\build_test\CloudEngine.vcxproj]
  (╨║╨╛╨╝╨┐╨╕╨╗╤П╤Ж╨╕╤П ╨╕╤Б╤Е╨╛╨┤╨╜╨╛╨│╨╛ ╤Д╨░╨╣╨╗╨░ "../src/ecs/modules/render_module.cpp")
  
C:\Program Files\Microsoft Visual Studio\18\Community\VC\Tools\MSVC\14.50.35717\include\xutility(1524,42): warning C4996: 'stdext::checked_array_iterator<T *>::_Unwrapped': warning STL4043: stdext::checked_array_iterator, stdext::unchecked_array_iterator, and related factory functions are non-Standard extensions and will be removed in the future. std::span (since C++20) and gsl::span can be used instead. You can define _SILENCE_STDEXT_ARR_ITERS_DEPRECATION_WARNING or _SILENCE_ALL_MS_EXT_DEPRECATION_WARNINGS to suppress this warning. [C:\CLOUDPROJECT\CLOUDENGINE\build_test\CloudEngine.vcxproj]
C:\Program Files\Microsoft Visual Studio\18\Community\VC\Tools\MSVC\14.50.35717\include\xutility(1524,42): warning C4996:         with [C:\CLOUDPROJECT\CLOUDENGINE\build_test\CloudEngine.vcxproj]
C:\Program Files\Microsoft Visual Studio\18\Community\VC\Tools\MSVC\14.50.35717\include\xutility(1524,42): warning C4996:         [ [C:\CLOUDPROJECT\CLOUDENGINE\build_test\CloudEngine.vcxproj]
C:\Program Files\Microsoft Visual Studio\18\Community\VC\Tools\MSVC\14.50.35717\include\xutility(1524,42): warning C4996:             T=wchar_t [C:\CLOUDPROJECT\CLOUDENGINE\build_test\CloudEngine.vcxproj]
C:\Program Files\Microsoft Visual Studio\18\Community\VC\Tools\MSVC\14.50.35717\include\xutility(1524,42): warning C4996:         ] [C:\CLOUDPROJECT\CLOUDENGINE\build_test\CloudEngine.vcxproj]
  (╨║╨╛╨╝╨┐╨╕╨╗╤П╤Ж╨╕╤П ╨╕╤Б╤Е╨╛╨┤╨╜╨╛╨│╨╛ ╤Д╨░╨╣╨╗╨░ "../src/ecs/modules/render_module.cpp")
  
C:\Program Files\Microsoft Visual Studio\18\Community\VC\Tools\MSVC\14.50.35717\include\xutility(1545,13): warning C4996: 'stdext::checked_array_iterator<T *>::_Seek_to': warning STL4043: stdext::checked_array_iterator, stdext::unchecked_array_iterator, and related factory functions are non-Standard extensions and will be removed in the future. std::span (since C++20) and gsl::span can be used instead. You can define _SILENCE_STDEXT_ARR_ITERS_DEPRECATION_WARNING or _SILENCE_ALL_MS_EXT_DEPRECATION_WARNINGS to suppress this warning. [C:\CLOUDPROJECT\CLOUDENGINE\build_test\CloudEngine.vcxproj]
C:\Program Files\Microsoft Visual Studio\18\Community\VC\Tools\MSVC\14.50.35717\include\xutility(1545,13): warning C4996:         with [C:\CLOUDPROJECT\CLOUDENGINE\build_test\CloudEngine.vcxproj]
C:\Program Files\Microsoft Visual Studio\18\Community\VC\Tools\MSVC\14.50.35717\include\xutility(1545,13): warning C4996:         [ [C:\CLOUDPROJECT\CLOUDENGINE\build_test\CloudEngine.vcxproj]
C:\Program Files\Microsoft Visual Studio\18\Community\VC\Tools\MSVC\14.50.35717\include\xutility(1545,13): warning C4996:             T=char [C:\CLOUDPROJECT\CLOUDENGINE\build_test\CloudEngine.vcxproj]
C:\Program Files\Microsoft Visual Studio\18\Community\VC\Tools\MSVC\14.50.35717\include\xutility(1545,13): warning C4996:         ] [C:\CLOUDPROJECT\CLOUDENGINE\build_test\CloudEngine.vcxproj]
  (╨║╨╛╨╝╨┐╨╕╨╗╤П╤Ж╨╕╤П ╨╕╤Б╤Е╨╛╨┤╨╜╨╛╨│╨╛ ╤Д╨░╨╣╨╗╨░ "../src/ecs/modules/render_module.cpp")
      C:\Program Files\Microsoft Visual Studio\18\Community\VC\Tools\MSVC\14.50.35717\include\xutility(1545,13):
      ╨║╨╛╨╜╤В╨╡╨║╤Б╤В ╤Б╨╛╨╖╨┤╨░╨╜╨╕╤П ╤Н╨║╨╖╨╡╨╝╨┐╨╗╤П╤А╨░ ╤И╨░╨▒╨╗╨╛╨╜╨░ (╤Б╨╜╨░╤З╨░╨╗╨░ ╤Б╨░╨╝╤Л╨╣ ╤Б╤В╨░╤А╤Л╨╣)
          C:\CLOUDPROJECT\CLOUDENGINE\libs\spdlog\include\spdlog\fmt\bundled\format.h(778,10):
          ╨▓╤Л╨┐╨╛╨╗╨╜╤П╨╡╤В╤Б╤П ╨║╨╛╨╝╨┐╨╕╨╗╤П╤Ж╨╕╤П ╤Б╤Б╤Л╨╗╨║╨╕ ╨╜╨░ ╤Н╨║╨╖╨╡╨╝╨┐╨╗╤П╤А ╤И╨░╨▒╨╗╨╛╨╜ ╤Д╤Г╨╜╨║╤Ж╨╕╨╕ "_NoThrowFwdIt std::uninitialized_copy_n<const U*,unsigned __int64,stdext::checked_array_iterator<T *>>(const _InIt,const _Diff,_NoThrowFwdIt)"
          with
          [
              _NoThrowFwdIt=stdext::checked_array_iterator<char *>,
              U=char,
              T=char,
              _InIt=const char *,
              _Diff=unsigned __int64
          ]
          C:\Program Files\Microsoft Visual Studio\18\Community\VC\Tools\MSVC\14.50.35717\include\memory(157,10):
          ╨▓╤Л╨┐╨╛╨╗╨╜╤П╨╡╤В╤Б╤П ╨║╨╛╨╝╨┐╨╕╨╗╤П╤Ж╨╕╤П ╤Б╤Б╤Л╨╗╨║╨╕ ╨╜╨░ ╤Н╨║╨╖╨╡╨╝╨┐╨╗╤П╤А ╤И╨░╨▒╨╗╨╛╨╜ ╤Д╤Г╨╜╨║╤Ж╨╕╨╕ "void std::_Seek_wrapped<_NoThrowFwdIt,_Ptr&>(_Iter &,_UIter)"
          with
          [
              _NoThrowFwdIt=stdext::checked_array_iterator<char *>,
              _Ptr=char *,
              _Iter=stdext::checked_array_iterator<char *>,
              _UIter=char *&
          ]
  
C:\Program Files\Microsoft Visual Studio\18\Community\VC\Tools\MSVC\14.50.35717\include\xutility(1407,31): warning C4996: 'stdext::checked_array_iterator<T *>': warning STL4043: stdext::checked_array_iterator, stdext::unchecked_array_iterator, and related factory functions are non-Standard extensions and will be removed in the future. std::span (since C++20) and gsl::span can be used instead. You can define _SILENCE_STDEXT_ARR_ITERS_DEPRECATION_WARNING or _SILENCE_ALL_MS_EXT_DEPRECATION_WARNINGS to suppress this warning. [C:\CLOUDPROJECT\CLOUDENGINE\build_test\CloudEngine.vcxproj]
C:\Program Files\Microsoft Visual Studio\18\Community\VC\Tools\MSVC\14.50.35717\include\xutility(1407,31): warning C4996:         with [C:\CLOUDPROJECT\CLOUDENGINE\build_test\CloudEngine.vcxproj]
C:\Program Files\Microsoft Visual Studio\18\Community\VC\Tools\MSVC\14.50.35717\include\xutility(1407,31): warning C4996:         [ [C:\CLOUDPROJECT\CLOUDENGINE\build_test\CloudEngine.vcxproj]
C:\Program Files\Microsoft Visual Studio\18\Community\VC\Tools\MSVC\14.50.35717\include\xutility(1407,31): warning C4996:             T=int [C:\CLOUDPROJECT\CLOUDENGINE\build_test\CloudEngine.vcxproj]
C:\Program Files\Microsoft Visual Studio\18\Community\VC\Tools\MSVC\14.50.35717\include\xutility(1407,31): warning C4996:         ] [C:\CLOUDPROJECT\CLOUDENGINE\build_test\CloudEngine.vcxproj]
  (╨║╨╛╨╝╨┐╨╕╨╗╤П╤Ж╨╕╤П ╨╕╤Б╤Е╨╛╨┤╨╜╨╛╨│╨╛ ╤Д╨░╨╣╨╗╨░ "../src/ecs/modules/render_module.cpp")
      C:\Program Files\Microsoft Visual Studio\18\Community\VC\Tools\MSVC\14.50.35717\include\iterator(1501,35):
       ╤Б╨╝. ╨╛╨▒╤К╤П╨▓╨╗╨╡╨╜╨╕╨╡ "stdext::checked_array_iterator"
      C:\Program Files\Microsoft Visual Studio\18\Community\VC\Tools\MSVC\14.50.35717\include\xutility(1407,31):
      ╨║╨╛╨╜╤В╨╡╨║╤Б╤В ╤Б╨╛╨╖╨┤╨░╨╜╨╕╤П ╤Н╨║╨╖╨╡╨╝╨┐╨╗╤П╤А╨░ ╤И╨░╨▒╨╗╨╛╨╜╨░ (╤Б╨╜╨░╤З╨░╨╗╨░ ╤Б╨░╨╝╤Л╨╣ ╤Б╤В╨░╤А╤Л╨╣)
          C:\CLOUDPROJECT\CLOUDENGINE\libs\spdlog\include\spdlog\fmt\bundled\format-inl.h(1472,11):
          ╨▓╤Л╨┐╨╛╨╗╨╜╤П╨╡╤В╤Б╤П ╨║╨╛╨╝╨┐╨╕╨╗╤П╤Ж╨╕╤П ╤Б╤Б╤Л╨╗╨║╨╕ ╨╜╨░ ╤Н╨║╨╖╨╡╨╝╨┐╨╗╤П╤А ╤И╨░╨▒╨╗╨╛╨╜ ╤Д╤Г╨╜╨║╤Ж╨╕╨╕ "void fmt::v9::detail::vformat_to<char>(fmt::v9::detail::buffer<char> &,fmt::v9::basic_string_view<char>,fmt::v9::basic_format_args<fmt::v9::format_context>,fmt::v9::detail::locale_ref)"
          C:\CLOUDPROJECT\CLOUDENGINE\libs\spdlog\include\spdlog\fmt\bundled\format.h(4078,5):
          ╨▓╤Л╨┐╨╛╨╗╨╜╤П╨╡╤В╤Б╤П ╨║╨╛╨╝╨┐╨╕╨╗╤П╤Ж╨╕╤П ╤Б╤Б╤Л╨╗╨║╨╕ ╨╜╨░ ╤Н╨║╨╖╨╡╨╝╨┐╨╗╤П╤А ╤И╨░╨▒╨╗╨╛╨╜ ╤Д╤Г╨╜╨║╤Ж╨╕╨╕ "fmt::v9::appender fmt::v9::visit_format_arg<fmt::v9::detail::default_arg_formatter<Char>,Context>(Visitor &&,const fmt::v9::basic_format_arg<Context> &)"
          with
          [
              Char=char,
              Context=fmt::v9::format_context,
              Visitor=fmt::v9::detail::default_arg_formatter<char>
          ]
          C:\CLOUDPROJECT\CLOUDENGINE\libs\spdlog\include\spdlog\fmt\bundled\core.h(1645,12):
          ╨▓╤Л╨┐╨╛╨╗╨╜╤П╨╡╤В╤Б╤П ╨║╨╛╨╝╨┐╨╕╨╗╤П╤Ж╨╕╤П ╤Б╤Б╤Л╨╗╨║╨╕ ╨╜╨░ ╤Н╨║╨╖╨╡╨╝╨┐╨╗╤П╤А ╤И╨░╨▒╨╗╨╛╨╜ ╤Д╤Г╨╜╨║╤Ж╨╕╨╕ "fmt::v9::appender fmt::v9::detail::default_arg_formatter<Char>::operator ()<float>(T)"
          with
          [
              Char=char,
              T=float
          ]
          C:\CLOUDPROJECT\CLOUDENGINE\libs\spdlog\include\spdlog\fmt\bundled\format.h(3374,12):
          ╨▓╤Л╨┐╨╛╨╗╨╜╤П╨╡╤В╤Б╤П ╨║╨╛╨╝╨┐╨╕╨╗╤П╤Ж╨╕╤П ╤Б╤Б╤Л╨╗╨║╨╕ ╨╜╨░ ╤Н╨║╨╖╨╡╨╝╨┐╨╗╤П╤А ╤И╨░╨▒╨╗╨╛╨╜ ╤Д╤Г╨╜╨║╤Ж╨╕╨╕ "OutputIt fmt::v9::detail::write<Char,fmt::v9::appender,T,0>(OutputIt,T)"
          with
          [
              OutputIt=fmt::v9::appender,
              Char=char,
              T=float
          ]
          C:\CLOUDPROJECT\CLOUDENGINE\libs\spdlog\include\spdlog\fmt\bundled\format.h(3257,10):
          ╨▓╤Л╨┐╨╛╨╗╨╜╤П╨╡╤В╤Б╤П ╨║╨╛╨╝╨┐╨╕╨╗╤П╤Ж╨╕╤П ╤Б╤Б╤Л╨╗╨║╨╕ ╨╜╨░ ╤Н╨║╨╖╨╡╨╝╨┐╨╗╤П╤А ╤И╨░╨▒╨╗╨╛╨╜ ╤Д╤Г╨╜╨║╤Ж╨╕╨╕ "OutputIt fmt::v9::detail::write_float<OutputIt,fmt::v9::detail::dragonbox::decimal_fp<fmt::v9::detail::write::floaty>,char>(OutputIt,const DecimalFP &,const fmt::v9::basic_format_specs<char> &,fmt::v9::detail::float_specs,fmt::v9::detail::locale_ref)"
          with
          [
              OutputIt=fmt::v9::appender,
              DecimalFP=fmt::v9::detail::dragonbox::decimal_fp<fmt::v9::detail::write::floaty>
          ]
          C:\CLOUDPROJECT\CLOUDENGINE\libs\spdlog\include\spdlog\fmt\bundled\format.h(2489,12):
          ╨▓╤Л╨┐╨╛╨╗╨╜╤П╨╡╤В╤Б╤П ╨║╨╛╨╝╨┐╨╕╨╗╤П╤Ж╨╕╤П ╤Б╤Б╤Л╨╗╨║╨╕ ╨╜╨░ ╤Н╨║╨╖╨╡╨╝╨┐╨╗╤П╤А ╤И╨░╨▒╨╗╨╛╨╜ ╤Д╤Г╨╜╨║╤Ж╨╕╨╕ "OutputIt fmt::v9::detail::do_write_float<OutputIt,DecimalFP,char,fmt::v9::detail::digit_grouping<Char>>(OutputIt,const DecimalFP &,const fmt::v9::basic_format_specs<Char> &,fmt::v9::detail::float_specs,fmt::v9::detail::locale_ref)"
          with
          [
              OutputIt=fmt::v9::appender,
              DecimalFP=fmt::v9::detail::dragonbox::decimal_fp<fmt::v9::detail::write::floaty>,
              Char=char
          ]
          C:\CLOUDPROJECT\CLOUDENGINE\libs\spdlog\include\spdlog\fmt\bundled\format.h(2428,12):
          ╨▓╤Л╨┐╨╛╨╗╨╜╤П╨╡╤В╤Б╤П ╨║╨╛╨╝╨┐╨╕╨╗╤П╤Ж╨╕╤П ╤Б╤Б╤Л╨╗╨║╨╕ ╨╜╨░ ╤Н╨║╨╖╨╡╨╝╨┐╨╗╤П╤А ╤И╨░╨▒╨╗╨╛╨╜ ╤Д╤Г╨╜╨║╤Ж╨╕╨╕ "OutputIt fmt::v9::detail::write_significand<Char,fmt::v9::detail::do_write_float::iterator,unsigned int,Grouping>(OutputIt,T,int,int,const Grouping &)"
          with
          [
              OutputIt=fmt::v9::detail::do_write_float::iterator,
              Char=char,
              Grouping=fmt::v9::detail::digit_grouping<char>,
              T=unsigned int
          ]
          C:\CLOUDPROJECT\CLOUDENGINE\libs\spdlog\include\spdlog\fmt\bundled\format.h(2291,19):
          ╨▓╤Л╨┐╨╛╨╗╨╜╤П╨╡╤В╤Б╤П ╨║╨╛╨╝╨┐╨╕╨╗╤П╤Ж╨╕╤П ╤Б╤Б╤Л╨╗╨║╨╕ ╨╜╨░ ╤Н╨║╨╖╨╡╨╝╨┐╨╗╤П╤А ╤И╨░╨▒╨╗╨╛╨╜ ╤Д╤Г╨╜╨║╤Ж╨╕╨╕ "Out fmt::v9::detail::digit_grouping<Char>::apply<OutputIt,char>(Out,fmt::v9::basic_string_view<Char>) const"
          with
          [
              Out=fmt::v9::detail::do_write_float::iterator,
              Char=char,
              OutputIt=fmt::v9::detail::do_write_float::iterator
          ]
          C:\CLOUDPROJECT\CLOUDENGINE\libs\spdlog\include\spdlog\fmt\bundled\format.h(1974,47):
          ╨▓╤Л╨┐╨╛╨╗╨╜╤П╨╡╤В╤Б╤П ╨║╨╛╨╝╨┐╨╕╨╗╤П╤Ж╨╕╤П ╤Б╤Б╤Л╨╗╨║╨╕ ╨╜╨░ ╤Н╨║╨╖╨╡╨╝╨┐╨╗╤П╤А ╨║╨╗╨░╤Б╤Б ╤И╨░╨▒╨╗╨╛╨╜ ╤Д╤Г╨╜╨║╤Ж╨╕╨╕ "fmt::v9::basic_memory_buffer<int,500,std::allocator<int>>"
          C:\CLOUDPROJECT\CLOUDENGINE\libs\spdlog\include\spdlog\fmt\bundled\format.h(912,18):
          ╨▓╨╛ ╨▓╤А╨╡╨╝╤П ╨║╨╛╨╝╨┐╨╕╨╗╤П╤Ж╨╕╨╕ ╤Д╤Г╨╜╨║╤Ж╨╕╨╕-╤З╨╗╨╡╨╜╨░ ╨║╨╗╨░╤Б╤Б ╤И╨░╨▒╨╗╨╛╨╜ "void fmt::v9::basic_memory_buffer<int,500,std::allocator<int>>::grow(size_t)"
          C:\CLOUDPROJECT\CLOUDENGINE\libs\spdlog\include\spdlog\fmt\bundled\format.h(925,8):
          ╨▓╤Л╨┐╨╛╨╗╨╜╤П╨╡╤В╤Б╤П ╨║╨╛╨╝╨┐╨╕╨╗╤П╤Ж╨╕╤П ╤Б╤Б╤Л╨╗╨║╨╕ ╨╜╨░ ╤Н╨║╨╖╨╡╨╝╨┐╨╗╤П╤А ╤И╨░╨▒╨╗╨╛╨╜ ╤Д╤Г╨╜╨║╤Ж╨╕╨╕ "_NoThrowFwdIt std::uninitialized_copy<T*,stdext::checked_array_iterator<T *>>(const _InIt,const _InIt,_NoThrowFwdIt)"
          with
          [
              _NoThrowFwdIt=stdext::checked_array_iterator<int *>,
              T=int,
              _InIt=int *
          ]
          C:\Program Files\Microsoft Visual Studio\18\Community\VC\Tools\MSVC\14.50.35717\include\xmemory(1990,30):
          ╨▓╤Л╨┐╨╛╨╗╨╜╤П╨╡╤В╤Б╤П ╨║╨╛╨╝╨┐╨╕╨╗╤П╤Ж╨╕╤П ╤Б╤Б╤Л╨╗╨║╨╕ ╨╜╨░ ╤Н╨║╨╖╨╡╨╝╨┐╨╗╤П╤А ╤И╨░╨▒╨╗╨╛╨╜ ╤Д╤Г╨╜╨║╤Ж╨╕╨╕ "decltype(auto) std::_Get_unwrapped_n<_NoThrowFwdIt&,__int64>(_Iter,const _Diff)"
          with
          [
              _NoThrowFwdIt=stdext::checked_array_iterator<int *>,
              _Iter=stdext::checked_array_iterator<int *> &,
              _Diff=__int64
          ]
          C:\Program Files\Microsoft Visual Studio\18\Community\VC\Tools\MSVC\14.50.35717\include\xutility(1512,26):
          ╨▓╤Л╨┐╨╛╨╗╨╜╤П╨╡╤В╤Б╤П ╨║╨╛╨╝╨┐╨╕╨╗╤П╤Ж╨╕╤П ╤Б╤Б╤Л╨╗╨║╨╕ ╨╜╨░ ╤И╨░╨▒╨╗╨╛╨╜ ╨┐╨╡╤А╨╡╨╝╨╡╨╜╨╜╨╛╨╣ "const bool _Unwrappable_for_offset_v<stdext::checked_array_iterator<int *> &>"
          C:\Program Files\Microsoft Visual Studio\18\Community\VC\Tools\MSVC\14.50.35717\include\xutility(1506,44):
          ╨▓╤Л╨┐╨╛╨╗╨╜╤П╨╡╤В╤Б╤П ╨║╨╛╨╝╨┐╨╕╨╗╤П╤Ж╨╕╤П ╤Б╤Б╤Л╨╗╨║╨╕ ╨╜╨░ ╤И╨░╨▒╨╗╨╛╨╜ ╨┐╨╡╤А╨╡╨╝╨╡╨╜╨╜╨╛╨╣ "const bool _Unwrappable_v<stdext::checked_array_iterator<int *> &,void>"
          C:\Program Files\Microsoft Visual Studio\18\Community\VC\Tools\MSVC\14.50.35717\include\xutility(1435,5):
          ╨▓╤Л╨┐╨╛╨╗╨╜╤П╨╡╤В╤Б╤П ╨║╨╛╨╝╨┐╨╕╨╗╤П╤Ж╨╕╤П ╤Б╤Б╤Л╨╗╨║╨╕ ╨╜╨░ ╤И╨░╨▒╨╗╨╛╨╜ ╨┐╨╡╤А╨╡╨╝╨╡╨╜╨╜╨╛╨╣ "const bool _Allow_inheriting_unwrap_v<stdext::checked_array_iterator<int *>,void>"
  
C:\Program Files\Microsoft Visual Studio\18\Community\VC\Tools\MSVC\14.50.35717\include\xutility(1407,22): warning C4996: 'stdext::checked_array_iterator<T *>::_Prevent_inheriting_unwrap': warning STL4043: stdext::checked_array_iterator, stdext::unchecked_array_iterator, and related factory functions are non-Standard extensions and will be removed in the future. std::span (since C++20) and gsl::span can be used instead. You can define _SILENCE_STDEXT_ARR_ITERS_DEPRECATION_WARNING or _SILENCE_ALL_MS_EXT_DEPRECATION_WARNINGS to suppress this warning. [C:\CLOUDPROJECT\CLOUDENGINE\build_test\CloudEngine.vcxproj]
C:\Program Files\Microsoft Visual Studio\18\Community\VC\Tools\MSVC\14.50.35717\include\xutility(1407,22): warning C4996:         with [C:\CLOUDPROJECT\CLOUDENGINE\build_test\CloudEngine.vcxproj]
C:\Program Files\Microsoft Visual Studio\18\Community\VC\Tools\MSVC\14.50.35717\include\xutility(1407,22): warning C4996:         [ [C:\CLOUDPROJECT\CLOUDENGINE\build_test\CloudEngine.vcxproj]
C:\Program Files\Microsoft Visual Studio\18\Community\VC\Tools\MSVC\14.50.35717\include\xutility(1407,22): warning C4996:             T=int [C:\CLOUDPROJECT\CLOUDENGINE\build_test\CloudEngine.vcxproj]
C:\Program Files\Microsoft Visual Studio\18\Community\VC\Tools\MSVC\14.50.35717\include\xutility(1407,22): warning C4996:         ] [C:\CLOUDPROJECT\CLOUDENGINE\build_test\CloudEngine.vcxproj]
  (╨║╨╛╨╝╨┐╨╕╨╗╤П╤Ж╨╕╤П ╨╕╤Б╤Е╨╛╨┤╨╜╨╛╨│╨╛ ╤Д╨░╨╣╨╗╨░ "../src/ecs/modules/render_module.cpp")
  
C:\Program Files\Microsoft Visual Studio\18\Community\VC\Tools\MSVC\14.50.35717\include\__msvc_iter_core.hpp(476,40): warning C4996: 'stdext::checked_array_iterator<T *>': warning STL4043: stdext::checked_array_iterator, stdext::unchecked_array_iterator, and related factory functions are non-Standard extensions and will be removed in the future. std::span (since C++20) and gsl::span can be used instead. You can define _SILENCE_STDEXT_ARR_ITERS_DEPRECATION_WARNING or _SILENCE_ALL_MS_EXT_DEPRECATION_WARNINGS to suppress this warning. [C:\CLOUDPROJECT\CLOUDENGINE\build_test\CloudEngine.vcxproj]
C:\Program Files\Microsoft Visual Studio\18\Community\VC\Tools\MSVC\14.50.35717\include\__msvc_iter_core.hpp(476,40): warning C4996:         with [C:\CLOUDPROJECT\CLOUDENGINE\build_test\CloudEngine.vcxproj]
C:\Program Files\Microsoft Visual Studio\18\Community\VC\Tools\MSVC\14.50.35717\include\__msvc_iter_core.hpp(476,40): warning C4996:         [ [C:\CLOUDPROJECT\CLOUDENGINE\build_test\CloudEngine.vcxproj]
C:\Program Files\Microsoft Visual Studio\18\Community\VC\Tools\MSVC\14.50.35717\include\__msvc_iter_core.hpp(476,40): warning C4996:             T=int [C:\CLOUDPROJECT\CLOUDENGINE\build_test\CloudEngine.vcxproj]
C:\Program Files\Microsoft Visual Studio\18\Community\VC\Tools\MSVC\14.50.35717\include\__msvc_iter_core.hpp(476,40): warning C4996:         ] [C:\CLOUDPROJECT\CLOUDENGINE\build_test\CloudEngine.vcxproj]
  (╨║╨╛╨╝╨┐╨╕╨╗╤П╤Ж╨╕╤П ╨╕╤Б╤Е╨╛╨┤╨╜╨╛╨│╨╛ ╤Д╨░╨╣╨╗╨░ "../src/ecs/modules/render_module.cpp")
      C:\Program Files\Microsoft Visual Studio\18\Community\VC\Tools\MSVC\14.50.35717\include\iterator(1501,35):
       ╤Б╨╝. ╨╛╨▒╤К╤П╨▓╨╗╨╡╨╜╨╕╨╡ "stdext::checked_array_iterator"
      C:\Program Files\Microsoft Visual Studio\18\Community\VC\Tools\MSVC\14.50.35717\include\__msvc_iter_core.hpp(476,40):
      ╨║╨╛╨╜╤В╨╡╨║╤Б╤В ╤Б╨╛╨╖╨┤╨░╨╜╨╕╤П ╤Н╨║╨╖╨╡╨╝╨┐╨╗╤П╤А╨░ ╤И╨░╨▒╨╗╨╛╨╜╨░ (╤Б╨╜╨░╤З╨░╨╗╨░ ╤Б╨░╨╝╤Л╨╣ ╤Б╤В╨░╤А╤Л╨╣)
          C:\Program Files\Microsoft Visual Studio\18\Community\VC\Tools\MSVC\14.50.35717\include\xutility(1502,93):
          ╨▓╤Л╨┐╨╛╨╗╨╜╤П╨╡╤В╤Б╤П ╨║╨╛╨╝╨┐╨╕╨╗╤П╤Ж╨╕╤П ╤Б╤Б╤Л╨╗╨║╨╕ ╨╜╨░ ╤Н╨║╨╖╨╡╨╝╨┐╨╗╤П╤А ╨┐╤Б╨╡╨▓╨┤╨╛╨╜╨╕╨╝ ╤И╨░╨▒╨╗╨╛╨╜ ╤Д╤Г╨╜╨║╤Ж╨╕╨╕ "std::_Iter_diff_t<_Iter>"
          with
          [
              _Iter=stdext::checked_array_iterator<int *>
          ]
          C:\Program Files\Microsoft Visual Studio\18\Community\VC\Tools\MSVC\14.50.35717\include\xutility(1311,55):
          ╨▓╤Л╨┐╨╛╨╗╨╜╤П╨╡╤В╤Б╤П ╨║╨╛╨╝╨┐╨╕╨╗╤П╤Ж╨╕╤П ╤Б╤Б╤Л╨╗╨║╨╕ ╨╜╨░ ╤Н╨║╨╖╨╡╨╝╨┐╨╗╤П╤А ╨║╨╗╨░╤Б╤Б ╤И╨░╨▒╨╗╨╛╨╜ ╤Д╤Г╨╜╨║╤Ж╨╕╨╕ "std::iterator_traits<_Iter>"
          with
          [
              _Iter=stdext::checked_array_iterator<int *>
          ]
          C:\Program Files\Microsoft Visual Studio\18\Community\VC\Tools\MSVC\14.50.35717\include\__msvc_iter_core.hpp(496,26):
          ╨▓╤Л╨┐╨╛╨╗╨╜╤П╨╡╤В╤Б╤П ╨║╨╛╨╝╨┐╨╕╨╗╤П╤Ж╨╕╤П ╤Б╤Б╤Л╨╗╨║╨╕ ╨╜╨░ ╤Н╨║╨╖╨╡╨╝╨┐╨╗╤П╤А ╨║╨╗╨░╤Б╤Б ╤И╨░╨▒╨╗╨╛╨╜ ╤Д╤Г╨╜╨║╤Ж╨╕╨╕ "std::_Iterator_traits_base<_Iter,void>"
          with
          [
              _Iter=stdext::checked_array_iterator<int *>
          ]
  
C:\Program Files\Microsoft Visual Studio\18\Community\VC\Tools\MSVC\14.50.35717\include\__msvc_iter_core.hpp(476,31): warning C4996: 'stdext::checked_array_iterator<T *>::iterator_category': warning STL4043: stdext::checked_array_iterator, stdext::unchecked_array_iterator, and related factory functions are non-Standard extensions and will be removed in the future. std::span (since C++20) and gsl::span can be used instead. You can define _SILENCE_STDEXT_ARR_ITERS_DEPRECATION_WARNING or _SILENCE_ALL_MS_EXT_DEPRECATION_WARNINGS to suppress this warning. [C:\CLOUDPROJECT\CLOUDENGINE\build_test\CloudEngine.vcxproj]
C:\Program Files\Microsoft Visual Studio\18\Community\VC\Tools\MSVC\14.50.35717\include\__msvc_iter_core.hpp(476,31): warning C4996:         with [C:\CLOUDPROJECT\CLOUDENGINE\build_test\CloudEngine.vcxproj]
C:\Program Files\Microsoft Visual Studio\18\Community\VC\Tools\MSVC\14.50.35717\include\__msvc_iter_core.hpp(476,31): warning C4996:         [ [C:\CLOUDPROJECT\CLOUDENGINE\build_test\CloudEngine.vcxproj]
C:\Program Files\Microsoft Visual Studio\18\Community\VC\Tools\MSVC\14.50.35717\include\__msvc_iter_core.hpp(476,31): warning C4996:             T=int [C:\CLOUDPROJECT\CLOUDENGINE\build_test\CloudEngine.vcxproj]
C:\Program Files\Microsoft Visual Studio\18\Community\VC\Tools\MSVC\14.50.35717\include\__msvc_iter_core.hpp(476,31): warning C4996:         ] [C:\CLOUDPROJECT\CLOUDENGINE\build_test\CloudEngine.vcxproj]
  (╨║╨╛╨╝╨┐╨╕╨╗╤П╤Ж╨╕╤П ╨╕╤Б╤Е╨╛╨┤╨╜╨╛╨│╨╛ ╤Д╨░╨╣╨╗╨░ "../src/ecs/modules/render_module.cpp")
  
C:\Program Files\Microsoft Visual Studio\18\Community\VC\Tools\MSVC\14.50.35717\include\__msvc_iter_core.hpp(477,40): warning C4996: 'stdext::checked_array_iterator<T *>': warning STL4043: stdext::checked_array_iterator, stdext::unchecked_array_iterator, and related factory functions are non-Standard extensions and will be removed in the future. std::span (since C++20) and gsl::span can be used instead. You can define _SILENCE_STDEXT_ARR_ITERS_DEPRECATION_WARNING or _SILENCE_ALL_MS_EXT_DEPRECATION_WARNINGS to suppress this warning. [C:\CLOUDPROJECT\CLOUDENGINE\build_test\CloudEngine.vcxproj]
C:\Program Files\Microsoft Visual Studio\18\Community\VC\Tools\MSVC\14.50.35717\include\__msvc_iter_core.hpp(477,40): warning C4996:         with [C:\CLOUDPROJECT\CLOUDENGINE\build_test\CloudEngine.vcxproj]
C:\Program Files\Microsoft Visual Studio\18\Community\VC\Tools\MSVC\14.50.35717\include\__msvc_iter_core.hpp(477,40): warning C4996:         [ [C:\CLOUDPROJECT\CLOUDENGINE\build_test\CloudEngine.vcxproj]
C:\Program Files\Microsoft Visual Studio\18\Community\VC\Tools\MSVC\14.50.35717\include\__msvc_iter_core.hpp(477,40): warning C4996:             T=int [C:\CLOUDPROJECT\CLOUDENGINE\build_test\CloudEngine.vcxproj]
C:\Program Files\Microsoft Visual Studio\18\Community\VC\Tools\MSVC\14.50.35717\include\__msvc_iter_core.hpp(477,40): warning C4996:         ] [C:\CLOUDPROJECT\CLOUDENGINE\build_test\CloudEngine.vcxproj]
  (╨║╨╛╨╝╨┐╨╕╨╗╤П╤Ж╨╕╤П ╨╕╤Б╤Е╨╛╨┤╨╜╨╛╨│╨╛ ╤Д╨░╨╣╨╗╨░ "../src/ecs/modules/render_module.cpp")
      C:\Program Files\Microsoft Visual Studio\18\Community\VC\Tools\MSVC\14.50.35717\include\iterator(1501,35):
       ╤Б╨╝. ╨╛╨▒╤К╤П╨▓╨╗╨╡╨╜╨╕╨╡ "stdext::checked_array_iterator"
  
C:\Program Files\Microsoft Visual Studio\18\Community\VC\Tools\MSVC\14.50.35717\include\__msvc_iter_core.hpp(477,31): warning C4996: 'stdext::checked_array_iterator<T *>::value_type': warning STL4043: stdext::checked_array_iterator, stdext::unchecked_array_iterator, and related factory functions are non-Standard extensions and will be removed in the future. std::span (since C++20) and gsl::span can be used instead. You can define _SILENCE_STDEXT_ARR_ITERS_DEPRECATION_WARNING or _SILENCE_ALL_MS_EXT_DEPRECATION_WARNINGS to suppress this warning. [C:\CLOUDPROJECT\CLOUDENGINE\build_test\CloudEngine.vcxproj]
C:\Program Files\Microsoft Visual Studio\18\Community\VC\Tools\MSVC\14.50.35717\include\__msvc_iter_core.hpp(477,31): warning C4996:         with [C:\CLOUDPROJECT\CLOUDENGINE\build_test\CloudEngine.vcxproj]
C:\Program Files\Microsoft Visual Studio\18\Community\VC\Tools\MSVC\14.50.35717\include\__msvc_iter_core.hpp(477,31): warning C4996:         [ [C:\CLOUDPROJECT\CLOUDENGINE\build_test\CloudEngine.vcxproj]
C:\Program Files\Microsoft Visual Studio\18\Community\VC\Tools\MSVC\14.50.35717\include\__msvc_iter_core.hpp(477,31): warning C4996:             T=int [C:\CLOUDPROJECT\CLOUDENGINE\build_test\CloudEngine.vcxproj]
C:\Program Files\Microsoft Visual Studio\18\Community\VC\Tools\MSVC\14.50.35717\include\__msvc_iter_core.hpp(477,31): warning C4996:         ] [C:\CLOUDPROJECT\CLOUDENGINE\build_test\CloudEngine.vcxproj]
  (╨║╨╛╨╝╨┐╨╕╨╗╤П╤Ж╨╕╤П ╨╕╤Б╤Е╨╛╨┤╨╜╨╛╨│╨╛ ╤Д╨░╨╣╨╗╨░ "../src/ecs/modules/render_module.cpp")
  
C:\Program Files\Microsoft Visual Studio\18\Community\VC\Tools\MSVC\14.50.35717\include\__msvc_iter_core.hpp(478,40): warning C4996: 'stdext::checked_array_iterator<T *>': warning STL4043: stdext::checked_array_iterator, stdext::unchecked_array_iterator, and related factory functions are non-Standard extensions and will be removed in the future. std::span (since C++20) and gsl::span can be used instead. You can define _SILENCE_STDEXT_ARR_ITERS_DEPRECATION_WARNING or _SILENCE_ALL_MS_EXT_DEPRECATION_WARNINGS to suppress this warning. [C:\CLOUDPROJECT\CLOUDENGINE\build_test\CloudEngine.vcxproj]
C:\Program Files\Microsoft Visual Studio\18\Community\VC\Tools\MSVC\14.50.35717\include\__msvc_iter_core.hpp(478,40): warning C4996:         with [C:\CLOUDPROJECT\CLOUDENGINE\build_test\CloudEngine.vcxproj]
C:\Program Files\Microsoft Visual Studio\18\Community\VC\Tools\MSVC\14.50.35717\include\__msvc_iter_core.hpp(478,40): warning C4996:         [ [C:\CLOUDPROJECT\CLOUDENGINE\build_test\CloudEngine.vcxproj]
C:\Program Files\Microsoft Visual Studio\18\Community\VC\Tools\MSVC\14.50.35717\include\__msvc_iter_core.hpp(478,40): warning C4996:             T=int [C:\CLOUDPROJECT\CLOUDENGINE\build_test\CloudEngine.vcxproj]
C:\Program Files\Microsoft Visual Studio\18\Community\VC\Tools\MSVC\14.50.35717\include\__msvc_iter_core.hpp(478,40): warning C4996:         ] [C:\CLOUDPROJECT\CLOUDENGINE\build_test\CloudEngine.vcxproj]
  (╨║╨╛╨╝╨┐╨╕╨╗╤П╤Ж╨╕╤П ╨╕╤Б╤Е╨╛╨┤╨╜╨╛╨│╨╛ ╤Д╨░╨╣╨╗╨░ "../src/ecs/modules/render_module.cpp")
      C:\Program Files\Microsoft Visual Studio\18\Community\VC\Tools\MSVC\14.50.35717\include\iterator(1501,35):
       ╤Б╨╝. ╨╛╨▒╤К╤П╨▓╨╗╨╡╨╜╨╕╨╡ "stdext::checked_array_iterator"
  
C:\Program Files\Microsoft Visual Studio\18\Community\VC\Tools\MSVC\14.50.35717\include\__msvc_iter_core.hpp(478,31): warning C4996: 'stdext::checked_array_iterator<T *>::difference_type': warning STL4043: stdext::checked_array_iterator, stdext::unchecked_array_iterator, and related factory functions are non-Standard extensions and will be removed in the future. std::span (since C++20) and gsl::span can be used instead. You can define _SILENCE_STDEXT_ARR_ITERS_DEPRECATION_WARNING or _SILENCE_ALL_MS_EXT_DEPRECATION_WARNINGS to suppress this warning. [C:\CLOUDPROJECT\CLOUDENGINE\build_test\CloudEngine.vcxproj]
C:\Program Files\Microsoft Visual Studio\18\Community\VC\Tools\MSVC\14.50.35717\include\__msvc_iter_core.hpp(478,31): warning C4996:         with [C:\CLOUDPROJECT\CLOUDENGINE\build_test\CloudEngine.vcxproj]
C:\Program Files\Microsoft Visual Studio\18\Community\VC\Tools\MSVC\14.50.35717\include\__msvc_iter_core.hpp(478,31): warning C4996:         [ [C:\CLOUDPROJECT\CLOUDENGINE\build_test\CloudEngine.vcxproj]
C:\Program Files\Microsoft Visual Studio\18\Community\VC\Tools\MSVC\14.50.35717\include\__msvc_iter_core.hpp(478,31): warning C4996:             T=int [C:\CLOUDPROJECT\CLOUDENGINE\build_test\CloudEngine.vcxproj]
C:\Program Files\Microsoft Visual Studio\18\Community\VC\Tools\MSVC\14.50.35717\include\__msvc_iter_core.hpp(478,31): warning C4996:         ] [C:\CLOUDPROJECT\CLOUDENGINE\build_test\CloudEngine.vcxproj]
  (╨║╨╛╨╝╨┐╨╕╨╗╤П╤Ж╨╕╤П ╨╕╤Б╤Е╨╛╨┤╨╜╨╛╨│╨╛ ╤Д╨░╨╣╨╗╨░ "../src/ecs/modules/render_module.cpp")
  
C:\Program Files\Microsoft Visual Studio\18\Community\VC\Tools\MSVC\14.50.35717\include\__msvc_iter_core.hpp(479,40): warning C4996: 'stdext::checked_array_iterator<T *>': warning STL4043: stdext::checked_array_iterator, stdext::unchecked_array_iterator, and related factory functions are non-Standard extensions and will be removed in the future. std::span (since C++20) and gsl::span can be used instead. You can define _SILENCE_STDEXT_ARR_ITERS_DEPRECATION_WARNING or _SILENCE_ALL_MS_EXT_DEPRECATION_WARNINGS to suppress this warning. [C:\CLOUDPROJECT\CLOUDENGINE\build_test\CloudEngine.vcxproj]
C:\Program Files\Microsoft Visual Studio\18\Community\VC\Tools\MSVC\14.50.35717\include\__msvc_iter_core.hpp(479,40): warning C4996:         with [C:\CLOUDPROJECT\CLOUDENGINE\build_test\CloudEngine.vcxproj]
C:\Program Files\Microsoft Visual Studio\18\Community\VC\Tools\MSVC\14.50.35717\include\__msvc_iter_core.hpp(479,40): warning C4996:         [ [C:\CLOUDPROJECT\CLOUDENGINE\build_test\CloudEngine.vcxproj]
C:\Program Files\Microsoft Visual Studio\18\Community\VC\Tools\MSVC\14.50.35717\include\__msvc_iter_core.hpp(479,40): warning C4996:             T=int [C:\CLOUDPROJECT\CLOUDENGINE\build_test\CloudEngine.vcxproj]
C:\Program Files\Microsoft Visual Studio\18\Community\VC\Tools\MSVC\14.50.35717\include\__msvc_iter_core.hpp(479,40): warning C4996:         ] [C:\CLOUDPROJECT\CLOUDENGINE\build_test\CloudEngine.vcxproj]
  (╨║╨╛╨╝╨┐╨╕╨╗╤П╤Ж╨╕╤П ╨╕╤Б╤Е╨╛╨┤╨╜╨╛╨│╨╛ ╤Д╨░╨╣╨╗╨░ "../src/ecs/modules/render_module.cpp")
      C:\Program Files\Microsoft Visual Studio\18\Community\VC\Tools\MSVC\14.50.35717\include\iterator(1501,35):
       ╤Б╨╝. ╨╛╨▒╤К╤П╨▓╨╗╨╡╨╜╨╕╨╡ "stdext::checked_array_iterator"
  
C:\Program Files\Microsoft Visual Studio\18\Community\VC\Tools\MSVC\14.50.35717\include\__msvc_iter_core.hpp(479,31): warning C4996: 'stdext::checked_array_iterator<T *>::pointer': warning STL4043: stdext::checked_array_iterator, stdext::unchecked_array_iterator, and related factory functions are non-Standard extensions and will be removed in the future. std::span (since C++20) and gsl::span can be used instead. You can define _SILENCE_STDEXT_ARR_ITERS_DEPRECATION_WARNING or _SILENCE_ALL_MS_EXT_DEPRECATION_WARNINGS to suppress this warning. [C:\CLOUDPROJECT\CLOUDENGINE\build_test\CloudEngine.vcxproj]
C:\Program Files\Microsoft Visual Studio\18\Community\VC\Tools\MSVC\14.50.35717\include\__msvc_iter_core.hpp(479,31): warning C4996:         with [C:\CLOUDPROJECT\CLOUDENGINE\build_test\CloudEngine.vcxproj]
C:\Program Files\Microsoft Visual Studio\18\Community\VC\Tools\MSVC\14.50.35717\include\__msvc_iter_core.hpp(479,31): warning C4996:         [ [C:\CLOUDPROJECT\CLOUDENGINE\build_test\CloudEngine.vcxproj]
C:\Program Files\Microsoft Visual Studio\18\Community\VC\Tools\MSVC\14.50.35717\include\__msvc_iter_core.hpp(479,31): warning C4996:             T=int [C:\CLOUDPROJECT\CLOUDENGINE\build_test\CloudEngine.vcxproj]
C:\Program Files\Microsoft Visual Studio\18\Community\VC\Tools\MSVC\14.50.35717\include\__msvc_iter_core.hpp(479,31): warning C4996:         ] [C:\CLOUDPROJECT\CLOUDENGINE\build_test\CloudEngine.vcxproj]
  (╨║╨╛╨╝╨┐╨╕╨╗╤П╤Ж╨╕╤П ╨╕╤Б╤Е╨╛╨┤╨╜╨╛╨│╨╛ ╤Д╨░╨╣╨╗╨░ "../src/ecs/modules/render_module.cpp")
  
C:\Program Files\Microsoft Visual Studio\18\Community\VC\Tools\MSVC\14.50.35717\include\__msvc_iter_core.hpp(480,40): warning C4996: 'stdext::checked_array_iterator<T *>': warning STL4043: stdext::checked_array_iterator, stdext::unchecked_array_iterator, and related factory functions are non-Standard extensions and will be removed in the future. std::span (since C++20) and gsl::span can be used instead. You can define _SILENCE_STDEXT_ARR_ITERS_DEPRECATION_WARNING or _SILENCE_ALL_MS_EXT_DEPRECATION_WARNINGS to suppress this warning. [C:\CLOUDPROJECT\CLOUDENGINE\build_test\CloudEngine.vcxproj]
C:\Program Files\Microsoft Visual Studio\18\Community\VC\Tools\MSVC\14.50.35717\include\__msvc_iter_core.hpp(480,40): warning C4996:         with [C:\CLOUDPROJECT\CLOUDENGINE\build_test\CloudEngine.vcxproj]
C:\Program Files\Microsoft Visual Studio\18\Community\VC\Tools\MSVC\14.50.35717\include\__msvc_iter_core.hpp(480,40): warning C4996:         [ [C:\CLOUDPROJECT\CLOUDENGINE\build_test\CloudEngine.vcxproj]
C:\Program Files\Microsoft Visual Studio\18\Community\VC\Tools\MSVC\14.50.35717\include\__msvc_iter_core.hpp(480,40): warning C4996:             T=int [C:\CLOUDPROJECT\CLOUDENGINE\build_test\CloudEngine.vcxproj]
C:\Program Files\Microsoft Visual Studio\18\Community\VC\Tools\MSVC\14.50.35717\include\__msvc_iter_core.hpp(480,40): warning C4996:         ] [C:\CLOUDPROJECT\CLOUDENGINE\build_test\CloudEngine.vcxproj]
  (╨║╨╛╨╝╨┐╨╕╨╗╤П╤Ж╨╕╤П ╨╕╤Б╤Е╨╛╨┤╨╜╨╛╨│╨╛ ╤Д╨░╨╣╨╗╨░ "../src/ecs/modules/render_module.cpp")
      C:\Program Files\Microsoft Visual Studio\18\Community\VC\Tools\MSVC\14.50.35717\include\iterator(1501,35):
       ╤Б╨╝. ╨╛╨▒╤К╤П╨▓╨╗╨╡╨╜╨╕╨╡ "stdext::checked_array_iterator"
  
C:\Program Files\Microsoft Visual Studio\18\Community\VC\Tools\MSVC\14.50.35717\include\__msvc_iter_core.hpp(480,31): warning C4996: 'stdext::checked_array_iterator<T *>::reference': warning STL4043: stdext::checked_array_iterator, stdext::unchecked_array_iterator, and related factory functions are non-Standard extensions and will be removed in the future. std::span (since C++20) and gsl::span can be used instead. You can define _SILENCE_STDEXT_ARR_ITERS_DEPRECATION_WARNING or _SILENCE_ALL_MS_EXT_DEPRECATION_WARNINGS to suppress this warning. [C:\CLOUDPROJECT\CLOUDENGINE\build_test\CloudEngine.vcxproj]
C:\Program Files\Microsoft Visual Studio\18\Community\VC\Tools\MSVC\14.50.35717\include\__msvc_iter_core.hpp(480,31): warning C4996:         with [C:\CLOUDPROJECT\CLOUDENGINE\build_test\CloudEngine.vcxproj]
C:\Program Files\Microsoft Visual Studio\18\Community\VC\Tools\MSVC\14.50.35717\include\__msvc_iter_core.hpp(480,31): warning C4996:         [ [C:\CLOUDPROJECT\CLOUDENGINE\build_test\CloudEngine.vcxproj]
C:\Program Files\Microsoft Visual Studio\18\Community\VC\Tools\MSVC\14.50.35717\include\__msvc_iter_core.hpp(480,31): warning C4996:             T=int [C:\CLOUDPROJECT\CLOUDENGINE\build_test\CloudEngine.vcxproj]
C:\Program Files\Microsoft Visual Studio\18\Community\VC\Tools\MSVC\14.50.35717\include\__msvc_iter_core.hpp(480,31): warning C4996:         ] [C:\CLOUDPROJECT\CLOUDENGINE\build_test\CloudEngine.vcxproj]
  (╨║╨╛╨╝╨┐╨╕╨╗╤П╤Ж╨╕╤П ╨╕╤Б╤Е╨╛╨┤╨╜╨╛╨│╨╛ ╤Д╨░╨╣╨╗╨░ "../src/ecs/modules/render_module.cpp")
  
C:\Program Files\Microsoft Visual Studio\18\Community\VC\Tools\MSVC\14.50.35717\include\xutility(1523,13): warning C4996: 'stdext::checked_array_iterator<T *>::_Verify_offset': warning STL4043: stdext::checked_array_iterator, stdext::unchecked_array_iterator, and related factory functions are non-Standard extensions and will be removed in the future. std::span (since C++20) and gsl::span can be used instead. You can define _SILENCE_STDEXT_ARR_ITERS_DEPRECATION_WARNING or _SILENCE_ALL_MS_EXT_DEPRECATION_WARNINGS to suppress this warning. [C:\CLOUDPROJECT\CLOUDENGINE\build_test\CloudEngine.vcxproj]
C:\Program Files\Microsoft Visual Studio\18\Community\VC\Tools\MSVC\14.50.35717\include\xutility(1523,13): warning C4996:         with [C:\CLOUDPROJECT\CLOUDENGINE\build_test\CloudEngine.vcxproj]
C:\Program Files\Microsoft Visual Studio\18\Community\VC\Tools\MSVC\14.50.35717\include\xutility(1523,13): warning C4996:         [ [C:\CLOUDPROJECT\CLOUDENGINE\build_test\CloudEngine.vcxproj]
C:\Program Files\Microsoft Visual Studio\18\Community\VC\Tools\MSVC\14.50.35717\include\xutility(1523,13): warning C4996:             T=int [C:\CLOUDPROJECT\CLOUDENGINE\build_test\CloudEngine.vcxproj]
C:\Program Files\Microsoft Visual Studio\18\Community\VC\Tools\MSVC\14.50.35717\include\xutility(1523,13): warning C4996:         ] [C:\CLOUDPROJECT\CLOUDENGINE\build_test\CloudEngine.vcxproj]
  (╨║╨╛╨╝╨┐╨╕╨╗╤П╤Ж╨╕╤П ╨╕╤Б╤Е╨╛╨┤╨╜╨╛╨│╨╛ ╤Д╨░╨╣╨╗╨░ "../src/ecs/modules/render_module.cpp")
  
C:\Program Files\Microsoft Visual Studio\18\Community\VC\Tools\MSVC\14.50.35717\include\xutility(1524,42): warning C4996: 'stdext::checked_array_iterator<T *>::_Unwrapped': warning STL4043: stdext::checked_array_iterator, stdext::unchecked_array_iterator, and related factory functions are non-Standard extensions and will be removed in the future. std::span (since C++20) and gsl::span can be used instead. You can define _SILENCE_STDEXT_ARR_ITERS_DEPRECATION_WARNING or _SILENCE_ALL_MS_EXT_DEPRECATION_WARNINGS to suppress this warning. [C:\CLOUDPROJECT\CLOUDENGINE\build_test\CloudEngine.vcxproj]
C:\Program Files\Microsoft Visual Studio\18\Community\VC\Tools\MSVC\14.50.35717\include\xutility(1524,42): warning C4996:         with [C:\CLOUDPROJECT\CLOUDENGINE\build_test\CloudEngine.vcxproj]
C:\Program Files\Microsoft Visual Studio\18\Community\VC\Tools\MSVC\14.50.35717\include\xutility(1524,42): warning C4996:         [ [C:\CLOUDPROJECT\CLOUDENGINE\build_test\CloudEngine.vcxproj]
C:\Program Files\Microsoft Visual Studio\18\Community\VC\Tools\MSVC\14.50.35717\include\xutility(1524,42): warning C4996:             T=int [C:\CLOUDPROJECT\CLOUDENGINE\build_test\CloudEngine.vcxproj]
C:\Program Files\Microsoft Visual Studio\18\Community\VC\Tools\MSVC\14.50.35717\include\xutility(1524,42): warning C4996:         ] [C:\CLOUDPROJECT\CLOUDENGINE\build_test\CloudEngine.vcxproj]
  (╨║╨╛╨╝╨┐╨╕╨╗╤П╤Ж╨╕╤П ╨╕╤Б╤Е╨╛╨┤╨╜╨╛╨│╨╛ ╤Д╨░╨╣╨╗╨░ "../src/ecs/modules/render_module.cpp")
  
C:\Program Files\Microsoft Visual Studio\18\Community\VC\Tools\MSVC\14.50.35717\include\xutility(1545,13): warning C4996: 'stdext::checked_array_iterator<T *>::_Seek_to': warning STL4043: stdext::checked_array_iterator, stdext::unchecked_array_iterator, and related factory functions are non-Standard extensions and will be removed in the future. std::span (since C++20) and gsl::span can be used instead. You can define _SILENCE_STDEXT_ARR_ITERS_DEPRECATION_WARNING or _SILENCE_ALL_MS_EXT_DEPRECATION_WARNINGS to suppress this warning. [C:\CLOUDPROJECT\CLOUDENGINE\build_test\CloudEngine.vcxproj]
C:\Program Files\Microsoft Visual Studio\18\Community\VC\Tools\MSVC\14.50.35717\include\xutility(1545,13): warning C4996:         with [C:\CLOUDPROJECT\CLOUDENGINE\build_test\CloudEngine.vcxproj]
C:\Program Files\Microsoft Visual Studio\18\Community\VC\Tools\MSVC\14.50.35717\include\xutility(1545,13): warning C4996:         [ [C:\CLOUDPROJECT\CLOUDENGINE\build_test\CloudEngine.vcxproj]
C:\Program Files\Microsoft Visual Studio\18\Community\VC\Tools\MSVC\14.50.35717\include\xutility(1545,13): warning C4996:             T=int [C:\CLOUDPROJECT\CLOUDENGINE\build_test\CloudEngine.vcxproj]
C:\Program Files\Microsoft Visual Studio\18\Community\VC\Tools\MSVC\14.50.35717\include\xutility(1545,13): warning C4996:         ] [C:\CLOUDPROJECT\CLOUDENGINE\build_test\CloudEngine.vcxproj]
  (╨║╨╛╨╝╨┐╨╕╨╗╤П╤Ж╨╕╤П ╨╕╤Б╤Е╨╛╨┤╨╜╨╛╨│╨╛ ╤Д╨░╨╣╨╗╨░ "../src/ecs/modules/render_module.cpp")
      C:\Program Files\Microsoft Visual Studio\18\Community\VC\Tools\MSVC\14.50.35717\include\xutility(1545,13):
      ╨║╨╛╨╜╤В╨╡╨║╤Б╤В ╤Б╨╛╨╖╨┤╨░╨╜╨╕╤П ╤Н╨║╨╖╨╡╨╝╨┐╨╗╤П╤А╨░ ╤И╨░╨▒╨╗╨╛╨╜╨░ (╤Б╨╜╨░╤З╨░╨╗╨░ ╤Б╨░╨╝╤Л╨╣ ╤Б╤В╨░╤А╤Л╨╣)
          C:\CLOUDPROJECT\CLOUDENGINE\libs\spdlog\include\spdlog\fmt\bundled\format.h(925,8):
          ╨▓╤Л╨┐╨╛╨╗╨╜╤П╨╡╤В╤Б╤П ╨║╨╛╨╝╨┐╨╕╨╗╤П╤Ж╨╕╤П ╤Б╤Б╤Л╨╗╨║╨╕ ╨╜╨░ ╤Н╨║╨╖╨╡╨╝╨┐╨╗╤П╤А ╤И╨░╨▒╨╗╨╛╨╜ ╤Д╤Г╨╜╨║╤Ж╨╕╨╕ "_NoThrowFwdIt std::uninitialized_copy<T*,stdext::checked_array_iterator<T *>>(const _InIt,const _InIt,_NoThrowFwdIt)"
          with
          [
              _NoThrowFwdIt=stdext::checked_array_iterator<int *>,
              T=int,
              _InIt=int *
          ]
          C:\Program Files\Microsoft Visual Studio\18\Community\VC\Tools\MSVC\14.50.35717\include\xmemory(1991,10):
          ╨▓╤Л╨┐╨╛╨╗╨╜╤П╨╡╤В╤Б╤П ╨║╨╛╨╝╨┐╨╕╨╗╤П╤Ж╨╕╤П ╤Б╤Б╤Л╨╗╨║╨╕ ╨╜╨░ ╤Н╨║╨╖╨╡╨╝╨┐╨╗╤П╤А ╤И╨░╨▒╨╗╨╛╨╜ ╤Д╤Г╨╜╨║╤Ж╨╕╨╕ "void std::_Seek_wrapped<_NoThrowFwdIt,int*>(_Iter &,_UIter &&)"
          with
          [
              _NoThrowFwdIt=stdext::checked_array_iterator<int *>,
              _Iter=stdext::checked_array_iterator<int *>,
              _UIter=int *
          ]
  
  world.cpp
C:\Program Files\Microsoft Visual Studio\18\Community\VC\Tools\MSVC\14.50.35717\include\xutility(1407,31): warning C4996: 'stdext::checked_array_iterator<T *>': warning STL4043: stdext::checked_array_iterator, stdext::unchecked_array_iterator, and related factory functions are non-Standard extensions and will be removed in the future. std::span (since C++20) and gsl::span can be used instead. You can define _SILENCE_STDEXT_ARR_ITERS_DEPRECATION_WARNING or _SILENCE_ALL_MS_EXT_DEPRECATION_WARNINGS to suppress this warning. [C:\CLOUDPROJECT\CLOUDENGINE\build_test\CloudEngine.vcxproj]
C:\Program Files\Microsoft Visual Studio\18\Community\VC\Tools\MSVC\14.50.35717\include\xutility(1407,31): warning C4996:         with [C:\CLOUDPROJECT\CLOUDENGINE\build_test\CloudEngine.vcxproj]
C:\Program Files\Microsoft Visual Studio\18\Community\VC\Tools\MSVC\14.50.35717\include\xutility(1407,31): warning C4996:         [ [C:\CLOUDPROJECT\CLOUDENGINE\build_test\CloudEngine.vcxproj]
C:\Program Files\Microsoft Visual Studio\18\Community\VC\Tools\MSVC\14.50.35717\include\xutility(1407,31): warning C4996:             T=fmt::v9::detail::bigint::bigit [C:\CLOUDPROJECT\CLOUDENGINE\build_test\CloudEngine.vcxproj]
C:\Program Files\Microsoft Visual Studio\18\Community\VC\Tools\MSVC\14.50.35717\include\xutility(1407,31): warning C4996:         ] [C:\CLOUDPROJECT\CLOUDENGINE\build_test\CloudEngine.vcxproj]
  (╨║╨╛╨╝╨┐╨╕╨╗╤П╤Ж╨╕╤П ╨╕╤Б╤Е╨╛╨┤╨╜╨╛╨│╨╛ ╤Д╨░╨╣╨╗╨░ "../src/ecs/world.cpp")
      C:\Program Files\Microsoft Visual Studio\18\Community\VC\Tools\MSVC\14.50.35717\include\iterator(1501,35):
       ╤Б╨╝. ╨╛╨▒╤К╤П╨▓╨╗╨╡╨╜╨╕╨╡ "stdext::checked_array_iterator"
      C:\Program Files\Microsoft Visual Studio\18\Community\VC\Tools\MSVC\14.50.35717\include\xutility(1407,31):
      ╨║╨╛╨╜╤В╨╡╨║╤Б╤В ╤Б╨╛╨╖╨┤╨░╨╜╨╕╤П ╤Н╨║╨╖╨╡╨╝╨┐╨╗╤П╤А╨░ ╤И╨░╨▒╨╗╨╛╨╜╨░ (╤Б╨╜╨░╤З╨░╨╗╨░ ╤Б╨░╨╝╤Л╨╣ ╤Б╤В╨░╤А╤Л╨╣)
          C:\CLOUDPROJECT\CLOUDENGINE\libs\spdlog\include\spdlog\fmt\bundled\format.h(2807,10):
          ╨▓╤Л╨┐╨╛╨╗╨╜╤П╨╡╤В╤Б╤П ╨║╨╛╨╝╨┐╨╕╨╗╤П╤Ж╨╕╤П ╤Б╤Б╤Л╨╗╨║╨╕ ╨╜╨░ ╤Н╨║╨╖╨╡╨╝╨┐╨╗╤П╤А ╤И╨░╨▒╨╗╨╛╨╜ ╤Д╤Г╨╜╨║╤Ж╨╕╨╕ "_OutIt std::copy<const T*,stdext::checked_array_iterator<T *>>(_InIt,_InIt,_OutIt)"
          with
          [
              _OutIt=stdext::checked_array_iterator<fmt::v9::detail::bigint::bigit *>,
              T=fmt::v9::detail::bigint::bigit,
              _InIt=const fmt::v9::detail::bigint::bigit *
          ]
          C:\Program Files\Microsoft Visual Studio\18\Community\VC\Tools\MSVC\14.50.35717\include\xutility(4975,31):
          ╨▓╤Л╨┐╨╛╨╗╨╜╤П╨╡╤В╤Б╤П ╨║╨╛╨╝╨┐╨╕╨╗╤П╤Ж╨╕╤П ╤Б╤Б╤Л╨╗╨║╨╕ ╨╜╨░ ╤Н╨║╨╖╨╡╨╝╨┐╨╗╤П╤А ╤И╨░╨▒╨╗╨╛╨╜ ╤Д╤Г╨╜╨║╤Ж╨╕╨╕ "decltype(auto) std::_Get_unwrapped_n<stdext::checked_array_iterator<T *>,__int64>(_Iter &&,const _Diff)"
          with
          [
              T=fmt::v9::detail::bigint::bigit,
              _Iter=stdext::checked_array_iterator<fmt::v9::detail::bigint::bigit *>,
              _Diff=__int64
          ]
          C:\Program Files\Microsoft Visual Studio\18\Community\VC\Tools\MSVC\14.50.35717\include\xutility(1512,26):
          ╨▓╤Л╨┐╨╛╨╗╨╜╤П╨╡╤В╤Б╤П ╨║╨╛╨╝╨┐╨╕╨╗╤П╤Ж╨╕╤П ╤Б╤Б╤Л╨╗╨║╨╕ ╨╜╨░ ╤И╨░╨▒╨╗╨╛╨╜ ╨┐╨╡╤А╨╡╨╝╨╡╨╜╨╜╨╛╨╣ "const bool _Unwrappable_for_offset_v<stdext::checked_array_iterator<unsigned int *> >"
          C:\Program Files\Microsoft Visual Studio\18\Community\VC\Tools\MSVC\14.50.35717\include\xutility(1506,44):
          ╨▓╤Л╨┐╨╛╨╗╨╜╤П╨╡╤В╤Б╤П ╨║╨╛╨╝╨┐╨╕╨╗╤П╤Ж╨╕╤П ╤Б╤Б╤Л╨╗╨║╨╕ ╨╜╨░ ╤И╨░╨▒╨╗╨╛╨╜ ╨┐╨╡╤А╨╡╨╝╨╡╨╜╨╜╨╛╨╣ "const bool _Unwrappable_v<stdext::checked_array_iterator<unsigned int *>,void>"
          C:\Program Files\Microsoft Visual Studio\18\Community\VC\Tools\MSVC\14.50.35717\include\xutility(1435,5):
          ╨▓╤Л╨┐╨╛╨╗╨╜╤П╨╡╤В╤Б╤П ╨║╨╛╨╝╨┐╨╕╨╗╤П╤Ж╨╕╤П ╤Б╤Б╤Л╨╗╨║╨╕ ╨╜╨░ ╤И╨░╨▒╨╗╨╛╨╜ ╨┐╨╡╤А╨╡╨╝╨╡╨╜╨╜╨╛╨╣ "const bool _Allow_inheriting_unwrap_v<stdext::checked_array_iterator<unsigned int *>,void>"
  
C:\Program Files\Microsoft Visual Studio\18\Community\VC\Tools\MSVC\14.50.35717\include\xutility(1407,22): warning C4996: 'stdext::checked_array_iterator<T *>::_Prevent_inheriting_unwrap': warning STL4043: stdext::checked_array_iterator, stdext::unchecked_array_iterator, and related factory functions are non-Standard extensions and will be removed in the future. std::span (since C++20) and gsl::span can be used instead. You can define _SILENCE_STDEXT_ARR_ITERS_DEPRECATION_WARNING or _SILENCE_ALL_MS_EXT_DEPRECATION_WARNINGS to suppress this warning. [C:\CLOUDPROJECT\CLOUDENGINE\build_test\CloudEngine.vcxproj]
C:\Program Files\Microsoft Visual Studio\18\Community\VC\Tools\MSVC\14.50.35717\include\xutility(1407,22): warning C4996:         with [C:\CLOUDPROJECT\CLOUDENGINE\build_test\CloudEngine.vcxproj]
C:\Program Files\Microsoft Visual Studio\18\Community\VC\Tools\MSVC\14.50.35717\include\xutility(1407,22): warning C4996:         [ [C:\CLOUDPROJECT\CLOUDENGINE\build_test\CloudEngine.vcxproj]
C:\Program Files\Microsoft Visual Studio\18\Community\VC\Tools\MSVC\14.50.35717\include\xutility(1407,22): warning C4996:             T=fmt::v9::detail::bigint::bigit [C:\CLOUDPROJECT\CLOUDENGINE\build_test\CloudEngine.vcxproj]
C:\Program Files\Microsoft Visual Studio\18\Community\VC\Tools\MSVC\14.50.35717\include\xutility(1407,22): warning C4996:         ] [C:\CLOUDPROJECT\CLOUDENGINE\build_test\CloudEngine.vcxproj]
  (╨║╨╛╨╝╨┐╨╕╨╗╤П╤Ж╨╕╤П ╨╕╤Б╤Е╨╛╨┤╨╜╨╛╨│╨╛ ╤Д╨░╨╣╨╗╨░ "../src/ecs/world.cpp")
  
C:\Program Files\Microsoft Visual Studio\18\Community\VC\Tools\MSVC\14.50.35717\include\__msvc_iter_core.hpp(476,40): warning C4996: 'stdext::checked_array_iterator<T *>': warning STL4043: stdext::checked_array_iterator, stdext::unchecked_array_iterator, and related factory functions are non-Standard extensions and will be removed in the future. std::span (since C++20) and gsl::span can be used instead. You can define _SILENCE_STDEXT_ARR_ITERS_DEPRECATION_WARNING or _SILENCE_ALL_MS_EXT_DEPRECATION_WARNINGS to suppress this warning. [C:\CLOUDPROJECT\CLOUDENGINE\build_test\CloudEngine.vcxproj]
C:\Program Files\Microsoft Visual Studio\18\Community\VC\Tools\MSVC\14.50.35717\include\__msvc_iter_core.hpp(476,40): warning C4996:         with [C:\CLOUDPROJECT\CLOUDENGINE\build_test\CloudEngine.vcxproj]
C:\Program Files\Microsoft Visual Studio\18\Community\VC\Tools\MSVC\14.50.35717\include\__msvc_iter_core.hpp(476,40): warning C4996:         [ [C:\CLOUDPROJECT\CLOUDENGINE\build_test\CloudEngine.vcxproj]
C:\Program Files\Microsoft Visual Studio\18\Community\VC\Tools\MSVC\14.50.35717\include\__msvc_iter_core.hpp(476,40): warning C4996:             T=fmt::v9::detail::bigint::bigit [C:\CLOUDPROJECT\CLOUDENGINE\build_test\CloudEngine.vcxproj]
C:\Program Files\Microsoft Visual Studio\18\Community\VC\Tools\MSVC\14.50.35717\include\__msvc_iter_core.hpp(476,40): warning C4996:         ] [C:\CLOUDPROJECT\CLOUDENGINE\build_test\CloudEngine.vcxproj]
  (╨║╨╛╨╝╨┐╨╕╨╗╤П╤Ж╨╕╤П ╨╕╤Б╤Е╨╛╨┤╨╜╨╛╨│╨╛ ╤Д╨░╨╣╨╗╨░ "../src/ecs/world.cpp")
      C:\Program Files\Microsoft Visual Studio\18\Community\VC\Tools\MSVC\14.50.35717\include\iterator(1501,35):
       ╤Б╨╝. ╨╛╨▒╤К╤П╨▓╨╗╨╡╨╜╨╕╨╡ "stdext::checked_array_iterator"
      C:\Program Files\Microsoft Visual Studio\18\Community\VC\Tools\MSVC\14.50.35717\include\__msvc_iter_core.hpp(476,40):
      ╨║╨╛╨╜╤В╨╡╨║╤Б╤В ╤Б╨╛╨╖╨┤╨░╨╜╨╕╤П ╤Н╨║╨╖╨╡╨╝╨┐╨╗╤П╤А╨░ ╤И╨░╨▒╨╗╨╛╨╜╨░ (╤Б╨╜╨░╤З╨░╨╗╨░ ╤Б╨░╨╝╤Л╨╣ ╤Б╤В╨░╤А╤Л╨╣)
          C:\Program Files\Microsoft Visual Studio\18\Community\VC\Tools\MSVC\14.50.35717\include\xutility(1502,93):
          ╨▓╤Л╨┐╨╛╨╗╨╜╤П╨╡╤В╤Б╤П ╨║╨╛╨╝╨┐╨╕╨╗╤П╤Ж╨╕╤П ╤Б╤Б╤Л╨╗╨║╨╕ ╨╜╨░ ╤Н╨║╨╖╨╡╨╝╨┐╨╗╤П╤А ╨┐╤Б╨╡╨▓╨┤╨╛╨╜╨╕╨╝ ╤И╨░╨▒╨╗╨╛╨╜ ╤Д╤Г╨╜╨║╤Ж╨╕╨╕ "std::_Iter_diff_t<_Iter>"
          with
          [
              _Iter=stdext::checked_array_iterator<fmt::v9::detail::bigint::bigit *>
          ]
          C:\Program Files\Microsoft Visual Studio\18\Community\VC\Tools\MSVC\14.50.35717\include\xutility(1311,55):
          ╨▓╤Л╨┐╨╛╨╗╨╜╤П╨╡╤В╤Б╤П ╨║╨╛╨╝╨┐╨╕╨╗╤П╤Ж╨╕╤П ╤Б╤Б╤Л╨╗╨║╨╕ ╨╜╨░ ╤Н╨║╨╖╨╡╨╝╨┐╨╗╤П╤А ╨║╨╗╨░╤Б╤Б ╤И╨░╨▒╨╗╨╛╨╜ ╤Д╤Г╨╜╨║╤Ж╨╕╨╕ "std::iterator_traits<_Iter>"
          with
          [
              _Iter=stdext::checked_array_iterator<fmt::v9::detail::bigint::bigit *>
          ]
          C:\Program Files\Microsoft Visual Studio\18\Community\VC\Tools\MSVC\14.50.35717\include\__msvc_iter_core.hpp(496,26):
          ╨▓╤Л╨┐╨╛╨╗╨╜╤П╨╡╤В╤Б╤П ╨║╨╛╨╝╨┐╨╕╨╗╤П╤Ж╨╕╤П ╤Б╤Б╤Л╨╗╨║╨╕ ╨╜╨░ ╤Н╨║╨╖╨╡╨╝╨┐╨╗╤П╤А ╨║╨╗╨░╤Б╤Б ╤И╨░╨▒╨╗╨╛╨╜ ╤Д╤Г╨╜╨║╤Ж╨╕╨╕ "std::_Iterator_traits_base<_Iter,void>"
          with
          [
              _Iter=stdext::checked_array_iterator<fmt::v9::detail::bigint::bigit *>
          ]
  
C:\Program Files\Microsoft Visual Studio\18\Community\VC\Tools\MSVC\14.50.35717\include\__msvc_iter_core.hpp(476,31): warning C4996: 'stdext::checked_array_iterator<T *>::iterator_category': warning STL4043: stdext::checked_array_iterator, stdext::unchecked_array_iterator, and related factory functions are non-Standard extensions and will be removed in the future. std::span (since C++20) and gsl::span can be used instead. You can define _SILENCE_STDEXT_ARR_ITERS_DEPRECATION_WARNING or _SILENCE_ALL_MS_EXT_DEPRECATION_WARNINGS to suppress this warning. [C:\CLOUDPROJECT\CLOUDENGINE\build_test\CloudEngine.vcxproj]
C:\Program Files\Microsoft Visual Studio\18\Community\VC\Tools\MSVC\14.50.35717\include\__msvc_iter_core.hpp(476,31): warning C4996:         with [C:\CLOUDPROJECT\CLOUDENGINE\build_test\CloudEngine.vcxproj]
C:\Program Files\Microsoft Visual Studio\18\Community\VC\Tools\MSVC\14.50.35717\include\__msvc_iter_core.hpp(476,31): warning C4996:         [ [C:\CLOUDPROJECT\CLOUDENGINE\build_test\CloudEngine.vcxproj]
C:\Program Files\Microsoft Visual Studio\18\Community\VC\Tools\MSVC\14.50.35717\include\__msvc_iter_core.hpp(476,31): warning C4996:             T=fmt::v9::detail::bigint::bigit [C:\CLOUDPROJECT\CLOUDENGINE\build_test\CloudEngine.vcxproj]
C:\Program Files\Microsoft Visual Studio\18\Community\VC\Tools\MSVC\14.50.35717\include\__msvc_iter_core.hpp(476,31): warning C4996:         ] [C:\CLOUDPROJECT\CLOUDENGINE\build_test\CloudEngine.vcxproj]
  (╨║╨╛╨╝╨┐╨╕╨╗╤П╤Ж╨╕╤П ╨╕╤Б╤Е╨╛╨┤╨╜╨╛╨│╨╛ ╤Д╨░╨╣╨╗╨░ "../src/ecs/world.cpp")
  
C:\Program Files\Microsoft Visual Studio\18\Community\VC\Tools\MSVC\14.50.35717\include\__msvc_iter_core.hpp(477,40): warning C4996: 'stdext::checked_array_iterator<T *>': warning STL4043: stdext::checked_array_iterator, stdext::unchecked_array_iterator, and related factory functions are non-Standard extensions and will be removed in the future. std::span (since C++20) and gsl::span can be used instead. You can define _SILENCE_STDEXT_ARR_ITERS_DEPRECATION_WARNING or _SILENCE_ALL_MS_EXT_DEPRECATION_WARNINGS to suppress this warning. [C:\CLOUDPROJECT\CLOUDENGINE\build_test\CloudEngine.vcxproj]
C:\Program Files\Microsoft Visual Studio\18\Community\VC\Tools\MSVC\14.50.35717\include\__msvc_iter_core.hpp(477,40): warning C4996:         with [C:\CLOUDPROJECT\CLOUDENGINE\build_test\CloudEngine.vcxproj]
C:\Program Files\Microsoft Visual Studio\18\Community\VC\Tools\MSVC\14.50.35717\include\__msvc_iter_core.hpp(477,40): warning C4996:         [ [C:\CLOUDPROJECT\CLOUDENGINE\build_test\CloudEngine.vcxproj]
C:\Program Files\Microsoft Visual Studio\18\Community\VC\Tools\MSVC\14.50.35717\include\__msvc_iter_core.hpp(477,40): warning C4996:             T=fmt::v9::detail::bigint::bigit [C:\CLOUDPROJECT\CLOUDENGINE\build_test\CloudEngine.vcxproj]
C:\Program Files\Microsoft Visual Studio\18\Community\VC\Tools\MSVC\14.50.35717\include\__msvc_iter_core.hpp(477,40): warning C4996:         ] [C:\CLOUDPROJECT\CLOUDENGINE\build_test\CloudEngine.vcxproj]
  (╨║╨╛╨╝╨┐╨╕╨╗╤П╤Ж╨╕╤П ╨╕╤Б╤Е╨╛╨┤╨╜╨╛╨│╨╛ ╤Д╨░╨╣╨╗╨░ "../src/ecs/world.cpp")
      C:\Program Files\Microsoft Visual Studio\18\Community\VC\Tools\MSVC\14.50.35717\include\iterator(1501,35):
       ╤Б╨╝. ╨╛╨▒╤К╤П╨▓╨╗╨╡╨╜╨╕╨╡ "stdext::checked_array_iterator"
  
C:\Program Files\Microsoft Visual Studio\18\Community\VC\Tools\MSVC\14.50.35717\include\__msvc_iter_core.hpp(477,31): warning C4996: 'stdext::checked_array_iterator<T *>::value_type': warning STL4043: stdext::checked_array_iterator, stdext::unchecked_array_iterator, and related factory functions are non-Standard extensions and will be removed in the future. std::span (since C++20) and gsl::span can be used instead. You can define _SILENCE_STDEXT_ARR_ITERS_DEPRECATION_WARNING or _SILENCE_ALL_MS_EXT_DEPRECATION_WARNINGS to suppress this warning. [C:\CLOUDPROJECT\CLOUDENGINE\build_test\CloudEngine.vcxproj]
C:\Program Files\Microsoft Visual Studio\18\Community\VC\Tools\MSVC\14.50.35717\include\__msvc_iter_core.hpp(477,31): warning C4996:         with [C:\CLOUDPROJECT\CLOUDENGINE\build_test\CloudEngine.vcxproj]
C:\Program Files\Microsoft Visual Studio\18\Community\VC\Tools\MSVC\14.50.35717\include\__msvc_iter_core.hpp(477,31): warning C4996:         [ [C:\CLOUDPROJECT\CLOUDENGINE\build_test\CloudEngine.vcxproj]
C:\Program Files\Microsoft Visual Studio\18\Community\VC\Tools\MSVC\14.50.35717\include\__msvc_iter_core.hpp(477,31): warning C4996:             T=fmt::v9::detail::bigint::bigit [C:\CLOUDPROJECT\CLOUDENGINE\build_test\CloudEngine.vcxproj]
C:\Program Files\Microsoft Visual Studio\18\Community\VC\Tools\MSVC\14.50.35717\include\__msvc_iter_core.hpp(477,31): warning C4996:         ] [C:\CLOUDPROJECT\CLOUDENGINE\build_test\CloudEngine.vcxproj]
  (╨║╨╛╨╝╨┐╨╕╨╗╤П╤Ж╨╕╤П ╨╕╤Б╤Е╨╛╨┤╨╜╨╛╨│╨╛ ╤Д╨░╨╣╨╗╨░ "../src/ecs/world.cpp")
  
C:\Program Files\Microsoft Visual Studio\18\Community\VC\Tools\MSVC\14.50.35717\include\__msvc_iter_core.hpp(478,40): warning C4996: 'stdext::checked_array_iterator<T *>': warning STL4043: stdext::checked_array_iterator, stdext::unchecked_array_iterator, and related factory functions are non-Standard extensions and will be removed in the future. std::span (since C++20) and gsl::span can be used instead. You can define _SILENCE_STDEXT_ARR_ITERS_DEPRECATION_WARNING or _SILENCE_ALL_MS_EXT_DEPRECATION_WARNINGS to suppress this warning. [C:\CLOUDPROJECT\CLOUDENGINE\build_test\CloudEngine.vcxproj]
C:\Program Files\Microsoft Visual Studio\18\Community\VC\Tools\MSVC\14.50.35717\include\__msvc_iter_core.hpp(478,40): warning C4996:         with [C:\CLOUDPROJECT\CLOUDENGINE\build_test\CloudEngine.vcxproj]
C:\Program Files\Microsoft Visual Studio\18\Community\VC\Tools\MSVC\14.50.35717\include\__msvc_iter_core.hpp(478,40): warning C4996:         [ [C:\CLOUDPROJECT\CLOUDENGINE\build_test\CloudEngine.vcxproj]
C:\Program Files\Microsoft Visual Studio\18\Community\VC\Tools\MSVC\14.50.35717\include\__msvc_iter_core.hpp(478,40): warning C4996:             T=fmt::v9::detail::bigint::bigit [C:\CLOUDPROJECT\CLOUDENGINE\build_test\CloudEngine.vcxproj]
C:\Program Files\Microsoft Visual Studio\18\Community\VC\Tools\MSVC\14.50.35717\include\__msvc_iter_core.hpp(478,40): warning C4996:         ] [C:\CLOUDPROJECT\CLOUDENGINE\build_test\CloudEngine.vcxproj]
  (╨║╨╛╨╝╨┐╨╕╨╗╤П╤Ж╨╕╤П ╨╕╤Б╤Е╨╛╨┤╨╜╨╛╨│╨╛ ╤Д╨░╨╣╨╗╨░ "../src/ecs/world.cpp")
      C:\Program Files\Microsoft Visual Studio\18\Community\VC\Tools\MSVC\14.50.35717\include\iterator(1501,35):
       ╤Б╨╝. ╨╛╨▒╤К╤П╨▓╨╗╨╡╨╜╨╕╨╡ "stdext::checked_array_iterator"
  
C:\Program Files\Microsoft Visual Studio\18\Community\VC\Tools\MSVC\14.50.35717\include\__msvc_iter_core.hpp(478,31): warning C4996: 'stdext::checked_array_iterator<T *>::difference_type': warning STL4043: stdext::checked_array_iterator, stdext::unchecked_array_iterator, and related factory functions are non-Standard extensions and will be removed in the future. std::span (since C++20) and gsl::span can be used instead. You can define _SILENCE_STDEXT_ARR_ITERS_DEPRECATION_WARNING or _SILENCE_ALL_MS_EXT_DEPRECATION_WARNINGS to suppress this warning. [C:\CLOUDPROJECT\CLOUDENGINE\build_test\CloudEngine.vcxproj]
C:\Program Files\Microsoft Visual Studio\18\Community\VC\Tools\MSVC\14.50.35717\include\__msvc_iter_core.hpp(478,31): warning C4996:         with [C:\CLOUDPROJECT\CLOUDENGINE\build_test\CloudEngine.vcxproj]
C:\Program Files\Microsoft Visual Studio\18\Community\VC\Tools\MSVC\14.50.35717\include\__msvc_iter_core.hpp(478,31): warning C4996:         [ [C:\CLOUDPROJECT\CLOUDENGINE\build_test\CloudEngine.vcxproj]
C:\Program Files\Microsoft Visual Studio\18\Community\VC\Tools\MSVC\14.50.35717\include\__msvc_iter_core.hpp(478,31): warning C4996:             T=fmt::v9::detail::bigint::bigit [C:\CLOUDPROJECT\CLOUDENGINE\build_test\CloudEngine.vcxproj]
C:\Program Files\Microsoft Visual Studio\18\Community\VC\Tools\MSVC\14.50.35717\include\__msvc_iter_core.hpp(478,31): warning C4996:         ] [C:\CLOUDPROJECT\CLOUDENGINE\build_test\CloudEngine.vcxproj]
  (╨║╨╛╨╝╨┐╨╕╨╗╤П╤Ж╨╕╤П ╨╕╤Б╤Е╨╛╨┤╨╜╨╛╨│╨╛ ╤Д╨░╨╣╨╗╨░ "../src/ecs/world.cpp")
  
C:\Program Files\Microsoft Visual Studio\18\Community\VC\Tools\MSVC\14.50.35717\include\__msvc_iter_core.hpp(479,40): warning C4996: 'stdext::checked_array_iterator<T *>': warning STL4043: stdext::checked_array_iterator, stdext::unchecked_array_iterator, and related factory functions are non-Standard extensions and will be removed in the future. std::span (since C++20) and gsl::span can be used instead. You can define _SILENCE_STDEXT_ARR_ITERS_DEPRECATION_WARNING or _SILENCE_ALL_MS_EXT_DEPRECATION_WARNINGS to suppress this warning. [C:\CLOUDPROJECT\CLOUDENGINE\build_test\CloudEngine.vcxproj]
C:\Program Files\Microsoft Visual Studio\18\Community\VC\Tools\MSVC\14.50.35717\include\__msvc_iter_core.hpp(479,40): warning C4996:         with [C:\CLOUDPROJECT\CLOUDENGINE\build_test\CloudEngine.vcxproj]
C:\Program Files\Microsoft Visual Studio\18\Community\VC\Tools\MSVC\14.50.35717\include\__msvc_iter_core.hpp(479,40): warning C4996:         [ [C:\CLOUDPROJECT\CLOUDENGINE\build_test\CloudEngine.vcxproj]
C:\Program Files\Microsoft Visual Studio\18\Community\VC\Tools\MSVC\14.50.35717\include\__msvc_iter_core.hpp(479,40): warning C4996:             T=fmt::v9::detail::bigint::bigit [C:\CLOUDPROJECT\CLOUDENGINE\build_test\CloudEngine.vcxproj]
C:\Program Files\Microsoft Visual Studio\18\Community\VC\Tools\MSVC\14.50.35717\include\__msvc_iter_core.hpp(479,40): warning C4996:         ] [C:\CLOUDPROJECT\CLOUDENGINE\build_test\CloudEngine.vcxproj]
  (╨║╨╛╨╝╨┐╨╕╨╗╤П╤Ж╨╕╤П ╨╕╤Б╤Е╨╛╨┤╨╜╨╛╨│╨╛ ╤Д╨░╨╣╨╗╨░ "../src/ecs/world.cpp")
      C:\Program Files\Microsoft Visual Studio\18\Community\VC\Tools\MSVC\14.50.35717\include\iterator(1501,35):
       ╤Б╨╝. ╨╛╨▒╤К╤П╨▓╨╗╨╡╨╜╨╕╨╡ "stdext::checked_array_iterator"
  
C:\Program Files\Microsoft Visual Studio\18\Community\VC\Tools\MSVC\14.50.35717\include\__msvc_iter_core.hpp(479,31): warning C4996: 'stdext::checked_array_iterator<T *>::pointer': warning STL4043: stdext::checked_array_iterator, stdext::unchecked_array_iterator, and related factory functions are non-Standard extensions and will be removed in the future. std::span (since C++20) and gsl::span can be used instead. You can define _SILENCE_STDEXT_ARR_ITERS_DEPRECATION_WARNING or _SILENCE_ALL_MS_EXT_DEPRECATION_WARNINGS to suppress this warning. [C:\CLOUDPROJECT\CLOUDENGINE\build_test\CloudEngine.vcxproj]
C:\Program Files\Microsoft Visual Studio\18\Community\VC\Tools\MSVC\14.50.35717\include\__msvc_iter_core.hpp(479,31): warning C4996:         with [C:\CLOUDPROJECT\CLOUDENGINE\build_test\CloudEngine.vcxproj]
C:\Program Files\Microsoft Visual Studio\18\Community\VC\Tools\MSVC\14.50.35717\include\__msvc_iter_core.hpp(479,31): warning C4996:         [ [C:\CLOUDPROJECT\CLOUDENGINE\build_test\CloudEngine.vcxproj]
C:\Program Files\Microsoft Visual Studio\18\Community\VC\Tools\MSVC\14.50.35717\include\__msvc_iter_core.hpp(479,31): warning C4996:             T=fmt::v9::detail::bigint::bigit [C:\CLOUDPROJECT\CLOUDENGINE\build_test\CloudEngine.vcxproj]
C:\Program Files\Microsoft Visual Studio\18\Community\VC\Tools\MSVC\14.50.35717\include\__msvc_iter_core.hpp(479,31): warning C4996:         ] [C:\CLOUDPROJECT\CLOUDENGINE\build_test\CloudEngine.vcxproj]
  (╨║╨╛╨╝╨┐╨╕╨╗╤П╤Ж╨╕╤П ╨╕╤Б╤Е╨╛╨┤╨╜╨╛╨│╨╛ ╤Д╨░╨╣╨╗╨░ "../src/ecs/world.cpp")
  
C:\Program Files\Microsoft Visual Studio\18\Community\VC\Tools\MSVC\14.50.35717\include\__msvc_iter_core.hpp(480,40): warning C4996: 'stdext::checked_array_iterator<T *>': warning STL4043: stdext::checked_array_iterator, stdext::unchecked_array_iterator, and related factory functions are non-Standard extensions and will be removed in the future. std::span (since C++20) and gsl::span can be used instead. You can define _SILENCE_STDEXT_ARR_ITERS_DEPRECATION_WARNING or _SILENCE_ALL_MS_EXT_DEPRECATION_WARNINGS to suppress this warning. [C:\CLOUDPROJECT\CLOUDENGINE\build_test\CloudEngine.vcxproj]
C:\Program Files\Microsoft Visual Studio\18\Community\VC\Tools\MSVC\14.50.35717\include\__msvc_iter_core.hpp(480,40): warning C4996:         with [C:\CLOUDPROJECT\CLOUDENGINE\build_test\CloudEngine.vcxproj]
C:\Program Files\Microsoft Visual Studio\18\Community\VC\Tools\MSVC\14.50.35717\include\__msvc_iter_core.hpp(480,40): warning C4996:         [ [C:\CLOUDPROJECT\CLOUDENGINE\build_test\CloudEngine.vcxproj]
C:\Program Files\Microsoft Visual Studio\18\Community\VC\Tools\MSVC\14.50.35717\include\__msvc_iter_core.hpp(480,40): warning C4996:             T=fmt::v9::detail::bigint::bigit [C:\CLOUDPROJECT\CLOUDENGINE\build_test\CloudEngine.vcxproj]
C:\Program Files\Microsoft Visual Studio\18\Community\VC\Tools\MSVC\14.50.35717\include\__msvc_iter_core.hpp(480,40): warning C4996:         ] [C:\CLOUDPROJECT\CLOUDENGINE\build_test\CloudEngine.vcxproj]
  (╨║╨╛╨╝╨┐╨╕╨╗╤П╤Ж╨╕╤П ╨╕╤Б╤Е╨╛╨┤╨╜╨╛╨│╨╛ ╤Д╨░╨╣╨╗╨░ "../src/ecs/world.cpp")
      C:\Program Files\Microsoft Visual Studio\18\Community\VC\Tools\MSVC\14.50.35717\include\iterator(1501,35):
       ╤Б╨╝. ╨╛╨▒╤К╤П╨▓╨╗╨╡╨╜╨╕╨╡ "stdext::checked_array_iterator"
  
C:\Program Files\Microsoft Visual Studio\18\Community\VC\Tools\MSVC\14.50.35717\include\__msvc_iter_core.hpp(480,31): warning C4996: 'stdext::checked_array_iterator<T *>::reference': warning STL4043: stdext::checked_array_iterator, stdext::unchecked_array_iterator, and related factory functions are non-Standard extensions and will be removed in the future. std::span (since C++20) and gsl::span can be used instead. You can define _SILENCE_STDEXT_ARR_ITERS_DEPRECATION_WARNING or _SILENCE_ALL_MS_EXT_DEPRECATION_WARNINGS to suppress this warning. [C:\CLOUDPROJECT\CLOUDENGINE\build_test\CloudEngine.vcxproj]
C:\Program Files\Microsoft Visual Studio\18\Community\VC\Tools\MSVC\14.50.35717\include\__msvc_iter_core.hpp(480,31): warning C4996:         with [C:\CLOUDPROJECT\CLOUDENGINE\build_test\CloudEngine.vcxproj]
C:\Program Files\Microsoft Visual Studio\18\Community\VC\Tools\MSVC\14.50.35717\include\__msvc_iter_core.hpp(480,31): warning C4996:         [ [C:\CLOUDPROJECT\CLOUDENGINE\build_test\CloudEngine.vcxproj]
C:\Program Files\Microsoft Visual Studio\18\Community\VC\Tools\MSVC\14.50.35717\include\__msvc_iter_core.hpp(480,31): warning C4996:             T=fmt::v9::detail::bigint::bigit [C:\CLOUDPROJECT\CLOUDENGINE\build_test\CloudEngine.vcxproj]
C:\Program Files\Microsoft Visual Studio\18\Community\VC\Tools\MSVC\14.50.35717\include\__msvc_iter_core.hpp(480,31): warning C4996:         ] [C:\CLOUDPROJECT\CLOUDENGINE\build_test\CloudEngine.vcxproj]
  (╨║╨╛╨╝╨┐╨╕╨╗╤П╤Ж╨╕╤П ╨╕╤Б╤Е╨╛╨┤╨╜╨╛╨│╨╛ ╤Д╨░╨╣╨╗╨░ "../src/ecs/world.cpp")
  
C:\Program Files\Microsoft Visual Studio\18\Community\VC\Tools\MSVC\14.50.35717\include\xutility(1523,13): warning C4996: 'stdext::checked_array_iterator<T *>::_Verify_offset': warning STL4043: stdext::checked_array_iterator, stdext::unchecked_array_iterator, and related factory functions are non-Standard extensions and will be removed in the future. std::span (since C++20) and gsl::span can be used instead. You can define _SILENCE_STDEXT_ARR_ITERS_DEPRECATION_WARNING or _SILENCE_ALL_MS_EXT_DEPRECATION_WARNINGS to suppress this warning. [C:\CLOUDPROJECT\CLOUDENGINE\build_test\CloudEngine.vcxproj]
C:\Program Files\Microsoft Visual Studio\18\Community\VC\Tools\MSVC\14.50.35717\include\xutility(1523,13): warning C4996:         with [C:\CLOUDPROJECT\CLOUDENGINE\build_test\CloudEngine.vcxproj]
C:\Program Files\Microsoft Visual Studio\18\Community\VC\Tools\MSVC\14.50.35717\include\xutility(1523,13): warning C4996:         [ [C:\CLOUDPROJECT\CLOUDENGINE\build_test\CloudEngine.vcxproj]
C:\Program Files\Microsoft Visual Studio\18\Community\VC\Tools\MSVC\14.50.35717\include\xutility(1523,13): warning C4996:             T=fmt::v9::detail::bigint::bigit [C:\CLOUDPROJECT\CLOUDENGINE\build_test\CloudEngine.vcxproj]
C:\Program Files\Microsoft Visual Studio\18\Community\VC\Tools\MSVC\14.50.35717\include\xutility(1523,13): warning C4996:         ] [C:\CLOUDPROJECT\CLOUDENGINE\build_test\CloudEngine.vcxproj]
  (╨║╨╛╨╝╨┐╨╕╨╗╤П╤Ж╨╕╤П ╨╕╤Б╤Е╨╛╨┤╨╜╨╛╨│╨╛ ╤Д╨░╨╣╨╗╨░ "../src/ecs/world.cpp")
  
C:\Program Files\Microsoft Visual Studio\18\Community\VC\Tools\MSVC\14.50.35717\include\xutility(1524,42): warning C4996: 'stdext::checked_array_iterator<T *>::_Unwrapped': warning STL4043: stdext::checked_array_iterator, stdext::unchecked_array_iterator, and related factory functions are non-Standard extensions and will be removed in the future. std::span (since C++20) and gsl::span can be used instead. You can define _SILENCE_STDEXT_ARR_ITERS_DEPRECATION_WARNING or _SILENCE_ALL_MS_EXT_DEPRECATION_WARNINGS to suppress this warning. [C:\CLOUDPROJECT\CLOUDENGINE\build_test\CloudEngine.vcxproj]
C:\Program Files\Microsoft Visual Studio\18\Community\VC\Tools\MSVC\14.50.35717\include\xutility(1524,42): warning C4996:         with [C:\CLOUDPROJECT\CLOUDENGINE\build_test\CloudEngine.vcxproj]
C:\Program Files\Microsoft Visual Studio\18\Community\VC\Tools\MSVC\14.50.35717\include\xutility(1524,42): warning C4996:         [ [C:\CLOUDPROJECT\CLOUDENGINE\build_test\CloudEngine.vcxproj]
C:\Program Files\Microsoft Visual Studio\18\Community\VC\Tools\MSVC\14.50.35717\include\xutility(1524,42): warning C4996:             T=fmt::v9::detail::bigint::bigit [C:\CLOUDPROJECT\CLOUDENGINE\build_test\CloudEngine.vcxproj]
C:\Program Files\Microsoft Visual Studio\18\Community\VC\Tools\MSVC\14.50.35717\include\xutility(1524,42): warning C4996:         ] [C:\CLOUDPROJECT\CLOUDENGINE\build_test\CloudEngine.vcxproj]
  (╨║╨╛╨╝╨┐╨╕╨╗╤П╤Ж╨╕╤П ╨╕╤Б╤Е╨╛╨┤╨╜╨╛╨│╨╛ ╤Д╨░╨╣╨╗╨░ "../src/ecs/world.cpp")
  
C:\Program Files\Microsoft Visual Studio\18\Community\VC\Tools\MSVC\14.50.35717\include\xutility(1545,13): warning C4996: 'stdext::checked_array_iterator<T *>::_Seek_to': warning STL4043: stdext::checked_array_iterator, stdext::unchecked_array_iterator, and related factory functions are non-Standard extensions and will be removed in the future. std::span (since C++20) and gsl::span can be used instead. You can define _SILENCE_STDEXT_ARR_ITERS_DEPRECATION_WARNING or _SILENCE_ALL_MS_EXT_DEPRECATION_WARNINGS to suppress this warning. [C:\CLOUDPROJECT\CLOUDENGINE\build_test\CloudEngine.vcxproj]
C:\Program Files\Microsoft Visual Studio\18\Community\VC\Tools\MSVC\14.50.35717\include\xutility(1545,13): warning C4996:         with [C:\CLOUDPROJECT\CLOUDENGINE\build_test\CloudEngine.vcxproj]
C:\Program Files\Microsoft Visual Studio\18\Community\VC\Tools\MSVC\14.50.35717\include\xutility(1545,13): warning C4996:         [ [C:\CLOUDPROJECT\CLOUDENGINE\build_test\CloudEngine.vcxproj]
C:\Program Files\Microsoft Visual Studio\18\Community\VC\Tools\MSVC\14.50.35717\include\xutility(1545,13): warning C4996:             T=fmt::v9::detail::bigint::bigit [C:\CLOUDPROJECT\CLOUDENGINE\build_test\CloudEngine.vcxproj]
C:\Program Files\Microsoft Visual Studio\18\Community\VC\Tools\MSVC\14.50.35717\include\xutility(1545,13): warning C4996:         ] [C:\CLOUDPROJECT\CLOUDENGINE\build_test\CloudEngine.vcxproj]
  (╨║╨╛╨╝╨┐╨╕╨╗╤П╤Ж╨╕╤П ╨╕╤Б╤Е╨╛╨┤╨╜╨╛╨│╨╛ ╤Д╨░╨╣╨╗╨░ "../src/ecs/world.cpp")
      C:\Program Files\Microsoft Visual Studio\18\Community\VC\Tools\MSVC\14.50.35717\include\xutility(1545,13):
      ╨║╨╛╨╜╤В╨╡╨║╤Б╤В ╤Б╨╛╨╖╨┤╨░╨╜╨╕╤П ╤Н╨║╨╖╨╡╨╝╨┐╨╗╤П╤А╨░ ╤И╨░╨▒╨╗╨╛╨╜╨░ (╤Б╨╜╨░╤З╨░╨╗╨░ ╤Б╨░╨╝╤Л╨╣ ╤Б╤В╨░╤А╤Л╨╣)
          C:\CLOUDPROJECT\CLOUDENGINE\libs\spdlog\include\spdlog\fmt\bundled\format.h(2807,10):
          ╨▓╤Л╨┐╨╛╨╗╨╜╤П╨╡╤В╤Б╤П ╨║╨╛╨╝╨┐╨╕╨╗╤П╤Ж╨╕╤П ╤Б╤Б╤Л╨╗╨║╨╕ ╨╜╨░ ╤Н╨║╨╖╨╡╨╝╨┐╨╗╤П╤А ╤И╨░╨▒╨╗╨╛╨╜ ╤Д╤Г╨╜╨║╤Ж╨╕╨╕ "_OutIt std::copy<const T*,stdext::checked_array_iterator<T *>>(_InIt,_InIt,_OutIt)"
          with
          [
              _OutIt=stdext::checked_array_iterator<fmt::v9::detail::bigint::bigit *>,
              T=fmt::v9::detail::bigint::bigit,
              _InIt=const fmt::v9::detail::bigint::bigit *
          ]
          C:\Program Files\Microsoft Visual Studio\18\Community\VC\Tools\MSVC\14.50.35717\include\xutility(4976,10):
          ╨▓╤Л╨┐╨╛╨╗╨╜╤П╨╡╤В╤Б╤П ╨║╨╛╨╝╨┐╨╕╨╗╤П╤Ж╨╕╤П ╤Б╤Б╤Л╨╗╨║╨╕ ╨╜╨░ ╤Н╨║╨╖╨╡╨╝╨┐╨╗╤П╤А ╤И╨░╨▒╨╗╨╛╨╜ ╤Д╤Г╨╜╨║╤Ж╨╕╨╕ "void std::_Seek_wrapped<_OutIt,unsigned int*>(_Iter &,_UIter &&)"
          with
          [
              _OutIt=stdext::checked_array_iterator<fmt::v9::detail::bigint::bigit *>,
              _Iter=stdext::checked_array_iterator<fmt::v9::detail::bigint::bigit *>,
              _UIter=fmt::v9::detail::bigint::bigit *
          ]
  
C:\Program Files\Microsoft Visual Studio\18\Community\VC\Tools\MSVC\14.50.35717\include\xutility(1407,31): warning C4996: 'stdext::checked_array_iterator<T *>': warning STL4043: stdext::checked_array_iterator, stdext::unchecked_array_iterator, and related factory functions are non-Standard extensions and will be removed in the future. std::span (since C++20) and gsl::span can be used instead. You can define _SILENCE_STDEXT_ARR_ITERS_DEPRECATION_WARNING or _SILENCE_ALL_MS_EXT_DEPRECATION_WARNINGS to suppress this warning. [C:\CLOUDPROJECT\CLOUDENGINE\build_test\CloudEngine.vcxproj]
C:\Program Files\Microsoft Visual Studio\18\Community\VC\Tools\MSVC\14.50.35717\include\xutility(1407,31): warning C4996:         with [C:\CLOUDPROJECT\CLOUDENGINE\build_test\CloudEngine.vcxproj]
C:\Program Files\Microsoft Visual Studio\18\Community\VC\Tools\MSVC\14.50.35717\include\xutility(1407,31): warning C4996:         [ [C:\CLOUDPROJECT\CLOUDENGINE\build_test\CloudEngine.vcxproj]
C:\Program Files\Microsoft Visual Studio\18\Community\VC\Tools\MSVC\14.50.35717\include\xutility(1407,31): warning C4996:             T=char [C:\CLOUDPROJECT\CLOUDENGINE\build_test\CloudEngine.vcxproj]
C:\Program Files\Microsoft Visual Studio\18\Community\VC\Tools\MSVC\14.50.35717\include\xutility(1407,31): warning C4996:         ] [C:\CLOUDPROJECT\CLOUDENGINE\build_test\CloudEngine.vcxproj]
  (╨║╨╛╨╝╨┐╨╕╨╗╤П╤Ж╨╕╤П ╨╕╤Б╤Е╨╛╨┤╨╜╨╛╨│╨╛ ╤Д╨░╨╣╨╗╨░ "../src/ecs/world.cpp")
      C:\Program Files\Microsoft Visual Studio\18\Community\VC\Tools\MSVC\14.50.35717\include\iterator(1501,35):
       ╤Б╨╝. ╨╛╨▒╤К╤П╨▓╨╗╨╡╨╜╨╕╨╡ "stdext::checked_array_iterator"
      C:\Program Files\Microsoft Visual Studio\18\Community\VC\Tools\MSVC\14.50.35717\include\xutility(1407,31):
      ╨║╨╛╨╜╤В╨╡╨║╤Б╤В ╤Б╨╛╨╖╨┤╨░╨╜╨╕╤П ╤Н╨║╨╖╨╡╨╝╨┐╨╗╤П╤А╨░ ╤И╨░╨▒╨╗╨╛╨╜╨░ (╤Б╨╜╨░╤З╨░╨╗╨░ ╤Б╨░╨╝╤Л╨╣ ╤Б╤В╨░╤А╤Л╨╣)
          C:\CLOUDPROJECT\CLOUDENGINE\libs\spdlog\include\spdlog\details\log_msg_buffer-inl.h(16,12):
          ╨▓╤Л╨┐╨╛╨╗╨╜╤П╨╡╤В╤Б╤П ╨║╨╛╨╝╨┐╨╕╨╗╤П╤Ж╨╕╤П ╤Б╤Б╤Л╨╗╨║╨╕ ╨╜╨░ ╤Н╨║╨╖╨╡╨╝╨┐╨╗╤П╤А ╤И╨░╨▒╨╗╨╛╨╜ ╤Д╤Г╨╜╨║╤Ж╨╕╨╕ "void fmt::v9::detail::buffer<char>::append<Char>(const U *,const U *)"
          with
          [
              Char=char,
              U=char
          ]
              C:\CLOUDPROJECT\CLOUDENGINE\libs\spdlog\include\spdlog\details\log_msg_buffer-inl.h(16,18):
              ╤Б╨╝. ╨┐╨╡╤А╨▓╤Г╤О ╤Б╤Б╤Л╨╗╨║╤Г ╨╜╨░ "fmt::v9::detail::buffer<char>::append" ╨▓ "spdlog::details::log_msg_buffer::log_msg_buffer"
          C:\CLOUDPROJECT\CLOUDENGINE\libs\spdlog\include\spdlog\fmt\bundled\format.h(778,10):
          ╨▓╤Л╨┐╨╛╨╗╨╜╤П╨╡╤В╤Б╤П ╨║╨╛╨╝╨┐╨╕╨╗╤П╤Ж╨╕╤П ╤Б╤Б╤Л╨╗╨║╨╕ ╨╜╨░ ╤Н╨║╨╖╨╡╨╝╨┐╨╗╤П╤А ╤И╨░╨▒╨╗╨╛╨╜ ╤Д╤Г╨╜╨║╤Ж╨╕╨╕ "_NoThrowFwdIt std::uninitialized_copy_n<const U*,unsigned __int64,stdext::checked_array_iterator<T *>>(const _InIt,const _Diff,_NoThrowFwdIt)"
          with
          [
              _NoThrowFwdIt=stdext::checked_array_iterator<char *>,
              U=char,
              T=char,
              _InIt=const char *,
              _Diff=unsigned __int64
          ]
          C:\Program Files\Microsoft Visual Studio\18\Community\VC\Tools\MSVC\14.50.35717\include\memory(144,25):
          ╨▓╤Л╨┐╨╛╨╗╨╜╤П╨╡╤В╤Б╤П ╨║╨╛╨╝╨┐╨╕╨╗╤П╤Ж╨╕╤П ╤Б╤Б╤Л╨╗╨║╨╕ ╨╜╨░ ╤Н╨║╨╖╨╡╨╝╨┐╨╗╤П╤А ╤И╨░╨▒╨╗╨╛╨╜ ╤Д╤Г╨╜╨║╤Ж╨╕╨╕ "decltype(auto) std::_Get_unwrapped_n<_NoThrowFwdIt&,unsigned __int64>(_Iter,const _Diff)"
          with
          [
              _NoThrowFwdIt=stdext::checked_array_iterator<char *>,
              _Iter=stdext::checked_array_iterator<char *> &,
              _Diff=unsigned __int64
          ]
          C:\Program Files\Microsoft Visual Studio\18\Community\VC\Tools\MSVC\14.50.35717\include\xutility(1512,26):
          ╨▓╤Л╨┐╨╛╨╗╨╜╤П╨╡╤В╤Б╤П ╨║╨╛╨╝╨┐╨╕╨╗╤П╤Ж╨╕╤П ╤Б╤Б╤Л╨╗╨║╨╕ ╨╜╨░ ╤И╨░╨▒╨╗╨╛╨╜ ╨┐╨╡╤А╨╡╨╝╨╡╨╜╨╜╨╛╨╣ "const bool _Unwrappable_for_offset_v<stdext::checked_array_iterator<char *> &>"
          C:\Program Files\Microsoft Visual Studio\18\Community\VC\Tools\MSVC\14.50.35717\include\xutility(1506,44):
          ╨▓╤Л╨┐╨╛╨╗╨╜╤П╨╡╤В╤Б╤П ╨║╨╛╨╝╨┐╨╕╨╗╤П╤Ж╨╕╤П ╤Б╤Б╤Л╨╗╨║╨╕ ╨╜╨░ ╤И╨░╨▒╨╗╨╛╨╜ ╨┐╨╡╤А╨╡╨╝╨╡╨╜╨╜╨╛╨╣ "const bool _Unwrappable_v<stdext::checked_array_iterator<char *> &,void>"
          C:\Program Files\Microsoft Visual Studio\18\Community\VC\Tools\MSVC\14.50.35717\include\xutility(1435,5):
          ╨▓╤Л╨┐╨╛╨╗╨╜╤П╨╡╤В╤Б╤П ╨║╨╛╨╝╨┐╨╕╨╗╤П╤Ж╨╕╤П ╤Б╤Б╤Л╨╗╨║╨╕ ╨╜╨░ ╤И╨░╨▒╨╗╨╛╨╜ ╨┐╨╡╤А╨╡╨╝╨╡╨╜╨╜╨╛╨╣ "const bool _Allow_inheriting_unwrap_v<stdext::checked_array_iterator<char *>,void>"
  
C:\Program Files\Microsoft Visual Studio\18\Community\VC\Tools\MSVC\14.50.35717\include\xutility(1407,22): warning C4996: 'stdext::checked_array_iterator<T *>::_Prevent_inheriting_unwrap': warning STL4043: stdext::checked_array_iterator, stdext::unchecked_array_iterator, and related factory functions are non-Standard extensions and will be removed in the future. std::span (since C++20) and gsl::span can be used instead. You can define _SILENCE_STDEXT_ARR_ITERS_DEPRECATION_WARNING or _SILENCE_ALL_MS_EXT_DEPRECATION_WARNINGS to suppress this warning. [C:\CLOUDPROJECT\CLOUDENGINE\build_test\CloudEngine.vcxproj]
C:\Program Files\Microsoft Visual Studio\18\Community\VC\Tools\MSVC\14.50.35717\include\xutility(1407,22): warning C4996:         with [C:\CLOUDPROJECT\CLOUDENGINE\build_test\CloudEngine.vcxproj]
C:\Program Files\Microsoft Visual Studio\18\Community\VC\Tools\MSVC\14.50.35717\include\xutility(1407,22): warning C4996:         [ [C:\CLOUDPROJECT\CLOUDENGINE\build_test\CloudEngine.vcxproj]
C:\Program Files\Microsoft Visual Studio\18\Community\VC\Tools\MSVC\14.50.35717\include\xutility(1407,22): warning C4996:             T=char [C:\CLOUDPROJECT\CLOUDENGINE\build_test\CloudEngine.vcxproj]
C:\Program Files\Microsoft Visual Studio\18\Community\VC\Tools\MSVC\14.50.35717\include\xutility(1407,22): warning C4996:         ] [C:\CLOUDPROJECT\CLOUDENGINE\build_test\CloudEngine.vcxproj]
  (╨║╨╛╨╝╨┐╨╕╨╗╤П╤Ж╨╕╤П ╨╕╤Б╤Е╨╛╨┤╨╜╨╛╨│╨╛ ╤Д╨░╨╣╨╗╨░ "../src/ecs/world.cpp")
  
C:\Program Files\Microsoft Visual Studio\18\Community\VC\Tools\MSVC\14.50.35717\include\__msvc_iter_core.hpp(476,40): warning C4996: 'stdext::checked_array_iterator<T *>': warning STL4043: stdext::checked_array_iterator, stdext::unchecked_array_iterator, and related factory functions are non-Standard extensions and will be removed in the future. std::span (since C++20) and gsl::span can be used instead. You can define _SILENCE_STDEXT_ARR_ITERS_DEPRECATION_WARNING or _SILENCE_ALL_MS_EXT_DEPRECATION_WARNINGS to suppress this warning. [C:\CLOUDPROJECT\CLOUDENGINE\build_test\CloudEngine.vcxproj]
C:\Program Files\Microsoft Visual Studio\18\Community\VC\Tools\MSVC\14.50.35717\include\__msvc_iter_core.hpp(476,40): warning C4996:         with [C:\CLOUDPROJECT\CLOUDENGINE\build_test\CloudEngine.vcxproj]
C:\Program Files\Microsoft Visual Studio\18\Community\VC\Tools\MSVC\14.50.35717\include\__msvc_iter_core.hpp(476,40): warning C4996:         [ [C:\CLOUDPROJECT\CLOUDENGINE\build_test\CloudEngine.vcxproj]
C:\Program Files\Microsoft Visual Studio\18\Community\VC\Tools\MSVC\14.50.35717\include\__msvc_iter_core.hpp(476,40): warning C4996:             T=char [C:\CLOUDPROJECT\CLOUDENGINE\build_test\CloudEngine.vcxproj]
C:\Program Files\Microsoft Visual Studio\18\Community\VC\Tools\MSVC\14.50.35717\include\__msvc_iter_core.hpp(476,40): warning C4996:         ] [C:\CLOUDPROJECT\CLOUDENGINE\build_test\CloudEngine.vcxproj]
  (╨║╨╛╨╝╨┐╨╕╨╗╤П╤Ж╨╕╤П ╨╕╤Б╤Е╨╛╨┤╨╜╨╛╨│╨╛ ╤Д╨░╨╣╨╗╨░ "../src/ecs/world.cpp")
      C:\Program Files\Microsoft Visual Studio\18\Community\VC\Tools\MSVC\14.50.35717\include\iterator(1501,35):
       ╤Б╨╝. ╨╛╨▒╤К╤П╨▓╨╗╨╡╨╜╨╕╨╡ "stdext::checked_array_iterator"
      C:\Program Files\Microsoft Visual Studio\18\Community\VC\Tools\MSVC\14.50.35717\include\__msvc_iter_core.hpp(476,40):
      ╨║╨╛╨╜╤В╨╡╨║╤Б╤В ╤Б╨╛╨╖╨┤╨░╨╜╨╕╤П ╤Н╨║╨╖╨╡╨╝╨┐╨╗╤П╤А╨░ ╤И╨░╨▒╨╗╨╛╨╜╨░ (╤Б╨╜╨░╤З╨░╨╗╨░ ╤Б╨░╨╝╤Л╨╣ ╤Б╤В╨░╤А╤Л╨╣)
          C:\Program Files\Microsoft Visual Studio\18\Community\VC\Tools\MSVC\14.50.35717\include\xutility(1502,93):
          ╨▓╤Л╨┐╨╛╨╗╨╜╤П╨╡╤В╤Б╤П ╨║╨╛╨╝╨┐╨╕╨╗╤П╤Ж╨╕╤П ╤Б╤Б╤Л╨╗╨║╨╕ ╨╜╨░ ╤Н╨║╨╖╨╡╨╝╨┐╨╗╤П╤А ╨┐╤Б╨╡╨▓╨┤╨╛╨╜╨╕╨╝ ╤И╨░╨▒╨╗╨╛╨╜ ╤Д╤Г╨╜╨║╤Ж╨╕╨╕ "std::_Iter_diff_t<_Iter>"
          with
          [
              _Iter=stdext::checked_array_iterator<char *>
          ]
          C:\Program Files\Microsoft Visual Studio\18\Community\VC\Tools\MSVC\14.50.35717\include\xutility(1311,55):
          ╨▓╤Л╨┐╨╛╨╗╨╜╤П╨╡╤В╤Б╤П ╨║╨╛╨╝╨┐╨╕╨╗╤П╤Ж╨╕╤П ╤Б╤Б╤Л╨╗╨║╨╕ ╨╜╨░ ╤Н╨║╨╖╨╡╨╝╨┐╨╗╤П╤А ╨║╨╗╨░╤Б╤Б ╤И╨░╨▒╨╗╨╛╨╜ ╤Д╤Г╨╜╨║╤Ж╨╕╨╕ "std::iterator_traits<_Iter>"
          with
          [
              _Iter=stdext::checked_array_iterator<char *>
          ]
          C:\Program Files\Microsoft Visual Studio\18\Community\VC\Tools\MSVC\14.50.35717\include\__msvc_iter_core.hpp(496,26):
          ╨▓╤Л╨┐╨╛╨╗╨╜╤П╨╡╤В╤Б╤П ╨║╨╛╨╝╨┐╨╕╨╗╤П╤Ж╨╕╤П ╤Б╤Б╤Л╨╗╨║╨╕ ╨╜╨░ ╤Н╨║╨╖╨╡╨╝╨┐╨╗╤П╤А ╨║╨╗╨░╤Б╤Б ╤И╨░╨▒╨╗╨╛╨╜ ╤Д╤Г╨╜╨║╤Ж╨╕╨╕ "std::_Iterator_traits_base<_Iter,void>"
          with
          [
              _Iter=stdext::checked_array_iterator<char *>
          ]
  
C:\Program Files\Microsoft Visual Studio\18\Community\VC\Tools\MSVC\14.50.35717\include\__msvc_iter_core.hpp(476,31): warning C4996: 'stdext::checked_array_iterator<T *>::iterator_category': warning STL4043: stdext::checked_array_iterator, stdext::unchecked_array_iterator, and related factory functions are non-Standard extensions and will be removed in the future. std::span (since C++20) and gsl::span can be used instead. You can define _SILENCE_STDEXT_ARR_ITERS_DEPRECATION_WARNING or _SILENCE_ALL_MS_EXT_DEPRECATION_WARNINGS to suppress this warning. [C:\CLOUDPROJECT\CLOUDENGINE\build_test\CloudEngine.vcxproj]
C:\Program Files\Microsoft Visual Studio\18\Community\VC\Tools\MSVC\14.50.35717\include\__msvc_iter_core.hpp(476,31): warning C4996:         with [C:\CLOUDPROJECT\CLOUDENGINE\build_test\CloudEngine.vcxproj]
C:\Program Files\Microsoft Visual Studio\18\Community\VC\Tools\MSVC\14.50.35717\include\__msvc_iter_core.hpp(476,31): warning C4996:         [ [C:\CLOUDPROJECT\CLOUDENGINE\build_test\CloudEngine.vcxproj]
C:\Program Files\Microsoft Visual Studio\18\Community\VC\Tools\MSVC\14.50.35717\include\__msvc_iter_core.hpp(476,31): warning C4996:             T=char [C:\CLOUDPROJECT\CLOUDENGINE\build_test\CloudEngine.vcxproj]
C:\Program Files\Microsoft Visual Studio\18\Community\VC\Tools\MSVC\14.50.35717\include\__msvc_iter_core.hpp(476,31): warning C4996:         ] [C:\CLOUDPROJECT\CLOUDENGINE\build_test\CloudEngine.vcxproj]
  (╨║╨╛╨╝╨┐╨╕╨╗╤П╤Ж╨╕╤П ╨╕╤Б╤Е╨╛╨┤╨╜╨╛╨│╨╛ ╤Д╨░╨╣╨╗╨░ "../src/ecs/world.cpp")
  
C:\Program Files\Microsoft Visual Studio\18\Community\VC\Tools\MSVC\14.50.35717\include\__msvc_iter_core.hpp(477,40): warning C4996: 'stdext::checked_array_iterator<T *>': warning STL4043: stdext::checked_array_iterator, stdext::unchecked_array_iterator, and related factory functions are non-Standard extensions and will be removed in the future. std::span (since C++20) and gsl::span can be used instead. You can define _SILENCE_STDEXT_ARR_ITERS_DEPRECATION_WARNING or _SILENCE_ALL_MS_EXT_DEPRECATION_WARNINGS to suppress this warning. [C:\CLOUDPROJECT\CLOUDENGINE\build_test\CloudEngine.vcxproj]
C:\Program Files\Microsoft Visual Studio\18\Community\VC\Tools\MSVC\14.50.35717\include\__msvc_iter_core.hpp(477,40): warning C4996:         with [C:\CLOUDPROJECT\CLOUDENGINE\build_test\CloudEngine.vcxproj]
C:\Program Files\Microsoft Visual Studio\18\Community\VC\Tools\MSVC\14.50.35717\include\__msvc_iter_core.hpp(477,40): warning C4996:         [ [C:\CLOUDPROJECT\CLOUDENGINE\build_test\CloudEngine.vcxproj]
C:\Program Files\Microsoft Visual Studio\18\Community\VC\Tools\MSVC\14.50.35717\include\__msvc_iter_core.hpp(477,40): warning C4996:             T=char [C:\CLOUDPROJECT\CLOUDENGINE\build_test\CloudEngine.vcxproj]
C:\Program Files\Microsoft Visual Studio\18\Community\VC\Tools\MSVC\14.50.35717\include\__msvc_iter_core.hpp(477,40): warning C4996:         ] [C:\CLOUDPROJECT\CLOUDENGINE\build_test\CloudEngine.vcxproj]
  (╨║╨╛╨╝╨┐╨╕╨╗╤П╤Ж╨╕╤П ╨╕╤Б╤Е╨╛╨┤╨╜╨╛╨│╨╛ ╤Д╨░╨╣╨╗╨░ "../src/ecs/world.cpp")
      C:\Program Files\Microsoft Visual Studio\18\Community\VC\Tools\MSVC\14.50.35717\include\iterator(1501,35):
       ╤Б╨╝. ╨╛╨▒╤К╤П╨▓╨╗╨╡╨╜╨╕╨╡ "stdext::checked_array_iterator"
  
C:\Program Files\Microsoft Visual Studio\18\Community\VC\Tools\MSVC\14.50.35717\include\__msvc_iter_core.hpp(477,31): warning C4996: 'stdext::checked_array_iterator<T *>::value_type': warning STL4043: stdext::checked_array_iterator, stdext::unchecked_array_iterator, and related factory functions are non-Standard extensions and will be removed in the future. std::span (since C++20) and gsl::span can be used instead. You can define _SILENCE_STDEXT_ARR_ITERS_DEPRECATION_WARNING or _SILENCE_ALL_MS_EXT_DEPRECATION_WARNINGS to suppress this warning. [C:\CLOUDPROJECT\CLOUDENGINE\build_test\CloudEngine.vcxproj]
C:\Program Files\Microsoft Visual Studio\18\Community\VC\Tools\MSVC\14.50.35717\include\__msvc_iter_core.hpp(477,31): warning C4996:         with [C:\CLOUDPROJECT\CLOUDENGINE\build_test\CloudEngine.vcxproj]
C:\Program Files\Microsoft Visual Studio\18\Community\VC\Tools\MSVC\14.50.35717\include\__msvc_iter_core.hpp(477,31): warning C4996:         [ [C:\CLOUDPROJECT\CLOUDENGINE\build_test\CloudEngine.vcxproj]
C:\Program Files\Microsoft Visual Studio\18\Community\VC\Tools\MSVC\14.50.35717\include\__msvc_iter_core.hpp(477,31): warning C4996:             T=char [C:\CLOUDPROJECT\CLOUDENGINE\build_test\CloudEngine.vcxproj]
C:\Program Files\Microsoft Visual Studio\18\Community\VC\Tools\MSVC\14.50.35717\include\__msvc_iter_core.hpp(477,31): warning C4996:         ] [C:\CLOUDPROJECT\CLOUDENGINE\build_test\CloudEngine.vcxproj]
  (╨║╨╛╨╝╨┐╨╕╨╗╤П╤Ж╨╕╤П ╨╕╤Б╤Е╨╛╨┤╨╜╨╛╨│╨╛ ╤Д╨░╨╣╨╗╨░ "../src/ecs/world.cpp")
  
C:\Program Files\Microsoft Visual Studio\18\Community\VC\Tools\MSVC\14.50.35717\include\__msvc_iter_core.hpp(478,40): warning C4996: 'stdext::checked_array_iterator<T *>': warning STL4043: stdext::checked_array_iterator, stdext::unchecked_array_iterator, and related factory functions are non-Standard extensions and will be removed in the future. std::span (since C++20) and gsl::span can be used instead. You can define _SILENCE_STDEXT_ARR_ITERS_DEPRECATION_WARNING or _SILENCE_ALL_MS_EXT_DEPRECATION_WARNINGS to suppress this warning. [C:\CLOUDPROJECT\CLOUDENGINE\build_test\CloudEngine.vcxproj]
C:\Program Files\Microsoft Visual Studio\18\Community\VC\Tools\MSVC\14.50.35717\include\__msvc_iter_core.hpp(478,40): warning C4996:         with [C:\CLOUDPROJECT\CLOUDENGINE\build_test\CloudEngine.vcxproj]
C:\Program Files\Microsoft Visual Studio\18\Community\VC\Tools\MSVC\14.50.35717\include\__msvc_iter_core.hpp(478,40): warning C4996:         [ [C:\CLOUDPROJECT\CLOUDENGINE\build_test\CloudEngine.vcxproj]
C:\Program Files\Microsoft Visual Studio\18\Community\VC\Tools\MSVC\14.50.35717\include\__msvc_iter_core.hpp(478,40): warning C4996:             T=char [C:\CLOUDPROJECT\CLOUDENGINE\build_test\CloudEngine.vcxproj]
C:\Program Files\Microsoft Visual Studio\18\Community\VC\Tools\MSVC\14.50.35717\include\__msvc_iter_core.hpp(478,40): warning C4996:         ] [C:\CLOUDPROJECT\CLOUDENGINE\build_test\CloudEngine.vcxproj]
  (╨║╨╛╨╝╨┐╨╕╨╗╤П╤Ж╨╕╤П ╨╕╤Б╤Е╨╛╨┤╨╜╨╛╨│╨╛ ╤Д╨░╨╣╨╗╨░ "../src/ecs/world.cpp")
      C:\Program Files\Microsoft Visual Studio\18\Community\VC\Tools\MSVC\14.50.35717\include\iterator(1501,35):
       ╤Б╨╝. ╨╛╨▒╤К╤П╨▓╨╗╨╡╨╜╨╕╨╡ "stdext::checked_array_iterator"
  
C:\Program Files\Microsoft Visual Studio\18\Community\VC\Tools\MSVC\14.50.35717\include\__msvc_iter_core.hpp(478,31): warning C4996: 'stdext::checked_array_iterator<T *>::difference_type': warning STL4043: stdext::checked_array_iterator, stdext::unchecked_array_iterator, and related factory functions are non-Standard extensions and will be removed in the future. std::span (since C++20) and gsl::span can be used instead. You can define _SILENCE_STDEXT_ARR_ITERS_DEPRECATION_WARNING or _SILENCE_ALL_MS_EXT_DEPRECATION_WARNINGS to suppress this warning. [C:\CLOUDPROJECT\CLOUDENGINE\build_test\CloudEngine.vcxproj]
C:\Program Files\Microsoft Visual Studio\18\Community\VC\Tools\MSVC\14.50.35717\include\__msvc_iter_core.hpp(478,31): warning C4996:         with [C:\CLOUDPROJECT\CLOUDENGINE\build_test\CloudEngine.vcxproj]
C:\Program Files\Microsoft Visual Studio\18\Community\VC\Tools\MSVC\14.50.35717\include\__msvc_iter_core.hpp(478,31): warning C4996:         [ [C:\CLOUDPROJECT\CLOUDENGINE\build_test\CloudEngine.vcxproj]
C:\Program Files\Microsoft Visual Studio\18\Community\VC\Tools\MSVC\14.50.35717\include\__msvc_iter_core.hpp(478,31): warning C4996:             T=char [C:\CLOUDPROJECT\CLOUDENGINE\build_test\CloudEngine.vcxproj]
C:\Program Files\Microsoft Visual Studio\18\Community\VC\Tools\MSVC\14.50.35717\include\__msvc_iter_core.hpp(478,31): warning C4996:         ] [C:\CLOUDPROJECT\CLOUDENGINE\build_test\CloudEngine.vcxproj]
  (╨║╨╛╨╝╨┐╨╕╨╗╤П╤Ж╨╕╤П ╨╕╤Б╤Е╨╛╨┤╨╜╨╛╨│╨╛ ╤Д╨░╨╣╨╗╨░ "../src/ecs/world.cpp")
  
C:\Program Files\Microsoft Visual Studio\18\Community\VC\Tools\MSVC\14.50.35717\include\__msvc_iter_core.hpp(479,40): warning C4996: 'stdext::checked_array_iterator<T *>': warning STL4043: stdext::checked_array_iterator, stdext::unchecked_array_iterator, and related factory functions are non-Standard extensions and will be removed in the future. std::span (since C++20) and gsl::span can be used instead. You can define _SILENCE_STDEXT_ARR_ITERS_DEPRECATION_WARNING or _SILENCE_ALL_MS_EXT_DEPRECATION_WARNINGS to suppress this warning. [C:\CLOUDPROJECT\CLOUDENGINE\build_test\CloudEngine.vcxproj]
C:\Program Files\Microsoft Visual Studio\18\Community\VC\Tools\MSVC\14.50.35717\include\__msvc_iter_core.hpp(479,40): warning C4996:         with [C:\CLOUDPROJECT\CLOUDENGINE\build_test\CloudEngine.vcxproj]
C:\Program Files\Microsoft Visual Studio\18\Community\VC\Tools\MSVC\14.50.35717\include\__msvc_iter_core.hpp(479,40): warning C4996:         [ [C:\CLOUDPROJECT\CLOUDENGINE\build_test\CloudEngine.vcxproj]
C:\Program Files\Microsoft Visual Studio\18\Community\VC\Tools\MSVC\14.50.35717\include\__msvc_iter_core.hpp(479,40): warning C4996:             T=char [C:\CLOUDPROJECT\CLOUDENGINE\build_test\CloudEngine.vcxproj]
C:\Program Files\Microsoft Visual Studio\18\Community\VC\Tools\MSVC\14.50.35717\include\__msvc_iter_core.hpp(479,40): warning C4996:         ] [C:\CLOUDPROJECT\CLOUDENGINE\build_test\CloudEngine.vcxproj]
  (╨║╨╛╨╝╨┐╨╕╨╗╤П╤Ж╨╕╤П ╨╕╤Б╤Е╨╛╨┤╨╜╨╛╨│╨╛ ╤Д╨░╨╣╨╗╨░ "../src/ecs/world.cpp")
      C:\Program Files\Microsoft Visual Studio\18\Community\VC\Tools\MSVC\14.50.35717\include\iterator(1501,35):
       ╤Б╨╝. ╨╛╨▒╤К╤П╨▓╨╗╨╡╨╜╨╕╨╡ "stdext::checked_array_iterator"
  
C:\Program Files\Microsoft Visual Studio\18\Community\VC\Tools\MSVC\14.50.35717\include\__msvc_iter_core.hpp(479,31): warning C4996: 'stdext::checked_array_iterator<T *>::pointer': warning STL4043: stdext::checked_array_iterator, stdext::unchecked_array_iterator, and related factory functions are non-Standard extensions and will be removed in the future. std::span (since C++20) and gsl::span can be used instead. You can define _SILENCE_STDEXT_ARR_ITERS_DEPRECATION_WARNING or _SILENCE_ALL_MS_EXT_DEPRECATION_WARNINGS to suppress this warning. [C:\CLOUDPROJECT\CLOUDENGINE\build_test\CloudEngine.vcxproj]
C:\Program Files\Microsoft Visual Studio\18\Community\VC\Tools\MSVC\14.50.35717\include\__msvc_iter_core.hpp(479,31): warning C4996:         with [C:\CLOUDPROJECT\CLOUDENGINE\build_test\CloudEngine.vcxproj]
C:\Program Files\Microsoft Visual Studio\18\Community\VC\Tools\MSVC\14.50.35717\include\__msvc_iter_core.hpp(479,31): warning C4996:         [ [C:\CLOUDPROJECT\CLOUDENGINE\build_test\CloudEngine.vcxproj]
C:\Program Files\Microsoft Visual Studio\18\Community\VC\Tools\MSVC\14.50.35717\include\__msvc_iter_core.hpp(479,31): warning C4996:             T=char [C:\CLOUDPROJECT\CLOUDENGINE\build_test\CloudEngine.vcxproj]
C:\Program Files\Microsoft Visual Studio\18\Community\VC\Tools\MSVC\14.50.35717\include\__msvc_iter_core.hpp(479,31): warning C4996:         ] [C:\CLOUDPROJECT\CLOUDENGINE\build_test\CloudEngine.vcxproj]
  (╨║╨╛╨╝╨┐╨╕╨╗╤П╤Ж╨╕╤П ╨╕╤Б╤Е╨╛╨┤╨╜╨╛╨│╨╛ ╤Д╨░╨╣╨╗╨░ "../src/ecs/world.cpp")
  
C:\Program Files\Microsoft Visual Studio\18\Community\VC\Tools\MSVC\14.50.35717\include\__msvc_iter_core.hpp(480,40): warning C4996: 'stdext::checked_array_iterator<T *>': warning STL4043: stdext::checked_array_iterator, stdext::unchecked_array_iterator, and related factory functions are non-Standard extensions and will be removed in the future. std::span (since C++20) and gsl::span can be used instead. You can define _SILENCE_STDEXT_ARR_ITERS_DEPRECATION_WARNING or _SILENCE_ALL_MS_EXT_DEPRECATION_WARNINGS to suppress this warning. [C:\CLOUDPROJECT\CLOUDENGINE\build_test\CloudEngine.vcxproj]
C:\Program Files\Microsoft Visual Studio\18\Community\VC\Tools\MSVC\14.50.35717\include\__msvc_iter_core.hpp(480,40): warning C4996:         with [C:\CLOUDPROJECT\CLOUDENGINE\build_test\CloudEngine.vcxproj]
C:\Program Files\Microsoft Visual Studio\18\Community\VC\Tools\MSVC\14.50.35717\include\__msvc_iter_core.hpp(480,40): warning C4996:         [ [C:\CLOUDPROJECT\CLOUDENGINE\build_test\CloudEngine.vcxproj]
C:\Program Files\Microsoft Visual Studio\18\Community\VC\Tools\MSVC\14.50.35717\include\__msvc_iter_core.hpp(480,40): warning C4996:             T=char [C:\CLOUDPROJECT\CLOUDENGINE\build_test\CloudEngine.vcxproj]
C:\Program Files\Microsoft Visual Studio\18\Community\VC\Tools\MSVC\14.50.35717\include\__msvc_iter_core.hpp(480,40): warning C4996:         ] [C:\CLOUDPROJECT\CLOUDENGINE\build_test\CloudEngine.vcxproj]
  (╨║╨╛╨╝╨┐╨╕╨╗╤П╤Ж╨╕╤П ╨╕╤Б╤Е╨╛╨┤╨╜╨╛╨│╨╛ ╤Д╨░╨╣╨╗╨░ "../src/ecs/world.cpp")
      C:\Program Files\Microsoft Visual Studio\18\Community\VC\Tools\MSVC\14.50.35717\include\iterator(1501,35):
       ╤Б╨╝. ╨╛╨▒╤К╤П╨▓╨╗╨╡╨╜╨╕╨╡ "stdext::checked_array_iterator"
  
C:\Program Files\Microsoft Visual Studio\18\Community\VC\Tools\MSVC\14.50.35717\include\__msvc_iter_core.hpp(480,31): warning C4996: 'stdext::checked_array_iterator<T *>::reference': warning STL4043: stdext::checked_array_iterator, stdext::unchecked_array_iterator, and related factory functions are non-Standard extensions and will be removed in the future. std::span (since C++20) and gsl::span can be used instead. You can define _SILENCE_STDEXT_ARR_ITERS_DEPRECATION_WARNING or _SILENCE_ALL_MS_EXT_DEPRECATION_WARNINGS to suppress this warning. [C:\CLOUDPROJECT\CLOUDENGINE\build_test\CloudEngine.vcxproj]
C:\Program Files\Microsoft Visual Studio\18\Community\VC\Tools\MSVC\14.50.35717\include\__msvc_iter_core.hpp(480,31): warning C4996:         with [C:\CLOUDPROJECT\CLOUDENGINE\build_test\CloudEngine.vcxproj]
C:\Program Files\Microsoft Visual Studio\18\Community\VC\Tools\MSVC\14.50.35717\include\__msvc_iter_core.hpp(480,31): warning C4996:         [ [C:\CLOUDPROJECT\CLOUDENGINE\build_test\CloudEngine.vcxproj]
C:\Program Files\Microsoft Visual Studio\18\Community\VC\Tools\MSVC\14.50.35717\include\__msvc_iter_core.hpp(480,31): warning C4996:             T=char [C:\CLOUDPROJECT\CLOUDENGINE\build_test\CloudEngine.vcxproj]
C:\Program Files\Microsoft Visual Studio\18\Community\VC\Tools\MSVC\14.50.35717\include\__msvc_iter_core.hpp(480,31): warning C4996:         ] [C:\CLOUDPROJECT\CLOUDENGINE\build_test\CloudEngine.vcxproj]
  (╨║╨╛╨╝╨┐╨╕╨╗╤П╤Ж╨╕╤П ╨╕╤Б╤Е╨╛╨┤╨╜╨╛╨│╨╛ ╤Д╨░╨╣╨╗╨░ "../src/ecs/world.cpp")
  
C:\Program Files\Microsoft Visual Studio\18\Community\VC\Tools\MSVC\14.50.35717\include\xutility(1523,13): warning C4996: 'stdext::checked_array_iterator<T *>::_Verify_offset': warning STL4043: stdext::checked_array_iterator, stdext::unchecked_array_iterator, and related factory functions are non-Standard extensions and will be removed in the future. std::span (since C++20) and gsl::span can be used instead. You can define _SILENCE_STDEXT_ARR_ITERS_DEPRECATION_WARNING or _SILENCE_ALL_MS_EXT_DEPRECATION_WARNINGS to suppress this warning. [C:\CLOUDPROJECT\CLOUDENGINE\build_test\CloudEngine.vcxproj]
C:\Program Files\Microsoft Visual Studio\18\Community\VC\Tools\MSVC\14.50.35717\include\xutility(1523,13): warning C4996:         with [C:\CLOUDPROJECT\CLOUDENGINE\build_test\CloudEngine.vcxproj]
C:\Program Files\Microsoft Visual Studio\18\Community\VC\Tools\MSVC\14.50.35717\include\xutility(1523,13): warning C4996:         [ [C:\CLOUDPROJECT\CLOUDENGINE\build_test\CloudEngine.vcxproj]
C:\Program Files\Microsoft Visual Studio\18\Community\VC\Tools\MSVC\14.50.35717\include\xutility(1523,13): warning C4996:             T=char [C:\CLOUDPROJECT\CLOUDENGINE\build_test\CloudEngine.vcxproj]
C:\Program Files\Microsoft Visual Studio\18\Community\VC\Tools\MSVC\14.50.35717\include\xutility(1523,13): warning C4996:         ] [C:\CLOUDPROJECT\CLOUDENGINE\build_test\CloudEngine.vcxproj]
  (╨║╨╛╨╝╨┐╨╕╨╗╤П╤Ж╨╕╤П ╨╕╤Б╤Е╨╛╨┤╨╜╨╛╨│╨╛ ╤Д╨░╨╣╨╗╨░ "../src/ecs/world.cpp")
  
C:\Program Files\Microsoft Visual Studio\18\Community\VC\Tools\MSVC\14.50.35717\include\xutility(1524,42): warning C4996: 'stdext::checked_array_iterator<T *>::_Unwrapped': warning STL4043: stdext::checked_array_iterator, stdext::unchecked_array_iterator, and related factory functions are non-Standard extensions and will be removed in the future. std::span (since C++20) and gsl::span can be used instead. You can define _SILENCE_STDEXT_ARR_ITERS_DEPRECATION_WARNING or _SILENCE_ALL_MS_EXT_DEPRECATION_WARNINGS to suppress this warning. [C:\CLOUDPROJECT\CLOUDENGINE\build_test\CloudEngine.vcxproj]
C:\Program Files\Microsoft Visual Studio\18\Community\VC\Tools\MSVC\14.50.35717\include\xutility(1524,42): warning C4996:         with [C:\CLOUDPROJECT\CLOUDENGINE\build_test\CloudEngine.vcxproj]
C:\Program Files\Microsoft Visual Studio\18\Community\VC\Tools\MSVC\14.50.35717\include\xutility(1524,42): warning C4996:         [ [C:\CLOUDPROJECT\CLOUDENGINE\build_test\CloudEngine.vcxproj]
C:\Program Files\Microsoft Visual Studio\18\Community\VC\Tools\MSVC\14.50.35717\include\xutility(1524,42): warning C4996:             T=char [C:\CLOUDPROJECT\CLOUDENGINE\build_test\CloudEngine.vcxproj]
C:\Program Files\Microsoft Visual Studio\18\Community\VC\Tools\MSVC\14.50.35717\include\xutility(1524,42): warning C4996:         ] [C:\CLOUDPROJECT\CLOUDENGINE\build_test\CloudEngine.vcxproj]
  (╨║╨╛╨╝╨┐╨╕╨╗╤П╤Ж╨╕╤П ╨╕╤Б╤Е╨╛╨┤╨╜╨╛╨│╨╛ ╤Д╨░╨╣╨╗╨░ "../src/ecs/world.cpp")
  
C:\Program Files\Microsoft Visual Studio\18\Community\VC\Tools\MSVC\14.50.35717\include\xutility(1407,31): warning C4996: 'stdext::checked_array_iterator<T *>': warning STL4043: stdext::checked_array_iterator, stdext::unchecked_array_iterator, and related factory functions are non-Standard extensions and will be removed in the future. std::span (since C++20) and gsl::span can be used instead. You can define _SILENCE_STDEXT_ARR_ITERS_DEPRECATION_WARNING or _SILENCE_ALL_MS_EXT_DEPRECATION_WARNINGS to suppress this warning. [C:\CLOUDPROJECT\CLOUDENGINE\build_test\CloudEngine.vcxproj]
C:\Program Files\Microsoft Visual Studio\18\Community\VC\Tools\MSVC\14.50.35717\include\xutility(1407,31): warning C4996:         with [C:\CLOUDPROJECT\CLOUDENGINE\build_test\CloudEngine.vcxproj]
C:\Program Files\Microsoft Visual Studio\18\Community\VC\Tools\MSVC\14.50.35717\include\xutility(1407,31): warning C4996:         [ [C:\CLOUDPROJECT\CLOUDENGINE\build_test\CloudEngine.vcxproj]
C:\Program Files\Microsoft Visual Studio\18\Community\VC\Tools\MSVC\14.50.35717\include\xutility(1407,31): warning C4996:             T=wchar_t [C:\CLOUDPROJECT\CLOUDENGINE\build_test\CloudEngine.vcxproj]
C:\Program Files\Microsoft Visual Studio\18\Community\VC\Tools\MSVC\14.50.35717\include\xutility(1407,31): warning C4996:         ] [C:\CLOUDPROJECT\CLOUDENGINE\build_test\CloudEngine.vcxproj]
  (╨║╨╛╨╝╨┐╨╕╨╗╤П╤Ж╨╕╤П ╨╕╤Б╤Е╨╛╨┤╨╜╨╛╨│╨╛ ╤Д╨░╨╣╨╗╨░ "../src/ecs/world.cpp")
      C:\Program Files\Microsoft Visual Studio\18\Community\VC\Tools\MSVC\14.50.35717\include\iterator(1501,35):
       ╤Б╨╝. ╨╛╨▒╤К╤П╨▓╨╗╨╡╨╜╨╕╨╡ "stdext::checked_array_iterator"
      C:\Program Files\Microsoft Visual Studio\18\Community\VC\Tools\MSVC\14.50.35717\include\xutility(1407,31):
      ╨║╨╛╨╜╤В╨╡╨║╤Б╤В ╤Б╨╛╨╖╨┤╨░╨╜╨╕╤П ╤Н╨║╨╖╨╡╨╝╨┐╨╗╤П╤А╨░ ╤И╨░╨▒╨╗╨╛╨╜╨░ (╤Б╨╜╨░╤З╨░╨╗╨░ ╤Б╨░╨╝╤Л╨╣ ╤Б╤В╨░╤А╤Л╨╣)
          C:\CLOUDPROJECT\CLOUDENGINE\libs\spdlog\include\spdlog\fmt\bundled\format.h(1276,32):
          ╨▓╤Л╨┐╨╛╨╗╨╜╤П╨╡╤В╤Б╤П ╨║╨╛╨╝╨┐╨╕╨╗╤П╤Ж╨╕╤П ╤Б╤Б╤Л╨╗╨║╨╕ ╨╜╨░ ╤Н╨║╨╖╨╡╨╝╨┐╨╗╤П╤А ╨║╨╗╨░╤Б╤Б ╤И╨░╨▒╨╗╨╛╨╜ ╤Д╤Г╨╜╨║╤Ж╨╕╨╕ "fmt::v9::basic_memory_buffer<wchar_t,500,std::allocator<wchar_t>>"
          C:\CLOUDPROJECT\CLOUDENGINE\libs\spdlog\include\spdlog\fmt\bundled\format.h(912,18):
          ╨▓╨╛ ╨▓╤А╨╡╨╝╤П ╨║╨╛╨╝╨┐╨╕╨╗╤П╤Ж╨╕╨╕ ╤Д╤Г╨╜╨║╤Ж╨╕╨╕-╤З╨╗╨╡╨╜╨░ ╨║╨╗╨░╤Б╤Б ╤И╨░╨▒╨╗╨╛╨╜ "void fmt::v9::basic_memory_buffer<wchar_t,500,std::allocator<wchar_t>>::grow(size_t)"
          C:\CLOUDPROJECT\CLOUDENGINE\libs\spdlog\include\spdlog\fmt\bundled\format.h(925,8):
          ╨▓╤Л╨┐╨╛╨╗╨╜╤П╨╡╤В╤Б╤П ╨║╨╛╨╝╨┐╨╕╨╗╤П╤Ж╨╕╤П ╤Б╤Б╤Л╨╗╨║╨╕ ╨╜╨░ ╤Н╨║╨╖╨╡╨╝╨┐╨╗╤П╤А ╤И╨░╨▒╨╗╨╛╨╜ ╤Д╤Г╨╜╨║╤Ж╨╕╨╕ "_NoThrowFwdIt std::uninitialized_copy<T*,stdext::checked_array_iterator<T *>>(const _InIt,const _InIt,_NoThrowFwdIt)"
          with
          [
              _NoThrowFwdIt=stdext::checked_array_iterator<wchar_t *>,
              T=wchar_t,
              _InIt=wchar_t *
          ]
          C:\Program Files\Microsoft Visual Studio\18\Community\VC\Tools\MSVC\14.50.35717\include\xmemory(1990,30):
          ╨▓╤Л╨┐╨╛╨╗╨╜╤П╨╡╤В╤Б╤П ╨║╨╛╨╝╨┐╨╕╨╗╤П╤Ж╨╕╤П ╤Б╤Б╤Л╨╗╨║╨╕ ╨╜╨░ ╤Н╨║╨╖╨╡╨╝╨┐╨╗╤П╤А ╤И╨░╨▒╨╗╨╛╨╜ ╤Д╤Г╨╜╨║╤Ж╨╕╨╕ "decltype(auto) std::_Get_unwrapped_n<_NoThrowFwdIt&,__int64>(_Iter,const _Diff)"
          with
          [
              _NoThrowFwdIt=stdext::checked_array_iterator<wchar_t *>,
              _Iter=stdext::checked_array_iterator<wchar_t *> &,
              _Diff=__int64
          ]
          C:\Program Files\Microsoft Visual Studio\18\Community\VC\Tools\MSVC\14.50.35717\include\xutility(1512,26):
          ╨▓╤Л╨┐╨╛╨╗╨╜╤П╨╡╤В╤Б╤П ╨║╨╛╨╝╨┐╨╕╨╗╤П╤Ж╨╕╤П ╤Б╤Б╤Л╨╗╨║╨╕ ╨╜╨░ ╤И╨░╨▒╨╗╨╛╨╜ ╨┐╨╡╤А╨╡╨╝╨╡╨╜╨╜╨╛╨╣ "const bool _Unwrappable_for_offset_v<stdext::checked_array_iterator<wchar_t *> &>"
          C:\Program Files\Microsoft Visual Studio\18\Community\VC\Tools\MSVC\14.50.35717\include\xutility(1506,44):
          ╨▓╤Л╨┐╨╛╨╗╨╜╤П╨╡╤В╤Б╤П ╨║╨╛╨╝╨┐╨╕╨╗╤П╤Ж╨╕╤П ╤Б╤Б╤Л╨╗╨║╨╕ ╨╜╨░ ╤И╨░╨▒╨╗╨╛╨╜ ╨┐╨╡╤А╨╡╨╝╨╡╨╜╨╜╨╛╨╣ "const bool _Unwrappable_v<stdext::checked_array_iterator<wchar_t *> &,void>"
          C:\Program Files\Microsoft Visual Studio\18\Community\VC\Tools\MSVC\14.50.35717\include\xutility(1435,5):
          ╨▓╤Л╨┐╨╛╨╗╨╜╤П╨╡╤В╤Б╤П ╨║╨╛╨╝╨┐╨╕╨╗╤П╤Ж╨╕╤П ╤Б╤Б╤Л╨╗╨║╨╕ ╨╜╨░ ╤И╨░╨▒╨╗╨╛╨╜ ╨┐╨╡╤А╨╡╨╝╨╡╨╜╨╜╨╛╨╣ "const bool _Allow_inheriting_unwrap_v<stdext::checked_array_iterator<wchar_t *>,void>"
  
C:\Program Files\Microsoft Visual Studio\18\Community\VC\Tools\MSVC\14.50.35717\include\xutility(1407,22): warning C4996: 'stdext::checked_array_iterator<T *>::_Prevent_inheriting_unwrap': warning STL4043: stdext::checked_array_iterator, stdext::unchecked_array_iterator, and related factory functions are non-Standard extensions and will be removed in the future. std::span (since C++20) and gsl::span can be used instead. You can define _SILENCE_STDEXT_ARR_ITERS_DEPRECATION_WARNING or _SILENCE_ALL_MS_EXT_DEPRECATION_WARNINGS to suppress this warning. [C:\CLOUDPROJECT\CLOUDENGINE\build_test\CloudEngine.vcxproj]
C:\Program Files\Microsoft Visual Studio\18\Community\VC\Tools\MSVC\14.50.35717\include\xutility(1407,22): warning C4996:         with [C:\CLOUDPROJECT\CLOUDENGINE\build_test\CloudEngine.vcxproj]
C:\Program Files\Microsoft Visual Studio\18\Community\VC\Tools\MSVC\14.50.35717\include\xutility(1407,22): warning C4996:         [ [C:\CLOUDPROJECT\CLOUDENGINE\build_test\CloudEngine.vcxproj]
C:\Program Files\Microsoft Visual Studio\18\Community\VC\Tools\MSVC\14.50.35717\include\xutility(1407,22): warning C4996:             T=wchar_t [C:\CLOUDPROJECT\CLOUDENGINE\build_test\CloudEngine.vcxproj]
C:\Program Files\Microsoft Visual Studio\18\Community\VC\Tools\MSVC\14.50.35717\include\xutility(1407,22): warning C4996:         ] [C:\CLOUDPROJECT\CLOUDENGINE\build_test\CloudEngine.vcxproj]
  (╨║╨╛╨╝╨┐╨╕╨╗╤П╤Ж╨╕╤П ╨╕╤Б╤Е╨╛╨┤╨╜╨╛╨│╨╛ ╤Д╨░╨╣╨╗╨░ "../src/ecs/world.cpp")
  
C:\Program Files\Microsoft Visual Studio\18\Community\VC\Tools\MSVC\14.50.35717\include\__msvc_iter_core.hpp(476,40): warning C4996: 'stdext::checked_array_iterator<T *>': warning STL4043: stdext::checked_array_iterator, stdext::unchecked_array_iterator, and related factory functions are non-Standard extensions and will be removed in the future. std::span (since C++20) and gsl::span can be used instead. You can define _SILENCE_STDEXT_ARR_ITERS_DEPRECATION_WARNING or _SILENCE_ALL_MS_EXT_DEPRECATION_WARNINGS to suppress this warning. [C:\CLOUDPROJECT\CLOUDENGINE\build_test\CloudEngine.vcxproj]
C:\Program Files\Microsoft Visual Studio\18\Community\VC\Tools\MSVC\14.50.35717\include\__msvc_iter_core.hpp(476,40): warning C4996:         with [C:\CLOUDPROJECT\CLOUDENGINE\build_test\CloudEngine.vcxproj]
C:\Program Files\Microsoft Visual Studio\18\Community\VC\Tools\MSVC\14.50.35717\include\__msvc_iter_core.hpp(476,40): warning C4996:         [ [C:\CLOUDPROJECT\CLOUDENGINE\build_test\CloudEngine.vcxproj]
C:\Program Files\Microsoft Visual Studio\18\Community\VC\Tools\MSVC\14.50.35717\include\__msvc_iter_core.hpp(476,40): warning C4996:             T=wchar_t [C:\CLOUDPROJECT\CLOUDENGINE\build_test\CloudEngine.vcxproj]
C:\Program Files\Microsoft Visual Studio\18\Community\VC\Tools\MSVC\14.50.35717\include\__msvc_iter_core.hpp(476,40): warning C4996:         ] [C:\CLOUDPROJECT\CLOUDENGINE\build_test\CloudEngine.vcxproj]
  (╨║╨╛╨╝╨┐╨╕╨╗╤П╤Ж╨╕╤П ╨╕╤Б╤Е╨╛╨┤╨╜╨╛╨│╨╛ ╤Д╨░╨╣╨╗╨░ "../src/ecs/world.cpp")
      C:\Program Files\Microsoft Visual Studio\18\Community\VC\Tools\MSVC\14.50.35717\include\iterator(1501,35):
       ╤Б╨╝. ╨╛╨▒╤К╤П╨▓╨╗╨╡╨╜╨╕╨╡ "stdext::checked_array_iterator"
      C:\Program Files\Microsoft Visual Studio\18\Community\VC\Tools\MSVC\14.50.35717\include\__msvc_iter_core.hpp(476,40):
      ╨║╨╛╨╜╤В╨╡╨║╤Б╤В ╤Б╨╛╨╖╨┤╨░╨╜╨╕╤П ╤Н╨║╨╖╨╡╨╝╨┐╨╗╤П╤А╨░ ╤И╨░╨▒╨╗╨╛╨╜╨░ (╤Б╨╜╨░╤З╨░╨╗╨░ ╤Б╨░╨╝╤Л╨╣ ╤Б╤В╨░╤А╤Л╨╣)
          C:\Program Files\Microsoft Visual Studio\18\Community\VC\Tools\MSVC\14.50.35717\include\xutility(1502,93):
          ╨▓╤Л╨┐╨╛╨╗╨╜╤П╨╡╤В╤Б╤П ╨║╨╛╨╝╨┐╨╕╨╗╤П╤Ж╨╕╤П ╤Б╤Б╤Л╨╗╨║╨╕ ╨╜╨░ ╤Н╨║╨╖╨╡╨╝╨┐╨╗╤П╤А ╨┐╤Б╨╡╨▓╨┤╨╛╨╜╨╕╨╝ ╤И╨░╨▒╨╗╨╛╨╜ ╤Д╤Г╨╜╨║╤Ж╨╕╨╕ "std::_Iter_diff_t<_Iter>"
          with
          [
              _Iter=stdext::checked_array_iterator<wchar_t *>
          ]
          C:\Program Files\Microsoft Visual Studio\18\Community\VC\Tools\MSVC\14.50.35717\include\xutility(1311,55):
          ╨▓╤Л╨┐╨╛╨╗╨╜╤П╨╡╤В╤Б╤П ╨║╨╛╨╝╨┐╨╕╨╗╤П╤Ж╨╕╤П ╤Б╤Б╤Л╨╗╨║╨╕ ╨╜╨░ ╤Н╨║╨╖╨╡╨╝╨┐╨╗╤П╤А ╨║╨╗╨░╤Б╤Б ╤И╨░╨▒╨╗╨╛╨╜ ╤Д╤Г╨╜╨║╤Ж╨╕╨╕ "std::iterator_traits<_Iter>"
          with
          [
              _Iter=stdext::checked_array_iterator<wchar_t *>
          ]
          C:\Program Files\Microsoft Visual Studio\18\Community\VC\Tools\MSVC\14.50.35717\include\__msvc_iter_core.hpp(496,26):
          ╨▓╤Л╨┐╨╛╨╗╨╜╤П╨╡╤В╤Б╤П ╨║╨╛╨╝╨┐╨╕╨╗╤П╤Ж╨╕╤П ╤Б╤Б╤Л╨╗╨║╨╕ ╨╜╨░ ╤Н╨║╨╖╨╡╨╝╨┐╨╗╤П╤А ╨║╨╗╨░╤Б╤Б ╤И╨░╨▒╨╗╨╛╨╜ ╤Д╤Г╨╜╨║╤Ж╨╕╨╕ "std::_Iterator_traits_base<_Iter,void>"
          with
          [
              _Iter=stdext::checked_array_iterator<wchar_t *>
          ]
  
C:\Program Files\Microsoft Visual Studio\18\Community\VC\Tools\MSVC\14.50.35717\include\__msvc_iter_core.hpp(476,31): warning C4996: 'stdext::checked_array_iterator<T *>::iterator_category': warning STL4043: stdext::checked_array_iterator, stdext::unchecked_array_iterator, and related factory functions are non-Standard extensions and will be removed in the future. std::span (since C++20) and gsl::span can be used instead. You can define _SILENCE_STDEXT_ARR_ITERS_DEPRECATION_WARNING or _SILENCE_ALL_MS_EXT_DEPRECATION_WARNINGS to suppress this warning. [C:\CLOUDPROJECT\CLOUDENGINE\build_test\CloudEngine.vcxproj]
C:\Program Files\Microsoft Visual Studio\18\Community\VC\Tools\MSVC\14.50.35717\include\__msvc_iter_core.hpp(476,31): warning C4996:         with [C:\CLOUDPROJECT\CLOUDENGINE\build_test\CloudEngine.vcxproj]
C:\Program Files\Microsoft Visual Studio\18\Community\VC\Tools\MSVC\14.50.35717\include\__msvc_iter_core.hpp(476,31): warning C4996:         [ [C:\CLOUDPROJECT\CLOUDENGINE\build_test\CloudEngine.vcxproj]
C:\Program Files\Microsoft Visual Studio\18\Community\VC\Tools\MSVC\14.50.35717\include\__msvc_iter_core.hpp(476,31): warning C4996:             T=wchar_t [C:\CLOUDPROJECT\CLOUDENGINE\build_test\CloudEngine.vcxproj]
C:\Program Files\Microsoft Visual Studio\18\Community\VC\Tools\MSVC\14.50.35717\include\__msvc_iter_core.hpp(476,31): warning C4996:         ] [C:\CLOUDPROJECT\CLOUDENGINE\build_test\CloudEngine.vcxproj]
  (╨║╨╛╨╝╨┐╨╕╨╗╤П╤Ж╨╕╤П ╨╕╤Б╤Е╨╛╨┤╨╜╨╛╨│╨╛ ╤Д╨░╨╣╨╗╨░ "../src/ecs/world.cpp")
  
C:\Program Files\Microsoft Visual Studio\18\Community\VC\Tools\MSVC\14.50.35717\include\__msvc_iter_core.hpp(477,40): warning C4996: 'stdext::checked_array_iterator<T *>': warning STL4043: stdext::checked_array_iterator, stdext::unchecked_array_iterator, and related factory functions are non-Standard extensions and will be removed in the future. std::span (since C++20) and gsl::span can be used instead. You can define _SILENCE_STDEXT_ARR_ITERS_DEPRECATION_WARNING or _SILENCE_ALL_MS_EXT_DEPRECATION_WARNINGS to suppress this warning. [C:\CLOUDPROJECT\CLOUDENGINE\build_test\CloudEngine.vcxproj]
C:\Program Files\Microsoft Visual Studio\18\Community\VC\Tools\MSVC\14.50.35717\include\__msvc_iter_core.hpp(477,40): warning C4996:         with [C:\CLOUDPROJECT\CLOUDENGINE\build_test\CloudEngine.vcxproj]
C:\Program Files\Microsoft Visual Studio\18\Community\VC\Tools\MSVC\14.50.35717\include\__msvc_iter_core.hpp(477,40): warning C4996:         [ [C:\CLOUDPROJECT\CLOUDENGINE\build_test\CloudEngine.vcxproj]
C:\Program Files\Microsoft Visual Studio\18\Community\VC\Tools\MSVC\14.50.35717\include\__msvc_iter_core.hpp(477,40): warning C4996:             T=wchar_t [C:\CLOUDPROJECT\CLOUDENGINE\build_test\CloudEngine.vcxproj]
C:\Program Files\Microsoft Visual Studio\18\Community\VC\Tools\MSVC\14.50.35717\include\__msvc_iter_core.hpp(477,40): warning C4996:         ] [C:\CLOUDPROJECT\CLOUDENGINE\build_test\CloudEngine.vcxproj]
  (╨║╨╛╨╝╨┐╨╕╨╗╤П╤Ж╨╕╤П ╨╕╤Б╤Е╨╛╨┤╨╜╨╛╨│╨╛ ╤Д╨░╨╣╨╗╨░ "../src/ecs/world.cpp")
      C:\Program Files\Microsoft Visual Studio\18\Community\VC\Tools\MSVC\14.50.35717\include\iterator(1501,35):
       ╤Б╨╝. ╨╛╨▒╤К╤П╨▓╨╗╨╡╨╜╨╕╨╡ "stdext::checked_array_iterator"
  
C:\Program Files\Microsoft Visual Studio\18\Community\VC\Tools\MSVC\14.50.35717\include\__msvc_iter_core.hpp(477,31): warning C4996: 'stdext::checked_array_iterator<T *>::value_type': warning STL4043: stdext::checked_array_iterator, stdext::unchecked_array_iterator, and related factory functions are non-Standard extensions and will be removed in the future. std::span (since C++20) and gsl::span can be used instead. You can define _SILENCE_STDEXT_ARR_ITERS_DEPRECATION_WARNING or _SILENCE_ALL_MS_EXT_DEPRECATION_WARNINGS to suppress this warning. [C:\CLOUDPROJECT\CLOUDENGINE\build_test\CloudEngine.vcxproj]
C:\Program Files\Microsoft Visual Studio\18\Community\VC\Tools\MSVC\14.50.35717\include\__msvc_iter_core.hpp(477,31): warning C4996:         with [C:\CLOUDPROJECT\CLOUDENGINE\build_test\CloudEngine.vcxproj]
C:\Program Files\Microsoft Visual Studio\18\Community\VC\Tools\MSVC\14.50.35717\include\__msvc_iter_core.hpp(477,31): warning C4996:         [ [C:\CLOUDPROJECT\CLOUDENGINE\build_test\CloudEngine.vcxproj]
C:\Program Files\Microsoft Visual Studio\18\Community\VC\Tools\MSVC\14.50.35717\include\__msvc_iter_core.hpp(477,31): warning C4996:             T=wchar_t [C:\CLOUDPROJECT\CLOUDENGINE\build_test\CloudEngine.vcxproj]
C:\Program Files\Microsoft Visual Studio\18\Community\VC\Tools\MSVC\14.50.35717\include\__msvc_iter_core.hpp(477,31): warning C4996:         ] [C:\CLOUDPROJECT\CLOUDENGINE\build_test\CloudEngine.vcxproj]
  (╨║╨╛╨╝╨┐╨╕╨╗╤П╤Ж╨╕╤П ╨╕╤Б╤Е╨╛╨┤╨╜╨╛╨│╨╛ ╤Д╨░╨╣╨╗╨░ "../src/ecs/world.cpp")
  
C:\Program Files\Microsoft Visual Studio\18\Community\VC\Tools\MSVC\14.50.35717\include\__msvc_iter_core.hpp(478,40): warning C4996: 'stdext::checked_array_iterator<T *>': warning STL4043: stdext::checked_array_iterator, stdext::unchecked_array_iterator, and related factory functions are non-Standard extensions and will be removed in the future. std::span (since C++20) and gsl::span can be used instead. You can define _SILENCE_STDEXT_ARR_ITERS_DEPRECATION_WARNING or _SILENCE_ALL_MS_EXT_DEPRECATION_WARNINGS to suppress this warning. [C:\CLOUDPROJECT\CLOUDENGINE\build_test\CloudEngine.vcxproj]
C:\Program Files\Microsoft Visual Studio\18\Community\VC\Tools\MSVC\14.50.35717\include\__msvc_iter_core.hpp(478,40): warning C4996:         with [C:\CLOUDPROJECT\CLOUDENGINE\build_test\CloudEngine.vcxproj]
C:\Program Files\Microsoft Visual Studio\18\Community\VC\Tools\MSVC\14.50.35717\include\__msvc_iter_core.hpp(478,40): warning C4996:         [ [C:\CLOUDPROJECT\CLOUDENGINE\build_test\CloudEngine.vcxproj]
C:\Program Files\Microsoft Visual Studio\18\Community\VC\Tools\MSVC\14.50.35717\include\__msvc_iter_core.hpp(478,40): warning C4996:             T=wchar_t [C:\CLOUDPROJECT\CLOUDENGINE\build_test\CloudEngine.vcxproj]
C:\Program Files\Microsoft Visual Studio\18\Community\VC\Tools\MSVC\14.50.35717\include\__msvc_iter_core.hpp(478,40): warning C4996:         ] [C:\CLOUDPROJECT\CLOUDENGINE\build_test\CloudEngine.vcxproj]
  (╨║╨╛╨╝╨┐╨╕╨╗╤П╤Ж╨╕╤П ╨╕╤Б╤Е╨╛╨┤╨╜╨╛╨│╨╛ ╤Д╨░╨╣╨╗╨░ "../src/ecs/world.cpp")
      C:\Program Files\Microsoft Visual Studio\18\Community\VC\Tools\MSVC\14.50.35717\include\iterator(1501,35):
       ╤Б╨╝. ╨╛╨▒╤К╤П╨▓╨╗╨╡╨╜╨╕╨╡ "stdext::checked_array_iterator"
  
C:\Program Files\Microsoft Visual Studio\18\Community\VC\Tools\MSVC\14.50.35717\include\__msvc_iter_core.hpp(478,31): warning C4996: 'stdext::checked_array_iterator<T *>::difference_type': warning STL4043: stdext::checked_array_iterator, stdext::unchecked_array_iterator, and related factory functions are non-Standard extensions and will be removed in the future. std::span (since C++20) and gsl::span can be used instead. You can define _SILENCE_STDEXT_ARR_ITERS_DEPRECATION_WARNING or _SILENCE_ALL_MS_EXT_DEPRECATION_WARNINGS to suppress this warning. [C:\CLOUDPROJECT\CLOUDENGINE\build_test\CloudEngine.vcxproj]
C:\Program Files\Microsoft Visual Studio\18\Community\VC\Tools\MSVC\14.50.35717\include\__msvc_iter_core.hpp(478,31): warning C4996:         with [C:\CLOUDPROJECT\CLOUDENGINE\build_test\CloudEngine.vcxproj]
C:\Program Files\Microsoft Visual Studio\18\Community\VC\Tools\MSVC\14.50.35717\include\__msvc_iter_core.hpp(478,31): warning C4996:         [ [C:\CLOUDPROJECT\CLOUDENGINE\build_test\CloudEngine.vcxproj]
C:\Program Files\Microsoft Visual Studio\18\Community\VC\Tools\MSVC\14.50.35717\include\__msvc_iter_core.hpp(478,31): warning C4996:             T=wchar_t [C:\CLOUDPROJECT\CLOUDENGINE\build_test\CloudEngine.vcxproj]
C:\Program Files\Microsoft Visual Studio\18\Community\VC\Tools\MSVC\14.50.35717\include\__msvc_iter_core.hpp(478,31): warning C4996:         ] [C:\CLOUDPROJECT\CLOUDENGINE\build_test\CloudEngine.vcxproj]
  (╨║╨╛╨╝╨┐╨╕╨╗╤П╤Ж╨╕╤П ╨╕╤Б╤Е╨╛╨┤╨╜╨╛╨│╨╛ ╤Д╨░╨╣╨╗╨░ "../src/ecs/world.cpp")
  
C:\Program Files\Microsoft Visual Studio\18\Community\VC\Tools\MSVC\14.50.35717\include\__msvc_iter_core.hpp(479,40): warning C4996: 'stdext::checked_array_iterator<T *>': warning STL4043: stdext::checked_array_iterator, stdext::unchecked_array_iterator, and related factory functions are non-Standard extensions and will be removed in the future. std::span (since C++20) and gsl::span can be used instead. You can define _SILENCE_STDEXT_ARR_ITERS_DEPRECATION_WARNING or _SILENCE_ALL_MS_EXT_DEPRECATION_WARNINGS to suppress this warning. [C:\CLOUDPROJECT\CLOUDENGINE\build_test\CloudEngine.vcxproj]
C:\Program Files\Microsoft Visual Studio\18\Community\VC\Tools\MSVC\14.50.35717\include\__msvc_iter_core.hpp(479,40): warning C4996:         with [C:\CLOUDPROJECT\CLOUDENGINE\build_test\CloudEngine.vcxproj]
C:\Program Files\Microsoft Visual Studio\18\Community\VC\Tools\MSVC\14.50.35717\include\__msvc_iter_core.hpp(479,40): warning C4996:         [ [C:\CLOUDPROJECT\CLOUDENGINE\build_test\CloudEngine.vcxproj]
C:\Program Files\Microsoft Visual Studio\18\Community\VC\Tools\MSVC\14.50.35717\include\__msvc_iter_core.hpp(479,40): warning C4996:             T=wchar_t [C:\CLOUDPROJECT\CLOUDENGINE\build_test\CloudEngine.vcxproj]
C:\Program Files\Microsoft Visual Studio\18\Community\VC\Tools\MSVC\14.50.35717\include\__msvc_iter_core.hpp(479,40): warning C4996:         ] [C:\CLOUDPROJECT\CLOUDENGINE\build_test\CloudEngine.vcxproj]
  (╨║╨╛╨╝╨┐╨╕╨╗╤П╤Ж╨╕╤П ╨╕╤Б╤Е╨╛╨┤╨╜╨╛╨│╨╛ ╤Д╨░╨╣╨╗╨░ "../src/ecs/world.cpp")
      C:\Program Files\Microsoft Visual Studio\18\Community\VC\Tools\MSVC\14.50.35717\include\iterator(1501,35):
       ╤Б╨╝. ╨╛╨▒╤К╤П╨▓╨╗╨╡╨╜╨╕╨╡ "stdext::checked_array_iterator"
  
C:\Program Files\Microsoft Visual Studio\18\Community\VC\Tools\MSVC\14.50.35717\include\__msvc_iter_core.hpp(479,31): warning C4996: 'stdext::checked_array_iterator<T *>::pointer': warning STL4043: stdext::checked_array_iterator, stdext::unchecked_array_iterator, and related factory functions are non-Standard extensions and will be removed in the future. std::span (since C++20) and gsl::span can be used instead. You can define _SILENCE_STDEXT_ARR_ITERS_DEPRECATION_WARNING or _SILENCE_ALL_MS_EXT_DEPRECATION_WARNINGS to suppress this warning. [C:\CLOUDPROJECT\CLOUDENGINE\build_test\CloudEngine.vcxproj]
C:\Program Files\Microsoft Visual Studio\18\Community\VC\Tools\MSVC\14.50.35717\include\__msvc_iter_core.hpp(479,31): warning C4996:         with [C:\CLOUDPROJECT\CLOUDENGINE\build_test\CloudEngine.vcxproj]
C:\Program Files\Microsoft Visual Studio\18\Community\VC\Tools\MSVC\14.50.35717\include\__msvc_iter_core.hpp(479,31): warning C4996:         [ [C:\CLOUDPROJECT\CLOUDENGINE\build_test\CloudEngine.vcxproj]
C:\Program Files\Microsoft Visual Studio\18\Community\VC\Tools\MSVC\14.50.35717\include\__msvc_iter_core.hpp(479,31): warning C4996:             T=wchar_t [C:\CLOUDPROJECT\CLOUDENGINE\build_test\CloudEngine.vcxproj]
C:\Program Files\Microsoft Visual Studio\18\Community\VC\Tools\MSVC\14.50.35717\include\__msvc_iter_core.hpp(479,31): warning C4996:         ] [C:\CLOUDPROJECT\CLOUDENGINE\build_test\CloudEngine.vcxproj]
  (╨║╨╛╨╝╨┐╨╕╨╗╤П╤Ж╨╕╤П ╨╕╤Б╤Е╨╛╨┤╨╜╨╛╨│╨╛ ╤Д╨░╨╣╨╗╨░ "../src/ecs/world.cpp")
  
C:\Program Files\Microsoft Visual Studio\18\Community\VC\Tools\MSVC\14.50.35717\include\__msvc_iter_core.hpp(480,40): warning C4996: 'stdext::checked_array_iterator<T *>': warning STL4043: stdext::checked_array_iterator, stdext::unchecked_array_iterator, and related factory functions are non-Standard extensions and will be removed in the future. std::span (since C++20) and gsl::span can be used instead. You can define _SILENCE_STDEXT_ARR_ITERS_DEPRECATION_WARNING or _SILENCE_ALL_MS_EXT_DEPRECATION_WARNINGS to suppress this warning. [C:\CLOUDPROJECT\CLOUDENGINE\build_test\CloudEngine.vcxproj]
C:\Program Files\Microsoft Visual Studio\18\Community\VC\Tools\MSVC\14.50.35717\include\__msvc_iter_core.hpp(480,40): warning C4996:         with [C:\CLOUDPROJECT\CLOUDENGINE\build_test\CloudEngine.vcxproj]
C:\Program Files\Microsoft Visual Studio\18\Community\VC\Tools\MSVC\14.50.35717\include\__msvc_iter_core.hpp(480,40): warning C4996:         [ [C:\CLOUDPROJECT\CLOUDENGINE\build_test\CloudEngine.vcxproj]
C:\Program Files\Microsoft Visual Studio\18\Community\VC\Tools\MSVC\14.50.35717\include\__msvc_iter_core.hpp(480,40): warning C4996:             T=wchar_t [C:\CLOUDPROJECT\CLOUDENGINE\build_test\CloudEngine.vcxproj]
C:\Program Files\Microsoft Visual Studio\18\Community\VC\Tools\MSVC\14.50.35717\include\__msvc_iter_core.hpp(480,40): warning C4996:         ] [C:\CLOUDPROJECT\CLOUDENGINE\build_test\CloudEngine.vcxproj]
  (╨║╨╛╨╝╨┐╨╕╨╗╤П╤Ж╨╕╤П ╨╕╤Б╤Е╨╛╨┤╨╜╨╛╨│╨╛ ╤Д╨░╨╣╨╗╨░ "../src/ecs/world.cpp")
      C:\Program Files\Microsoft Visual Studio\18\Community\VC\Tools\MSVC\14.50.35717\include\iterator(1501,35):
       ╤Б╨╝. ╨╛╨▒╤К╤П╨▓╨╗╨╡╨╜╨╕╨╡ "stdext::checked_array_iterator"
  
C:\Program Files\Microsoft Visual Studio\18\Community\VC\Tools\MSVC\14.50.35717\include\__msvc_iter_core.hpp(480,31): warning C4996: 'stdext::checked_array_iterator<T *>::reference': warning STL4043: stdext::checked_array_iterator, stdext::unchecked_array_iterator, and related factory functions are non-Standard extensions and will be removed in the future. std::span (since C++20) and gsl::span can be used instead. You can define _SILENCE_STDEXT_ARR_ITERS_DEPRECATION_WARNING or _SILENCE_ALL_MS_EXT_DEPRECATION_WARNINGS to suppress this warning. [C:\CLOUDPROJECT\CLOUDENGINE\build_test\CloudEngine.vcxproj]
C:\Program Files\Microsoft Visual Studio\18\Community\VC\Tools\MSVC\14.50.35717\include\__msvc_iter_core.hpp(480,31): warning C4996:         with [C:\CLOUDPROJECT\CLOUDENGINE\build_test\CloudEngine.vcxproj]
C:\Program Files\Microsoft Visual Studio\18\Community\VC\Tools\MSVC\14.50.35717\include\__msvc_iter_core.hpp(480,31): warning C4996:         [ [C:\CLOUDPROJECT\CLOUDENGINE\build_test\CloudEngine.vcxproj]
C:\Program Files\Microsoft Visual Studio\18\Community\VC\Tools\MSVC\14.50.35717\include\__msvc_iter_core.hpp(480,31): warning C4996:             T=wchar_t [C:\CLOUDPROJECT\CLOUDENGINE\build_test\CloudEngine.vcxproj]
C:\Program Files\Microsoft Visual Studio\18\Community\VC\Tools\MSVC\14.50.35717\include\__msvc_iter_core.hpp(480,31): warning C4996:         ] [C:\CLOUDPROJECT\CLOUDENGINE\build_test\CloudEngine.vcxproj]
  (╨║╨╛╨╝╨┐╨╕╨╗╤П╤Ж╨╕╤П ╨╕╤Б╤Е╨╛╨┤╨╜╨╛╨│╨╛ ╤Д╨░╨╣╨╗╨░ "../src/ecs/world.cpp")
  
C:\Program Files\Microsoft Visual Studio\18\Community\VC\Tools\MSVC\14.50.35717\include\xutility(1523,13): warning C4996: 'stdext::checked_array_iterator<T *>::_Verify_offset': warning STL4043: stdext::checked_array_iterator, stdext::unchecked_array_iterator, and related factory functions are non-Standard extensions and will be removed in the future. std::span (since C++20) and gsl::span can be used instead. You can define _SILENCE_STDEXT_ARR_ITERS_DEPRECATION_WARNING or _SILENCE_ALL_MS_EXT_DEPRECATION_WARNINGS to suppress this warning. [C:\CLOUDPROJECT\CLOUDENGINE\build_test\CloudEngine.vcxproj]
C:\Program Files\Microsoft Visual Studio\18\Community\VC\Tools\MSVC\14.50.35717\include\xutility(1523,13): warning C4996:         with [C:\CLOUDPROJECT\CLOUDENGINE\build_test\CloudEngine.vcxproj]
C:\Program Files\Microsoft Visual Studio\18\Community\VC\Tools\MSVC\14.50.35717\include\xutility(1523,13): warning C4996:         [ [C:\CLOUDPROJECT\CLOUDENGINE\build_test\CloudEngine.vcxproj]
C:\Program Files\Microsoft Visual Studio\18\Community\VC\Tools\MSVC\14.50.35717\include\xutility(1523,13): warning C4996:             T=wchar_t [C:\CLOUDPROJECT\CLOUDENGINE\build_test\CloudEngine.vcxproj]
C:\Program Files\Microsoft Visual Studio\18\Community\VC\Tools\MSVC\14.50.35717\include\xutility(1523,13): warning C4996:         ] [C:\CLOUDPROJECT\CLOUDENGINE\build_test\CloudEngine.vcxproj]
  (╨║╨╛╨╝╨┐╨╕╨╗╤П╤Ж╨╕╤П ╨╕╤Б╤Е╨╛╨┤╨╜╨╛╨│╨╛ ╤Д╨░╨╣╨╗╨░ "../src/ecs/world.cpp")
  
C:\Program Files\Microsoft Visual Studio\18\Community\VC\Tools\MSVC\14.50.35717\include\xutility(1524,42): warning C4996: 'stdext::checked_array_iterator<T *>::_Unwrapped': warning STL4043: stdext::checked_array_iterator, stdext::unchecked_array_iterator, and related factory functions are non-Standard extensions and will be removed in the future. std::span (since C++20) and gsl::span can be used instead. You can define _SILENCE_STDEXT_ARR_ITERS_DEPRECATION_WARNING or _SILENCE_ALL_MS_EXT_DEPRECATION_WARNINGS to suppress this warning. [C:\CLOUDPROJECT\CLOUDENGINE\build_test\CloudEngine.vcxproj]
C:\Program Files\Microsoft Visual Studio\18\Community\VC\Tools\MSVC\14.50.35717\include\xutility(1524,42): warning C4996:         with [C:\CLOUDPROJECT\CLOUDENGINE\build_test\CloudEngine.vcxproj]
C:\Program Files\Microsoft Visual Studio\18\Community\VC\Tools\MSVC\14.50.35717\include\xutility(1524,42): warning C4996:         [ [C:\CLOUDPROJECT\CLOUDENGINE\build_test\CloudEngine.vcxproj]
C:\Program Files\Microsoft Visual Studio\18\Community\VC\Tools\MSVC\14.50.35717\include\xutility(1524,42): warning C4996:             T=wchar_t [C:\CLOUDPROJECT\CLOUDENGINE\build_test\CloudEngine.vcxproj]
C:\Program Files\Microsoft Visual Studio\18\Community\VC\Tools\MSVC\14.50.35717\include\xutility(1524,42): warning C4996:         ] [C:\CLOUDPROJECT\CLOUDENGINE\build_test\CloudEngine.vcxproj]
  (╨║╨╛╨╝╨┐╨╕╨╗╤П╤Ж╨╕╤П ╨╕╤Б╤Е╨╛╨┤╨╜╨╛╨│╨╛ ╤Д╨░╨╣╨╗╨░ "../src/ecs/world.cpp")
  
C:\Program Files\Microsoft Visual Studio\18\Community\VC\Tools\MSVC\14.50.35717\include\xutility(1545,13): warning C4996: 'stdext::checked_array_iterator<T *>::_Seek_to': warning STL4043: stdext::checked_array_iterator, stdext::unchecked_array_iterator, and related factory functions are non-Standard extensions and will be removed in the future. std::span (since C++20) and gsl::span can be used instead. You can define _SILENCE_STDEXT_ARR_ITERS_DEPRECATION_WARNING or _SILENCE_ALL_MS_EXT_DEPRECATION_WARNINGS to suppress this warning. [C:\CLOUDPROJECT\CLOUDENGINE\build_test\CloudEngine.vcxproj]
C:\Program Files\Microsoft Visual Studio\18\Community\VC\Tools\MSVC\14.50.35717\include\xutility(1545,13): warning C4996:         with [C:\CLOUDPROJECT\CLOUDENGINE\build_test\CloudEngine.vcxproj]
C:\Program Files\Microsoft Visual Studio\18\Community\VC\Tools\MSVC\14.50.35717\include\xutility(1545,13): warning C4996:         [ [C:\CLOUDPROJECT\CLOUDENGINE\build_test\CloudEngine.vcxproj]
C:\Program Files\Microsoft Visual Studio\18\Community\VC\Tools\MSVC\14.50.35717\include\xutility(1545,13): warning C4996:             T=char [C:\CLOUDPROJECT\CLOUDENGINE\build_test\CloudEngine.vcxproj]
C:\Program Files\Microsoft Visual Studio\18\Community\VC\Tools\MSVC\14.50.35717\include\xutility(1545,13): warning C4996:         ] [C:\CLOUDPROJECT\CLOUDENGINE\build_test\CloudEngine.vcxproj]
  (╨║╨╛╨╝╨┐╨╕╨╗╤П╤Ж╨╕╤П ╨╕╤Б╤Е╨╛╨┤╨╜╨╛╨│╨╛ ╤Д╨░╨╣╨╗╨░ "../src/ecs/world.cpp")
      C:\Program Files\Microsoft Visual Studio\18\Community\VC\Tools\MSVC\14.50.35717\include\xutility(1545,13):
      ╨║╨╛╨╜╤В╨╡╨║╤Б╤В ╤Б╨╛╨╖╨┤╨░╨╜╨╕╤П ╤Н╨║╨╖╨╡╨╝╨┐╨╗╤П╤А╨░ ╤И╨░╨▒╨╗╨╛╨╜╨░ (╤Б╨╜╨░╤З╨░╨╗╨░ ╤Б╨░╨╝╤Л╨╣ ╤Б╤В╨░╤А╤Л╨╣)
          C:\CLOUDPROJECT\CLOUDENGINE\libs\spdlog\include\spdlog\fmt\bundled\format.h(778,10):
          ╨▓╤Л╨┐╨╛╨╗╨╜╤П╨╡╤В╤Б╤П ╨║╨╛╨╝╨┐╨╕╨╗╤П╤Ж╨╕╤П ╤Б╤Б╤Л╨╗╨║╨╕ ╨╜╨░ ╤Н╨║╨╖╨╡╨╝╨┐╨╗╤П╤А ╤И╨░╨▒╨╗╨╛╨╜ ╤Д╤Г╨╜╨║╤Ж╨╕╨╕ "_NoThrowFwdIt std::uninitialized_copy_n<const U*,unsigned __int64,stdext::checked_array_iterator<T *>>(const _InIt,const _Diff,_NoThrowFwdIt)"
          with
          [
              _NoThrowFwdIt=stdext::checked_array_iterator<char *>,
              U=char,
              T=char,
              _InIt=const char *,
              _Diff=unsigned __int64
          ]
          C:\Program Files\Microsoft Visual Studio\18\Community\VC\Tools\MSVC\14.50.35717\include\memory(157,10):
          ╨▓╤Л╨┐╨╛╨╗╨╜╤П╨╡╤В╤Б╤П ╨║╨╛╨╝╨┐╨╕╨╗╤П╤Ж╨╕╤П ╤Б╤Б╤Л╨╗╨║╨╕ ╨╜╨░ ╤Н╨║╨╖╨╡╨╝╨┐╨╗╤П╤А ╤И╨░╨▒╨╗╨╛╨╜ ╤Д╤Г╨╜╨║╤Ж╨╕╨╕ "void std::_Seek_wrapped<_NoThrowFwdIt,_Ptr&>(_Iter &,_UIter)"
          with
          [
              _NoThrowFwdIt=stdext::checked_array_iterator<char *>,
              _Ptr=char *,
              _Iter=stdext::checked_array_iterator<char *>,
              _UIter=char *&
          ]
  
C:\Program Files\Microsoft Visual Studio\18\Community\VC\Tools\MSVC\14.50.35717\include\xutility(1407,31): warning C4996: 'stdext::checked_array_iterator<T *>': warning STL4043: stdext::checked_array_iterator, stdext::unchecked_array_iterator, and related factory functions are non-Standard extensions and will be removed in the future. std::span (since C++20) and gsl::span can be used instead. You can define _SILENCE_STDEXT_ARR_ITERS_DEPRECATION_WARNING or _SILENCE_ALL_MS_EXT_DEPRECATION_WARNINGS to suppress this warning. [C:\CLOUDPROJECT\CLOUDENGINE\build_test\CloudEngine.vcxproj]
C:\Program Files\Microsoft Visual Studio\18\Community\VC\Tools\MSVC\14.50.35717\include\xutility(1407,31): warning C4996:         with [C:\CLOUDPROJECT\CLOUDENGINE\build_test\CloudEngine.vcxproj]
C:\Program Files\Microsoft Visual Studio\18\Community\VC\Tools\MSVC\14.50.35717\include\xutility(1407,31): warning C4996:         [ [C:\CLOUDPROJECT\CLOUDENGINE\build_test\CloudEngine.vcxproj]
C:\Program Files\Microsoft Visual Studio\18\Community\VC\Tools\MSVC\14.50.35717\include\xutility(1407,31): warning C4996:             T=int [C:\CLOUDPROJECT\CLOUDENGINE\build_test\CloudEngine.vcxproj]
C:\Program Files\Microsoft Visual Studio\18\Community\VC\Tools\MSVC\14.50.35717\include\xutility(1407,31): warning C4996:         ] [C:\CLOUDPROJECT\CLOUDENGINE\build_test\CloudEngine.vcxproj]
  (╨║╨╛╨╝╨┐╨╕╨╗╤П╤Ж╨╕╤П ╨╕╤Б╤Е╨╛╨┤╨╜╨╛╨│╨╛ ╤Д╨░╨╣╨╗╨░ "../src/ecs/world.cpp")
      C:\Program Files\Microsoft Visual Studio\18\Community\VC\Tools\MSVC\14.50.35717\include\iterator(1501,35):
       ╤Б╨╝. ╨╛╨▒╤К╤П╨▓╨╗╨╡╨╜╨╕╨╡ "stdext::checked_array_iterator"
      C:\Program Files\Microsoft Visual Studio\18\Community\VC\Tools\MSVC\14.50.35717\include\xutility(1407,31):
      ╨║╨╛╨╜╤В╨╡╨║╤Б╤В ╤Б╨╛╨╖╨┤╨░╨╜╨╕╤П ╤Н╨║╨╖╨╡╨╝╨┐╨╗╤П╤А╨░ ╤И╨░╨▒╨╗╨╛╨╜╨░ (╤Б╨╜╨░╤З╨░╨╗╨░ ╤Б╨░╨╝╤Л╨╣ ╤Б╤В╨░╤А╤Л╨╣)
          C:\CLOUDPROJECT\CLOUDENGINE\libs\spdlog\include\spdlog\fmt\bundled\format-inl.h(1472,11):
          ╨▓╤Л╨┐╨╛╨╗╨╜╤П╨╡╤В╤Б╤П ╨║╨╛╨╝╨┐╨╕╨╗╤П╤Ж╨╕╤П ╤Б╤Б╤Л╨╗╨║╨╕ ╨╜╨░ ╤Н╨║╨╖╨╡╨╝╨┐╨╗╤П╤А ╤И╨░╨▒╨╗╨╛╨╜ ╤Д╤Г╨╜╨║╤Ж╨╕╨╕ "void fmt::v9::detail::vformat_to<char>(fmt::v9::detail::buffer<char> &,fmt::v9::basic_string_view<char>,fmt::v9::basic_format_args<fmt::v9::format_context>,fmt::v9::detail::locale_ref)"
          C:\CLOUDPROJECT\CLOUDENGINE\libs\spdlog\include\spdlog\fmt\bundled\format.h(4078,5):
          ╨▓╤Л╨┐╨╛╨╗╨╜╤П╨╡╤В╤Б╤П ╨║╨╛╨╝╨┐╨╕╨╗╤П╤Ж╨╕╤П ╤Б╤Б╤Л╨╗╨║╨╕ ╨╜╨░ ╤Н╨║╨╖╨╡╨╝╨┐╨╗╤П╤А ╤И╨░╨▒╨╗╨╛╨╜ ╤Д╤Г╨╜╨║╤Ж╨╕╨╕ "fmt::v9::appender fmt::v9::visit_format_arg<fmt::v9::detail::default_arg_formatter<Char>,Context>(Visitor &&,const fmt::v9::basic_format_arg<Context> &)"
          with
          [
              Char=char,
              Context=fmt::v9::format_context,
              Visitor=fmt::v9::detail::default_arg_formatter<char>
          ]
          C:\CLOUDPROJECT\CLOUDENGINE\libs\spdlog\include\spdlog\fmt\bundled\core.h(1645,12):
          ╨▓╤Л╨┐╨╛╨╗╨╜╤П╨╡╤В╤Б╤П ╨║╨╛╨╝╨┐╨╕╨╗╤П╤Ж╨╕╤П ╤Б╤Б╤Л╨╗╨║╨╕ ╨╜╨░ ╤Н╨║╨╖╨╡╨╝╨┐╨╗╤П╤А ╤И╨░╨▒╨╗╨╛╨╜ ╤Д╤Г╨╜╨║╤Ж╨╕╨╕ "fmt::v9::appender fmt::v9::detail::default_arg_formatter<Char>::operator ()<float>(T)"
          with
          [
              Char=char,
              T=float
          ]
          C:\CLOUDPROJECT\CLOUDENGINE\libs\spdlog\include\spdlog\fmt\bundled\format.h(3374,12):
          ╨▓╤Л╨┐╨╛╨╗╨╜╤П╨╡╤В╤Б╤П ╨║╨╛╨╝╨┐╨╕╨╗╤П╤Ж╨╕╤П ╤Б╤Б╤Л╨╗╨║╨╕ ╨╜╨░ ╤Н╨║╨╖╨╡╨╝╨┐╨╗╤П╤А ╤И╨░╨▒╨╗╨╛╨╜ ╤Д╤Г╨╜╨║╤Ж╨╕╨╕ "OutputIt fmt::v9::detail::write<Char,fmt::v9::appender,T,0>(OutputIt,T)"
          with
          [
              OutputIt=fmt::v9::appender,
              Char=char,
              T=float
          ]
          C:\CLOUDPROJECT\CLOUDENGINE\libs\spdlog\include\spdlog\fmt\bundled\format.h(3257,10):
          ╨▓╤Л╨┐╨╛╨╗╨╜╤П╨╡╤В╤Б╤П ╨║╨╛╨╝╨┐╨╕╨╗╤П╤Ж╨╕╤П ╤Б╤Б╤Л╨╗╨║╨╕ ╨╜╨░ ╤Н╨║╨╖╨╡╨╝╨┐╨╗╤П╤А ╤И╨░╨▒╨╗╨╛╨╜ ╤Д╤Г╨╜╨║╤Ж╨╕╨╕ "OutputIt fmt::v9::detail::write_float<OutputIt,fmt::v9::detail::dragonbox::decimal_fp<fmt::v9::detail::write::floaty>,char>(OutputIt,const DecimalFP &,const fmt::v9::basic_format_specs<char> &,fmt::v9::detail::float_specs,fmt::v9::detail::locale_ref)"
          with
          [
              OutputIt=fmt::v9::appender,
              DecimalFP=fmt::v9::detail::dragonbox::decimal_fp<fmt::v9::detail::write::floaty>
          ]
          C:\CLOUDPROJECT\CLOUDENGINE\libs\spdlog\include\spdlog\fmt\bundled\format.h(2489,12):
          ╨▓╤Л╨┐╨╛╨╗╨╜╤П╨╡╤В╤Б╤П ╨║╨╛╨╝╨┐╨╕╨╗╤П╤Ж╨╕╤П ╤Б╤Б╤Л╨╗╨║╨╕ ╨╜╨░ ╤Н╨║╨╖╨╡╨╝╨┐╨╗╤П╤А ╤И╨░╨▒╨╗╨╛╨╜ ╤Д╤Г╨╜╨║╤Ж╨╕╨╕ "OutputIt fmt::v9::detail::do_write_float<OutputIt,DecimalFP,char,fmt::v9::detail::digit_grouping<Char>>(OutputIt,const DecimalFP &,const fmt::v9::basic_format_specs<Char> &,fmt::v9::detail::float_specs,fmt::v9::detail::locale_ref)"
          with
          [
              OutputIt=fmt::v9::appender,
              DecimalFP=fmt::v9::detail::dragonbox::decimal_fp<fmt::v9::detail::write::floaty>,
              Char=char
          ]
          C:\CLOUDPROJECT\CLOUDENGINE\libs\spdlog\include\spdlog\fmt\bundled\format.h(2428,12):
          ╨▓╤Л╨┐╨╛╨╗╨╜╤П╨╡╤В╤Б╤П ╨║╨╛╨╝╨┐╨╕╨╗╤П╤Ж╨╕╤П ╤Б╤Б╤Л╨╗╨║╨╕ ╨╜╨░ ╤Н╨║╨╖╨╡╨╝╨┐╨╗╤П╤А ╤И╨░╨▒╨╗╨╛╨╜ ╤Д╤Г╨╜╨║╤Ж╨╕╨╕ "OutputIt fmt::v9::detail::write_significand<Char,fmt::v9::detail::do_write_float::iterator,unsigned int,Grouping>(OutputIt,T,int,int,const Grouping &)"
          with
          [
              OutputIt=fmt::v9::detail::do_write_float::iterator,
              Char=char,
              Grouping=fmt::v9::detail::digit_grouping<char>,
              T=unsigned int
          ]
          C:\CLOUDPROJECT\CLOUDENGINE\libs\spdlog\include\spdlog\fmt\bundled\format.h(2291,19):
          ╨▓╤Л╨┐╨╛╨╗╨╜╤П╨╡╤В╤Б╤П ╨║╨╛╨╝╨┐╨╕╨╗╤П╤Ж╨╕╤П ╤Б╤Б╤Л╨╗╨║╨╕ ╨╜╨░ ╤Н╨║╨╖╨╡╨╝╨┐╨╗╤П╤А ╤И╨░╨▒╨╗╨╛╨╜ ╤Д╤Г╨╜╨║╤Ж╨╕╨╕ "Out fmt::v9::detail::digit_grouping<Char>::apply<OutputIt,char>(Out,fmt::v9::basic_string_view<Char>) const"
          with
          [
              Out=fmt::v9::detail::do_write_float::iterator,
              Char=char,
              OutputIt=fmt::v9::detail::do_write_float::iterator
          ]
          C:\CLOUDPROJECT\CLOUDENGINE\libs\spdlog\include\spdlog\fmt\bundled\format.h(1974,47):
          ╨▓╤Л╨┐╨╛╨╗╨╜╤П╨╡╤В╤Б╤П ╨║╨╛╨╝╨┐╨╕╨╗╤П╤Ж╨╕╤П ╤Б╤Б╤Л╨╗╨║╨╕ ╨╜╨░ ╤Н╨║╨╖╨╡╨╝╨┐╨╗╤П╤А ╨║╨╗╨░╤Б╤Б ╤И╨░╨▒╨╗╨╛╨╜ ╤Д╤Г╨╜╨║╤Ж╨╕╨╕ "fmt::v9::basic_memory_buffer<int,500,std::allocator<int>>"
          C:\CLOUDPROJECT\CLOUDENGINE\libs\spdlog\include\spdlog\fmt\bundled\format.h(912,18):
          ╨▓╨╛ ╨▓╤А╨╡╨╝╤П ╨║╨╛╨╝╨┐╨╕╨╗╤П╤Ж╨╕╨╕ ╤Д╤Г╨╜╨║╤Ж╨╕╨╕-╤З╨╗╨╡╨╜╨░ ╨║╨╗╨░╤Б╤Б ╤И╨░╨▒╨╗╨╛╨╜ "void fmt::v9::basic_memory_buffer<int,500,std::allocator<int>>::grow(size_t)"
          C:\CLOUDPROJECT\CLOUDENGINE\libs\spdlog\include\spdlog\fmt\bundled\format.h(925,8):
          ╨▓╤Л╨┐╨╛╨╗╨╜╤П╨╡╤В╤Б╤П ╨║╨╛╨╝╨┐╨╕╨╗╤П╤Ж╨╕╤П ╤Б╤Б╤Л╨╗╨║╨╕ ╨╜╨░ ╤Н╨║╨╖╨╡╨╝╨┐╨╗╤П╤А ╤И╨░╨▒╨╗╨╛╨╜ ╤Д╤Г╨╜╨║╤Ж╨╕╨╕ "_NoThrowFwdIt std::uninitialized_copy<T*,stdext::checked_array_iterator<T *>>(const _InIt,const _InIt,_NoThrowFwdIt)"
          with
          [
              _NoThrowFwdIt=stdext::checked_array_iterator<int *>,
              T=int,
              _InIt=int *
          ]
          C:\Program Files\Microsoft Visual Studio\18\Community\VC\Tools\MSVC\14.50.35717\include\xmemory(1990,30):
          ╨▓╤Л╨┐╨╛╨╗╨╜╤П╨╡╤В╤Б╤П ╨║╨╛╨╝╨┐╨╕╨╗╤П╤Ж╨╕╤П ╤Б╤Б╤Л╨╗╨║╨╕ ╨╜╨░ ╤Н╨║╨╖╨╡╨╝╨┐╨╗╤П╤А ╤И╨░╨▒╨╗╨╛╨╜ ╤Д╤Г╨╜╨║╤Ж╨╕╨╕ "decltype(auto) std::_Get_unwrapped_n<_NoThrowFwdIt&,__int64>(_Iter,const _Diff)"
          with
          [
              _NoThrowFwdIt=stdext::checked_array_iterator<int *>,
              _Iter=stdext::checked_array_iterator<int *> &,
              _Diff=__int64
          ]
          C:\Program Files\Microsoft Visual Studio\18\Community\VC\Tools\MSVC\14.50.35717\include\xutility(1512,26):
          ╨▓╤Л╨┐╨╛╨╗╨╜╤П╨╡╤В╤Б╤П ╨║╨╛╨╝╨┐╨╕╨╗╤П╤Ж╨╕╤П ╤Б╤Б╤Л╨╗╨║╨╕ ╨╜╨░ ╤И╨░╨▒╨╗╨╛╨╜ ╨┐╨╡╤А╨╡╨╝╨╡╨╜╨╜╨╛╨╣ "const bool _Unwrappable_for_offset_v<stdext::checked_array_iterator<int *> &>"
          C:\Program Files\Microsoft Visual Studio\18\Community\VC\Tools\MSVC\14.50.35717\include\xutility(1506,44):
          ╨▓╤Л╨┐╨╛╨╗╨╜╤П╨╡╤В╤Б╤П ╨║╨╛╨╝╨┐╨╕╨╗╤П╤Ж╨╕╤П ╤Б╤Б╤Л╨╗╨║╨╕ ╨╜╨░ ╤И╨░╨▒╨╗╨╛╨╜ ╨┐╨╡╤А╨╡╨╝╨╡╨╜╨╜╨╛╨╣ "const bool _Unwrappable_v<stdext::checked_array_iterator<int *> &,void>"
          C:\Program Files\Microsoft Visual Studio\18\Community\VC\Tools\MSVC\14.50.35717\include\xutility(1435,5):
          ╨▓╤Л╨┐╨╛╨╗╨╜╤П╨╡╤В╤Б╤П ╨║╨╛╨╝╨┐╨╕╨╗╤П╤Ж╨╕╤П ╤Б╤Б╤Л╨╗╨║╨╕ ╨╜╨░ ╤И╨░╨▒╨╗╨╛╨╜ ╨┐╨╡╤А╨╡╨╝╨╡╨╜╨╜╨╛╨╣ "const bool _Allow_inheriting_unwrap_v<stdext::checked_array_iterator<int *>,void>"
  
C:\Program Files\Microsoft Visual Studio\18\Community\VC\Tools\MSVC\14.50.35717\include\xutility(1407,22): warning C4996: 'stdext::checked_array_iterator<T *>::_Prevent_inheriting_unwrap': warning STL4043: stdext::checked_array_iterator, stdext::unchecked_array_iterator, and related factory functions are non-Standard extensions and will be removed in the future. std::span (since C++20) and gsl::span can be used instead. You can define _SILENCE_STDEXT_ARR_ITERS_DEPRECATION_WARNING or _SILENCE_ALL_MS_EXT_DEPRECATION_WARNINGS to suppress this warning. [C:\CLOUDPROJECT\CLOUDENGINE\build_test\CloudEngine.vcxproj]
C:\Program Files\Microsoft Visual Studio\18\Community\VC\Tools\MSVC\14.50.35717\include\xutility(1407,22): warning C4996:         with [C:\CLOUDPROJECT\CLOUDENGINE\build_test\CloudEngine.vcxproj]
C:\Program Files\Microsoft Visual Studio\18\Community\VC\Tools\MSVC\14.50.35717\include\xutility(1407,22): warning C4996:         [ [C:\CLOUDPROJECT\CLOUDENGINE\build_test\CloudEngine.vcxproj]
C:\Program Files\Microsoft Visual Studio\18\Community\VC\Tools\MSVC\14.50.35717\include\xutility(1407,22): warning C4996:             T=int [C:\CLOUDPROJECT\CLOUDENGINE\build_test\CloudEngine.vcxproj]
C:\Program Files\Microsoft Visual Studio\18\Community\VC\Tools\MSVC\14.50.35717\include\xutility(1407,22): warning C4996:         ] [C:\CLOUDPROJECT\CLOUDENGINE\build_test\CloudEngine.vcxproj]
  (╨║╨╛╨╝╨┐╨╕╨╗╤П╤Ж╨╕╤П ╨╕╤Б╤Е╨╛╨┤╨╜╨╛╨│╨╛ ╤Д╨░╨╣╨╗╨░ "../src/ecs/world.cpp")
  
C:\Program Files\Microsoft Visual Studio\18\Community\VC\Tools\MSVC\14.50.35717\include\__msvc_iter_core.hpp(476,40): warning C4996: 'stdext::checked_array_iterator<T *>': warning STL4043: stdext::checked_array_iterator, stdext::unchecked_array_iterator, and related factory functions are non-Standard extensions and will be removed in the future. std::span (since C++20) and gsl::span can be used instead. You can define _SILENCE_STDEXT_ARR_ITERS_DEPRECATION_WARNING or _SILENCE_ALL_MS_EXT_DEPRECATION_WARNINGS to suppress this warning. [C:\CLOUDPROJECT\CLOUDENGINE\build_test\CloudEngine.vcxproj]
C:\Program Files\Microsoft Visual Studio\18\Community\VC\Tools\MSVC\14.50.35717\include\__msvc_iter_core.hpp(476,40): warning C4996:         with [C:\CLOUDPROJECT\CLOUDENGINE\build_test\CloudEngine.vcxproj]
C:\Program Files\Microsoft Visual Studio\18\Community\VC\Tools\MSVC\14.50.35717\include\__msvc_iter_core.hpp(476,40): warning C4996:         [ [C:\CLOUDPROJECT\CLOUDENGINE\build_test\CloudEngine.vcxproj]
C:\Program Files\Microsoft Visual Studio\18\Community\VC\Tools\MSVC\14.50.35717\include\__msvc_iter_core.hpp(476,40): warning C4996:             T=int [C:\CLOUDPROJECT\CLOUDENGINE\build_test\CloudEngine.vcxproj]
C:\Program Files\Microsoft Visual Studio\18\Community\VC\Tools\MSVC\14.50.35717\include\__msvc_iter_core.hpp(476,40): warning C4996:         ] [C:\CLOUDPROJECT\CLOUDENGINE\build_test\CloudEngine.vcxproj]
  (╨║╨╛╨╝╨┐╨╕╨╗╤П╤Ж╨╕╤П ╨╕╤Б╤Е╨╛╨┤╨╜╨╛╨│╨╛ ╤Д╨░╨╣╨╗╨░ "../src/ecs/world.cpp")
      C:\Program Files\Microsoft Visual Studio\18\Community\VC\Tools\MSVC\14.50.35717\include\iterator(1501,35):
       ╤Б╨╝. ╨╛╨▒╤К╤П╨▓╨╗╨╡╨╜╨╕╨╡ "stdext::checked_array_iterator"
      C:\Program Files\Microsoft Visual Studio\18\Community\VC\Tools\MSVC\14.50.35717\include\__msvc_iter_core.hpp(476,40):
      ╨║╨╛╨╜╤В╨╡╨║╤Б╤В ╤Б╨╛╨╖╨┤╨░╨╜╨╕╤П ╤Н╨║╨╖╨╡╨╝╨┐╨╗╤П╤А╨░ ╤И╨░╨▒╨╗╨╛╨╜╨░ (╤Б╨╜╨░╤З╨░╨╗╨░ ╤Б╨░╨╝╤Л╨╣ ╤Б╤В╨░╤А╤Л╨╣)
          C:\Program Files\Microsoft Visual Studio\18\Community\VC\Tools\MSVC\14.50.35717\include\xutility(1502,93):
          ╨▓╤Л╨┐╨╛╨╗╨╜╤П╨╡╤В╤Б╤П ╨║╨╛╨╝╨┐╨╕╨╗╤П╤Ж╨╕╤П ╤Б╤Б╤Л╨╗╨║╨╕ ╨╜╨░ ╤Н╨║╨╖╨╡╨╝╨┐╨╗╤П╤А ╨┐╤Б╨╡╨▓╨┤╨╛╨╜╨╕╨╝ ╤И╨░╨▒╨╗╨╛╨╜ ╤Д╤Г╨╜╨║╤Ж╨╕╨╕ "std::_Iter_diff_t<_Iter>"
          with
          [
              _Iter=stdext::checked_array_iterator<int *>
          ]
          C:\Program Files\Microsoft Visual Studio\18\Community\VC\Tools\MSVC\14.50.35717\include\xutility(1311,55):
          ╨▓╤Л╨┐╨╛╨╗╨╜╤П╨╡╤В╤Б╤П ╨║╨╛╨╝╨┐╨╕╨╗╤П╤Ж╨╕╤П ╤Б╤Б╤Л╨╗╨║╨╕ ╨╜╨░ ╤Н╨║╨╖╨╡╨╝╨┐╨╗╤П╤А ╨║╨╗╨░╤Б╤Б ╤И╨░╨▒╨╗╨╛╨╜ ╤Д╤Г╨╜╨║╤Ж╨╕╨╕ "std::iterator_traits<_Iter>"
          with
          [
              _Iter=stdext::checked_array_iterator<int *>
          ]
          C:\Program Files\Microsoft Visual Studio\18\Community\VC\Tools\MSVC\14.50.35717\include\__msvc_iter_core.hpp(496,26):
          ╨▓╤Л╨┐╨╛╨╗╨╜╤П╨╡╤В╤Б╤П ╨║╨╛╨╝╨┐╨╕╨╗╤П╤Ж╨╕╤П ╤Б╤Б╤Л╨╗╨║╨╕ ╨╜╨░ ╤Н╨║╨╖╨╡╨╝╨┐╨╗╤П╤А ╨║╨╗╨░╤Б╤Б ╤И╨░╨▒╨╗╨╛╨╜ ╤Д╤Г╨╜╨║╤Ж╨╕╨╕ "std::_Iterator_traits_base<_Iter,void>"
          with
          [
              _Iter=stdext::checked_array_iterator<int *>
          ]
  
C:\Program Files\Microsoft Visual Studio\18\Community\VC\Tools\MSVC\14.50.35717\include\__msvc_iter_core.hpp(476,31): warning C4996: 'stdext::checked_array_iterator<T *>::iterator_category': warning STL4043: stdext::checked_array_iterator, stdext::unchecked_array_iterator, and related factory functions are non-Standard extensions and will be removed in the future. std::span (since C++20) and gsl::span can be used instead. You can define _SILENCE_STDEXT_ARR_ITERS_DEPRECATION_WARNING or _SILENCE_ALL_MS_EXT_DEPRECATION_WARNINGS to suppress this warning. [C:\CLOUDPROJECT\CLOUDENGINE\build_test\CloudEngine.vcxproj]
C:\Program Files\Microsoft Visual Studio\18\Community\VC\Tools\MSVC\14.50.35717\include\__msvc_iter_core.hpp(476,31): warning C4996:         with [C:\CLOUDPROJECT\CLOUDENGINE\build_test\CloudEngine.vcxproj]
C:\Program Files\Microsoft Visual Studio\18\Community\VC\Tools\MSVC\14.50.35717\include\__msvc_iter_core.hpp(476,31): warning C4996:         [ [C:\CLOUDPROJECT\CLOUDENGINE\build_test\CloudEngine.vcxproj]
C:\Program Files\Microsoft Visual Studio\18\Community\VC\Tools\MSVC\14.50.35717\include\__msvc_iter_core.hpp(476,31): warning C4996:             T=int [C:\CLOUDPROJECT\CLOUDENGINE\build_test\CloudEngine.vcxproj]
C:\Program Files\Microsoft Visual Studio\18\Community\VC\Tools\MSVC\14.50.35717\include\__msvc_iter_core.hpp(476,31): warning C4996:         ] [C:\CLOUDPROJECT\CLOUDENGINE\build_test\CloudEngine.vcxproj]
  (╨║╨╛╨╝╨┐╨╕╨╗╤П╤Ж╨╕╤П ╨╕╤Б╤Е╨╛╨┤╨╜╨╛╨│╨╛ ╤Д╨░╨╣╨╗╨░ "../src/ecs/world.cpp")
  
C:\Program Files\Microsoft Visual Studio\18\Community\VC\Tools\MSVC\14.50.35717\include\__msvc_iter_core.hpp(477,40): warning C4996: 'stdext::checked_array_iterator<T *>': warning STL4043: stdext::checked_array_iterator, stdext::unchecked_array_iterator, and related factory functions are non-Standard extensions and will be removed in the future. std::span (since C++20) and gsl::span can be used instead. You can define _SILENCE_STDEXT_ARR_ITERS_DEPRECATION_WARNING or _SILENCE_ALL_MS_EXT_DEPRECATION_WARNINGS to suppress this warning. [C:\CLOUDPROJECT\CLOUDENGINE\build_test\CloudEngine.vcxproj]
C:\Program Files\Microsoft Visual Studio\18\Community\VC\Tools\MSVC\14.50.35717\include\__msvc_iter_core.hpp(477,40): warning C4996:         with [C:\CLOUDPROJECT\CLOUDENGINE\build_test\CloudEngine.vcxproj]
C:\Program Files\Microsoft Visual Studio\18\Community\VC\Tools\MSVC\14.50.35717\include\__msvc_iter_core.hpp(477,40): warning C4996:         [ [C:\CLOUDPROJECT\CLOUDENGINE\build_test\CloudEngine.vcxproj]
C:\Program Files\Microsoft Visual Studio\18\Community\VC\Tools\MSVC\14.50.35717\include\__msvc_iter_core.hpp(477,40): warning C4996:             T=int [C:\CLOUDPROJECT\CLOUDENGINE\build_test\CloudEngine.vcxproj]
C:\Program Files\Microsoft Visual Studio\18\Community\VC\Tools\MSVC\14.50.35717\include\__msvc_iter_core.hpp(477,40): warning C4996:         ] [C:\CLOUDPROJECT\CLOUDENGINE\build_test\CloudEngine.vcxproj]
  (╨║╨╛╨╝╨┐╨╕╨╗╤П╤Ж╨╕╤П ╨╕╤Б╤Е╨╛╨┤╨╜╨╛╨│╨╛ ╤Д╨░╨╣╨╗╨░ "../src/ecs/world.cpp")
      C:\Program Files\Microsoft Visual Studio\18\Community\VC\Tools\MSVC\14.50.35717\include\iterator(1501,35):
       ╤Б╨╝. ╨╛╨▒╤К╤П╨▓╨╗╨╡╨╜╨╕╨╡ "stdext::checked_array_iterator"
  
C:\Program Files\Microsoft Visual Studio\18\Community\VC\Tools\MSVC\14.50.35717\include\__msvc_iter_core.hpp(477,31): warning C4996: 'stdext::checked_array_iterator<T *>::value_type': warning STL4043: stdext::checked_array_iterator, stdext::unchecked_array_iterator, and related factory functions are non-Standard extensions and will be removed in the future. std::span (since C++20) and gsl::span can be used instead. You can define _SILENCE_STDEXT_ARR_ITERS_DEPRECATION_WARNING or _SILENCE_ALL_MS_EXT_DEPRECATION_WARNINGS to suppress this warning. [C:\CLOUDPROJECT\CLOUDENGINE\build_test\CloudEngine.vcxproj]
C:\Program Files\Microsoft Visual Studio\18\Community\VC\Tools\MSVC\14.50.35717\include\__msvc_iter_core.hpp(477,31): warning C4996:         with [C:\CLOUDPROJECT\CLOUDENGINE\build_test\CloudEngine.vcxproj]
C:\Program Files\Microsoft Visual Studio\18\Community\VC\Tools\MSVC\14.50.35717\include\__msvc_iter_core.hpp(477,31): warning C4996:         [ [C:\CLOUDPROJECT\CLOUDENGINE\build_test\CloudEngine.vcxproj]
C:\Program Files\Microsoft Visual Studio\18\Community\VC\Tools\MSVC\14.50.35717\include\__msvc_iter_core.hpp(477,31): warning C4996:             T=int [C:\CLOUDPROJECT\CLOUDENGINE\build_test\CloudEngine.vcxproj]
C:\Program Files\Microsoft Visual Studio\18\Community\VC\Tools\MSVC\14.50.35717\include\__msvc_iter_core.hpp(477,31): warning C4996:         ] [C:\CLOUDPROJECT\CLOUDENGINE\build_test\CloudEngine.vcxproj]
  (╨║╨╛╨╝╨┐╨╕╨╗╤П╤Ж╨╕╤П ╨╕╤Б╤Е╨╛╨┤╨╜╨╛╨│╨╛ ╤Д╨░╨╣╨╗╨░ "../src/ecs/world.cpp")
  
C:\Program Files\Microsoft Visual Studio\18\Community\VC\Tools\MSVC\14.50.35717\include\__msvc_iter_core.hpp(478,40): warning C4996: 'stdext::checked_array_iterator<T *>': warning STL4043: stdext::checked_array_iterator, stdext::unchecked_array_iterator, and related factory functions are non-Standard extensions and will be removed in the future. std::span (since C++20) and gsl::span can be used instead. You can define _SILENCE_STDEXT_ARR_ITERS_DEPRECATION_WARNING or _SILENCE_ALL_MS_EXT_DEPRECATION_WARNINGS to suppress this warning. [C:\CLOUDPROJECT\CLOUDENGINE\build_test\CloudEngine.vcxproj]
C:\Program Files\Microsoft Visual Studio\18\Community\VC\Tools\MSVC\14.50.35717\include\__msvc_iter_core.hpp(478,40): warning C4996:         with [C:\CLOUDPROJECT\CLOUDENGINE\build_test\CloudEngine.vcxproj]
C:\Program Files\Microsoft Visual Studio\18\Community\VC\Tools\MSVC\14.50.35717\include\__msvc_iter_core.hpp(478,40): warning C4996:         [ [C:\CLOUDPROJECT\CLOUDENGINE\build_test\CloudEngine.vcxproj]
C:\Program Files\Microsoft Visual Studio\18\Community\VC\Tools\MSVC\14.50.35717\include\__msvc_iter_core.hpp(478,40): warning C4996:             T=int [C:\CLOUDPROJECT\CLOUDENGINE\build_test\CloudEngine.vcxproj]
C:\Program Files\Microsoft Visual Studio\18\Community\VC\Tools\MSVC\14.50.35717\include\__msvc_iter_core.hpp(478,40): warning C4996:         ] [C:\CLOUDPROJECT\CLOUDENGINE\build_test\CloudEngine.vcxproj]
  (╨║╨╛╨╝╨┐╨╕╨╗╤П╤Ж╨╕╤П ╨╕╤Б╤Е╨╛╨┤╨╜╨╛╨│╨╛ ╤Д╨░╨╣╨╗╨░ "../src/ecs/world.cpp")
      C:\Program Files\Microsoft Visual Studio\18\Community\VC\Tools\MSVC\14.50.35717\include\iterator(1501,35):
       ╤Б╨╝. ╨╛╨▒╤К╤П╨▓╨╗╨╡╨╜╨╕╨╡ "stdext::checked_array_iterator"
  
C:\Program Files\Microsoft Visual Studio\18\Community\VC\Tools\MSVC\14.50.35717\include\__msvc_iter_core.hpp(478,31): warning C4996: 'stdext::checked_array_iterator<T *>::difference_type': warning STL4043: stdext::checked_array_iterator, stdext::unchecked_array_iterator, and related factory functions are non-Standard extensions and will be removed in the future. std::span (since C++20) and gsl::span can be used instead. You can define _SILENCE_STDEXT_ARR_ITERS_DEPRECATION_WARNING or _SILENCE_ALL_MS_EXT_DEPRECATION_WARNINGS to suppress this warning. [C:\CLOUDPROJECT\CLOUDENGINE\build_test\CloudEngine.vcxproj]
C:\Program Files\Microsoft Visual Studio\18\Community\VC\Tools\MSVC\14.50.35717\include\__msvc_iter_core.hpp(478,31): warning C4996:         with [C:\CLOUDPROJECT\CLOUDENGINE\build_test\CloudEngine.vcxproj]
C:\Program Files\Microsoft Visual Studio\18\Community\VC\Tools\MSVC\14.50.35717\include\__msvc_iter_core.hpp(478,31): warning C4996:         [ [C:\CLOUDPROJECT\CLOUDENGINE\build_test\CloudEngine.vcxproj]
C:\Program Files\Microsoft Visual Studio\18\Community\VC\Tools\MSVC\14.50.35717\include\__msvc_iter_core.hpp(478,31): warning C4996:             T=int [C:\CLOUDPROJECT\CLOUDENGINE\build_test\CloudEngine.vcxproj]
C:\Program Files\Microsoft Visual Studio\18\Community\VC\Tools\MSVC\14.50.35717\include\__msvc_iter_core.hpp(478,31): warning C4996:         ] [C:\CLOUDPROJECT\CLOUDENGINE\build_test\CloudEngine.vcxproj]
  (╨║╨╛╨╝╨┐╨╕╨╗╤П╤Ж╨╕╤П ╨╕╤Б╤Е╨╛╨┤╨╜╨╛╨│╨╛ ╤Д╨░╨╣╨╗╨░ "../src/ecs/world.cpp")
  
C:\Program Files\Microsoft Visual Studio\18\Community\VC\Tools\MSVC\14.50.35717\include\__msvc_iter_core.hpp(479,40): warning C4996: 'stdext::checked_array_iterator<T *>': warning STL4043: stdext::checked_array_iterator, stdext::unchecked_array_iterator, and related factory functions are non-Standard extensions and will be removed in the future. std::span (since C++20) and gsl::span can be used instead. You can define _SILENCE_STDEXT_ARR_ITERS_DEPRECATION_WARNING or _SILENCE_ALL_MS_EXT_DEPRECATION_WARNINGS to suppress this warning. [C:\CLOUDPROJECT\CLOUDENGINE\build_test\CloudEngine.vcxproj]
C:\Program Files\Microsoft Visual Studio\18\Community\VC\Tools\MSVC\14.50.35717\include\__msvc_iter_core.hpp(479,40): warning C4996:         with [C:\CLOUDPROJECT\CLOUDENGINE\build_test\CloudEngine.vcxproj]
C:\Program Files\Microsoft Visual Studio\18\Community\VC\Tools\MSVC\14.50.35717\include\__msvc_iter_core.hpp(479,40): warning C4996:         [ [C:\CLOUDPROJECT\CLOUDENGINE\build_test\CloudEngine.vcxproj]
C:\Program Files\Microsoft Visual Studio\18\Community\VC\Tools\MSVC\14.50.35717\include\__msvc_iter_core.hpp(479,40): warning C4996:             T=int [C:\CLOUDPROJECT\CLOUDENGINE\build_test\CloudEngine.vcxproj]
C:\Program Files\Microsoft Visual Studio\18\Community\VC\Tools\MSVC\14.50.35717\include\__msvc_iter_core.hpp(479,40): warning C4996:         ] [C:\CLOUDPROJECT\CLOUDENGINE\build_test\CloudEngine.vcxproj]
  (╨║╨╛╨╝╨┐╨╕╨╗╤П╤Ж╨╕╤П ╨╕╤Б╤Е╨╛╨┤╨╜╨╛╨│╨╛ ╤Д╨░╨╣╨╗╨░ "../src/ecs/world.cpp")
      C:\Program Files\Microsoft Visual Studio\18\Community\VC\Tools\MSVC\14.50.35717\include\iterator(1501,35):
       ╤Б╨╝. ╨╛╨▒╤К╤П╨▓╨╗╨╡╨╜╨╕╨╡ "stdext::checked_array_iterator"
  
C:\Program Files\Microsoft Visual Studio\18\Community\VC\Tools\MSVC\14.50.35717\include\__msvc_iter_core.hpp(479,31): warning C4996: 'stdext::checked_array_iterator<T *>::pointer': warning STL4043: stdext::checked_array_iterator, stdext::unchecked_array_iterator, and related factory functions are non-Standard extensions and will be removed in the future. std::span (since C++20) and gsl::span can be used instead. You can define _SILENCE_STDEXT_ARR_ITERS_DEPRECATION_WARNING or _SILENCE_ALL_MS_EXT_DEPRECATION_WARNINGS to suppress this warning. [C:\CLOUDPROJECT\CLOUDENGINE\build_test\CloudEngine.vcxproj]
C:\Program Files\Microsoft Visual Studio\18\Community\VC\Tools\MSVC\14.50.35717\include\__msvc_iter_core.hpp(479,31): warning C4996:         with [C:\CLOUDPROJECT\CLOUDENGINE\build_test\CloudEngine.vcxproj]
C:\Program Files\Microsoft Visual Studio\18\Community\VC\Tools\MSVC\14.50.35717\include\__msvc_iter_core.hpp(479,31): warning C4996:         [ [C:\CLOUDPROJECT\CLOUDENGINE\build_test\CloudEngine.vcxproj]
C:\Program Files\Microsoft Visual Studio\18\Community\VC\Tools\MSVC\14.50.35717\include\__msvc_iter_core.hpp(479,31): warning C4996:             T=int [C:\CLOUDPROJECT\CLOUDENGINE\build_test\CloudEngine.vcxproj]
C:\Program Files\Microsoft Visual Studio\18\Community\VC\Tools\MSVC\14.50.35717\include\__msvc_iter_core.hpp(479,31): warning C4996:         ] [C:\CLOUDPROJECT\CLOUDENGINE\build_test\CloudEngine.vcxproj]
  (╨║╨╛╨╝╨┐╨╕╨╗╤П╤Ж╨╕╤П ╨╕╤Б╤Е╨╛╨┤╨╜╨╛╨│╨╛ ╤Д╨░╨╣╨╗╨░ "../src/ecs/world.cpp")
  
C:\Program Files\Microsoft Visual Studio\18\Community\VC\Tools\MSVC\14.50.35717\include\__msvc_iter_core.hpp(480,40): warning C4996: 'stdext::checked_array_iterator<T *>': warning STL4043: stdext::checked_array_iterator, stdext::unchecked_array_iterator, and related factory functions are non-Standard extensions and will be removed in the future. std::span (since C++20) and gsl::span can be used instead. You can define _SILENCE_STDEXT_ARR_ITERS_DEPRECATION_WARNING or _SILENCE_ALL_MS_EXT_DEPRECATION_WARNINGS to suppress this warning. [C:\CLOUDPROJECT\CLOUDENGINE\build_test\CloudEngine.vcxproj]
C:\Program Files\Microsoft Visual Studio\18\Community\VC\Tools\MSVC\14.50.35717\include\__msvc_iter_core.hpp(480,40): warning C4996:         with [C:\CLOUDPROJECT\CLOUDENGINE\build_test\CloudEngine.vcxproj]
C:\Program Files\Microsoft Visual Studio\18\Community\VC\Tools\MSVC\14.50.35717\include\__msvc_iter_core.hpp(480,40): warning C4996:         [ [C:\CLOUDPROJECT\CLOUDENGINE\build_test\CloudEngine.vcxproj]
C:\Program Files\Microsoft Visual Studio\18\Community\VC\Tools\MSVC\14.50.35717\include\__msvc_iter_core.hpp(480,40): warning C4996:             T=int [C:\CLOUDPROJECT\CLOUDENGINE\build_test\CloudEngine.vcxproj]
C:\Program Files\Microsoft Visual Studio\18\Community\VC\Tools\MSVC\14.50.35717\include\__msvc_iter_core.hpp(480,40): warning C4996:         ] [C:\CLOUDPROJECT\CLOUDENGINE\build_test\CloudEngine.vcxproj]
  (╨║╨╛╨╝╨┐╨╕╨╗╤П╤Ж╨╕╤П ╨╕╤Б╤Е╨╛╨┤╨╜╨╛╨│╨╛ ╤Д╨░╨╣╨╗╨░ "../src/ecs/world.cpp")
      C:\Program Files\Microsoft Visual Studio\18\Community\VC\Tools\MSVC\14.50.35717\include\iterator(1501,35):
       ╤Б╨╝. ╨╛╨▒╤К╤П╨▓╨╗╨╡╨╜╨╕╨╡ "stdext::checked_array_iterator"
  
C:\Program Files\Microsoft Visual Studio\18\Community\VC\Tools\MSVC\14.50.35717\include\__msvc_iter_core.hpp(480,31): warning C4996: 'stdext::checked_array_iterator<T *>::reference': warning STL4043: stdext::checked_array_iterator, stdext::unchecked_array_iterator, and related factory functions are non-Standard extensions and will be removed in the future. std::span (since C++20) and gsl::span can be used instead. You can define _SILENCE_STDEXT_ARR_ITERS_DEPRECATION_WARNING or _SILENCE_ALL_MS_EXT_DEPRECATION_WARNINGS to suppress this warning. [C:\CLOUDPROJECT\CLOUDENGINE\build_test\CloudEngine.vcxproj]
C:\Program Files\Microsoft Visual Studio\18\Community\VC\Tools\MSVC\14.50.35717\include\__msvc_iter_core.hpp(480,31): warning C4996:         with [C:\CLOUDPROJECT\CLOUDENGINE\build_test\CloudEngine.vcxproj]
C:\Program Files\Microsoft Visual Studio\18\Community\VC\Tools\MSVC\14.50.35717\include\__msvc_iter_core.hpp(480,31): warning C4996:         [ [C:\CLOUDPROJECT\CLOUDENGINE\build_test\CloudEngine.vcxproj]
C:\Program Files\Microsoft Visual Studio\18\Community\VC\Tools\MSVC\14.50.35717\include\__msvc_iter_core.hpp(480,31): warning C4996:             T=int [C:\CLOUDPROJECT\CLOUDENGINE\build_test\CloudEngine.vcxproj]
C:\Program Files\Microsoft Visual Studio\18\Community\VC\Tools\MSVC\14.50.35717\include\__msvc_iter_core.hpp(480,31): warning C4996:         ] [C:\CLOUDPROJECT\CLOUDENGINE\build_test\CloudEngine.vcxproj]
  (╨║╨╛╨╝╨┐╨╕╨╗╤П╤Ж╨╕╤П ╨╕╤Б╤Е╨╛╨┤╨╜╨╛╨│╨╛ ╤Д╨░╨╣╨╗╨░ "../src/ecs/world.cpp")
  
C:\Program Files\Microsoft Visual Studio\18\Community\VC\Tools\MSVC\14.50.35717\include\xutility(1523,13): warning C4996: 'stdext::checked_array_iterator<T *>::_Verify_offset': warning STL4043: stdext::checked_array_iterator, stdext::unchecked_array_iterator, and related factory functions are non-Standard extensions and will be removed in the future. std::span (since C++20) and gsl::span can be used instead. You can define _SILENCE_STDEXT_ARR_ITERS_DEPRECATION_WARNING or _SILENCE_ALL_MS_EXT_DEPRECATION_WARNINGS to suppress this warning. [C:\CLOUDPROJECT\CLOUDENGINE\build_test\CloudEngine.vcxproj]
C:\Program Files\Microsoft Visual Studio\18\Community\VC\Tools\MSVC\14.50.35717\include\xutility(1523,13): warning C4996:         with [C:\CLOUDPROJECT\CLOUDENGINE\build_test\CloudEngine.vcxproj]
C:\Program Files\Microsoft Visual Studio\18\Community\VC\Tools\MSVC\14.50.35717\include\xutility(1523,13): warning C4996:         [ [C:\CLOUDPROJECT\CLOUDENGINE\build_test\CloudEngine.vcxproj]
C:\Program Files\Microsoft Visual Studio\18\Community\VC\Tools\MSVC\14.50.35717\include\xutility(1523,13): warning C4996:             T=int [C:\CLOUDPROJECT\CLOUDENGINE\build_test\CloudEngine.vcxproj]
C:\Program Files\Microsoft Visual Studio\18\Community\VC\Tools\MSVC\14.50.35717\include\xutility(1523,13): warning C4996:         ] [C:\CLOUDPROJECT\CLOUDENGINE\build_test\CloudEngine.vcxproj]
  (╨║╨╛╨╝╨┐╨╕╨╗╤П╤Ж╨╕╤П ╨╕╤Б╤Е╨╛╨┤╨╜╨╛╨│╨╛ ╤Д╨░╨╣╨╗╨░ "../src/ecs/world.cpp")
  
C:\Program Files\Microsoft Visual Studio\18\Community\VC\Tools\MSVC\14.50.35717\include\xutility(1524,42): warning C4996: 'stdext::checked_array_iterator<T *>::_Unwrapped': warning STL4043: stdext::checked_array_iterator, stdext::unchecked_array_iterator, and related factory functions are non-Standard extensions and will be removed in the future. std::span (since C++20) and gsl::span can be used instead. You can define _SILENCE_STDEXT_ARR_ITERS_DEPRECATION_WARNING or _SILENCE_ALL_MS_EXT_DEPRECATION_WARNINGS to suppress this warning. [C:\CLOUDPROJECT\CLOUDENGINE\build_test\CloudEngine.vcxproj]
C:\Program Files\Microsoft Visual Studio\18\Community\VC\Tools\MSVC\14.50.35717\include\xutility(1524,42): warning C4996:         with [C:\CLOUDPROJECT\CLOUDENGINE\build_test\CloudEngine.vcxproj]
C:\Program Files\Microsoft Visual Studio\18\Community\VC\Tools\MSVC\14.50.35717\include\xutility(1524,42): warning C4996:         [ [C:\CLOUDPROJECT\CLOUDENGINE\build_test\CloudEngine.vcxproj]
C:\Program Files\Microsoft Visual Studio\18\Community\VC\Tools\MSVC\14.50.35717\include\xutility(1524,42): warning C4996:             T=int [C:\CLOUDPROJECT\CLOUDENGINE\build_test\CloudEngine.vcxproj]
C:\Program Files\Microsoft Visual Studio\18\Community\VC\Tools\MSVC\14.50.35717\include\xutility(1524,42): warning C4996:         ] [C:\CLOUDPROJECT\CLOUDENGINE\build_test\CloudEngine.vcxproj]
  (╨║╨╛╨╝╨┐╨╕╨╗╤П╤Ж╨╕╤П ╨╕╤Б╤Е╨╛╨┤╨╜╨╛╨│╨╛ ╤Д╨░╨╣╨╗╨░ "../src/ecs/world.cpp")
  
C:\Program Files\Microsoft Visual Studio\18\Community\VC\Tools\MSVC\14.50.35717\include\xutility(1545,13): warning C4996: 'stdext::checked_array_iterator<T *>::_Seek_to': warning STL4043: stdext::checked_array_iterator, stdext::unchecked_array_iterator, and related factory functions are non-Standard extensions and will be removed in the future. std::span (since C++20) and gsl::span can be used instead. You can define _SILENCE_STDEXT_ARR_ITERS_DEPRECATION_WARNING or _SILENCE_ALL_MS_EXT_DEPRECATION_WARNINGS to suppress this warning. [C:\CLOUDPROJECT\CLOUDENGINE\build_test\CloudEngine.vcxproj]
C:\Program Files\Microsoft Visual Studio\18\Community\VC\Tools\MSVC\14.50.35717\include\xutility(1545,13): warning C4996:         with [C:\CLOUDPROJECT\CLOUDENGINE\build_test\CloudEngine.vcxproj]
C:\Program Files\Microsoft Visual Studio\18\Community\VC\Tools\MSVC\14.50.35717\include\xutility(1545,13): warning C4996:         [ [C:\CLOUDPROJECT\CLOUDENGINE\build_test\CloudEngine.vcxproj]
C:\Program Files\Microsoft Visual Studio\18\Community\VC\Tools\MSVC\14.50.35717\include\xutility(1545,13): warning C4996:             T=int [C:\CLOUDPROJECT\CLOUDENGINE\build_test\CloudEngine.vcxproj]
C:\Program Files\Microsoft Visual Studio\18\Community\VC\Tools\MSVC\14.50.35717\include\xutility(1545,13): warning C4996:         ] [C:\CLOUDPROJECT\CLOUDENGINE\build_test\CloudEngine.vcxproj]
  (╨║╨╛╨╝╨┐╨╕╨╗╤П╤Ж╨╕╤П ╨╕╤Б╤Е╨╛╨┤╨╜╨╛╨│╨╛ ╤Д╨░╨╣╨╗╨░ "../src/ecs/world.cpp")
      C:\Program Files\Microsoft Visual Studio\18\Community\VC\Tools\MSVC\14.50.35717\include\xutility(1545,13):
      ╨║╨╛╨╜╤В╨╡╨║╤Б╤В ╤Б╨╛╨╖╨┤╨░╨╜╨╕╤П ╤Н╨║╨╖╨╡╨╝╨┐╨╗╤П╤А╨░ ╤И╨░╨▒╨╗╨╛╨╜╨░ (╤Б╨╜╨░╤З╨░╨╗╨░ ╤Б╨░╨╝╤Л╨╣ ╤Б╤В╨░╤А╤Л╨╣)
          C:\CLOUDPROJECT\CLOUDENGINE\libs\spdlog\include\spdlog\fmt\bundled\format.h(925,8):
          ╨▓╤Л╨┐╨╛╨╗╨╜╤П╨╡╤В╤Б╤П ╨║╨╛╨╝╨┐╨╕╨╗╤П╤Ж╨╕╤П ╤Б╤Б╤Л╨╗╨║╨╕ ╨╜╨░ ╤Н╨║╨╖╨╡╨╝╨┐╨╗╤П╤А ╤И╨░╨▒╨╗╨╛╨╜ ╤Д╤Г╨╜╨║╤Ж╨╕╨╕ "_NoThrowFwdIt std::uninitialized_copy<T*,stdext::checked_array_iterator<T *>>(const _InIt,const _InIt,_NoThrowFwdIt)"
          with
          [
              _NoThrowFwdIt=stdext::checked_array_iterator<int *>,
              T=int,
              _InIt=int *
          ]
          C:\Program Files\Microsoft Visual Studio\18\Community\VC\Tools\MSVC\14.50.35717\include\xmemory(1991,10):
          ╨▓╤Л╨┐╨╛╨╗╨╜╤П╨╡╤В╤Б╤П ╨║╨╛╨╝╨┐╨╕╨╗╤П╤Ж╨╕╤П ╤Б╤Б╤Л╨╗╨║╨╕ ╨╜╨░ ╤Н╨║╨╖╨╡╨╝╨┐╨╗╤П╤А ╤И╨░╨▒╨╗╨╛╨╜ ╤Д╤Г╨╜╨║╤Ж╨╕╨╕ "void std::_Seek_wrapped<_NoThrowFwdIt,int*>(_Iter &,_UIter &&)"
          with
          [
              _NoThrowFwdIt=stdext::checked_array_iterator<int *>,
              _Iter=stdext::checked_array_iterator<int *>,
              _UIter=int *
          ]
  
  ╨б╨╛╨╖╨┤╨░╨╜╨╕╨╡ ╨║╨╛╨┤╨░...
  CloudEngine.vcxproj -> C:\CLOUDPROJECT\CLOUDENGINE\build_test\Debug\CloudEngine.exe
