[19:06:53.937] [Engine] [info] ========================================
[19:06:53.939] [Engine] [info] CLOUDENGINE v0.2.0 starting...
[19:06:53.939] [Engine] [info] Log file: logs/cloudengine.log
[19:06:53.939] [Engine] [info] ========================================
[19:06:53.940] [Engine] [info] Logger::Init() - complete
[19:06:53.940] [Engine] [info] ========================================
[19:06:53.940] [Engine] [info] CLOUDENGINE v0.2.0 - Full Engine Test
[19:06:53.940] [Engine] [info] ========================================
[19:06:53.941] [Engine] [info] main() - Creating Core::Engine
[19:06:53.941] [Engine] [info] main() - Calling engine.init()
[19:06:53.941] [Engine] [info] Initializing Engine...
[19:06:53.941] [Engine] [info] Window::init() - START (1280x720, title=Project C: The Clouds)
[19:06:53.941] [Engine] [info] Window::init() - calling glfwInit()
[19:06:53.956] [Engine] [info] Window::init() - glfwInit() SUCCESS
[19:06:53.956] [Engine] [info] Window::init() - setting window hints (GL 4.5 Core)
[19:06:53.956] [Engine] [info] Window::init() - calling glfwCreateWindow()
[19:06:54.202] [Engine] [info] Window::init() - glfwCreateWindow() SUCCESS
[19:06:54.202] [Engine] [info] Window::init() - calling glfwMakeContextCurrent()
[19:06:54.205] [Engine] [info] Window::init() - COMPLETE
[19:06:54.205] [Engine] [info] Window initialized
[19:06:54.205] [Render] [info] Renderer::init() - START
[19:06:54.205] [Render] [info] Renderer::init() - making GLFW context current
[19:06:54.206] [Render] [info] Renderer::init() - calling gladLoadGLLoader()
[19:06:54.221] [Render] [info] Renderer::init() - gladLoadGLLoader() SUCCESS
[19:06:54.222] [Render] [info] Renderer::init() - OpenGL debug output ENABLED
[19:06:54.222] [Render] [info] Renderer::init() - initializing ShaderSystem
[19:06:54.222] [Render] [info] ShaderSystem::init() - START
[19:06:54.222] [Render] [info] ShaderManager::init() - START
[19:06:54.222] [Render] [info] ShaderManager::init() - COMPLETE
[19:06:54.223] [Render] [debug] ShaderManager - base path set to: ../../shaders/
[19:06:54.223] [Render] [info] ShaderManager::load() - Loading shader 'cloud_advanced'
[19:06:54.223] [Render] [debug] ShaderManager - vertex path: ../../shaders/fullscreen.vert
[19:06:54.223] [Render] [debug] ShaderManager - fragment path: ../../shaders/cloud_test.frag
[19:06:54.224] [Render] [debug] Shader compiled successfully, type=VERTEX
[19:06:54.224] [Render] [debug] Shader compiled successfully, type=FRAGMENT
[19:06:54.225] [Render] [info] ShaderManager::load() - SUCCESS 'cloud_advanced' (ID=1)
[19:06:54.225] [Render] [info] ShaderSystem::init() - Cloud shader loaded successfully
[19:06:54.225] [Render] [info] ShaderSystem::init() - COMPLETE
[19:06:54.225] [Render] [info] Renderer::init() - initializing CloudRenderer
[19:06:54.226] [Render] [info] CloudRenderer::init() - START
[19:06:54.226] [Render] [info] CloudRenderer::init() - SUCCESS, shader ID=3
[19:06:54.226] [Render] [info] Renderer::init() - COMPLETE
[19:06:54.226] [Engine] [info] Renderer initialized
[19:06:54.268] [ECS] [info] ECS pipeline phases registered
[19:06:54.270] [ECS] [info] ECS components registered: Transform, Velocity, AngularVelocity, CloudParams, Camera, IsMainCamera, IsCloudRenderer
[19:06:54.270] [ECS] [info] ECS singletons registered: EngineConfig, TimeData, InputState
[19:06:54.270] [Engine] [info] TimeSystem: TimeData updated in Engine::update() before ECS::update()
[19:06:54.271] [Engine] [info] TimeSystem registered in PreUpdate phase
[19:06:54.271] [Engine] [info] ECS World initialized with pipeline phases
[19:06:54.271] [Engine] [info] ECS initialized
[19:06:54.271] [Engine] [info] Engine initialized successfully
[19:06:54.271] [Engine] [info] main() - engine.init() SUCCESS, starting main loop
[19:06:54.271] [Engine] [info] Press ESC in window to exit...
[19:06:54.271] [Engine] [info] Engine running...
[19:06:54.272] [Render] [debug] Shader::use() - _id=3
[19:06:54.278] [Render] [debug] Shader::use() - _id=3
[19:06:54.281] [Render] [debug] Shader::use() - _id=3
[19:06:54.297] [Render] [debug] Shader::use() - _id=3
[19:06:54.313] [Render] [debug] Shader::use() - _id=3
[19:06:54.330] [Render] [debug] Shader::use() - _id=3
[19:06:54.347] [Render] [debug] Shader::use() - _id=3
[19:06:54.363] [Render] [debug] Shader::use() - _id=3
[19:06:54.380] [Render] [debug] Shader::use() - _id=3
[19:06:54.397] [Render] [debug] Shader::use() - _id=3
[19:06:54.413] [Render] [debug] Shader::use() - _id=3
[19:06:54.430] [Render] [debug] Shader::use() - _id=3
[19:06:54.447] [Render] [debug] Shader::use() - _id=3
[19:06:54.463] [Render] [debug] Shader::use() - _id=3
[19:06:54.480] [Render] [debug] Shader::use() - _id=3
[19:06:54.497] [Render] [debug] Shader::use() - _id=3
[19:06:54.513] [Render] [debug] Shader::use() - _id=3
[19:06:54.530] [Render] [debug] Shader::use() - _id=3
[19:06:54.547] [Render] [debug] Shader::use() - _id=3
[19:06:54.563] [Render] [debug] Shader::use() - _id=3
[19:06:54.580] [Render] [debug] Shader::use() - _id=3
[19:06:54.597] [Render] [debug] Shader::use() - _id=3
[19:06:54.613] [Render] [debug] Shader::use() - _id=3
[19:06:54.630] [Render] [debug] Shader::use() - _id=3
[19:06:54.647] [Render] [debug] Shader::use() - _id=3
[19:06:54.664] [Render] [debug] Shader::use() - _id=3
[19:06:54.680] [Render] [debug] Shader::use() - _id=3
[19:06:54.697] [Render] [debug] Shader::use() - _id=3
[19:06:54.714] [Render] [debug] Shader::use() - _id=3
[19:06:54.730] [Render] [debug] Shader::use() - _id=3
[19:06:54.747] [Render] [debug] Shader::use() - _id=3
[19:06:54.764] [Render] [debug] Shader::use() - _id=3
[19:06:54.780] [Engine] [info] Update #0: FPS=59, dt=0.017s, total_time=0.5s
[19:06:54.780] [Render] [debug] Shader::use() - _id=3
[19:06:54.797] [Render] [debug] Shader::use() - _id=3
[19:06:54.814] [Render] [debug] Shader::use() - _id=3
[19:06:54.830] [Render] [debug] Shader::use() - _id=3
[19:06:54.847] [Render] [debug] Shader::use() - _id=3
[19:06:54.864] [Render] [debug] Shader::use() - _id=3
[19:06:54.880] [Render] [debug] Shader::use() - _id=3
[19:06:54.897] [Render] [debug] Shader::use() - _id=3
[19:06:54.914] [Render] [debug] Shader::use() - _id=3
[19:06:54.930] [Render] [debug] Shader::use() - _id=3
[19:06:54.947] [Render] [debug] Shader::use() - _id=3
[19:06:54.964] [Render] [debug] Shader::use() - _id=3
[19:06:54.980] [Render] [debug] Shader::use() - _id=3
[19:06:54.997] [Render] [debug] Shader::use() - _id=3
[19:06:55.014] [Render] [debug] Shader::use() - _id=3
[19:06:55.030] [Render] [debug] Shader::use() - _id=3
[19:06:55.047] [Render] [debug] Shader::use() - _id=3
[19:06:55.064] [Render] [debug] Shader::use() - _id=3
[19:06:55.081] [Render] [debug] Shader::use() - _id=3
[19:06:55.097] [Render] [debug] Shader::use() - _id=3
[19:06:55.114] [Render] [debug] Shader::use() - _id=3
[19:06:55.131] [Render] [debug] Shader::use() - _id=3
[19:06:55.147] [Render] [debug] Shader::use() - _id=3
[19:06:55.165] [Render] [debug] Shader::use() - _id=3
[19:06:55.181] [Render] [debug] Shader::use() - _id=3
[19:06:55.198] [Render] [debug] Shader::use() - _id=3
[19:06:55.214] [Render] [debug] Shader::use() - _id=3
[19:06:55.231] [Render] [debug] Shader::use() - _id=3
[19:06:55.247] [Render] [debug] Shader::use() - _id=3
[19:06:55.264] [Render] [debug] Shader::use() - _id=3
[19:06:55.281] [Engine] [info] Update #0: FPS=59, dt=0.017s, total_time=1.0s
[19:06:55.281] [Render] [debug] Shader::use() - _id=3
[19:06:55.297] [Render] [debug] Shader::use() - _id=3
[19:06:55.314] [Render] [debug] Shader::use() - _id=3
[19:06:55.331] [Render] [debug] Shader::use() - _id=3
[19:06:55.348] [Render] [debug] Shader::use() - _id=3
[19:06:55.364] [Render] [debug] Shader::use() - _id=3
[19:06:55.381] [Render] [debug] Shader::use() - _id=3
[19:06:55.398] [Render] [debug] Shader::use() - _id=3
[19:06:55.415] [Render] [debug] Shader::use() - _id=3
[19:06:55.431] [Render] [debug] Shader::use() - _id=3
[19:06:55.448] [Render] [debug] Shader::use() - _id=3
[19:06:55.464] [Render] [debug] Shader::use() - _id=3
[19:06:55.482] [Render] [debug] Shader::use() - _id=3
[19:06:55.498] [Render] [debug] Shader::use() - _id=3
[19:06:55.515] [Render] [debug] Shader::use() - _id=3
[19:06:55.531] [Render] [debug] Shader::use() - _id=3
[19:06:55.550] [Render] [debug] Shader::use() - _id=3
[19:06:55.565] [Render] [debug] Shader::use() - _id=3
[19:06:55.581] [Render] [debug] Shader::use() - _id=3
[19:06:55.598] [Render] [debug] Shader::use() - _id=3
[19:06:55.614] [Render] [debug] Shader::use() - _id=3
[19:06:55.631] [Render] [debug] Shader::use() - _id=3
[19:06:55.648] [Render] [debug] Shader::use() - _id=3
[19:06:55.665] [Render] [debug] Shader::use() - _id=3
[19:06:55.681] [Render] [debug] Shader::use() - _id=3
[19:06:55.698] [Render] [debug] Shader::use() - _id=3
[19:06:55.714] [Render] [debug] Shader::use() - _id=3
[19:06:55.731] [Render] [debug] Shader::use() - _id=3
[19:06:55.748] [Render] [debug] Shader::use() - _id=3
[19:06:55.766] [Render] [debug] Shader::use() - _id=3
[19:06:55.783] [Engine] [info] Update #0: FPS=59, dt=0.017s, total_time=1.5s
[19:06:55.784] [Render] [debug] Shader::use() - _id=3
[19:06:55.798] [Render] [debug] Shader::use() - _id=3
[19:06:55.815] [Render] [debug] Shader::use() - _id=3
[19:06:55.832] [Render] [debug] Shader::use() - _id=3
[19:06:55.848] [Render] [debug] Shader::use() - _id=3
[19:06:55.865] [Render] [debug] Shader::use() - _id=3
[19:06:55.882] [Render] [debug] Shader::use() - _id=3
[19:06:55.898] [Render] [debug] Shader::use() - _id=3
[19:06:55.915] [Render] [debug] Shader::use() - _id=3
[19:06:55.932] [Render] [debug] Shader::use() - _id=3
[19:06:55.948] [Render] [debug] Shader::use() - _id=3
[19:06:55.965] [Render] [debug] Shader::use() - _id=3
[19:06:55.981] [Render] [debug] Shader::use() - _id=3
[19:06:55.998] [Render] [debug] Shader::use() - _id=3
[19:06:56.015] [Render] [debug] Shader::use() - _id=3
[19:06:56.032] [Render] [debug] Shader::use() - _id=3
[19:06:56.048] [Render] [debug] Shader::use() - _id=3
[19:06:56.065] [Render] [debug] Shader::use() - _id=3
[19:06:56.082] [Render] [debug] Shader::use() - _id=3
[19:06:56.098] [Render] [debug] Shader::use() - _id=3
[19:06:56.115] [Render] [debug] Shader::use() - _id=3
[19:06:56.527] [Engine] [info] Update #0: FPS=2, dt=0.412s, total_time=2.3s
[19:06:56.528] [Render] [debug] Shader::use() - _id=3
[19:06:56.528] [Render] [debug] === CLOUD DEBUG ===
[19:06:56.528] [Render] [debug] Camera: pos=(0,3000,0) yaw=0.0 pitch=15.0
[19:06:56.528] [Render] [debug] Forward: (0.000,0.259,0.966)
[19:06:56.528] [Render] [debug] SunDir: (0.872,0.488,0.030) dayFactor=0.56
[19:06:56.528] [Render] [debug] Shader ID: 3
[19:06:56.529] [Render] [debug] Shader::use() - _id=3
[19:06:56.531] [Render] [debug] Shader::use() - _id=3
[19:06:56.549] [Render] [debug] Shader::use() - _id=3
[19:06:56.565] [Render] [debug] Shader::use() - _id=3
[19:06:56.582] [Render] [debug] Shader::use() - _id=3
[19:06:56.599] [Render] [debug] Shader::use() - _id=3
[19:06:56.615] [Render] [debug] Shader::use() - _id=3
[19:06:56.632] [Render] [debug] Shader::use() - _id=3
[19:06:56.649] [Render] [debug] Shader::use() - _id=3
[19:06:56.666] [Render] [debug] Shader::use() - _id=3
[19:06:56.682] [Render] [debug] Shader::use() - _id=3
[19:06:56.699] [Render] [debug] Shader::use() - _id=3
[19:06:56.716] [Render] [debug] Shader::use() - _id=3
[19:06:56.732] [Render] [debug] Shader::use() - _id=3
[19:06:56.749] [Render] [debug] Shader::use() - _id=3
[19:06:56.765] [Render] [debug] Shader::use() - _id=3
[19:06:56.782] [Render] [debug] Shader::use() - _id=3
[19:06:56.799] [Render] [debug] Shader::use() - _id=3
[19:06:56.816] [Render] [debug] Shader::use() - _id=3
[19:06:56.832] [Render] [debug] Shader::use() - _id=3
[19:06:56.849] [Render] [debug] Shader::use() - _id=3
[19:06:56.865] [Render] [debug] Shader::use() - _id=3
[19:06:56.882] [Render] [debug] Shader::use() - _id=3
[19:06:56.899] [Render] [debug] Shader::use() - _id=3
[19:06:56.916] [Render] [debug] Shader::use() - _id=3
[19:06:56.932] [Render] [debug] Shader::use() - _id=3
[19:06:56.949] [Render] [debug] Shader::use() - _id=3
[19:06:56.966] [Render] [debug] Shader::use() - _id=3
[19:06:56.983] [Render] [debug] Shader::use() - _id=3
[19:06:56.999] [Render] [debug] Shader::use() - _id=3
[19:06:57.016] [Render] [debug] Shader::use() - _id=3
[19:06:57.032] [Engine] [info] Update #0: FPS=59, dt=0.017s, total_time=2.8s
[19:06:57.033] [Render] [debug] Shader::use() - _id=3
[19:06:57.049] [Render] [debug] Shader::use() - _id=3
[19:06:57.066] [Render] [debug] Shader::use() - _id=3
[19:06:57.082] [Render] [debug] Shader::use() - _id=3
[19:06:57.099] [Render] [debug] Shader::use() - _id=3
[19:06:57.116] [Render] [debug] Shader::use() - _id=3
[19:06:57.132] [Render] [debug] Shader::use() - _id=3
[19:06:57.149] [Render] [debug] Shader::use() - _id=3
[19:06:57.166] [Render] [debug] Shader::use() - _id=3
[19:06:57.182] [Render] [debug] Shader::use() - _id=3
[19:06:57.199] [Render] [debug] Shader::use() - _id=3
[19:06:57.216] [Render] [debug] Shader::use() - _id=3
[19:06:57.233] [Render] [debug] Shader::use() - _id=3
[19:06:57.249] [Render] [debug] Shader::use() - _id=3
[19:06:57.266] [Render] [debug] Shader::use() - _id=3
[19:06:57.282] [Render] [debug] Shader::use() - _id=3
[19:06:57.299] [Render] [debug] Shader::use() - _id=3
[19:06:57.316] [Render] [debug] Shader::use() - _id=3
[19:06:57.333] [Render] [debug] Shader::use() - _id=3
[19:06:57.349] [Render] [debug] Shader::use() - _id=3
[19:06:57.366] [Render] [debug] Shader::use() - _id=3
[19:06:57.383] [Render] [debug] Shader::use() - _id=3
[19:06:57.399] [Render] [debug] Shader::use() - _id=3
[19:06:57.416] [Render] [debug] Shader::use() - _id=3
[19:06:57.433] [Render] [debug] Shader::use() - _id=3
[19:06:57.449] [Render] [debug] Shader::use() - _id=3
[19:06:57.466] [Render] [debug] Shader::use() - _id=3
[19:06:57.483] [Render] [debug] Shader::use() - _id=3
[19:06:57.500] [Render] [debug] Shader::use() - _id=3
[19:06:57.516] [Render] [debug] Shader::use() - _id=3
[19:06:57.533] [Engine] [info] Update #0: FPS=59, dt=0.017s, total_time=3.3s
[19:06:57.534] [Render] [debug] Shader::use() - _id=3
[19:06:57.551] [Render] [debug] Shader::use() - _id=3
[19:06:57.566] [Render] [debug] Shader::use() - _id=3
[19:06:57.583] [Render] [debug] Shader::use() - _id=3
[19:06:57.600] [Render] [debug] Shader::use() - _id=3
[19:06:57.617] [Render] [debug] Shader::use() - _id=3
[19:06:57.633] [Render] [debug] Shader::use() - _id=3
[19:06:57.650] [Render] [debug] Shader::use() - _id=3
[19:06:57.666] [Render] [debug] Shader::use() - _id=3
[19:06:57.683] [Render] [debug] Shader::use() - _id=3
[19:06:57.700] [Render] [debug] Shader::use() - _id=3
[19:06:57.716] [Render] [debug] Shader::use() - _id=3
[19:06:57.733] [Render] [debug] Shader::use() - _id=3
[19:06:57.750] [Render] [debug] Shader::use() - _id=3
[19:06:57.766] [Render] [debug] Shader::use() - _id=3
[19:06:57.783] [Render] [debug] Shader::use() - _id=3
[19:06:57.799] [Render] [debug] Shader::use() - _id=3
[19:06:57.816] [Render] [debug] Shader::use() - _id=3
[19:06:57.833] [Render] [debug] Shader::use() - _id=3
[19:06:57.849] [Render] [debug] Shader::use() - _id=3
[19:06:57.866] [Render] [debug] Shader::use() - _id=3
[19:06:57.883] [Render] [debug] Shader::use() - _id=3
[19:06:57.900] [Render] [debug] Shader::use() - _id=3
[19:06:57.916] [Render] [debug] Shader::use() - _id=3
[19:06:57.933] [Render] [debug] Shader::use() - _id=3
[19:06:57.950] [Render] [debug] Shader::use() - _id=3
[19:06:57.968] [Render] [debug] Shader::use() - _id=3
[19:06:57.984] [Render] [debug] Shader::use() - _id=3
[19:06:58.000] [Render] [debug] Shader::use() - _id=3
[19:06:58.016] [Render] [debug] Shader::use() - _id=3
[19:06:58.033] [Render] [debug] Shader::use() - _id=3
[19:06:58.050] [Engine] [info] Update #0: FPS=59, dt=0.017s, total_time=3.8s
[19:06:58.050] [Render] [debug] Shader::use() - _id=3
[19:06:58.066] [Render] [debug] Shader::use() - _id=3
[19:06:58.083] [Render] [debug] Shader::use() - _id=3
[19:06:58.100] [Render] [debug] Shader::use() - _id=3
[19:06:58.116] [Render] [debug] Shader::use() - _id=3
[19:06:58.133] [Render] [debug] Shader::use() - _id=3
[19:06:58.150] [Render] [debug] Shader::use() - _id=3
[19:06:58.166] [Render] [debug] Shader::use() - _id=3
[19:06:58.183] [Render] [debug] Shader::use() - _id=3
[19:06:58.200] [Render] [debug] Shader::use() - _id=3
[19:06:58.217] [Render] [debug] Shader::use() - _id=3
[19:06:58.234] [Render] [debug] Shader::use() - _id=3
[19:06:58.250] [Render] [debug] Shader::use() - _id=3
[19:06:58.267] [Render] [debug] Shader::use() - _id=3
[19:06:58.283] [Render] [debug] Shader::use() - _id=3
[19:06:58.300] [Render] [debug] Shader::use() - _id=3
[19:06:58.317] [Render] [debug] Shader::use() - _id=3
[19:06:58.333] [Render] [debug] Shader::use() - _id=3
[19:06:58.350] [Render] [debug] Shader::use() - _id=3
[19:06:58.367] [Render] [debug] Shader::use() - _id=3
[19:06:58.383] [Render] [debug] Shader::use() - _id=3
[19:06:58.400] [Render] [debug] Shader::use() - _id=3
[19:06:58.417] [Render] [debug] Shader::use() - _id=3
[19:06:58.433] [Render] [debug] Shader::use() - _id=3
[19:06:58.450] [Render] [debug] Shader::use() - _id=3
[19:06:58.467] [Render] [debug] Shader::use() - _id=3
[19:06:58.483] [Render] [debug] Shader::use() - _id=3
[19:06:58.500] [Render] [debug] Shader::use() - _id=3
[19:06:58.517] [Render] [debug] Shader::use() - _id=3
[19:06:58.533] [Render] [debug] Shader::use() - _id=3
[19:06:58.534] [Render] [debug] === CLOUD DEBUG ===
[19:06:58.534] [Render] [debug] Camera: pos=(0,3000,0) yaw=0.0 pitch=15.0
[19:06:58.534] [Render] [debug] Forward: (0.000,0.259,0.966)
[19:06:58.535] [Render] [debug] SunDir: (0.849,0.526,0.055) dayFactor=0.61
[19:06:58.535] [Render] [debug] Shader ID: 3
[19:06:58.550] [Engine] [info] Update #0: FPS=62, dt=0.016s, total_time=4.3s
[19:06:58.550] [Render] [debug] Shader::use() - _id=3
[19:06:58.567] [Render] [debug] Shader::use() - _id=3
[19:06:58.583] [Render] [debug] Shader::use() - _id=3
[19:06:58.600] [Render] [debug] Shader::use() - _id=3
[19:06:58.617] [Render] [debug] Shader::use() - _id=3
[19:06:58.634] [Render] [debug] Shader::use() - _id=3
[19:06:58.650] [Render] [debug] Shader::use() - _id=3
[19:06:58.671] [Render] [debug] Shader::use() - _id=3
[19:06:58.684] [Render] [debug] Shader::use() - _id=3
[19:06:58.700] [Render] [debug] Shader::use() - _id=3
[19:06:58.717] [Render] [debug] Shader::use() - _id=3
[19:06:58.734] [Render] [debug] Shader::use() - _id=3
[19:06:58.751] [Render] [debug] Shader::use() - _id=3
[19:06:58.767] [Render] [debug] Shader::use() - _id=3
[19:06:58.784] [Render] [debug] Shader::use() - _id=3
[19:06:58.801] [Render] [debug] Shader::use() - _id=3
[19:06:58.817] [Render] [debug] Shader::use() - _id=3
[19:06:58.834] [Render] [debug] Shader::use() - _id=3
[19:06:58.851] [Render] [debug] Shader::use() - _id=3
[19:06:58.868] [Render] [debug] Shader::use() - _id=3
[19:06:58.884] [Render] [debug] Shader::use() - _id=3
[19:06:58.902] [Render] [debug] Shader::use() - _id=3
[19:06:58.918] [Render] [debug] Shader::use() - _id=3
[19:06:58.935] [Render] [debug] Shader::use() - _id=3
[19:06:58.951] [Render] [debug] Shader::use() - _id=3
[19:06:58.968] [Render] [debug] Shader::use() - _id=3
[19:06:58.984] [Render] [debug] Shader::use() - _id=3
[19:06:59.001] [Render] [debug] Shader::use() - _id=3
[19:06:59.018] [Render] [debug] Shader::use() - _id=3
[19:06:59.034] [Render] [debug] Shader::use() - _id=3
[19:06:59.050] [Engine] [info] Update #0: FPS=62, dt=0.016s, total_time=4.8s
[19:06:59.051] [Render] [debug] Shader::use() - _id=3
[19:06:59.067] [Render] [debug] Shader::use() - _id=3
[19:06:59.084] [Render] [debug] Shader::use() - _id=3
[19:06:59.101] [Render] [debug] Shader::use() - _id=3
[19:06:59.117] [Render] [debug] Shader::use() - _id=3
[19:06:59.134] [Render] [debug] Shader::use() - _id=3
[19:06:59.151] [Render] [debug] Shader::use() - _id=3
[19:06:59.168] [Render] [debug] Shader::use() - _id=3
[19:06:59.185] [Render] [debug] Shader::use() - _id=3
[19:06:59.202] [Render] [debug] Shader::use() - _id=3
[19:06:59.218] [Render] [debug] Shader::use() - _id=3
[19:06:59.234] [Render] [debug] Shader::use() - _id=3
[19:06:59.253] [Render] [debug] Shader::use() - _id=3
[19:06:59.268] [Render] [debug] Shader::use() - _id=3
[19:06:59.284] [Render] [debug] Shader::use() - _id=3
[19:06:59.301] [Render] [debug] Shader::use() - _id=3
[19:06:59.318] [Render] [debug] Shader::use() - _id=3
[19:06:59.334] [Render] [debug] Shader::use() - _id=3
[19:06:59.351] [Render] [debug] Shader::use() - _id=3
[19:06:59.368] [Render] [debug] Shader::use() - _id=3
[19:06:59.385] [Render] [debug] Shader::use() - _id=3
[19:06:59.401] [Render] [debug] Shader::use() - _id=3
[19:06:59.418] [Render] [debug] Shader::use() - _id=3
[19:06:59.434] [Render] [debug] Shader::use() - _id=3
[19:06:59.451] [Render] [debug] Shader::use() - _id=3
[19:06:59.468] [Render] [debug] Shader::use() - _id=3
[19:06:59.484] [Render] [debug] Shader::use() - _id=3
[19:06:59.501] [Render] [debug] Shader::use() - _id=3
[19:06:59.518] [Render] [debug] Shader::use() - _id=3
[19:06:59.534] [Render] [debug] Shader::use() - _id=3
[19:06:59.551] [Engine] [info] Update #0: FPS=59, dt=0.017s, total_time=5.3s
[19:06:59.552] [Render] [debug] Shader::use() - _id=3
[19:06:59.568] [Render] [debug] Shader::use() - _id=3
[19:06:59.585] [Render] [debug] Shader::use() - _id=3
[19:06:59.602] [Render] [debug] Shader::use() - _id=3
[19:06:59.618] [Render] [debug] Shader::use() - _id=3
[19:06:59.635] [Render] [debug] Shader::use() - _id=3
[19:06:59.652] [Render] [debug] Shader::use() - _id=3
[19:06:59.668] [Render] [debug] Shader::use() - _id=3
[19:06:59.685] [Render] [debug] Shader::use() - _id=3
[19:06:59.701] [Render] [debug] Shader::use() - _id=3
[19:06:59.718] [Render] [debug] Shader::use() - _id=3
[19:06:59.735] [Render] [debug] Shader::use() - _id=3
[19:06:59.751] [Render] [debug] Shader::use() - _id=3
[19:06:59.768] [Render] [debug] Shader::use() - _id=3
[19:06:59.785] [Render] [debug] Shader::use() - _id=3
[19:06:59.802] [Render] [debug] Shader::use() - _id=3
[19:06:59.818] [Render] [debug] Shader::use() - _id=3
[19:06:59.836] [Render] [debug] Shader::use() - _id=3
[19:06:59.852] [Render] [debug] Shader::use() - _id=3
[19:06:59.868] [Render] [debug] Shader::use() - _id=3
[19:06:59.885] [Render] [debug] Shader::use() - _id=3
[19:06:59.901] [Render] [debug] Shader::use() - _id=3
[19:06:59.918] [Render] [debug] Shader::use() - _id=3
[19:06:59.935] [Render] [debug] Shader::use() - _id=3
[19:06:59.952] [Render] [debug] Shader::use() - _id=3
[19:06:59.968] [Render] [debug] Shader::use() - _id=3
[19:06:59.985] [Render] [debug] Shader::use() - _id=3
[19:07:00.002] [Render] [debug] Shader::use() - _id=3
[19:07:00.018] [Render] [debug] Shader::use() - _id=3
[19:07:00.035] [Render] [debug] Shader::use() - _id=3
[19:07:00.051] [Engine] [info] Update #0: FPS=59, dt=0.017s, total_time=5.8s
[19:07:00.052] [Render] [debug] Shader::use() - _id=3
[19:07:00.068] [Render] [debug] Shader::use() - _id=3
[19:07:00.085] [Render] [debug] Shader::use() - _id=3
[19:07:00.102] [Render] [debug] Shader::use() - _id=3
[19:07:00.118] [Render] [debug] Shader::use() - _id=3
[19:07:00.135] [Render] [debug] Shader::use() - _id=3
[19:07:00.152] [Render] [debug] Shader::use() - _id=3
[19:07:00.168] [Render] [debug] Shader::use() - _id=3
[19:07:00.185] [Render] [debug] Shader::use() - _id=3
[19:07:00.202] [Render] [debug] Shader::use() - _id=3
[19:07:00.219] [Render] [debug] Shader::use() - _id=3
[19:07:00.235] [Render] [debug] Shader::use() - _id=3
[19:07:00.252] [Render] [debug] Shader::use() - _id=3
[19:07:00.269] [Render] [debug] Shader::use() - _id=3
[19:07:00.285] [Render] [debug] Shader::use() - _id=3
[19:07:00.302] [Render] [debug] Shader::use() - _id=3
[19:07:00.319] [Render] [debug] Shader::use() - _id=3
[19:07:00.335] [Render] [debug] Shader::use() - _id=3
[19:07:00.352] [Render] [debug] Shader::use() - _id=3
[19:07:00.370] [Render] [debug] Shader::use() - _id=3
[19:07:00.385] [Render] [debug] Shader::use() - _id=3
[19:07:00.402] [Render] [debug] Shader::use() - _id=3
[19:07:00.419] [Render] [debug] Shader::use() - _id=3
[19:07:00.435] [Render] [debug] Shader::use() - _id=3
[19:07:00.452] [Render] [debug] Shader::use() - _id=3
[19:07:00.469] [Render] [debug] Shader::use() - _id=3
[19:07:00.485] [Render] [debug] Shader::use() - _id=3
[19:07:00.502] [Render] [debug] Shader::use() - _id=3
[19:07:00.519] [Render] [debug] Shader::use() - _id=3
[19:07:00.535] [Render] [debug] Shader::use() - _id=3
[19:07:00.536] [Render] [debug] === CLOUD DEBUG ===
[19:07:00.536] [Render] [debug] Camera: pos=(0,3000,0) yaw=0.0 pitch=15.0
[19:07:00.536] [Render] [debug] Forward: (0.000,0.259,0.966)
[19:07:00.536] [Render] [debug] SunDir: (0.821,0.565,0.080) dayFactor=0.65
[19:07:00.536] [Render] [debug] Shader ID: 3
[19:07:00.552] [Engine] [info] Update #0: FPS=62, dt=0.016s, total_time=6.3s
[19:07:00.552] [Render] [debug] Shader::use() - _id=3
[19:07:00.568] [Render] [debug] Shader::use() - _id=3
[19:07:00.586] [Render] [debug] Shader::use() - _id=3
[19:07:00.602] [Render] [debug] Shader::use() - _id=3
[19:07:00.619] [Render] [debug] Shader::use() - _id=3
[19:07:00.635] [Render] [debug] Shader::use() - _id=3
[19:07:00.652] [Render] [debug] Shader::use() - _id=3
[19:07:00.669] [Render] [debug] Shader::use() - _id=3
[19:07:00.686] [Render] [debug] Shader::use() - _id=3
[19:07:00.702] [Render] [debug] Shader::use() - _id=3
[19:07:00.719] [Render] [debug] Shader::use() - _id=3
[19:07:00.736] [Render] [debug] Shader::use() - _id=3
[19:07:00.752] [Render] [debug] Shader::use() - _id=3
[19:07:00.769] [Render] [debug] Shader::use() - _id=3
[19:07:00.786] [Render] [debug] Shader::use() - _id=3
[19:07:00.803] [Render] [debug] Shader::use() - _id=3
[19:07:00.819] [Render] [debug] Shader::use() - _id=3
[19:07:00.835] [Render] [debug] Shader::use() - _id=3
[19:07:00.852] [Render] [debug] Shader::use() - _id=3
[19:07:00.869] [Render] [debug] Shader::use() - _id=3
[19:07:00.886] [Render] [debug] Shader::use() - _id=3
[19:07:00.902] [Render] [debug] Shader::use() - _id=3
[19:07:00.919] [Render] [debug] Shader::use() - _id=3
[19:07:00.935] [Render] [debug] Shader::use() - _id=3
[19:07:00.952] [Render] [debug] Shader::use() - _id=3
[19:07:00.969] [Render] [debug] Shader::use() - _id=3
[19:07:00.985] [Render] [debug] Shader::use() - _id=3
[19:07:01.002] [Render] [debug] Shader::use() - _id=3
[19:07:01.019] [Render] [debug] Shader::use() - _id=3
[19:07:01.036] [Render] [debug] Shader::use() - _id=3
[19:07:01.052] [Engine] [info] Update #0: FPS=62, dt=0.016s, total_time=6.8s
[19:07:01.053] [Render] [debug] Shader::use() - _id=3
[19:07:01.069] [Render] [debug] Shader::use() - _id=3
[19:07:01.086] [Render] [debug] Shader::use() - _id=3
[19:07:01.102] [Render] [debug] Shader::use() - _id=3
[19:07:01.119] [Render] [debug] Shader::use() - _id=3
[19:07:01.136] [Render] [debug] Shader::use() - _id=3
[19:07:01.152] [Render] [debug] Shader::use() - _id=3
[19:07:01.169] [Render] [debug] Shader::use() - _id=3
[19:07:01.186] [Render] [debug] Shader::use() - _id=3
[19:07:01.203] [Render] [debug] Shader::use() - _id=3
[19:07:01.220] [Render] [debug] Shader::use() - _id=3
[19:07:01.236] [Render] [debug] Shader::use() - _id=3
[19:07:01.253] [Render] [debug] Shader::use() - _id=3
[19:07:01.271] [Render] [debug] Shader::use() - _id=3
[19:07:01.286] [Render] [debug] Shader::use() - _id=3
[19:07:01.304] [Render] [debug] Shader::use() - _id=3
[19:07:01.320] [Render] [debug] Shader::use() - _id=3
[19:07:01.336] [Render] [debug] Shader::use() - _id=3
[19:07:01.353] [Render] [debug] Shader::use() - _id=3
[19:07:01.377] [Render] [debug] Shader::use() - _id=3
[19:07:01.386] [Render] [debug] Shader::use() - _id=3
[19:07:01.406] [Render] [debug] Shader::use() - _id=3
[19:07:01.419] [Render] [debug] Shader::use() - _id=3
[19:07:01.436] [Render] [debug] Shader::use() - _id=3
[19:07:01.454] [Render] [debug] Shader::use() - _id=3
[19:07:01.469] [Render] [debug] Shader::use() - _id=3
[19:07:01.486] [Render] [debug] Shader::use() - _id=3
[19:07:01.503] [Render] [debug] Shader::use() - _id=3
[19:07:01.519] [Render] [debug] Shader::use() - _id=3
[19:07:01.536] [Render] [debug] Shader::use() - _id=3
[19:07:01.553] [Engine] [info] Update #0: FPS=62, dt=0.016s, total_time=7.3s
[19:07:01.553] [Render] [debug] Shader::use() - _id=3
[19:07:01.570] [Render] [debug] Shader::use() - _id=3
[19:07:01.586] [Render] [debug] Shader::use() - _id=3
[19:07:01.603] [Render] [debug] Shader::use() - _id=3
[19:07:01.620] [Render] [debug] Shader::use() - _id=3
[19:07:01.636] [Render] [debug] Shader::use() - _id=3
[19:07:01.653] [Render] [debug] Shader::use() - _id=3
[19:07:01.669] [Render] [debug] Shader::use() - _id=3
[19:07:01.686] [Render] [debug] Shader::use() - _id=3
[19:07:01.703] [Render] [debug] Shader::use() - _id=3
[19:07:01.720] [Render] [debug] Shader::use() - _id=3
[19:07:01.736] [Render] [debug] Shader::use() - _id=3
[19:07:01.753] [Render] [debug] Shader::use() - _id=3
[19:07:01.770] [Render] [debug] Shader::use() - _id=3
[19:07:01.872] [Engine] [info] Shutting down Engine...
[19:07:01.902] [Engine] [info] ECS World shutdown
[19:07:01.902] [Render] [info] Renderer::shutdown() - START
[19:07:01.902] [Render] [info] CloudRenderer::shutdown()
[19:07:01.902] [Render] [info] ShaderSystem::shutdown() - START
[19:07:01.903] [Render] [info] ShaderManager::shutdown() - Cleaning up 1 shaders
[19:07:01.903] [Render] [debug] ShaderManager - destroying shader: cloud_advanced
[19:07:01.903] [Render] [info] ShaderManager::shutdown() - COMPLETE
[19:07:01.903] [Render] [info] ShaderSystem::shutdown() - COMPLETE
[19:07:01.903] [Render] [info] Renderer::shutdown() - COMPLETE
[19:07:01.903] [Engine] [info] Window::shutdown() - START
[19:07:01.921] [Engine] [info] Window::shutdown() - COMPLETE
[19:07:01.922] [Engine] [info] CLOUDENGINE shutting down
[19:07:01.922] [Engine] [info] Engine shutdown complete
[19:07:01.922] [Engine] [info] main() - engine.run() completed
[19:07:01.922] [Engine] [info] CLOUDENGINE shutting down
[19:07:01.922] [Render] [info] ShaderManager::shutdown() - Cleaning up 0 shaders
[19:07:01.922] [Render] [info] ShaderManager::shutdown() - COMPLETE
